python : --- Logging error ---
At C:\Users\banzo\AppData\Local\Temp\ps-script-541afb2b-6506-4dbf-89af-e3b76c31f7b9.ps1:83 char:115
+ ... IOENCODING="utf-8"; python vm_inventory_updater_fixed.py 2>&1 | Out-F ...
+                         ~~~~~~~~~~~~~~~~~~~~~~~~~~~~~~~~~~~~~~~~~
    + CategoryInfo          : NotSpecified: (--- Logging error ---:String) [], RemoteException
    + FullyQualifiedErrorId : NativeCommandError
 
Traceback (most recent call last):
  File "C:\Users\banzo\AppData\Local\Programs\Python\Python312\Lib\logging\__init__.py", line 1163, in emit
    stream.write(msg + self.terminator)
  File "C:\Users\banzo\AppData\Local\Programs\Python\Python312\Lib\encodings\cp1252.py", line 19, in encode
    return codecs.charmap_encode(input,self.errors,encoding_table)[0]
           ^^^^^^^^^^^^^^^^^^^^^^^^^^^^^^^^^^^^^^^^^^^^^^^^^^^^^^^
UnicodeEncodeError: 'charmap' codec can't encode character '\U0001f504' in position 33: character maps to <undefined>
Call stack:
  File "E:\prog fold\Drunken cookies\real-time-inventory\vm_inventory_updater_fixed.py", line 2606, in <module>
    success = main()
  File "E:\prog fold\Drunken cookies\real-time-inventory\vm_inventory_updater_fixed.py", line 106, in main
    logging.info("≡ƒöä Starting real-time inventory updater")
Message: '≡ƒöä Starting real-time inventory updater'
Arguments: ()
2026-02-16 20:52:02,165 - INFO - ≡ƒöä Starting real-time inventory updater
--- Logging error ---
Traceback (most recent call last):
  File "C:\Users\banzo\AppData\Local\Programs\Python\Python312\Lib\logging\__init__.py", line 1163, in emit
    stream.write(msg + self.terminator)
  File "C:\Users\banzo\AppData\Local\Programs\Python\Python312\Lib\encodings\cp1252.py", line 19, in encode
    return codecs.charmap_encode(input,self.errors,encoding_table)[0]
           ^^^^^^^^^^^^^^^^^^^^^^^^^^^^^^^^^^^^^^^^^^^^^^^^^^^^^^^
UnicodeEncodeError: 'charmap' codec can't encode character '\U0001f4c5' in position 33: character maps to <undefined>
Call stack:
  File "E:\prog fold\Drunken cookies\real-time-inventory\vm_inventory_updater_fixed.py", line 2606, in <module>
    success = main()
  File "E:\prog fold\Drunken cookies\real-time-inventory\vm_inventory_updater_fixed.py", line 114, in main
    logging.info(f"≡ƒôà Using FOR_DATE for backfill: {target_date_obj}")
Message: '≡ƒôà Using FOR_DATE for backfill: 2026-01-17'
Arguments: ()
2026-02-16 20:52:02,172 - INFO - ≡ƒôà Using FOR_DATE for backfill: 2026-01-17
--- Logging error ---
Traceback (most recent call last):
  File "C:\Users\banzo\AppData\Local\Programs\Python\Python312\Lib\logging\__init__.py", line 1163, in emit
    stream.write(msg + self.terminator)
  File "C:\Users\banzo\AppData\Local\Programs\Python\Python312\Lib\encodings\cp1252.py", line 19, in encode
    return codecs.charmap_encode(input,self.errors,encoding_table)[0]
           ^^^^^^^^^^^^^^^^^^^^^^^^^^^^^^^^^^^^^^^^^^^^^^^^^^^^^^^
UnicodeEncodeError: 'charmap' codec can't encode character '\U0001f4c5' in position 33: character maps to <undefined>
Call stack:
  File "E:\prog fold\Drunken cookies\real-time-inventory\vm_inventory_updater_fixed.py", line 2606, in <module>
    success = main()
  File "E:\prog fold\Drunken cookies\real-time-inventory\vm_inventory_updater_fixed.py", line 121, in main
    logging.info(f"≡ƒôà Target date for processing: {target_date_obj}")
Message: '≡ƒôà Target date for processing: 2026-01-17'
Arguments: ()
2026-02-16 20:52:02,173 - INFO - ≡ƒôà Target date for processing: 2026-01-17
--- Logging error ---
Traceback (most recent call last):
  File "C:\Users\banzo\AppData\Local\Programs\Python\Python312\Lib\logging\__init__.py", line 1163, in emit
    stream.write(msg + self.terminator)
  File "C:\Users\banzo\AppData\Local\Programs\Python\Python312\Lib\encodings\cp1252.py", line 19, in encode
    return codecs.charmap_encode(input,self.errors,encoding_table)[0]
           ^^^^^^^^^^^^^^^^^^^^^^^^^^^^^^^^^^^^^^^^^^^^^^^^^^^^^^^
UnicodeEncodeError: 'charmap' codec can't encode characters in position 36-37: character maps to <undefined>
Call stack:
  File "E:\prog fold\Drunken cookies\real-time-inventory\vm_inventory_updater_fixed.py", line 2606, in <module>
    success = main()
  File "E:\prog fold\Drunken cookies\real-time-inventory\vm_inventory_updater_fixed.py", line 134, in main
    logging.warning(f"ΓÜá∩╕Å Target date {target_date.date()} is more than 7 days ago - this might be an error")
Message: 'ΓÜá∩╕Å Target date 2026-01-17 is more than 7 days ago - this might be an error'
Arguments: ()
2026-02-16 20:52:02,173 - WARNING - ΓÜá∩╕Å Target date 2026-01-17 is more than 7 days ago - this might be an error
--- Logging error ---
Traceback (most recent call last):
  File "C:\Users\banzo\AppData\Local\Programs\Python\Python312\Lib\logging\__init__.py", line 1163, in emit
    stream.write(msg + self.terminator)
  File "C:\Users\banzo\AppData\Local\Programs\Python\Python312\Lib\encodings\cp1252.py", line 19, in encode
    return codecs.charmap_encode(input,self.errors,encoding_table)[0]
           ^^^^^^^^^^^^^^^^^^^^^^^^^^^^^^^^^^^^^^^^^^^^^^^^^^^^^^^
UnicodeEncodeError: 'charmap' codec can't encode characters in position 36-37: character maps to <undefined>
Call stack:
  File "E:\prog fold\Drunken cookies\real-time-inventory\vm_inventory_updater_fixed.py", line 2606, in <module>
    success = main()
  File "E:\prog fold\Drunken cookies\real-time-inventory\vm_inventory_updater_fixed.py", line 143, in main
    logging.warning(f"ΓÜá∩╕Å Business hours logic mismatch: processing {target_date.date()} instead of today")
Message: 'ΓÜá∩╕Å Business hours logic mismatch: processing 2026-01-17 instead of today'
Arguments: ()
2026-02-16 20:52:02,174 - WARNING - ΓÜá∩╕Å Business hours logic mismatch: processing 2026-01-17 instead of today
--- Logging error ---
Traceback (most recent call last):
  File "C:\Users\banzo\AppData\Local\Programs\Python\Python312\Lib\logging\__init__.py", line 1163, in emit
    stream.write(msg + self.terminator)
  File "C:\Users\banzo\AppData\Local\Programs\Python\Python312\Lib\encodings\cp1252.py", line 19, in encode
    return codecs.charmap_encode(input,self.errors,encoding_table)[0]
           ^^^^^^^^^^^^^^^^^^^^^^^^^^^^^^^^^^^^^^^^^^^^^^^^^^^^^^^
UnicodeEncodeError: 'charmap' codec can't encode character '\u23f0' in position 33: character maps to <undefined>
Call stack:
  File "E:\prog fold\Drunken cookies\real-time-inventory\vm_inventory_updater_fixed.py", line 2606, in <module>
    success = main()
  File "E:\prog fold\Drunken cookies\real-time-inventory\vm_inventory_updater_fixed.py", line 150, in main
    logging.info("ΓÅ░ Update interval: 300 seconds (5 minutes)")
Message: 'ΓÅ░ Update interval: 300 seconds (5 minutes)'
Arguments: ()
2026-02-16 20:52:02,174 - INFO - ΓÅ░ Update interval: 300 seconds (5 minutes)
--- Logging error ---
Traceback (most recent call last):
  File "C:\Users\banzo\AppData\Local\Programs\Python\Python312\Lib\logging\__init__.py", line 1163, in emit
    stream.write(msg + self.terminator)
  File "C:\Users\banzo\AppData\Local\Programs\Python\Python312\Lib\encodings\cp1252.py", line 19, in encode
    return codecs.charmap_encode(input,self.errors,encoding_table)[0]
           ^^^^^^^^^^^^^^^^^^^^^^^^^^^^^^^^^^^^^^^^^^^^^^^^^^^^^^^
UnicodeEncodeError: 'charmap' codec can't encode character '\U0001f511' in position 33: character maps to <undefined>
Call stack:
  File "E:\prog fold\Drunken cookies\real-time-inventory\vm_inventory_updater_fixed.py", line 2606, in <module>
    success = main()
  File "E:\prog fold\Drunken cookies\real-time-inventory\vm_inventory_updater_fixed.py", line 156, in main
    logging.info("≡ƒöæ Loading credentials...")
Message: '≡ƒöæ Loading credentials...'
Arguments: ()
2026-02-16 20:52:02,174 - INFO - ≡ƒöæ Loading credentials...
--- Logging error ---
Traceback (most recent call last):
  File "E:\prog fold\Drunken cookies\real-time-inventory\vm_inventory_updater_fixed.py", line 501, in load_credentials
    with open("secrets/shopify_creds.json") as f:
         ^^^^^^^^^^^^^^^^^^^^^^^^^^^^^^^^^^
FileNotFoundError: [Errno 2] No such file or directory: 'secrets/shopify_creds.json'

During handling of the above exception, another exception occurred:

Traceback (most recent call last):
  File "C:\Users\banzo\AppData\Local\Programs\Python\Python312\Lib\logging\__init__.py", line 1163, in emit
    stream.write(msg + self.terminator)
  File "C:\Users\banzo\AppData\Local\Programs\Python\Python312\Lib\encodings\cp1252.py", line 19, in encode
    return codecs.charmap_encode(input,self.errors,encoding_table)[0]
           ^^^^^^^^^^^^^^^^^^^^^^^^^^^^^^^^^^^^^^^^^^^^^^^^^^^^^^^
UnicodeEncodeError: 'charmap' codec can't encode characters in position 33-34: character maps to <undefined>
Call stack:
  File "E:\prog fold\Drunken cookies\real-time-inventory\vm_inventory_updater_fixed.py", line 2606, in <module>
2026-02-16 20:52:02,175 - INFO - Γä╣∩╕Å Shopify credentials not found - continuing with Clover only
2026-02-16 20:52:02,176 - INFO - ≡ƒöæ Clover locations: ['Plaza', 'PlazaSol', 'San Patricio', 'VSJ', 'Montehiedra', 'Plaza Carolina']
2026-02-16 20:52:02,176 - INFO - ≡ƒöæ Shopify locations: []
2026-02-16 20:52:02,176 - INFO - Γ£à Credentials loaded: 6 Clover locations, 0 Shopify locations
    success = main()
  File "E:\prog fold\Drunken cookies\real-time-inventory\vm_inventory_updater_fixed.py", line 157, in main
    clover_creds, shopify_creds = load_credentials()
  File "E:\prog fold\Drunken cookies\real-time-inventory\vm_inventory_updater_fixed.py", line 511, in load_credentials
    logging.info("Γä╣∩╕Å Shopify credentials not found - continuing with Clover only")
2026-02-16 20:52:02,177 - INFO - ≡ƒôí Fetching sales data...
Message: 'Γä╣∩╕Å Shopify credentials not found - continuing with Clover only'
Arguments: ()
--- Logging error ---
Traceback (most recent call last):
  File "C:\Users\banzo\AppData\Local\Programs\Python\Python312\Lib\logging\__init__.py", line 1163, in emit
    stream.write(msg + self.terminator)
  File "C:\Users\banzo\AppData\Local\Programs\Python\Python312\Lib\encodings\cp1252.py", line 19, in encode
    return codecs.charmap_encode(input,self.errors,encoding_table)[0]
           ^^^^^^^^^^^^^^^^^^^^^^^^^^^^^^^^^^^^^^^^^^^^^^^^^^^^^^^
UnicodeEncodeError: 'charmap' codec can't encode character '\U0001f511' in position 33: character maps to <undefined>
Call stack:
  File "E:\prog fold\Drunken cookies\real-time-inventory\vm_inventory_updater_fixed.py", line 2606, in <module>
    success = main()
  File "E:\prog fold\Drunken cookies\real-time-inventory\vm_inventory_updater_fixed.py", line 157, in main
    clover_creds, shopify_creds = load_credentials()
  File "E:\prog fold\Drunken cookies\real-time-inventory\vm_inventory_updater_fixed.py", line 515, in load_credentials
    logging.info(f"≡ƒöæ Clover locations: {list(clover_creds.keys())}")
Message: "≡ƒöæ Clover locations: ['Plaza', 'PlazaSol', 'San Patricio', 'VSJ', 'Montehiedra', 'Plaza Carolina']"
Arguments: ()
--- Logging error ---
Traceback (most recent call last):
  File "C:\Users\banzo\AppData\Local\Programs\Python\Python312\Lib\logging\__init__.py", line 1163, in emit
    stream.write(msg + self.terminator)
  File "C:\Users\banzo\AppData\Local\Programs\Python\Python312\Lib\encodings\cp1252.py", line 19, in encode
    return codecs.charmap_encode(input,self.errors,encoding_table)[0]
           ^^^^^^^^^^^^^^^^^^^^^^^^^^^^^^^^^^^^^^^^^^^^^^^^^^^^^^^
UnicodeEncodeError: 'charmap' codec can't encode character '\U0001f511' in position 33: character maps to <undefined>
2026-02-16 20:52:02,271 - INFO - ≡ƒôí Fetching Clover data for Plaza...
2026-02-16 20:52:02,272 - INFO - ≡ƒöä Fetching Clover sales for Plaza...
Call stack:
  File "E:\prog fold\Drunken cookies\real-time-inventory\vm_inventory_updater_fixed.py", line 2606, in <module>
    success = main()
  File "E:\prog fold\Drunken cookies\real-time-inventory\vm_inventory_updater_fixed.py", line 157, in main
    clover_creds, shopify_creds = load_credentials()
  File "E:\prog fold\Drunken cookies\real-time-inventory\vm_inventory_updater_fixed.py", line 516, in load_credentials
    logging.info(f"≡ƒöæ Shopify locations: {list(shopify_creds.keys())}")
Message: '≡ƒöæ Shopify locations: []'
Arguments: ()
--- Logging error ---
Traceback (most recent call last):
  File "C:\Users\banzo\AppData\Local\Programs\Python\Python312\Lib\logging\__init__.py", line 1163, in emit
    stream.write(msg + self.terminator)
  File "C:\Users\banzo\AppData\Local\Programs\Python\Python312\Lib\encodings\cp1252.py", line 19, in encode
    return codecs.charmap_encode(input,self.errors,encoding_table)[0]
           ^^^^^^^^^^^^^^^^^^^^^^^^^^^^^^^^^^^^^^^^^^^^^^^^^^^^^^^
UnicodeEncodeError: 'charmap' codec can't encode character '\u2705' in position 33: character maps to <undefined>
Call stack:
  File "E:\prog fold\Drunken cookies\real-time-inventory\vm_inventory_updater_fixed.py", line 2606, in <module>
    success = main()
  File "E:\prog fold\Drunken cookies\real-time-inventory\vm_inventory_updater_fixed.py", line 158, in main
    logging.info(f"Γ£à Credentials loaded: {len(clover_creds)} Clover locations, {len(shopify_creds)} Shopify 
locations")
Message: 'Γ£à Credentials loaded: 6 Clover locations, 0 Shopify locations'
Arguments: ()
--- Logging error ---
Traceback (most recent call last):
  File "C:\Users\banzo\AppData\Local\Programs\Python\Python312\Lib\logging\__init__.py", line 1163, in emit
    stream.write(msg + self.terminator)
  File "C:\Users\banzo\AppData\Local\Programs\Python\Python312\Lib\encodings\cp1252.py", line 19, in encode
    return codecs.charmap_encode(input,self.errors,encoding_table)[0]
           ^^^^^^^^^^^^^^^^^^^^^^^^^^^^^^^^^^^^^^^^^^^^^^^^^^^^^^^
UnicodeEncodeError: 'charmap' codec can't encode character '\U0001f4e1' in position 33: character maps to <undefined>
Call stack:
  File "E:\prog fold\Drunken cookies\real-time-inventory\vm_inventory_updater_fixed.py", line 2606, in <module>
    success = main()
  File "E:\prog fold\Drunken cookies\real-time-inventory\vm_inventory_updater_fixed.py", line 161, in main
    logging.info("≡ƒôí Fetching sales data...")
Message: '≡ƒôí Fetching sales data...'
Arguments: ()
--- Logging error ---
Traceback (most recent call last):
  File "C:\Users\banzo\AppData\Local\Programs\Python\Python312\Lib\logging\__init__.py", line 1163, in emit
    stream.write(msg + self.terminator)
  File "C:\Users\banzo\AppData\Local\Programs\Python\Python312\Lib\encodings\cp1252.py", line 19, in encode
    return codecs.charmap_encode(input,self.errors,encoding_table)[0]
           ^^^^^^^^^^^^^^^^^^^^^^^^^^^^^^^^^^^^^^^^^^^^^^^^^^^^^^^
UnicodeEncodeError: 'charmap' codec can't encode character '\U0001f4e1' in position 33: character maps to <undefined>
Call stack:
  File "E:\prog fold\Drunken cookies\real-time-inventory\vm_inventory_updater_fixed.py", line 2606, in <module>
    success = main()
  File "E:\prog fold\Drunken cookies\real-time-inventory\vm_inventory_updater_fixed.py", line 162, in main
    sales_data = fetch_sales_data(clover_creds, shopify_creds, target_date)
  File "E:\prog fold\Drunken cookies\real-time-inventory\vm_inventory_updater_fixed.py", line 531, in fetch_sales_data
    logging.info(f"≡ƒôí Fetching Clover data for {location}...")
Message: '≡ƒôí Fetching Clover data for Plaza...'
Arguments: ()
--- Logging error ---
Traceback (most recent call last):
  File "C:\Users\banzo\AppData\Local\Programs\Python\Python312\Lib\logging\__init__.py", line 1163, in emit
    stream.write(msg + self.terminator)
  File "C:\Users\banzo\AppData\Local\Programs\Python\Python312\Lib\encodings\cp1252.py", line 19, in encode
    return codecs.charmap_encode(input,self.errors,encoding_table)[0]
           ^^^^^^^^^^^^^^^^^^^^^^^^^^^^^^^^^^^^^^^^^^^^^^^^^^^^^^^
UnicodeEncodeError: 'charmap' codec can't encode character '\U0001f504' in position 33: character maps to <undefined>
Call stack:
  File "E:\prog fold\Drunken cookies\real-time-inventory\vm_inventory_updater_fixed.py", line 2606, in <module>
    success = main()
  File "E:\prog fold\Drunken cookies\real-time-inventory\vm_inventory_updater_fixed.py", line 162, in main
    sales_data = fetch_sales_data(clover_creds, shopify_creds, target_date)
  File "E:\prog fold\Drunken cookies\real-time-inventory\vm_inventory_updater_fixed.py", line 537, in fetch_sales_data
    location_sales = fetch_clover_sales(creds, target_date)
  File "E:\prog fold\Drunken cookies\real-time-inventory\vm_inventory_updater_fixed.py", line 674, in 
fetch_clover_sales
    logging.info(f"≡ƒöä Fetching Clover sales for {creds.get('name', 'Unknown')}...")
Message: '≡ƒöä Fetching Clover sales for Plaza...'
Arguments: ()
--- Logging error ---
Traceback (most recent call last):
  File "C:\Users\banzo\AppData\Local\Programs\Python\Python312\Lib\logging\__init__.py", line 1163, in emit
    stream.write(msg + self.terminator)
  File "C:\Users\banzo\AppData\Local\Programs\Python\Python312\Lib\encodings\cp1252.py", line 19, in encode
2026-02-16 20:52:02,272 - INFO - ≡ƒöì Testing connectivity to Clover API...
    return codecs.charmap_encode(input,self.errors,encoding_table)[0]
           ^^^^^^^^^^^^^^^^^^^^^^^^^^^^^^^^^^^^^^^^^^^^^^^^^^^^^^^
UnicodeEncodeError: 'charmap' codec can't encode character '\U0001f50d' in position 33: character maps to <undefined>
Call stack:
  File "E:\prog fold\Drunken cookies\real-time-inventory\vm_inventory_updater_fixed.py", line 2606, in <module>
    success = main()
  File "E:\prog fold\Drunken cookies\real-time-inventory\vm_inventory_updater_fixed.py", line 162, in main
    sales_data = fetch_sales_data(clover_creds, shopify_creds, target_date)
  File "E:\prog fold\Drunken cookies\real-time-inventory\vm_inventory_updater_fixed.py", line 537, in fetch_sales_data
    location_sales = fetch_clover_sales(creds, target_date)
  File "E:\prog fold\Drunken cookies\real-time-inventory\vm_inventory_updater_fixed.py", line 686, in 
fetch_clover_sales
    if not test_clover_connectivity(merchant_id, token):
  File "E:\prog fold\Drunken cookies\real-time-inventory\vm_inventory_updater_fixed.py", line 568, in 
test_clover_connectivity
    logging.info(f"≡ƒöì Testing connectivity to Clover API...")
Message: '≡ƒöì Testing connectivity to Clover API...'
Arguments: ()
--- Logging error ---
Traceback (most recent call last):
  File "C:\Users\banzo\AppData\Local\Programs\Python\Python312\Lib\logging\__init__.py", line 1163, in emit
    stream.write(msg + self.terminator)
  File "C:\Users\banzo\AppData\Local\Programs\Python\Python312\Lib\encodings\cp1252.py", line 19, in encode
    return codecs.charmap_encode(input,self.errors,encoding_table)[0]
           ^^^^^^^^^^^^^^^^^^^^^^^^^^^^^^^^^^^^^^^^^^^^^^^^^^^^^^^
UnicodeEncodeError: 'charmap' codec can't encode character '\u2705' in position 33: character maps to <undefined>
Call stack:
2026-02-16 20:52:03,379 - INFO - Γ£à Clover API connectivity test successful
  File "E:\prog fold\Drunken cookies\real-time-inventory\vm_inventory_updater_fixed.py", line 2606, in <module>
    success = main()
  File "E:\prog fold\Drunken cookies\real-time-inventory\vm_inventory_updater_fixed.py", line 162, in main
    sales_data = fetch_sales_data(clover_creds, shopify_creds, target_date)
  File "E:\prog fold\Drunken cookies\real-time-inventory\vm_inventory_updater_fixed.py", line 537, in fetch_sales_data
    location_sales = fetch_clover_sales(creds, target_date)
  File "E:\prog fold\Drunken cookies\real-time-inventory\vm_inventory_updater_fixed.py", line 686, in 
fetch_clover_sales
    if not test_clover_connectivity(merchant_id, token):
  File "E:\prog fold\Drunken cookies\real-time-inventory\vm_inventory_updater_fixed.py", line 572, in 
test_clover_connectivity
    logging.info(f"Γ£à Clover API connectivity test successful")
Message: 'Γ£à Clover API connectivity test successful'
Arguments: ()
--- Logging error ---
Traceback (most recent call last):
  File "C:\Users\banzo\AppData\Local\Programs\Python\Python312\Lib\logging\__init__.py", line 1163, in emit
    stream.write(msg + self.terminator)
  File "C:\Users\banzo\AppData\Local\Programs\Python\Python312\Lib\encodings\cp1252.py", line 19, in encode
    return codecs.charmap_encode(input,self.errors,encoding_table)[0]
           ^^^^^^^^^^^^^^^^^^^^^^^^^^^^^^^^^^^^^^^^^^^^^^^^^^^^^^^
UnicodeEncodeError: 'charmap' codec can't encode character '\U0001f4c5' in position 33: character maps to <undefined>
Call stack:
  File "E:\prog fold\Drunken cookies\real-time-inventory\vm_inventory_updater_fixed.py", line 2606, in <module>
    success = main()
  File "E:\prog fold\Drunken cookies\real-time-inventory\vm_inventory_updater_fixed.py", line 162, in main
    sales_data = fetch_sales_data(clover_creds, shopify_creds, target_date)
  File "E:\prog fold\Drunken cookies\real-time-inventory\vm_inventory_updater_fixed.py", line 537, in fetch_sales_data
    location_sales = fetch_clover_sales(creds, target_date)
  File "E:\prog fold\Drunken cookies\real-time-inventory\vm_inventory_updater_fixed.py", line 695, in 
fetch_clover_sales
    logging.info(f"≡ƒôà Using provided target date: {target_date.strftime('%Y-%m-%d')}")
Message: '≡ƒôà Using provided target date: 2026-01-17'
Arguments: ()
2026-02-16 20:52:03,380 - INFO - ≡ƒôà Using provided target date: 2026-01-17
--- Logging error ---
Traceback (most recent call last):
  File "C:\Users\banzo\AppData\Local\Programs\Python\Python312\Lib\logging\__init__.py", line 1163, in emit
    stream.write(msg + self.terminator)
  File "C:\Users\banzo\AppData\Local\Programs\Python\Python312\Lib\encodings\cp1252.py", line 19, in encode
    return codecs.charmap_encode(input,self.errors,encoding_table)[0]
           ^^^^^^^^^^^^^^^^^^^^^^^^^^^^^^^^^^^^^^^^^^^^^^^^^^^^^^^
UnicodeEncodeError: 'charmap' codec can't encode character '\U0001f4e1' in position 33: character maps to <undefined>
Call stack:
  File "E:\prog fold\Drunken cookies\real-time-inventory\vm_inventory_updater_fixed.py", line 2606, in <module>
    success = main()
  File "E:\prog fold\Drunken cookies\real-time-inventory\vm_inventory_updater_fixed.py", line 162, in main
    sales_data = fetch_sales_data(clover_creds, shopify_creds, target_date)
  File "E:\prog fold\Drunken cookies\real-time-inventory\vm_inventory_updater_fixed.py", line 537, in fetch_sales_data
    location_sales = fetch_clover_sales(creds, target_date)
  File "E:\prog fold\Drunken cookies\real-time-inventory\vm_inventory_updater_fixed.py", line 749, in 
fetch_clover_sales
    logging.info(f"≡ƒôí Fetching orders from {start_time} to {end_time}")
Message: '≡ƒôí Fetching orders from 2026-01-17 00:00:00-04:00 to 2026-01-17 23:59:59.999999-04:00'
Arguments: ()
2026-02-16 20:52:03,382 - INFO - ≡ƒôí Fetching orders from 2026-01-17 00:00:00-04:00 to 2026-01-17 23:59:59.999999-04:00
--- Logging error ---
Traceback (most recent call last):
  File "C:\Users\banzo\AppData\Local\Programs\Python\Python312\Lib\logging\__init__.py", line 1163, in emit
    stream.write(msg + self.terminator)
  File "C:\Users\banzo\AppData\Local\Programs\Python\Python312\Lib\encodings\cp1252.py", line 19, in encode
    return codecs.charmap_encode(input,self.errors,encoding_table)[0]
           ^^^^^^^^^^^^^^^^^^^^^^^^^^^^^^^^^^^^^^^^^^^^^^^^^^^^^^^
UnicodeEncodeError: 'charmap' codec can't encode character '\U0001f4e1' in position 33: character maps to <undefined>
Call stack:
  File "E:\prog fold\Drunken cookies\real-time-inventory\vm_inventory_updater_fixed.py", line 2606, in <module>
    success = main()
  File "E:\prog fold\Drunken cookies\real-time-inventory\vm_inventory_updater_fixed.py", line 162, in main
    sales_data = fetch_sales_data(clover_creds, shopify_creds, target_date)
  File "E:\prog fold\Drunken cookies\real-time-inventory\vm_inventory_updater_fixed.py", line 537, in fetch_sales_data
    location_sales = fetch_clover_sales(creds, target_date)
  File "E:\prog fold\Drunken cookies\real-time-inventory\vm_inventory_updater_fixed.py", line 750, in 
fetch_clover_sales
    logging.info(f"≡ƒôí Date range: {start_ms} to {end_ms} (milliseconds)")
Message: '≡ƒôí Date range: 1768622400000 to 1768708799999 (milliseconds)'
Arguments: ()
2026-02-16 20:52:03,382 - INFO - ≡ƒôí Date range: 1768622400000 to 1768708799999 (milliseconds)
--- Logging error ---
Traceback (most recent call last):
  File "C:\Users\banzo\AppData\Local\Programs\Python\Python312\Lib\logging\__init__.py", line 1163, in emit
    stream.write(msg + self.terminator)
  File "C:\Users\banzo\AppData\Local\Programs\Python\Python312\Lib\encodings\cp1252.py", line 19, in encode
    return codecs.charmap_encode(input,self.errors,encoding_table)[0]
           ^^^^^^^^^^^^^^^^^^^^^^^^^^^^^^^^^^^^^^^^^^^^^^^^^^^^^^^
UnicodeEncodeError: 'charmap' codec can't encode character '\U0001f504' in position 33: character maps to <undefined>
Call stack:
  File "E:\prog fold\Drunken cookies\real-time-inventory\vm_inventory_updater_fixed.py", line 2606, in <module>
    success = main()
  File "E:\prog fold\Drunken cookies\real-time-inventory\vm_inventory_updater_fixed.py", line 162, in main
    sales_data = fetch_sales_data(clover_creds, shopify_creds, target_date)
  File "E:\prog fold\Drunken cookies\real-time-inventory\vm_inventory_updater_fixed.py", line 537, in fetch_sales_data
    location_sales = fetch_clover_sales(creds, target_date)
  File "E:\prog fold\Drunken cookies\real-time-inventory\vm_inventory_updater_fixed.py", line 763, in 
fetch_clover_sales
    logging.info(f"≡ƒöä Attempt {attempt + 1}/{max_retries} with {timeout}s timeout")
Message: '≡ƒöä Attempt 1/3 with 60s timeout'
Arguments: ()
2026-02-16 20:52:03,383 - INFO - ≡ƒöä Attempt 1/3 with 60s timeout
--- Logging error ---
Traceback (most recent call last):
  File "C:\Users\banzo\AppData\Local\Programs\Python\Python312\Lib\logging\__init__.py", line 1163, in emit
    stream.write(msg + self.terminator)
  File "C:\Users\banzo\AppData\Local\Programs\Python\Python312\Lib\encodings\cp1252.py", line 19, in encode
    return codecs.charmap_encode(input,self.errors,encoding_table)[0]
           ^^^^^^^^^^^^^^^^^^^^^^^^^^^^^^^^^^^^^^^^^^^^^^^^^^^^^^^
UnicodeEncodeError: 'charmap' codec can't encode character '\u2705' in position 33: character maps to <undefined>
Call stack:
  File "E:\prog fold\Drunken cookies\real-time-inventory\vm_inventory_updater_fixed.py", line 2606, in <module>
    success = main()
  File "E:\prog fold\Drunken cookies\real-time-inventory\vm_inventory_updater_fixed.py", line 162, in main
    sales_data = fetch_sales_data(clover_creds, shopify_creds, target_date)
  File "E:\prog fold\Drunken cookies\real-time-inventory\vm_inventory_updater_fixed.py", line 537, in fetch_sales_data
    location_sales = fetch_clover_sales(creds, target_date)
  File "E:\prog fold\Drunken cookies\real-time-inventory\vm_inventory_updater_fixed.py", line 774, in 
fetch_clover_sales
    logging.info(f"Γ£à API request successful on attempt {attempt + 1}")
Message: 'Γ£à API request successful on attempt 1'
Arguments: ()
2026-02-16 20:52:05,126 - INFO - Γ£à API request successful on attempt 1
--- Logging error ---
Traceback (most recent call last):
  File "C:\Users\banzo\AppData\Local\Programs\Python\Python312\Lib\logging\__init__.py", line 1163, in emit
    stream.write(msg + self.terminator)
  File "C:\Users\banzo\AppData\Local\Programs\Python\Python312\Lib\encodings\cp1252.py", line 19, in encode
    return codecs.charmap_encode(input,self.errors,encoding_table)[0]
           ^^^^^^^^^^^^^^^^^^^^^^^^^^^^^^^^^^^^^^^^^^^^^^^^^^^^^^^
UnicodeEncodeError: 'charmap' codec can't encode character '\U0001f4ca' in position 33: character maps to <undefined>
Call stack:
  File "E:\prog fold\Drunken cookies\real-time-inventory\vm_inventory_updater_fixed.py", line 2606, in <module>
    success = main()
  File "E:\prog fold\Drunken cookies\real-time-inventory\vm_inventory_updater_fixed.py", line 162, in main
    sales_data = fetch_sales_data(clover_creds, shopify_creds, target_date)
  File "E:\prog fold\Drunken cookies\real-time-inventory\vm_inventory_updater_fixed.py", line 537, in fetch_sales_data
    location_sales = fetch_clover_sales(creds, target_date)
  File "E:\prog fold\Drunken cookies\real-time-inventory\vm_inventory_updater_fixed.py", line 842, in 
fetch_clover_sales
    logging.info(f"≡ƒôè Found {len(orders)} total orders (after pagination)")
Message: '≡ƒôè Found 1000 total orders (after pagination)'
Arguments: ()
2026-02-16 20:52:05,153 - INFO - ≡ƒôè Found 1000 total orders (after pagination)
--- Logging error ---
Traceback (most recent call last):
  File "C:\Users\banzo\AppData\Local\Programs\Python\Python312\Lib\logging\__init__.py", line 1163, in emit
    stream.write(msg + self.terminator)
  File "C:\Users\banzo\AppData\Local\Programs\Python\Python312\Lib\encodings\cp1252.py", line 19, in encode
    return codecs.charmap_encode(input,self.errors,encoding_table)[0]
           ^^^^^^^^^^^^^^^^^^^^^^^^^^^^^^^^^^^^^^^^^^^^^^^^^^^^^^^
UnicodeEncodeError: 'charmap' codec can't encode character '\U0001f4ca' in position 33: character maps to <undefined>
Call stack:
  File "E:\prog fold\Drunken cookies\real-time-inventory\vm_inventory_updater_fixed.py", line 2606, in <module>
    success = main()
  File "E:\prog fold\Drunken cookies\real-time-inventory\vm_inventory_updater_fixed.py", line 162, in main
    sales_data = fetch_sales_data(clover_creds, shopify_creds, target_date)
  File "E:\prog fold\Drunken cookies\real-time-inventory\vm_inventory_updater_fixed.py", line 537, in fetch_sales_data
    location_sales = fetch_clover_sales(creds, target_date)
  File "E:\prog fold\Drunken cookies\real-time-inventory\vm_inventory_updater_fixed.py", line 898, in 
fetch_clover_sales
    logging.info(f"≡ƒôè Filtered to {len(filtered_orders)} orders within time range")
Message: '≡ƒôè Filtered to 0 orders within time range'
Arguments: ()
2026-02-16 20:52:05,163 - INFO - ≡ƒôè Filtered to 0 orders within time range
--- Logging error ---
Traceback (most recent call last):
  File "C:\Users\banzo\AppData\Local\Programs\Python\Python312\Lib\logging\__init__.py", line 1163, in emit
    stream.write(msg + self.terminator)
  File "C:\Users\banzo\AppData\Local\Programs\Python\Python312\Lib\encodings\cp1252.py", line 19, in encode
    return codecs.charmap_encode(input,self.errors,encoding_table)[0]
           ^^^^^^^^^^^^^^^^^^^^^^^^^^^^^^^^^^^^^^^^^^^^^^^^^^^^^^^
UnicodeEncodeError: 'charmap' codec can't encode character '\U0001f4ca' in position 33: character maps to <undefined>
Call stack:
  File "E:\prog fold\Drunken cookies\real-time-inventory\vm_inventory_updater_fixed.py", line 2606, in <module>
    success = main()
  File "E:\prog fold\Drunken cookies\real-time-inventory\vm_inventory_updater_fixed.py", line 162, in main
    sales_data = fetch_sales_data(clover_creds, shopify_creds, target_date)
  File "E:\prog fold\Drunken cookies\real-time-inventory\vm_inventory_updater_fixed.py", line 537, in fetch_sales_data
    location_sales = fetch_clover_sales(creds, target_date)
  File "E:\prog fold\Drunken cookies\real-time-inventory\vm_inventory_updater_fixed.py", line 1172, in 
fetch_clover_sales
    logging.info(f"≡ƒôè Cookie sales for {creds.get('name', 'Unknown')}: {consolidated_sales}")
Message: '≡ƒôè Cookie sales for Plaza: {}'
Arguments: ()
2026-02-16 20:52:05,164 - INFO - ≡ƒôè Cookie sales for Plaza: {}
--- Logging error ---
Traceback (most recent call last):
  File "C:\Users\banzo\AppData\Local\Programs\Python\Python312\Lib\logging\__init__.py", line 1163, in emit
    stream.write(msg + self.terminator)
  File "C:\Users\banzo\AppData\Local\Programs\Python\Python312\Lib\encodings\cp1252.py", line 19, in encode
    return codecs.charmap_encode(input,self.errors,encoding_table)[0]
           ^^^^^^^^^^^^^^^^^^^^^^^^^^^^^^^^^^^^^^^^^^^^^^^^^^^^^^^
UnicodeEncodeError: 'charmap' codec can't encode character '\u2705' in position 33: character maps to <undefined>
Call stack:
  File "E:\prog fold\Drunken cookies\real-time-inventory\vm_inventory_updater_fixed.py", line 2606, in <module>
    success = main()
  File "E:\prog fold\Drunken cookies\real-time-inventory\vm_inventory_updater_fixed.py", line 162, in main
    sales_data = fetch_sales_data(clover_creds, shopify_creds, target_date)
  File "E:\prog fold\Drunken cookies\real-time-inventory\vm_inventory_updater_fixed.py", line 540, in fetch_sales_data
    logging.info(f"Γ£à Clover data for {location}: {len(location_sales)} items")
Message: 'Γ£à Clover data for Plaza: 0 items'
Arguments: ()
2026-02-16 20:52:05,171 - INFO - Γ£à Clover data for Plaza: 0 items
--- Logging error ---
Traceback (most recent call last):
  File "C:\Users\banzo\AppData\Local\Programs\Python\Python312\Lib\logging\__init__.py", line 1163, in emit
    stream.write(msg + self.terminator)
  File "C:\Users\banzo\AppData\Local\Programs\Python\Python312\Lib\encodings\cp1252.py", line 19, in encode
    return codecs.charmap_encode(input,self.errors,encoding_table)[0]
           ^^^^^^^^^^^^^^^^^^^^^^^^^^^^^^^^^^^^^^^^^^^^^^^^^^^^^^^
UnicodeEncodeError: 'charmap' codec can't encode character '\U0001f4e1' in position 33: character maps to <undefined>
Call stack:
  File "E:\prog fold\Drunken cookies\real-time-inventory\vm_inventory_updater_fixed.py", line 2606, in <module>
    success = main()
  File "E:\prog fold\Drunken cookies\real-time-inventory\vm_inventory_updater_fixed.py", line 162, in main
    sales_data = fetch_sales_data(clover_creds, shopify_creds, target_date)
  File "E:\prog fold\Drunken cookies\real-time-inventory\vm_inventory_updater_fixed.py", line 531, in fetch_sales_data
    logging.info(f"≡ƒôí Fetching Clover data for {location}...")
Message: '≡ƒôí Fetching Clover data for PlazaSol...'
Arguments: ()
2026-02-16 20:52:05,172 - INFO - ≡ƒôí Fetching Clover data for PlazaSol...
--- Logging error ---
Traceback (most recent call last):
  File "C:\Users\banzo\AppData\Local\Programs\Python\Python312\Lib\logging\__init__.py", line 1163, in emit
    stream.write(msg + self.terminator)
  File "C:\Users\banzo\AppData\Local\Programs\Python\Python312\Lib\encodings\cp1252.py", line 19, in encode
    return codecs.charmap_encode(input,self.errors,encoding_table)[0]
           ^^^^^^^^^^^^^^^^^^^^^^^^^^^^^^^^^^^^^^^^^^^^^^^^^^^^^^^
UnicodeEncodeError: 'charmap' codec can't encode character '\U0001f504' in position 33: character maps to <undefined>
Call stack:
  File "E:\prog fold\Drunken cookies\real-time-inventory\vm_inventory_updater_fixed.py", line 2606, in <module>
    success = main()
  File "E:\prog fold\Drunken cookies\real-time-inventory\vm_inventory_updater_fixed.py", line 162, in main
    sales_data = fetch_sales_data(clover_creds, shopify_creds, target_date)
  File "E:\prog fold\Drunken cookies\real-time-inventory\vm_inventory_updater_fixed.py", line 537, in fetch_sales_data
    location_sales = fetch_clover_sales(creds, target_date)
  File "E:\prog fold\Drunken cookies\real-time-inventory\vm_inventory_updater_fixed.py", line 674, in 
fetch_clover_sales
    logging.info(f"≡ƒöä Fetching Clover sales for {creds.get('name', 'Unknown')}...")
Message: '≡ƒöä Fetching Clover sales for PlazaSol...'
Arguments: ()
2026-02-16 20:52:05,173 - INFO - ≡ƒöä Fetching Clover sales for PlazaSol...
--- Logging error ---
Traceback (most recent call last):
  File "C:\Users\banzo\AppData\Local\Programs\Python\Python312\Lib\logging\__init__.py", line 1163, in emit
    stream.write(msg + self.terminator)
  File "C:\Users\banzo\AppData\Local\Programs\Python\Python312\Lib\encodings\cp1252.py", line 19, in encode
    return codecs.charmap_encode(input,self.errors,encoding_table)[0]
           ^^^^^^^^^^^^^^^^^^^^^^^^^^^^^^^^^^^^^^^^^^^^^^^^^^^^^^^
UnicodeEncodeError: 'charmap' codec can't encode character '\U0001f50d' in position 33: character maps to <undefined>
Call stack:
  File "E:\prog fold\Drunken cookies\real-time-inventory\vm_inventory_updater_fixed.py", line 2606, in <module>
    success = main()
  File "E:\prog fold\Drunken cookies\real-time-inventory\vm_inventory_updater_fixed.py", line 162, in main
    sales_data = fetch_sales_data(clover_creds, shopify_creds, target_date)
  File "E:\prog fold\Drunken cookies\real-time-inventory\vm_inventory_updater_fixed.py", line 537, in fetch_sales_data
    location_sales = fetch_clover_sales(creds, target_date)
  File "E:\prog fold\Drunken cookies\real-time-inventory\vm_inventory_updater_fixed.py", line 686, in 
fetch_clover_sales
    if not test_clover_connectivity(merchant_id, token):
  File "E:\prog fold\Drunken cookies\real-time-inventory\vm_inventory_updater_fixed.py", line 568, in 
test_clover_connectivity
    logging.info(f"≡ƒöì Testing connectivity to Clover API...")
2026-02-16 20:52:05,173 - INFO - ≡ƒöì Testing connectivity to Clover API...
Message: '≡ƒöì Testing connectivity to Clover API...'
Arguments: ()
--- Logging error ---
Traceback (most recent call last):
  File "C:\Users\banzo\AppData\Local\Programs\Python\Python312\Lib\logging\__init__.py", line 1163, in emit
    stream.write(msg + self.terminator)
  File "C:\Users\banzo\AppData\Local\Programs\Python\Python312\Lib\encodings\cp1252.py", line 19, in encode
    return codecs.charmap_encode(input,self.errors,encoding_table)[0]
           ^^^^^^^^^^^^^^^^^^^^^^^^^^^^^^^^^^^^^^^^^^^^^^^^^^^^^^^
UnicodeEncodeError: 'charmap' codec can't encode character '\u2705' in position 33: character maps to <undefined>
Call stack:
  File "E:\prog fold\Drunken cookies\real-time-inventory\vm_inventory_updater_fixed.py", line 2606, in <module>
    success = main()
  File "E:\prog fold\Drunken cookies\real-time-inventory\vm_inventory_updater_fixed.py", line 162, in main
    sales_data = fetch_sales_data(clover_creds, shopify_creds, target_date)
  File "E:\prog fold\Drunken cookies\real-time-inventory\vm_inventory_updater_fixed.py", line 537, in fetch_sales_data
    location_sales = fetch_clover_sales(creds, target_date)
  File "E:\prog fold\Drunken cookies\real-time-inventory\vm_inventory_updater_fixed.py", line 686, in 
fetch_clover_sales
    if not test_clover_connectivity(merchant_id, token):
  File "E:\prog fold\Drunken cookies\real-time-inventory\vm_inventory_updater_fixed.py", line 572, in 
test_clover_connectivity
    logging.info(f"Γ£à Clover API connectivity test successful")
Message: 'Γ£à Clover API connectivity test successful'
Arguments: ()
2026-02-16 20:52:06,441 - INFO - Γ£à Clover API connectivity test successful
--- Logging error ---
Traceback (most recent call last):
  File "C:\Users\banzo\AppData\Local\Programs\Python\Python312\Lib\logging\__init__.py", line 1163, in emit
    stream.write(msg + self.terminator)
  File "C:\Users\banzo\AppData\Local\Programs\Python\Python312\Lib\encodings\cp1252.py", line 19, in encode
    return codecs.charmap_encode(input,self.errors,encoding_table)[0]
           ^^^^^^^^^^^^^^^^^^^^^^^^^^^^^^^^^^^^^^^^^^^^^^^^^^^^^^^
UnicodeEncodeError: 'charmap' codec can't encode character '\U0001f4c5' in position 33: character maps to <undefined>
Call stack:
  File "E:\prog fold\Drunken cookies\real-time-inventory\vm_inventory_updater_fixed.py", line 2606, in <module>
    success = main()
  File "E:\prog fold\Drunken cookies\real-time-inventory\vm_inventory_updater_fixed.py", line 162, in main
    sales_data = fetch_sales_data(clover_creds, shopify_creds, target_date)
  File "E:\prog fold\Drunken cookies\real-time-inventory\vm_inventory_updater_fixed.py", line 537, in fetch_sales_data
    location_sales = fetch_clover_sales(creds, target_date)
  File "E:\prog fold\Drunken cookies\real-time-inventory\vm_inventory_updater_fixed.py", line 695, in 
fetch_clover_sales
    logging.info(f"≡ƒôà Using provided target date: {target_date.strftime('%Y-%m-%d')}")
Message: '≡ƒôà Using provided target date: 2026-01-17'
Arguments: ()
2026-02-16 20:52:06,443 - INFO - ≡ƒôà Using provided target date: 2026-01-17
--- Logging error ---
Traceback (most recent call last):
  File "C:\Users\banzo\AppData\Local\Programs\Python\Python312\Lib\logging\__init__.py", line 1163, in emit
    stream.write(msg + self.terminator)
  File "C:\Users\banzo\AppData\Local\Programs\Python\Python312\Lib\encodings\cp1252.py", line 19, in encode
    return codecs.charmap_encode(input,self.errors,encoding_table)[0]
           ^^^^^^^^^^^^^^^^^^^^^^^^^^^^^^^^^^^^^^^^^^^^^^^^^^^^^^^
UnicodeEncodeError: 'charmap' codec can't encode character '\U0001f4e1' in position 33: character maps to <undefined>
Call stack:
  File "E:\prog fold\Drunken cookies\real-time-inventory\vm_inventory_updater_fixed.py", line 2606, in <module>
    success = main()
  File "E:\prog fold\Drunken cookies\real-time-inventory\vm_inventory_updater_fixed.py", line 162, in main
    sales_data = fetch_sales_data(clover_creds, shopify_creds, target_date)
  File "E:\prog fold\Drunken cookies\real-time-inventory\vm_inventory_updater_fixed.py", line 537, in fetch_sales_data
    location_sales = fetch_clover_sales(creds, target_date)
  File "E:\prog fold\Drunken cookies\real-time-inventory\vm_inventory_updater_fixed.py", line 749, in 
fetch_clover_sales
    logging.info(f"≡ƒôí Fetching orders from {start_time} to {end_time}")
Message: '≡ƒôí Fetching orders from 2026-01-17 00:00:00-04:00 to 2026-01-17 23:59:59.999999-04:00'
Arguments: ()
2026-02-16 20:52:06,444 - INFO - ≡ƒôí Fetching orders from 2026-01-17 00:00:00-04:00 to 2026-01-17 23:59:59.999999-04:00
--- Logging error ---
Traceback (most recent call last):
  File "C:\Users\banzo\AppData\Local\Programs\Python\Python312\Lib\logging\__init__.py", line 1163, in emit
    stream.write(msg + self.terminator)
  File "C:\Users\banzo\AppData\Local\Programs\Python\Python312\Lib\encodings\cp1252.py", line 19, in encode
    return codecs.charmap_encode(input,self.errors,encoding_table)[0]
           ^^^^^^^^^^^^^^^^^^^^^^^^^^^^^^^^^^^^^^^^^^^^^^^^^^^^^^^
UnicodeEncodeError: 'charmap' codec can't encode character '\U0001f4e1' in position 33: character maps to <undefined>
Call stack:
  File "E:\prog fold\Drunken cookies\real-time-inventory\vm_inventory_updater_fixed.py", line 2606, in <module>
    success = main()
  File "E:\prog fold\Drunken cookies\real-time-inventory\vm_inventory_updater_fixed.py", line 162, in main
    sales_data = fetch_sales_data(clover_creds, shopify_creds, target_date)
  File "E:\prog fold\Drunken cookies\real-time-inventory\vm_inventory_updater_fixed.py", line 537, in fetch_sales_data
    location_sales = fetch_clover_sales(creds, target_date)
  File "E:\prog fold\Drunken cookies\real-time-inventory\vm_inventory_updater_fixed.py", line 750, in 
fetch_clover_sales
    logging.info(f"≡ƒôí Date range: {start_ms} to {end_ms} (milliseconds)")
Message: '≡ƒôí Date range: 1768622400000 to 1768708799999 (milliseconds)'
Arguments: ()
2026-02-16 20:52:06,445 - INFO - ≡ƒôí Date range: 1768622400000 to 1768708799999 (milliseconds)
--- Logging error ---
Traceback (most recent call last):
  File "C:\Users\banzo\AppData\Local\Programs\Python\Python312\Lib\logging\__init__.py", line 1163, in emit
    stream.write(msg + self.terminator)
  File "C:\Users\banzo\AppData\Local\Programs\Python\Python312\Lib\encodings\cp1252.py", line 19, in encode
    return codecs.charmap_encode(input,self.errors,encoding_table)[0]
           ^^^^^^^^^^^^^^^^^^^^^^^^^^^^^^^^^^^^^^^^^^^^^^^^^^^^^^^
UnicodeEncodeError: 'charmap' codec can't encode character '\U0001f504' in position 33: character maps to <undefined>
Call stack:
  File "E:\prog fold\Drunken cookies\real-time-inventory\vm_inventory_updater_fixed.py", line 2606, in <module>
    success = main()
  File "E:\prog fold\Drunken cookies\real-time-inventory\vm_inventory_updater_fixed.py", line 162, in main
    sales_data = fetch_sales_data(clover_creds, shopify_creds, target_date)
  File "E:\prog fold\Drunken cookies\real-time-inventory\vm_inventory_updater_fixed.py", line 537, in fetch_sales_data
    location_sales = fetch_clover_sales(creds, target_date)
  File "E:\prog fold\Drunken cookies\real-time-inventory\vm_inventory_updater_fixed.py", line 763, in 
fetch_clover_sales
    logging.info(f"≡ƒöä Attempt {attempt + 1}/{max_retries} with {timeout}s timeout")
Message: '≡ƒöä Attempt 1/3 with 60s timeout'
Arguments: ()
2026-02-16 20:52:06,446 - INFO - ≡ƒöä Attempt 1/3 with 60s timeout
--- Logging error ---
Traceback (most recent call last):
  File "C:\Users\banzo\AppData\Local\Programs\Python\Python312\Lib\logging\__init__.py", line 1163, in emit
    stream.write(msg + self.terminator)
  File "C:\Users\banzo\AppData\Local\Programs\Python\Python312\Lib\encodings\cp1252.py", line 19, in encode
    return codecs.charmap_encode(input,self.errors,encoding_table)[0]
           ^^^^^^^^^^^^^^^^^^^^^^^^^^^^^^^^^^^^^^^^^^^^^^^^^^^^^^^
UnicodeEncodeError: 'charmap' codec can't encode character '\u2705' in position 33: character maps to <undefined>
Call stack:
  File "E:\prog fold\Drunken cookies\real-time-inventory\vm_inventory_updater_fixed.py", line 2606, in <module>
    success = main()
  File "E:\prog fold\Drunken cookies\real-time-inventory\vm_inventory_updater_fixed.py", line 162, in main
    sales_data = fetch_sales_data(clover_creds, shopify_creds, target_date)
  File "E:\prog fold\Drunken cookies\real-time-inventory\vm_inventory_updater_fixed.py", line 537, in fetch_sales_data
    location_sales = fetch_clover_sales(creds, target_date)
  File "E:\prog fold\Drunken cookies\real-time-inventory\vm_inventory_updater_fixed.py", line 774, in 
fetch_clover_sales
    logging.info(f"Γ£à API request successful on attempt {attempt + 1}")
Message: 'Γ£à API request successful on attempt 1'
Arguments: ()
2026-02-16 20:52:08,603 - INFO - Γ£à API request successful on attempt 1
--- Logging error ---
Traceback (most recent call last):
  File "C:\Users\banzo\AppData\Local\Programs\Python\Python312\Lib\logging\__init__.py", line 1163, in emit
    stream.write(msg + self.terminator)
  File "C:\Users\banzo\AppData\Local\Programs\Python\Python312\Lib\encodings\cp1252.py", line 19, in encode
    return codecs.charmap_encode(input,self.errors,encoding_table)[0]
           ^^^^^^^^^^^^^^^^^^^^^^^^^^^^^^^^^^^^^^^^^^^^^^^^^^^^^^^
UnicodeEncodeError: 'charmap' codec can't encode character '\U0001f4ca' in position 33: character maps to <undefined>
Call stack:
  File "E:\prog fold\Drunken cookies\real-time-inventory\vm_inventory_updater_fixed.py", line 2606, in <module>
    success = main()
  File "E:\prog fold\Drunken cookies\real-time-inventory\vm_inventory_updater_fixed.py", line 162, in main
    sales_data = fetch_sales_data(clover_creds, shopify_creds, target_date)
  File "E:\prog fold\Drunken cookies\real-time-inventory\vm_inventory_updater_fixed.py", line 537, in fetch_sales_data
    location_sales = fetch_clover_sales(creds, target_date)
  File "E:\prog fold\Drunken cookies\real-time-inventory\vm_inventory_updater_fixed.py", line 842, in 
fetch_clover_sales
    logging.info(f"≡ƒôè Found {len(orders)} total orders (after pagination)")
Message: '≡ƒôè Found 1000 total orders (after pagination)'
Arguments: ()
2026-02-16 20:52:08,625 - INFO - ≡ƒôè Found 1000 total orders (after pagination)
--- Logging error ---
Traceback (most recent call last):
  File "C:\Users\banzo\AppData\Local\Programs\Python\Python312\Lib\logging\__init__.py", line 1163, in emit
    stream.write(msg + self.terminator)
  File "C:\Users\banzo\AppData\Local\Programs\Python\Python312\Lib\encodings\cp1252.py", line 19, in encode
    return codecs.charmap_encode(input,self.errors,encoding_table)[0]
           ^^^^^^^^^^^^^^^^^^^^^^^^^^^^^^^^^^^^^^^^^^^^^^^^^^^^^^^
UnicodeEncodeError: 'charmap' codec can't encode character '\U0001f4ca' in position 33: character maps to <undefined>
Call stack:
  File "E:\prog fold\Drunken cookies\real-time-inventory\vm_inventory_updater_fixed.py", line 2606, in <module>
    success = main()
  File "E:\prog fold\Drunken cookies\real-time-inventory\vm_inventory_updater_fixed.py", line 162, in main
    sales_data = fetch_sales_data(clover_creds, shopify_creds, target_date)
  File "E:\prog fold\Drunken cookies\real-time-inventory\vm_inventory_updater_fixed.py", line 537, in fetch_sales_data
    location_sales = fetch_clover_sales(creds, target_date)
  File "E:\prog fold\Drunken cookies\real-time-inventory\vm_inventory_updater_fixed.py", line 898, in 
fetch_clover_sales
    logging.info(f"≡ƒôè Filtered to {len(filtered_orders)} orders within time range")
Message: '≡ƒôè Filtered to 0 orders within time range'
Arguments: ()
2026-02-16 20:52:08,631 - INFO - ≡ƒôè Filtered to 0 orders within time range
--- Logging error ---
Traceback (most recent call last):
  File "C:\Users\banzo\AppData\Local\Programs\Python\Python312\Lib\logging\__init__.py", line 1163, in emit
    stream.write(msg + self.terminator)
  File "C:\Users\banzo\AppData\Local\Programs\Python\Python312\Lib\encodings\cp1252.py", line 19, in encode
    return codecs.charmap_encode(input,self.errors,encoding_table)[0]
           ^^^^^^^^^^^^^^^^^^^^^^^^^^^^^^^^^^^^^^^^^^^^^^^^^^^^^^^
UnicodeEncodeError: 'charmap' codec can't encode character '\U0001f4ca' in position 33: character maps to <undefined>
Call stack:
  File "E:\prog fold\Drunken cookies\real-time-inventory\vm_inventory_updater_fixed.py", line 2606, in <module>
    success = main()
  File "E:\prog fold\Drunken cookies\real-time-inventory\vm_inventory_updater_fixed.py", line 162, in main
    sales_data = fetch_sales_data(clover_creds, shopify_creds, target_date)
  File "E:\prog fold\Drunken cookies\real-time-inventory\vm_inventory_updater_fixed.py", line 537, in fetch_sales_data
    location_sales = fetch_clover_sales(creds, target_date)
  File "E:\prog fold\Drunken cookies\real-time-inventory\vm_inventory_updater_fixed.py", line 1172, in 
fetch_clover_sales
    logging.info(f"≡ƒôè Cookie sales for {creds.get('name', 'Unknown')}: {consolidated_sales}")
Message: '≡ƒôè Cookie sales for PlazaSol: {}'
Arguments: ()
2026-02-16 20:52:08,632 - INFO - ≡ƒôè Cookie sales for PlazaSol: {}
--- Logging error ---
Traceback (most recent call last):
  File "C:\Users\banzo\AppData\Local\Programs\Python\Python312\Lib\logging\__init__.py", line 1163, in emit
    stream.write(msg + self.terminator)
  File "C:\Users\banzo\AppData\Local\Programs\Python\Python312\Lib\encodings\cp1252.py", line 19, in encode
    return codecs.charmap_encode(input,self.errors,encoding_table)[0]
           ^^^^^^^^^^^^^^^^^^^^^^^^^^^^^^^^^^^^^^^^^^^^^^^^^^^^^^^
UnicodeEncodeError: 'charmap' codec can't encode character '\u2705' in position 33: character maps to <undefined>
Call stack:
  File "E:\prog fold\Drunken cookies\real-time-inventory\vm_inventory_updater_fixed.py", line 2606, in <module>
    success = main()
  File "E:\prog fold\Drunken cookies\real-time-inventory\vm_inventory_updater_fixed.py", line 162, in main
    sales_data = fetch_sales_data(clover_creds, shopify_creds, target_date)
  File "E:\prog fold\Drunken cookies\real-time-inventory\vm_inventory_updater_fixed.py", line 540, in fetch_sales_data
    logging.info(f"Γ£à Clover data for {location}: {len(location_sales)} items")
Message: 'Γ£à Clover data for PlazaSol: 0 items'
Arguments: ()
2026-02-16 20:52:08,636 - INFO - Γ£à Clover data for PlazaSol: 0 items
--- Logging error ---
Traceback (most recent call last):
  File "C:\Users\banzo\AppData\Local\Programs\Python\Python312\Lib\logging\__init__.py", line 1163, in emit
    stream.write(msg + self.terminator)
  File "C:\Users\banzo\AppData\Local\Programs\Python\Python312\Lib\encodings\cp1252.py", line 19, in encode
    return codecs.charmap_encode(input,self.errors,encoding_table)[0]
           ^^^^^^^^^^^^^^^^^^^^^^^^^^^^^^^^^^^^^^^^^^^^^^^^^^^^^^^
UnicodeEncodeError: 'charmap' codec can't encode character '\U0001f4e1' in position 33: character maps to <undefined>
Call stack:
  File "E:\prog fold\Drunken cookies\real-time-inventory\vm_inventory_updater_fixed.py", line 2606, in <module>
    success = main()
  File "E:\prog fold\Drunken cookies\real-time-inventory\vm_inventory_updater_fixed.py", line 162, in main
    sales_data = fetch_sales_data(clover_creds, shopify_creds, target_date)
  File "E:\prog fold\Drunken cookies\real-time-inventory\vm_inventory_updater_fixed.py", line 531, in fetch_sales_data
    logging.info(f"≡ƒôí Fetching Clover data for {location}...")
Message: '≡ƒôí Fetching Clover data for San Patricio...'
Arguments: ()
2026-02-16 20:52:08,637 - INFO - ≡ƒôí Fetching Clover data for San Patricio...
--- Logging error ---
Traceback (most recent call last):
  File "C:\Users\banzo\AppData\Local\Programs\Python\Python312\Lib\logging\__init__.py", line 1163, in emit
    stream.write(msg + self.terminator)
  File "C:\Users\banzo\AppData\Local\Programs\Python\Python312\Lib\encodings\cp1252.py", line 19, in encode
    return codecs.charmap_encode(input,self.errors,encoding_table)[0]
           ^^^^^^^^^^^^^^^^^^^^^^^^^^^^^^^^^^^^^^^^^^^^^^^^^^^^^^^
UnicodeEncodeError: 'charmap' codec can't encode character '\U0001f527' in position 33: character maps to <undefined>
Call stack:
  File "E:\prog fold\Drunken cookies\real-time-inventory\vm_inventory_updater_fixed.py", line 2606, in <module>
    success = main()
  File "E:\prog fold\Drunken cookies\real-time-inventory\vm_inventory_updater_fixed.py", line 162, in main
    sales_data = fetch_sales_data(clover_creds, shopify_creds, target_date)
  File "E:\prog fold\Drunken cookies\real-time-inventory\vm_inventory_updater_fixed.py", line 535, in fetch_sales_data
    location_sales = fetch_san_patricio_sales_with_fallback(creds, target_date)
  File "E:\prog fold\Drunken cookies\real-time-inventory\vm_inventory_updater_fixed.py", line 591, in 
fetch_san_patricio_sales_with_fallback
    logging.info(f"≡ƒöº Using San Patricio fallback system for {creds.get('name', 'Unknown')}...")
Message: '≡ƒöº Using San Patricio fallback system for San Patricio...'
Arguments: ()
2026-02-16 20:52:08,638 - INFO - ≡ƒöº Using San Patricio fallback system for San Patricio...
--- Logging error ---
Traceback (most recent call last):
  File "C:\Users\banzo\AppData\Local\Programs\Python\Python312\Lib\logging\__init__.py", line 1163, in emit
    stream.write(msg + self.terminator)
  File "C:\Users\banzo\AppData\Local\Programs\Python\Python312\Lib\encodings\cp1252.py", line 19, in encode
    return codecs.charmap_encode(input,self.errors,encoding_table)[0]
           ^^^^^^^^^^^^^^^^^^^^^^^^^^^^^^^^^^^^^^^^^^^^^^^^^^^^^^^
UnicodeEncodeError: 'charmap' codec can't encode character '\U0001f504' in position 33: character maps to <undefined>
Call stack:
  File "E:\prog fold\Drunken cookies\real-time-inventory\vm_inventory_updater_fixed.py", line 2606, in <module>
    success = main()
  File "E:\prog fold\Drunken cookies\real-time-inventory\vm_inventory_updater_fixed.py", line 162, in main
    sales_data = fetch_sales_data(clover_creds, shopify_creds, target_date)
  File "E:\prog fold\Drunken cookies\real-time-inventory\vm_inventory_updater_fixed.py", line 535, in fetch_sales_data
    location_sales = fetch_san_patricio_sales_with_fallback(creds, target_date)
  File "E:\prog fold\Drunken cookies\real-time-inventory\vm_inventory_updater_fixed.py", line 595, in 
fetch_san_patricio_sales_with_fallback
    normal_sales = fetch_clover_sales(creds, target_date)
  File "E:\prog fold\Drunken cookies\real-time-inventory\vm_inventory_updater_fixed.py", line 674, in 
fetch_clover_sales
    logging.info(f"≡ƒöä Fetching Clover sales for {creds.get('name', 'Unknown')}...")
Message: '≡ƒöä Fetching Clover sales for San Patricio...'
Arguments: ()
2026-02-16 20:52:08,638 - INFO - ≡ƒöä Fetching Clover sales for San Patricio...
--- Logging error ---
Traceback (most recent call last):
  File "C:\Users\banzo\AppData\Local\Programs\Python\Python312\Lib\logging\__init__.py", line 1163, in emit
    stream.write(msg + self.terminator)
  File "C:\Users\banzo\AppData\Local\Programs\Python\Python312\Lib\encodings\cp1252.py", line 19, in encode
    return codecs.charmap_encode(input,self.errors,encoding_table)[0]
           ^^^^^^^^^^^^^^^^^^^^^^^^^^^^^^^^^^^^^^^^^^^^^^^^^^^^^^^
UnicodeEncodeError: 'charmap' codec can't encode character '\U0001f50d' in position 33: character maps to <undefined>
Call stack:
  File "E:\prog fold\Drunken cookies\real-time-inventory\vm_inventory_updater_fixed.py", line 2606, in <module>
    success = main()
  File "E:\prog fold\Drunken cookies\real-time-inventory\vm_inventory_updater_fixed.py", line 162, in main
    sales_data = fetch_sales_data(clover_creds, shopify_creds, target_date)
  File "E:\prog fold\Drunken cookies\real-time-inventory\vm_inventory_updater_fixed.py", line 535, in fetch_sales_data
    location_sales = fetch_san_patricio_sales_with_fallback(creds, target_date)
  File "E:\prog fold\Drunken cookies\real-time-inventory\vm_inventory_updater_fixed.py", line 595, in 
fetch_san_patricio_sales_with_fallback
    normal_sales = fetch_clover_sales(creds, target_date)
  File "E:\prog fold\Drunken cookies\real-time-inventory\vm_inventory_updater_fixed.py", line 686, in 
fetch_clover_sales
    if not test_clover_connectivity(merchant_id, token):
  File "E:\prog fold\Drunken cookies\real-time-inventory\vm_inventory_updater_fixed.py", line 568, in 
test_clover_connectivity
    logging.info(f"≡ƒöì Testing connectivity to Clover API...")
Message: '≡ƒöì Testing connectivity to Clover API...'
Arguments: ()
2026-02-16 20:52:08,639 - INFO - ≡ƒöì Testing connectivity to Clover API...
--- Logging error ---
Traceback (most recent call last):
  File "C:\Users\banzo\AppData\Local\Programs\Python\Python312\Lib\logging\__init__.py", line 1163, in emit
    stream.write(msg + self.terminator)
  File "C:\Users\banzo\AppData\Local\Programs\Python\Python312\Lib\encodings\cp1252.py", line 19, in encode
    return codecs.charmap_encode(input,self.errors,encoding_table)[0]
           ^^^^^^^^^^^^^^^^^^^^^^^^^^^^^^^^^^^^^^^^^^^^^^^^^^^^^^^
UnicodeEncodeError: 'charmap' codec can't encode character '\u2705' in position 33: character maps to <undefined>
Call stack:
  File "E:\prog fold\Drunken cookies\real-time-inventory\vm_inventory_updater_fixed.py", line 2606, in <module>
    success = main()
  File "E:\prog fold\Drunken cookies\real-time-inventory\vm_inventory_updater_fixed.py", line 162, in main
    sales_data = fetch_sales_data(clover_creds, shopify_creds, target_date)
  File "E:\prog fold\Drunken cookies\real-time-inventory\vm_inventory_updater_fixed.py", line 535, in fetch_sales_data
    location_sales = fetch_san_patricio_sales_with_fallback(creds, target_date)
  File "E:\prog fold\Drunken cookies\real-time-inventory\vm_inventory_updater_fixed.py", line 595, in 
fetch_san_patricio_sales_with_fallback
    normal_sales = fetch_clover_sales(creds, target_date)
  File "E:\prog fold\Drunken cookies\real-time-inventory\vm_inventory_updater_fixed.py", line 686, in 
fetch_clover_sales
    if not test_clover_connectivity(merchant_id, token):
  File "E:\prog fold\Drunken cookies\real-time-inventory\vm_inventory_updater_fixed.py", line 572, in 
test_clover_connectivity
    logging.info(f"Γ£à Clover API connectivity test successful")
Message: 'Γ£à Clover API connectivity test successful'
Arguments: ()
2026-02-16 20:52:09,847 - INFO - Γ£à Clover API connectivity test successful
2026-02-16 20:52:09,849 - INFO - ≡ƒôà Using provided target date: 2026-01-17
--- Logging error ---
2026-02-16 20:52:09,849 - INFO - ≡ƒôí Fetching orders from 2026-01-17 00:00:00-04:00 to 2026-01-17 23:59:59.999999-04:00
Traceback (most recent call last):
  File "C:\Users\banzo\AppData\Local\Programs\Python\Python312\Lib\logging\__init__.py", line 1163, in emit
    stream.write(msg + self.terminator)
  File "C:\Users\banzo\AppData\Local\Programs\Python\Python312\Lib\encodings\cp1252.py", line 19, in encode
    return codecs.charmap_encode(input,self.errors,encoding_table)[0]
           ^^^^^^^^^^^^^^^^^^^^^^^^^^^^^^^^^^^^^^^^^^^^^^^^^^^^^^^
UnicodeEncodeError: 'charmap' codec can't encode character '\U0001f4c5' in position 33: character maps to <undefined>
Call stack:
  File "E:\prog fold\Drunken cookies\real-time-inventory\vm_inventory_updater_fixed.py", line 2606, in <module>
    success = main()
  File "E:\prog fold\Drunken cookies\real-time-inventory\vm_inventory_updater_fixed.py", line 162, in main
    sales_data = fetch_sales_data(clover_creds, shopify_creds, target_date)
  File "E:\prog fold\Drunken cookies\real-time-inventory\vm_inventory_updater_fixed.py", line 535, in fetch_sales_data
    location_sales = fetch_san_patricio_sales_with_fallback(creds, target_date)
  File "E:\prog fold\Drunken cookies\real-time-inventory\vm_inventory_updater_fixed.py", line 595, in 
fetch_san_patricio_sales_with_fallback
    normal_sales = fetch_clover_sales(creds, target_date)
  File "E:\prog fold\Drunken cookies\real-time-inventory\vm_inventory_updater_fixed.py", line 695, in 
fetch_clover_sales
    logging.info(f"≡ƒôà Using provided target date: {target_date.strftime('%Y-%m-%d')}")
Message: '≡ƒôà Using provided target date: 2026-01-17'
Arguments: ()
--- Logging error ---
Traceback (most recent call last):
  File "C:\Users\banzo\AppData\Local\Programs\Python\Python312\Lib\logging\__init__.py", line 1163, in emit
    stream.write(msg + self.terminator)
  File "C:\Users\banzo\AppData\Local\Programs\Python\Python312\Lib\encodings\cp1252.py", line 19, in encode
    return codecs.charmap_encode(input,self.errors,encoding_table)[0]
           ^^^^^^^^^^^^^^^^^^^^^^^^^^^^^^^^^^^^^^^^^^^^^^^^^^^^^^^
UnicodeEncodeError: 'charmap' codec can't encode character '\U0001f4e1' in position 33: character maps to <undefined>
Call stack:
  File "E:\prog fold\Drunken cookies\real-time-inventory\vm_inventory_updater_fixed.py", line 2606, in <module>
    success = main()
  File "E:\prog fold\Drunken cookies\real-time-inventory\vm_inventory_updater_fixed.py", line 162, in main
    sales_data = fetch_sales_data(clover_creds, shopify_creds, target_date)
  File "E:\prog fold\Drunken cookies\real-time-inventory\vm_inventory_updater_fixed.py", line 535, in fetch_sales_data
    location_sales = fetch_san_patricio_sales_with_fallback(creds, target_date)
  File "E:\prog fold\Drunken cookies\real-time-inventory\vm_inventory_updater_fixed.py", line 595, in 
fetch_san_patricio_sales_with_fallback
    normal_sales = fetch_clover_sales(creds, target_date)
  File "E:\prog fold\Drunken cookies\real-time-inventory\vm_inventory_updater_fixed.py", line 749, in 
fetch_clover_sales
    logging.info(f"≡ƒôí Fetching orders from {start_time} to {end_time}")
Message: '≡ƒôí Fetching orders from 2026-01-17 00:00:00-04:00 to 2026-01-17 23:59:59.999999-04:00'
Arguments: ()
--- Logging error ---
Traceback (most recent call last):
  File "C:\Users\banzo\AppData\Local\Programs\Python\Python312\Lib\logging\__init__.py", line 1163, in emit
    stream.write(msg + self.terminator)
  File "C:\Users\banzo\AppData\Local\Programs\Python\Python312\Lib\encodings\cp1252.py", line 19, in encode
    return codecs.charmap_encode(input,self.errors,encoding_table)[0]
           ^^^^^^^^^^^^^^^^^^^^^^^^^^^^^^^^^^^^^^^^^^^^^^^^^^^^^^^
UnicodeEncodeError: 'charmap' codec can't encode character '\U0001f4e1' in position 33: character maps to <undefined>
Call stack:
  File "E:\prog fold\Drunken cookies\real-time-inventory\vm_inventory_updater_fixed.py", line 2606, in <module>
    success = main()
  File "E:\prog fold\Drunken cookies\real-time-inventory\vm_inventory_updater_fixed.py", line 162, in main
    sales_data = fetch_sales_data(clover_creds, shopify_creds, target_date)
  File "E:\prog fold\Drunken cookies\real-time-inventory\vm_inventory_updater_fixed.py", line 535, in fetch_sales_data
    location_sales = fetch_san_patricio_sales_with_fallback(creds, target_date)
  File "E:\prog fold\Drunken cookies\real-time-inventory\vm_inventory_updater_fixed.py", line 595, in 
fetch_san_patricio_sales_with_fallback
    normal_sales = fetch_clover_sales(creds, target_date)
  File "E:\prog fold\Drunken cookies\real-time-inventory\vm_inventory_updater_fixed.py", line 750, in 
fetch_clover_sales
    logging.info(f"≡ƒôí Date range: {start_ms} to {end_ms} (milliseconds)")
Message: '≡ƒôí Date range: 1768622400000 to 1768708799999 (milliseconds)'
Arguments: ()
--- Logging error ---
2026-02-16 20:52:09,850 - INFO - ≡ƒôí Date range: 1768622400000 to 1768708799999 (milliseconds)
Traceback (most recent call last):
  File "C:\Users\banzo\AppData\Local\Programs\Python\Python312\Lib\logging\__init__.py", line 1163, in emit
    stream.write(msg + self.terminator)
  File "C:\Users\banzo\AppData\Local\Programs\Python\Python312\Lib\encodings\cp1252.py", line 19, in encode
    return codecs.charmap_encode(input,self.errors,encoding_table)[0]
           ^^^^^^^^^^^^^^^^^^^^^^^^^^^^^^^^^^^^^^^^^^^^^^^^^^^^^^^
UnicodeEncodeError: 'charmap' codec can't encode character '\U0001f504' in position 33: character maps to <undefined>
Call stack:
  File "E:\prog fold\Drunken cookies\real-time-inventory\vm_inventory_updater_fixed.py", line 2606, in <module>
    success = main()
  File "E:\prog fold\Drunken cookies\real-time-inventory\vm_inventory_updater_fixed.py", line 162, in main
    sales_data = fetch_sales_data(clover_creds, shopify_creds, target_date)
  File "E:\prog fold\Drunken cookies\real-time-inventory\vm_inventory_updater_fixed.py", line 535, in fetch_sales_data
    location_sales = fetch_san_patricio_sales_with_fallback(creds, target_date)
  File "E:\prog fold\Drunken cookies\real-time-inventory\vm_inventory_updater_fixed.py", line 595, in 
fetch_san_patricio_sales_with_fallback
    normal_sales = fetch_clover_sales(creds, target_date)
  File "E:\prog fold\Drunken cookies\real-time-inventory\vm_inventory_updater_fixed.py", line 763, in 
fetch_clover_sales
    logging.info(f"≡ƒöä Attempt {attempt + 1}/{max_retries} with {timeout}s timeout")
Message: '≡ƒöä Attempt 1/3 with 60s timeout'
Arguments: ()
2026-02-16 20:52:09,865 - INFO - ≡ƒöä Attempt 1/3 with 60s timeout
--- Logging error ---
Traceback (most recent call last):
  File "C:\Users\banzo\AppData\Local\Programs\Python\Python312\Lib\logging\__init__.py", line 1163, in emit
    stream.write(msg + self.terminator)
  File "C:\Users\banzo\AppData\Local\Programs\Python\Python312\Lib\encodings\cp1252.py", line 19, in encode
    return codecs.charmap_encode(input,self.errors,encoding_table)[0]
           ^^^^^^^^^^^^^^^^^^^^^^^^^^^^^^^^^^^^^^^^^^^^^^^^^^^^^^^
UnicodeEncodeError: 'charmap' codec can't encode character '\u2705' in position 33: character maps to <undefined>
Call stack:
  File "E:\prog fold\Drunken cookies\real-time-inventory\vm_inventory_updater_fixed.py", line 2606, in <module>
    success = main()
  File "E:\prog fold\Drunken cookies\real-time-inventory\vm_inventory_updater_fixed.py", line 162, in main
    sales_data = fetch_sales_data(clover_creds, shopify_creds, target_date)
  File "E:\prog fold\Drunken cookies\real-time-inventory\vm_inventory_updater_fixed.py", line 535, in fetch_sales_data
    location_sales = fetch_san_patricio_sales_with_fallback(creds, target_date)
  File "E:\prog fold\Drunken cookies\real-time-inventory\vm_inventory_updater_fixed.py", line 595, in 
fetch_san_patricio_sales_with_fallback
    normal_sales = fetch_clover_sales(creds, target_date)
  File "E:\prog fold\Drunken cookies\real-time-inventory\vm_inventory_updater_fixed.py", line 774, in 
fetch_clover_sales
    logging.info(f"Γ£à API request successful on attempt {attempt + 1}")
Message: 'Γ£à API request successful on attempt 1'
Arguments: ()
2026-02-16 20:52:12,041 - INFO - Γ£à API request successful on attempt 1
--- Logging error ---
Traceback (most recent call last):
  File "C:\Users\banzo\AppData\Local\Programs\Python\Python312\Lib\logging\__init__.py", line 1163, in emit
    stream.write(msg + self.terminator)
  File "C:\Users\banzo\AppData\Local\Programs\Python\Python312\Lib\encodings\cp1252.py", line 19, in encode
    return codecs.charmap_encode(input,self.errors,encoding_table)[0]
           ^^^^^^^^^^^^^^^^^^^^^^^^^^^^^^^^^^^^^^^^^^^^^^^^^^^^^^^
UnicodeEncodeError: 'charmap' codec can't encode character '\U0001f4ca' in position 33: character maps to <undefined>
Call stack:
  File "E:\prog fold\Drunken cookies\real-time-inventory\vm_inventory_updater_fixed.py", line 2606, in <module>
    success = main()
  File "E:\prog fold\Drunken cookies\real-time-inventory\vm_inventory_updater_fixed.py", line 162, in main
    sales_data = fetch_sales_data(clover_creds, shopify_creds, target_date)
  File "E:\prog fold\Drunken cookies\real-time-inventory\vm_inventory_updater_fixed.py", line 535, in fetch_sales_data
    location_sales = fetch_san_patricio_sales_with_fallback(creds, target_date)
  File "E:\prog fold\Drunken cookies\real-time-inventory\vm_inventory_updater_fixed.py", line 595, in 
fetch_san_patricio_sales_with_fallback
    normal_sales = fetch_clover_sales(creds, target_date)
  File "E:\prog fold\Drunken cookies\real-time-inventory\vm_inventory_updater_fixed.py", line 842, in 
fetch_clover_sales
    logging.info(f"≡ƒôè Found {len(orders)} total orders (after pagination)")
Message: '≡ƒôè Found 1000 total orders (after pagination)'
Arguments: ()
2026-02-16 20:52:12,060 - INFO - ≡ƒôè Found 1000 total orders (after pagination)
--- Logging error ---
Traceback (most recent call last):
  File "C:\Users\banzo\AppData\Local\Programs\Python\Python312\Lib\logging\__init__.py", line 1163, in emit
    stream.write(msg + self.terminator)
  File "C:\Users\banzo\AppData\Local\Programs\Python\Python312\Lib\encodings\cp1252.py", line 19, in encode
    return codecs.charmap_encode(input,self.errors,encoding_table)[0]
           ^^^^^^^^^^^^^^^^^^^^^^^^^^^^^^^^^^^^^^^^^^^^^^^^^^^^^^^
UnicodeEncodeError: 'charmap' codec can't encode character '\U0001f4ca' in position 33: character maps to <undefined>
Call stack:
  File "E:\prog fold\Drunken cookies\real-time-inventory\vm_inventory_updater_fixed.py", line 2606, in <module>
    success = main()
  File "E:\prog fold\Drunken cookies\real-time-inventory\vm_inventory_updater_fixed.py", line 162, in main
    sales_data = fetch_sales_data(clover_creds, shopify_creds, target_date)
  File "E:\prog fold\Drunken cookies\real-time-inventory\vm_inventory_updater_fixed.py", line 535, in fetch_sales_data
    location_sales = fetch_san_patricio_sales_with_fallback(creds, target_date)
  File "E:\prog fold\Drunken cookies\real-time-inventory\vm_inventory_updater_fixed.py", line 595, in 
fetch_san_patricio_sales_with_fallback
    normal_sales = fetch_clover_sales(creds, target_date)
  File "E:\prog fold\Drunken cookies\real-time-inventory\vm_inventory_updater_fixed.py", line 898, in 
fetch_clover_sales
    logging.info(f"≡ƒôè Filtered to {len(filtered_orders)} orders within time range")
Message: '≡ƒôè Filtered to 0 orders within time range'
Arguments: ()
2026-02-16 20:52:12,067 - INFO - ≡ƒôè Filtered to 0 orders within time range
--- Logging error ---
Traceback (most recent call last):
  File "C:\Users\banzo\AppData\Local\Programs\Python\Python312\Lib\logging\__init__.py", line 1163, in emit
    stream.write(msg + self.terminator)
  File "C:\Users\banzo\AppData\Local\Programs\Python\Python312\Lib\encodings\cp1252.py", line 19, in encode
    return codecs.charmap_encode(input,self.errors,encoding_table)[0]
           ^^^^^^^^^^^^^^^^^^^^^^^^^^^^^^^^^^^^^^^^^^^^^^^^^^^^^^^
UnicodeEncodeError: 'charmap' codec can't encode character '\U0001f4ca' in position 33: character maps to <undefined>
Call stack:
  File "E:\prog fold\Drunken cookies\real-time-inventory\vm_inventory_updater_fixed.py", line 2606, in <module>
    success = main()
  File "E:\prog fold\Drunken cookies\real-time-inventory\vm_inventory_updater_fixed.py", line 162, in main
    sales_data = fetch_sales_data(clover_creds, shopify_creds, target_date)
  File "E:\prog fold\Drunken cookies\real-time-inventory\vm_inventory_updater_fixed.py", line 535, in fetch_sales_data
    location_sales = fetch_san_patricio_sales_with_fallback(creds, target_date)
  File "E:\prog fold\Drunken cookies\real-time-inventory\vm_inventory_updater_fixed.py", line 595, in 
fetch_san_patricio_sales_with_fallback
    normal_sales = fetch_clover_sales(creds, target_date)
  File "E:\prog fold\Drunken cookies\real-time-inventory\vm_inventory_updater_fixed.py", line 1172, in 
fetch_clover_sales
    logging.info(f"≡ƒôè Cookie sales for {creds.get('name', 'Unknown')}: {consolidated_sales}")
Message: '≡ƒôè Cookie sales for San Patricio: {}'
Arguments: ()
2026-02-16 20:52:12,068 - INFO - ≡ƒôè Cookie sales for San Patricio: {}
--- Logging error ---
Traceback (most recent call last):
  File "C:\Users\banzo\AppData\Local\Programs\Python\Python312\Lib\logging\__init__.py", line 1163, in emit
    stream.write(msg + self.terminator)
  File "C:\Users\banzo\AppData\Local\Programs\Python\Python312\Lib\encodings\cp1252.py", line 19, in encode
    return codecs.charmap_encode(input,self.errors,encoding_table)[0]
           ^^^^^^^^^^^^^^^^^^^^^^^^^^^^^^^^^^^^^^^^^^^^^^^^^^^^^^^
UnicodeEncodeError: 'charmap' codec can't encode character '\u2705' in position 33: character maps to <undefined>
Call stack:
  File "E:\prog fold\Drunken cookies\real-time-inventory\vm_inventory_updater_fixed.py", line 2606, in <module>
    success = main()
  File "E:\prog fold\Drunken cookies\real-time-inventory\vm_inventory_updater_fixed.py", line 162, in main
    sales_data = fetch_sales_data(clover_creds, shopify_creds, target_date)
  File "E:\prog fold\Drunken cookies\real-time-inventory\vm_inventory_updater_fixed.py", line 535, in fetch_sales_data
    location_sales = fetch_san_patricio_sales_with_fallback(creds, target_date)
  File "E:\prog fold\Drunken cookies\real-time-inventory\vm_inventory_updater_fixed.py", line 605, in 
fetch_san_patricio_sales_with_fallback
    logging.info(f"Γ£à Normal API returned 0 sales for San Patricio (legitimate or no sales)")
Message: 'Γ£à Normal API returned 0 sales for San Patricio (legitimate or no sales)'
Arguments: ()
2026-02-16 20:52:12,074 - INFO - Γ£à Normal API returned 0 sales for San Patricio (legitimate or no sales)
2026-02-16 20:52:12,074 - INFO -    Returning API data (empty dict) instead of using fallback
--- Logging error ---
Traceback (most recent call last):
  File "C:\Users\banzo\AppData\Local\Programs\Python\Python312\Lib\logging\__init__.py", line 1163, in emit
    stream.write(msg + self.terminator)
  File "C:\Users\banzo\AppData\Local\Programs\Python\Python312\Lib\encodings\cp1252.py", line 19, in encode
    return codecs.charmap_encode(input,self.errors,encoding_table)[0]
           ^^^^^^^^^^^^^^^^^^^^^^^^^^^^^^^^^^^^^^^^^^^^^^^^^^^^^^^
UnicodeEncodeError: 'charmap' codec can't encode character '\u2705' in position 33: character maps to <undefined>
Call stack:
  File "E:\prog fold\Drunken cookies\real-time-inventory\vm_inventory_updater_fixed.py", line 2606, in <module>
    success = main()
  File "E:\prog fold\Drunken cookies\real-time-inventory\vm_inventory_updater_fixed.py", line 162, in main
    sales_data = fetch_sales_data(clover_creds, shopify_creds, target_date)
  File "E:\prog fold\Drunken cookies\real-time-inventory\vm_inventory_updater_fixed.py", line 540, in fetch_sales_data
    logging.info(f"Γ£à Clover data for {location}: {len(location_sales)} items")
Message: 'Γ£à Clover data for San Patricio: 0 items'
Arguments: ()
2026-02-16 20:52:12,074 - INFO - Γ£à Clover data for San Patricio: 0 items
--- Logging error ---
Traceback (most recent call last):
  File "C:\Users\banzo\AppData\Local\Programs\Python\Python312\Lib\logging\__init__.py", line 1163, in emit
    stream.write(msg + self.terminator)
  File "C:\Users\banzo\AppData\Local\Programs\Python\Python312\Lib\encodings\cp1252.py", line 19, in encode
    return codecs.charmap_encode(input,self.errors,encoding_table)[0]
           ^^^^^^^^^^^^^^^^^^^^^^^^^^^^^^^^^^^^^^^^^^^^^^^^^^^^^^^
UnicodeEncodeError: 'charmap' codec can't encode character '\U0001f4e1' in position 33: character maps to <undefined>
Call stack:
  File "E:\prog fold\Drunken cookies\real-time-inventory\vm_inventory_updater_fixed.py", line 2606, in <module>
    success = main()
  File "E:\prog fold\Drunken cookies\real-time-inventory\vm_inventory_updater_fixed.py", line 162, in main
    sales_data = fetch_sales_data(clover_creds, shopify_creds, target_date)
  File "E:\prog fold\Drunken cookies\real-time-inventory\vm_inventory_updater_fixed.py", line 531, in fetch_sales_data
    logging.info(f"≡ƒôí Fetching Clover data for {location}...")
Message: '≡ƒôí Fetching Clover data for VSJ...'
Arguments: ()
2026-02-16 20:52:12,075 - INFO - ≡ƒôí Fetching Clover data for VSJ...
--- Logging error ---
Traceback (most recent call last):
  File "C:\Users\banzo\AppData\Local\Programs\Python\Python312\Lib\logging\__init__.py", line 1163, in emit
    stream.write(msg + self.terminator)
  File "C:\Users\banzo\AppData\Local\Programs\Python\Python312\Lib\encodings\cp1252.py", line 19, in encode
    return codecs.charmap_encode(input,self.errors,encoding_table)[0]
           ^^^^^^^^^^^^^^^^^^^^^^^^^^^^^^^^^^^^^^^^^^^^^^^^^^^^^^^
UnicodeEncodeError: 'charmap' codec can't encode character '\U0001f504' in position 33: character maps to <undefined>
Call stack:
  File "E:\prog fold\Drunken cookies\real-time-inventory\vm_inventory_updater_fixed.py", line 2606, in <module>
    success = main()
  File "E:\prog fold\Drunken cookies\real-time-inventory\vm_inventory_updater_fixed.py", line 162, in main
    sales_data = fetch_sales_data(clover_creds, shopify_creds, target_date)
  File "E:\prog fold\Drunken cookies\real-time-inventory\vm_inventory_updater_fixed.py", line 537, in fetch_sales_data
    location_sales = fetch_clover_sales(creds, target_date)
  File "E:\prog fold\Drunken cookies\real-time-inventory\vm_inventory_updater_fixed.py", line 674, in 
fetch_clover_sales
    logging.info(f"≡ƒöä Fetching Clover sales for {creds.get('name', 'Unknown')}...")
Message: '≡ƒöä Fetching Clover sales for VSJ...'
Arguments: ()
2026-02-16 20:52:12,075 - INFO - ≡ƒöä Fetching Clover sales for VSJ...
--- Logging error ---
Traceback (most recent call last):
  File "C:\Users\banzo\AppData\Local\Programs\Python\Python312\Lib\logging\__init__.py", line 1163, in emit
    stream.write(msg + self.terminator)
  File "C:\Users\banzo\AppData\Local\Programs\Python\Python312\Lib\encodings\cp1252.py", line 19, in encode
    return codecs.charmap_encode(input,self.errors,encoding_table)[0]
           ^^^^^^^^^^^^^^^^^^^^^^^^^^^^^^^^^^^^^^^^^^^^^^^^^^^^^^^
UnicodeEncodeError: 'charmap' codec can't encode character '\U0001f50d' in position 33: character maps to <undefined>
Call stack:
  File "E:\prog fold\Drunken cookies\real-time-inventory\vm_inventory_updater_fixed.py", line 2606, in <module>
    success = main()
  File "E:\prog fold\Drunken cookies\real-time-inventory\vm_inventory_updater_fixed.py", line 162, in main
    sales_data = fetch_sales_data(clover_creds, shopify_creds, target_date)
  File "E:\prog fold\Drunken cookies\real-time-inventory\vm_inventory_updater_fixed.py", line 537, in fetch_sales_data
    location_sales = fetch_clover_sales(creds, target_date)
  File "E:\prog fold\Drunken cookies\real-time-inventory\vm_inventory_updater_fixed.py", line 686, in 
fetch_clover_sales
    if not test_clover_connectivity(merchant_id, token):
  File "E:\prog fold\Drunken cookies\real-time-inventory\vm_inventory_updater_fixed.py", line 568, in 
test_clover_connectivity
    logging.info(f"≡ƒöì Testing connectivity to Clover API...")
Message: '≡ƒöì Testing connectivity to Clover API...'
Arguments: ()
2026-02-16 20:52:12,076 - INFO - ≡ƒöì Testing connectivity to Clover API...
--- Logging error ---
Traceback (most recent call last):
  File "C:\Users\banzo\AppData\Local\Programs\Python\Python312\Lib\logging\__init__.py", line 1163, in emit
    stream.write(msg + self.terminator)
  File "C:\Users\banzo\AppData\Local\Programs\Python\Python312\Lib\encodings\cp1252.py", line 19, in encode
    return codecs.charmap_encode(input,self.errors,encoding_table)[0]
           ^^^^^^^^^^^^^^^^^^^^^^^^^^^^^^^^^^^^^^^^^^^^^^^^^^^^^^^
UnicodeEncodeError: 'charmap' codec can't encode character '\u2705' in position 33: character maps to <undefined>
Call stack:
  File "E:\prog fold\Drunken cookies\real-time-inventory\vm_inventory_updater_fixed.py", line 2606, in <module>
    success = main()
  File "E:\prog fold\Drunken cookies\real-time-inventory\vm_inventory_updater_fixed.py", line 162, in main
    sales_data = fetch_sales_data(clover_creds, shopify_creds, target_date)
  File "E:\prog fold\Drunken cookies\real-time-inventory\vm_inventory_updater_fixed.py", line 537, in fetch_sales_data
    location_sales = fetch_clover_sales(creds, target_date)
  File "E:\prog fold\Drunken cookies\real-time-inventory\vm_inventory_updater_fixed.py", line 686, in 
fetch_clover_sales
    if not test_clover_connectivity(merchant_id, token):
  File "E:\prog fold\Drunken cookies\real-time-inventory\vm_inventory_updater_fixed.py", line 572, in 
test_clover_connectivity
    logging.info(f"Γ£à Clover API connectivity test successful")
Message: 'Γ£à Clover API connectivity test successful'
Arguments: ()
2026-02-16 20:52:13,290 - INFO - Γ£à Clover API connectivity test successful
--- Logging error ---
Traceback (most recent call last):
  File "C:\Users\banzo\AppData\Local\Programs\Python\Python312\Lib\logging\__init__.py", line 1163, in emit
    stream.write(msg + self.terminator)
  File "C:\Users\banzo\AppData\Local\Programs\Python\Python312\Lib\encodings\cp1252.py", line 19, in encode
    return codecs.charmap_encode(input,self.errors,encoding_table)[0]
           ^^^^^^^^^^^^^^^^^^^^^^^^^^^^^^^^^^^^^^^^^^^^^^^^^^^^^^^
UnicodeEncodeError: 'charmap' codec can't encode character '\U0001f4c5' in position 33: character maps to <undefined>
Call stack:
  File "E:\prog fold\Drunken cookies\real-time-inventory\vm_inventory_updater_fixed.py", line 2606, in <module>
    success = main()
  File "E:\prog fold\Drunken cookies\real-time-inventory\vm_inventory_updater_fixed.py", line 162, in main
    sales_data = fetch_sales_data(clover_creds, shopify_creds, target_date)
  File "E:\prog fold\Drunken cookies\real-time-inventory\vm_inventory_updater_fixed.py", line 537, in fetch_sales_data
    location_sales = fetch_clover_sales(creds, target_date)
  File "E:\prog fold\Drunken cookies\real-time-inventory\vm_inventory_updater_fixed.py", line 695, in 
fetch_clover_sales
    logging.info(f"≡ƒôà Using provided target date: {target_date.strftime('%Y-%m-%d')}")
Message: '≡ƒôà Using provided target date: 2026-01-17'
Arguments: ()
2026-02-16 20:52:13,292 - INFO - ≡ƒôà Using provided target date: 2026-01-17
--- Logging error ---
Traceback (most recent call last):
  File "C:\Users\banzo\AppData\Local\Programs\Python\Python312\Lib\logging\__init__.py", line 1163, in emit
    stream.write(msg + self.terminator)
  File "C:\Users\banzo\AppData\Local\Programs\Python\Python312\Lib\encodings\cp1252.py", line 19, in encode
    return codecs.charmap_encode(input,self.errors,encoding_table)[0]
           ^^^^^^^^^^^^^^^^^^^^^^^^^^^^^^^^^^^^^^^^^^^^^^^^^^^^^^^
UnicodeEncodeError: 'charmap' codec can't encode character '\U0001f4e1' in position 33: character maps to <undefined>
Call stack:
  File "E:\prog fold\Drunken cookies\real-time-inventory\vm_inventory_updater_fixed.py", line 2606, in <module>
    success = main()
  File "E:\prog fold\Drunken cookies\real-time-inventory\vm_inventory_updater_fixed.py", line 162, in main
    sales_data = fetch_sales_data(clover_creds, shopify_creds, target_date)
  File "E:\prog fold\Drunken cookies\real-time-inventory\vm_inventory_updater_fixed.py", line 537, in fetch_sales_data
    location_sales = fetch_clover_sales(creds, target_date)
  File "E:\prog fold\Drunken cookies\real-time-inventory\vm_inventory_updater_fixed.py", line 749, in 
fetch_clover_sales
    logging.info(f"≡ƒôí Fetching orders from {start_time} to {end_time}")
Message: '≡ƒôí Fetching orders from 2026-01-17 00:00:00-04:00 to 2026-01-17 23:59:59.999999-04:00'
Arguments: ()
2026-02-16 20:52:13,293 - INFO - ≡ƒôí Fetching orders from 2026-01-17 00:00:00-04:00 to 2026-01-17 23:59:59.999999-04:00
--- Logging error ---
Traceback (most recent call last):
  File "C:\Users\banzo\AppData\Local\Programs\Python\Python312\Lib\logging\__init__.py", line 1163, in emit
    stream.write(msg + self.terminator)
  File "C:\Users\banzo\AppData\Local\Programs\Python\Python312\Lib\encodings\cp1252.py", line 19, in encode
    return codecs.charmap_encode(input,self.errors,encoding_table)[0]
           ^^^^^^^^^^^^^^^^^^^^^^^^^^^^^^^^^^^^^^^^^^^^^^^^^^^^^^^
UnicodeEncodeError: 'charmap' codec can't encode character '\U0001f4e1' in position 33: character maps to <undefined>
Call stack:
  File "E:\prog fold\Drunken cookies\real-time-inventory\vm_inventory_updater_fixed.py", line 2606, in <module>
    success = main()
  File "E:\prog fold\Drunken cookies\real-time-inventory\vm_inventory_updater_fixed.py", line 162, in main
    sales_data = fetch_sales_data(clover_creds, shopify_creds, target_date)
  File "E:\prog fold\Drunken cookies\real-time-inventory\vm_inventory_updater_fixed.py", line 537, in fetch_sales_data
    location_sales = fetch_clover_sales(creds, target_date)
  File "E:\prog fold\Drunken cookies\real-time-inventory\vm_inventory_updater_fixed.py", line 750, in 
fetch_clover_sales
    logging.info(f"≡ƒôí Date range: {start_ms} to {end_ms} (milliseconds)")
Message: '≡ƒôí Date range: 1768622400000 to 1768708799999 (milliseconds)'
Arguments: ()
2026-02-16 20:52:13,294 - INFO - ≡ƒôí Date range: 1768622400000 to 1768708799999 (milliseconds)
--- Logging error ---
Traceback (most recent call last):
  File "C:\Users\banzo\AppData\Local\Programs\Python\Python312\Lib\logging\__init__.py", line 1163, in emit
    stream.write(msg + self.terminator)
  File "C:\Users\banzo\AppData\Local\Programs\Python\Python312\Lib\encodings\cp1252.py", line 19, in encode
    return codecs.charmap_encode(input,self.errors,encoding_table)[0]
           ^^^^^^^^^^^^^^^^^^^^^^^^^^^^^^^^^^^^^^^^^^^^^^^^^^^^^^^
UnicodeEncodeError: 'charmap' codec can't encode character '\U0001f504' in position 33: character maps to <undefined>
Call stack:
  File "E:\prog fold\Drunken cookies\real-time-inventory\vm_inventory_updater_fixed.py", line 2606, in <module>
    success = main()
  File "E:\prog fold\Drunken cookies\real-time-inventory\vm_inventory_updater_fixed.py", line 162, in main
    sales_data = fetch_sales_data(clover_creds, shopify_creds, target_date)
  File "E:\prog fold\Drunken cookies\real-time-inventory\vm_inventory_updater_fixed.py", line 537, in fetch_sales_data
    location_sales = fetch_clover_sales(creds, target_date)
  File "E:\prog fold\Drunken cookies\real-time-inventory\vm_inventory_updater_fixed.py", line 763, in 
fetch_clover_sales
    logging.info(f"≡ƒöä Attempt {attempt + 1}/{max_retries} with {timeout}s timeout")
Message: '≡ƒöä Attempt 1/3 with 60s timeout'
Arguments: ()
2026-02-16 20:52:13,294 - INFO - ≡ƒöä Attempt 1/3 with 60s timeout
--- Logging error ---
Traceback (most recent call last):
  File "C:\Users\banzo\AppData\Local\Programs\Python\Python312\Lib\logging\__init__.py", line 1163, in emit
    stream.write(msg + self.terminator)
  File "C:\Users\banzo\AppData\Local\Programs\Python\Python312\Lib\encodings\cp1252.py", line 19, in encode
    return codecs.charmap_encode(input,self.errors,encoding_table)[0]
           ^^^^^^^^^^^^^^^^^^^^^^^^^^^^^^^^^^^^^^^^^^^^^^^^^^^^^^^
UnicodeEncodeError: 'charmap' codec can't encode character '\u2705' in position 33: character maps to <undefined>
Call stack:
  File "E:\prog fold\Drunken cookies\real-time-inventory\vm_inventory_updater_fixed.py", line 2606, in <module>
    success = main()
  File "E:\prog fold\Drunken cookies\real-time-inventory\vm_inventory_updater_fixed.py", line 162, in main
    sales_data = fetch_sales_data(clover_creds, shopify_creds, target_date)
  File "E:\prog fold\Drunken cookies\real-time-inventory\vm_inventory_updater_fixed.py", line 537, in fetch_sales_data
    location_sales = fetch_clover_sales(creds, target_date)
  File "E:\prog fold\Drunken cookies\real-time-inventory\vm_inventory_updater_fixed.py", line 774, in 
fetch_clover_sales
    logging.info(f"Γ£à API request successful on attempt {attempt + 1}")
Message: 'Γ£à API request successful on attempt 1'
Arguments: ()
2026-02-16 20:52:15,643 - INFO - Γ£à API request successful on attempt 1
--- Logging error ---
Traceback (most recent call last):
  File "C:\Users\banzo\AppData\Local\Programs\Python\Python312\Lib\logging\__init__.py", line 1163, in emit
    stream.write(msg + self.terminator)
  File "C:\Users\banzo\AppData\Local\Programs\Python\Python312\Lib\encodings\cp1252.py", line 19, in encode
    return codecs.charmap_encode(input,self.errors,encoding_table)[0]
           ^^^^^^^^^^^^^^^^^^^^^^^^^^^^^^^^^^^^^^^^^^^^^^^^^^^^^^^
UnicodeEncodeError: 'charmap' codec can't encode character '\U0001f4ca' in position 33: character maps to <undefined>
Call stack:
  File "E:\prog fold\Drunken cookies\real-time-inventory\vm_inventory_updater_fixed.py", line 2606, in <module>
    success = main()
  File "E:\prog fold\Drunken cookies\real-time-inventory\vm_inventory_updater_fixed.py", line 162, in main
    sales_data = fetch_sales_data(clover_creds, shopify_creds, target_date)
  File "E:\prog fold\Drunken cookies\real-time-inventory\vm_inventory_updater_fixed.py", line 537, in fetch_sales_data
    location_sales = fetch_clover_sales(creds, target_date)
  File "E:\prog fold\Drunken cookies\real-time-inventory\vm_inventory_updater_fixed.py", line 842, in 
fetch_clover_sales
    logging.info(f"≡ƒôè Found {len(orders)} total orders (after pagination)")
Message: '≡ƒôè Found 1000 total orders (after pagination)'
Arguments: ()
2026-02-16 20:52:15,675 - INFO - ≡ƒôè Found 1000 total orders (after pagination)
--- Logging error ---
Traceback (most recent call last):
  File "C:\Users\banzo\AppData\Local\Programs\Python\Python312\Lib\logging\__init__.py", line 1163, in emit
    stream.write(msg + self.terminator)
  File "C:\Users\banzo\AppData\Local\Programs\Python\Python312\Lib\encodings\cp1252.py", line 19, in encode
    return codecs.charmap_encode(input,self.errors,encoding_table)[0]
           ^^^^^^^^^^^^^^^^^^^^^^^^^^^^^^^^^^^^^^^^^^^^^^^^^^^^^^^
UnicodeEncodeError: 'charmap' codec can't encode character '\U0001f4ca' in position 33: character maps to <undefined>
Call stack:
  File "E:\prog fold\Drunken cookies\real-time-inventory\vm_inventory_updater_fixed.py", line 2606, in <module>
    success = main()
  File "E:\prog fold\Drunken cookies\real-time-inventory\vm_inventory_updater_fixed.py", line 162, in main
    sales_data = fetch_sales_data(clover_creds, shopify_creds, target_date)
  File "E:\prog fold\Drunken cookies\real-time-inventory\vm_inventory_updater_fixed.py", line 537, in fetch_sales_data
    location_sales = fetch_clover_sales(creds, target_date)
  File "E:\prog fold\Drunken cookies\real-time-inventory\vm_inventory_updater_fixed.py", line 898, in 
fetch_clover_sales
    logging.info(f"≡ƒôè Filtered to {len(filtered_orders)} orders within time range")
Message: '≡ƒôè Filtered to 0 orders within time range'
Arguments: ()
2026-02-16 20:52:15,687 - INFO - ≡ƒôè Filtered to 0 orders within time range
--- Logging error ---
Traceback (most recent call last):
  File "C:\Users\banzo\AppData\Local\Programs\Python\Python312\Lib\logging\__init__.py", line 1163, in emit
    stream.write(msg + self.terminator)
  File "C:\Users\banzo\AppData\Local\Programs\Python\Python312\Lib\encodings\cp1252.py", line 19, in encode
    return codecs.charmap_encode(input,self.errors,encoding_table)[0]
           ^^^^^^^^^^^^^^^^^^^^^^^^^^^^^^^^^^^^^^^^^^^^^^^^^^^^^^^
UnicodeEncodeError: 'charmap' codec can't encode character '\U0001f4ca' in position 33: character maps to <undefined>
Call stack:
  File "E:\prog fold\Drunken cookies\real-time-inventory\vm_inventory_updater_fixed.py", line 2606, in <module>
    success = main()
  File "E:\prog fold\Drunken cookies\real-time-inventory\vm_inventory_updater_fixed.py", line 162, in main
    sales_data = fetch_sales_data(clover_creds, shopify_creds, target_date)
  File "E:\prog fold\Drunken cookies\real-time-inventory\vm_inventory_updater_fixed.py", line 537, in fetch_sales_data
    location_sales = fetch_clover_sales(creds, target_date)
  File "E:\prog fold\Drunken cookies\real-time-inventory\vm_inventory_updater_fixed.py", line 1172, in 
fetch_clover_sales
    logging.info(f"≡ƒôè Cookie sales for {creds.get('name', 'Unknown')}: {consolidated_sales}")
Message: '≡ƒôè Cookie sales for VSJ: {}'
Arguments: ()
2026-02-16 20:52:15,688 - INFO - ≡ƒôè Cookie sales for VSJ: {}
--- Logging error ---
Traceback (most recent call last):
  File "C:\Users\banzo\AppData\Local\Programs\Python\Python312\Lib\logging\__init__.py", line 1163, in emit
    stream.write(msg + self.terminator)
  File "C:\Users\banzo\AppData\Local\Programs\Python\Python312\Lib\encodings\cp1252.py", line 19, in encode
    return codecs.charmap_encode(input,self.errors,encoding_table)[0]
           ^^^^^^^^^^^^^^^^^^^^^^^^^^^^^^^^^^^^^^^^^^^^^^^^^^^^^^^
UnicodeEncodeError: 'charmap' codec can't encode character '\u2705' in position 33: character maps to <undefined>
Call stack:
  File "E:\prog fold\Drunken cookies\real-time-inventory\vm_inventory_updater_fixed.py", line 2606, in <module>
    success = main()
  File "E:\prog fold\Drunken cookies\real-time-inventory\vm_inventory_updater_fixed.py", line 162, in main
    sales_data = fetch_sales_data(clover_creds, shopify_creds, target_date)
  File "E:\prog fold\Drunken cookies\real-time-inventory\vm_inventory_updater_fixed.py", line 540, in fetch_sales_data
    logging.info(f"Γ£à Clover data for {location}: {len(location_sales)} items")
Message: 'Γ£à Clover data for VSJ: 0 items'
Arguments: ()
2026-02-16 20:52:15,693 - INFO - Γ£à Clover data for VSJ: 0 items
--- Logging error ---
Traceback (most recent call last):
  File "C:\Users\banzo\AppData\Local\Programs\Python\Python312\Lib\logging\__init__.py", line 1163, in emit
    stream.write(msg + self.terminator)
  File "C:\Users\banzo\AppData\Local\Programs\Python\Python312\Lib\encodings\cp1252.py", line 19, in encode
    return codecs.charmap_encode(input,self.errors,encoding_table)[0]
           ^^^^^^^^^^^^^^^^^^^^^^^^^^^^^^^^^^^^^^^^^^^^^^^^^^^^^^^
UnicodeEncodeError: 'charmap' codec can't encode character '\U0001f4e1' in position 33: character maps to <undefined>
Call stack:
  File "E:\prog fold\Drunken cookies\real-time-inventory\vm_inventory_updater_fixed.py", line 2606, in <module>
    success = main()
  File "E:\prog fold\Drunken cookies\real-time-inventory\vm_inventory_updater_fixed.py", line 162, in main
    sales_data = fetch_sales_data(clover_creds, shopify_creds, target_date)
  File "E:\prog fold\Drunken cookies\real-time-inventory\vm_inventory_updater_fixed.py", line 531, in fetch_sales_data
    logging.info(f"≡ƒôí Fetching Clover data for {location}...")
Message: '≡ƒôí Fetching Clover data for Montehiedra...'
Arguments: ()
2026-02-16 20:52:15,693 - INFO - ≡ƒôí Fetching Clover data for Montehiedra...
--- Logging error ---
Traceback (most recent call last):
  File "C:\Users\banzo\AppData\Local\Programs\Python\Python312\Lib\logging\__init__.py", line 1163, in emit
    stream.write(msg + self.terminator)
  File "C:\Users\banzo\AppData\Local\Programs\Python\Python312\Lib\encodings\cp1252.py", line 19, in encode
    return codecs.charmap_encode(input,self.errors,encoding_table)[0]
           ^^^^^^^^^^^^^^^^^^^^^^^^^^^^^^^^^^^^^^^^^^^^^^^^^^^^^^^
UnicodeEncodeError: 'charmap' codec can't encode character '\U0001f504' in position 33: character maps to <undefined>
Call stack:
  File "E:\prog fold\Drunken cookies\real-time-inventory\vm_inventory_updater_fixed.py", line 2606, in <module>
    success = main()
  File "E:\prog fold\Drunken cookies\real-time-inventory\vm_inventory_updater_fixed.py", line 162, in main
    sales_data = fetch_sales_data(clover_creds, shopify_creds, target_date)
  File "E:\prog fold\Drunken cookies\real-time-inventory\vm_inventory_updater_fixed.py", line 537, in fetch_sales_data
    location_sales = fetch_clover_sales(creds, target_date)
  File "E:\prog fold\Drunken cookies\real-time-inventory\vm_inventory_updater_fixed.py", line 674, in 
fetch_clover_sales
    logging.info(f"≡ƒöä Fetching Clover sales for {creds.get('name', 'Unknown')}...")
Message: '≡ƒöä Fetching Clover sales for Montehiedra...'
Arguments: ()
2026-02-16 20:52:15,694 - INFO - ≡ƒöä Fetching Clover sales for Montehiedra...
--- Logging error ---
Traceback (most recent call last):
  File "C:\Users\banzo\AppData\Local\Programs\Python\Python312\Lib\logging\__init__.py", line 1163, in emit
    stream.write(msg + self.terminator)
  File "C:\Users\banzo\AppData\Local\Programs\Python\Python312\Lib\encodings\cp1252.py", line 19, in encode
    return codecs.charmap_encode(input,self.errors,encoding_table)[0]
           ^^^^^^^^^^^^^^^^^^^^^^^^^^^^^^^^^^^^^^^^^^^^^^^^^^^^^^^
UnicodeEncodeError: 'charmap' codec can't encode character '\U0001f50d' in position 33: character maps to <undefined>
Call stack:
  File "E:\prog fold\Drunken cookies\real-time-inventory\vm_inventory_updater_fixed.py", line 2606, in <module>
    success = main()
  File "E:\prog fold\Drunken cookies\real-time-inventory\vm_inventory_updater_fixed.py", line 162, in main
    sales_data = fetch_sales_data(clover_creds, shopify_creds, target_date)
  File "E:\prog fold\Drunken cookies\real-time-inventory\vm_inventory_updater_fixed.py", line 537, in fetch_sales_data
    location_sales = fetch_clover_sales(creds, target_date)
  File "E:\prog fold\Drunken cookies\real-time-inventory\vm_inventory_updater_fixed.py", line 686, in 
fetch_clover_sales
    if not test_clover_connectivity(merchant_id, token):
  File "E:\prog fold\Drunken cookies\real-time-inventory\vm_inventory_updater_fixed.py", line 568, in 
test_clover_connectivity
    logging.info(f"≡ƒöì Testing connectivity to Clover API...")
Message: '≡ƒöì Testing connectivity to Clover API...'
Arguments: ()
2026-02-16 20:52:15,694 - INFO - ≡ƒöì Testing connectivity to Clover API...
--- Logging error ---
Traceback (most recent call last):
  File "C:\Users\banzo\AppData\Local\Programs\Python\Python312\Lib\logging\__init__.py", line 1163, in emit
    stream.write(msg + self.terminator)
  File "C:\Users\banzo\AppData\Local\Programs\Python\Python312\Lib\encodings\cp1252.py", line 19, in encode
    return codecs.charmap_encode(input,self.errors,encoding_table)[0]
           ^^^^^^^^^^^^^^^^^^^^^^^^^^^^^^^^^^^^^^^^^^^^^^^^^^^^^^^
UnicodeEncodeError: 'charmap' codec can't encode character '\u2705' in position 33: character maps to <undefined>
Call stack:
  File "E:\prog fold\Drunken cookies\real-time-inventory\vm_inventory_updater_fixed.py", line 2606, in <module>
    success = main()
  File "E:\prog fold\Drunken cookies\real-time-inventory\vm_inventory_updater_fixed.py", line 162, in main
    sales_data = fetch_sales_data(clover_creds, shopify_creds, target_date)
  File "E:\prog fold\Drunken cookies\real-time-inventory\vm_inventory_updater_fixed.py", line 537, in fetch_sales_data
    location_sales = fetch_clover_sales(creds, target_date)
  File "E:\prog fold\Drunken cookies\real-time-inventory\vm_inventory_updater_fixed.py", line 686, in 
fetch_clover_sales
    if not test_clover_connectivity(merchant_id, token):
  File "E:\prog fold\Drunken cookies\real-time-inventory\vm_inventory_updater_fixed.py", line 572, in 
test_clover_connectivity
    logging.info(f"Γ£à Clover API connectivity test successful")
Message: 'Γ£à Clover API connectivity test successful'
Arguments: ()
2026-02-16 20:52:16,936 - INFO - Γ£à Clover API connectivity test successful
--- Logging error ---
Traceback (most recent call last):
  File "C:\Users\banzo\AppData\Local\Programs\Python\Python312\Lib\logging\__init__.py", line 1163, in emit
    stream.write(msg + self.terminator)
  File "C:\Users\banzo\AppData\Local\Programs\Python\Python312\Lib\encodings\cp1252.py", line 19, in encode
    return codecs.charmap_encode(input,self.errors,encoding_table)[0]
           ^^^^^^^^^^^^^^^^^^^^^^^^^^^^^^^^^^^^^^^^^^^^^^^^^^^^^^^
UnicodeEncodeError: 'charmap' codec can't encode character '\U0001f4c5' in position 33: character maps to <undefined>
Call stack:
  File "E:\prog fold\Drunken cookies\real-time-inventory\vm_inventory_updater_fixed.py", line 2606, in <module>
    success = main()
  File "E:\prog fold\Drunken cookies\real-time-inventory\vm_inventory_updater_fixed.py", line 162, in main
    sales_data = fetch_sales_data(clover_creds, shopify_creds, target_date)
  File "E:\prog fold\Drunken cookies\real-time-inventory\vm_inventory_updater_fixed.py", line 537, in fetch_sales_data
    location_sales = fetch_clover_sales(creds, target_date)
  File "E:\prog fold\Drunken cookies\real-time-inventory\vm_inventory_updater_fixed.py", line 695, in 
fetch_clover_sales
    logging.info(f"≡ƒôà Using provided target date: {target_date.strftime('%Y-%m-%d')}")
Message: '≡ƒôà Using provided target date: 2026-01-17'
Arguments: ()
2026-02-16 20:52:16,938 - INFO - ≡ƒôà Using provided target date: 2026-01-17
--- Logging error ---
Traceback (most recent call last):
  File "C:\Users\banzo\AppData\Local\Programs\Python\Python312\Lib\logging\__init__.py", line 1163, in emit
    stream.write(msg + self.terminator)
  File "C:\Users\banzo\AppData\Local\Programs\Python\Python312\Lib\encodings\cp1252.py", line 19, in encode
    return codecs.charmap_encode(input,self.errors,encoding_table)[0]
           ^^^^^^^^^^^^^^^^^^^^^^^^^^^^^^^^^^^^^^^^^^^^^^^^^^^^^^^
UnicodeEncodeError: 'charmap' codec can't encode character '\U0001f4e1' in position 33: character maps to <undefined>
Call stack:
  File "E:\prog fold\Drunken cookies\real-time-inventory\vm_inventory_updater_fixed.py", line 2606, in <module>
    success = main()
  File "E:\prog fold\Drunken cookies\real-time-inventory\vm_inventory_updater_fixed.py", line 162, in main
    sales_data = fetch_sales_data(clover_creds, shopify_creds, target_date)
  File "E:\prog fold\Drunken cookies\real-time-inventory\vm_inventory_updater_fixed.py", line 537, in fetch_sales_data
    location_sales = fetch_clover_sales(creds, target_date)
  File "E:\prog fold\Drunken cookies\real-time-inventory\vm_inventory_updater_fixed.py", line 749, in 
fetch_clover_sales
    logging.info(f"≡ƒôí Fetching orders from {start_time} to {end_time}")
Message: '≡ƒôí Fetching orders from 2026-01-17 00:00:00-04:00 to 2026-01-17 23:59:59.999999-04:00'
Arguments: ()
2026-02-16 20:52:16,939 - INFO - ≡ƒôí Fetching orders from 2026-01-17 00:00:00-04:00 to 2026-01-17 23:59:59.999999-04:00
--- Logging error ---
Traceback (most recent call last):
  File "C:\Users\banzo\AppData\Local\Programs\Python\Python312\Lib\logging\__init__.py", line 1163, in emit
    stream.write(msg + self.terminator)
  File "C:\Users\banzo\AppData\Local\Programs\Python\Python312\Lib\encodings\cp1252.py", line 19, in encode
    return codecs.charmap_encode(input,self.errors,encoding_table)[0]
           ^^^^^^^^^^^^^^^^^^^^^^^^^^^^^^^^^^^^^^^^^^^^^^^^^^^^^^^
UnicodeEncodeError: 'charmap' codec can't encode character '\U0001f4e1' in position 33: character maps to <undefined>
Call stack:
  File "E:\prog fold\Drunken cookies\real-time-inventory\vm_inventory_updater_fixed.py", line 2606, in <module>
    success = main()
  File "E:\prog fold\Drunken cookies\real-time-inventory\vm_inventory_updater_fixed.py", line 162, in main
    sales_data = fetch_sales_data(clover_creds, shopify_creds, target_date)
  File "E:\prog fold\Drunken cookies\real-time-inventory\vm_inventory_updater_fixed.py", line 537, in fetch_sales_data
    location_sales = fetch_clover_sales(creds, target_date)
  File "E:\prog fold\Drunken cookies\real-time-inventory\vm_inventory_updater_fixed.py", line 750, in 
fetch_clover_sales
    logging.info(f"≡ƒôí Date range: {start_ms} to {end_ms} (milliseconds)")
Message: '≡ƒôí Date range: 1768622400000 to 1768708799999 (milliseconds)'
Arguments: ()
2026-02-16 20:52:16,940 - INFO - ≡ƒôí Date range: 1768622400000 to 1768708799999 (milliseconds)
--- Logging error ---
Traceback (most recent call last):
  File "C:\Users\banzo\AppData\Local\Programs\Python\Python312\Lib\logging\__init__.py", line 1163, in emit
    stream.write(msg + self.terminator)
  File "C:\Users\banzo\AppData\Local\Programs\Python\Python312\Lib\encodings\cp1252.py", line 19, in encode
    return codecs.charmap_encode(input,self.errors,encoding_table)[0]
           ^^^^^^^^^^^^^^^^^^^^^^^^^^^^^^^^^^^^^^^^^^^^^^^^^^^^^^^
UnicodeEncodeError: 'charmap' codec can't encode character '\U0001f50d' in position 33: character maps to <undefined>
Call stack:
  File "E:\prog fold\Drunken cookies\real-time-inventory\vm_inventory_updater_fixed.py", line 2606, in <module>
    success = main()
  File "E:\prog fold\Drunken cookies\real-time-inventory\vm_inventory_updater_fixed.py", line 162, in main
    sales_data = fetch_sales_data(clover_creds, shopify_creds, target_date)
  File "E:\prog fold\Drunken cookies\real-time-inventory\vm_inventory_updater_fixed.py", line 537, in fetch_sales_data
    location_sales = fetch_clover_sales(creds, target_date)
  File "E:\prog fold\Drunken cookies\real-time-inventory\vm_inventory_updater_fixed.py", line 754, in 
fetch_clover_sales
    logging.info(f"≡ƒöì MONTEHIEDRA DEBUG: Querying orders from {start_time.strftime('%Y-%m-%d %H:%M:%S %Z')} to 
{end_time.strftime('%Y-%m-%d %H:%M:%S %Z')}")
Message: '≡ƒöì MONTEHIEDRA DEBUG: Querying orders from 2026-01-17 00:00:00 AST to 2026-01-17 23:59:59 AST'
Arguments: ()
2026-02-16 20:52:16,940 - INFO - ≡ƒöì MONTEHIEDRA DEBUG: Querying orders from 2026-01-17 00:00:00 AST to 2026-01-17 23:59:59 AST
--- Logging error ---
Traceback (most recent call last):
  File "C:\Users\banzo\AppData\Local\Programs\Python\Python312\Lib\logging\__init__.py", line 1163, in emit
    stream.write(msg + self.terminator)
  File "C:\Users\banzo\AppData\Local\Programs\Python\Python312\Lib\encodings\cp1252.py", line 19, in encode
    return codecs.charmap_encode(input,self.errors,encoding_table)[0]
           ^^^^^^^^^^^^^^^^^^^^^^^^^^^^^^^^^^^^^^^^^^^^^^^^^^^^^^^
UnicodeEncodeError: 'charmap' codec can't encode character '\U0001f504' in position 33: character maps to <undefined>
Call stack:
  File "E:\prog fold\Drunken cookies\real-time-inventory\vm_inventory_updater_fixed.py", line 2606, in <module>
    success = main()
  File "E:\prog fold\Drunken cookies\real-time-inventory\vm_inventory_updater_fixed.py", line 162, in main
    sales_data = fetch_sales_data(clover_creds, shopify_creds, target_date)
  File "E:\prog fold\Drunken cookies\real-time-inventory\vm_inventory_updater_fixed.py", line 537, in fetch_sales_data
    location_sales = fetch_clover_sales(creds, target_date)
  File "E:\prog fold\Drunken cookies\real-time-inventory\vm_inventory_updater_fixed.py", line 763, in 
fetch_clover_sales
    logging.info(f"≡ƒöä Attempt {attempt + 1}/{max_retries} with {timeout}s timeout")
Message: '≡ƒöä Attempt 1/3 with 60s timeout'
Arguments: ()
2026-02-16 20:52:16,941 - INFO - ≡ƒöä Attempt 1/3 with 60s timeout
--- Logging error ---
Traceback (most recent call last):
  File "C:\Users\banzo\AppData\Local\Programs\Python\Python312\Lib\logging\__init__.py", line 1163, in emit
    stream.write(msg + self.terminator)
  File "C:\Users\banzo\AppData\Local\Programs\Python\Python312\Lib\encodings\cp1252.py", line 19, in encode
    return codecs.charmap_encode(input,self.errors,encoding_table)[0]
           ^^^^^^^^^^^^^^^^^^^^^^^^^^^^^^^^^^^^^^^^^^^^^^^^^^^^^^^
UnicodeEncodeError: 'charmap' codec can't encode character '\u2705' in position 33: character maps to <undefined>
Call stack:
  File "E:\prog fold\Drunken cookies\real-time-inventory\vm_inventory_updater_fixed.py", line 2606, in <module>
    success = main()
  File "E:\prog fold\Drunken cookies\real-time-inventory\vm_inventory_updater_fixed.py", line 162, in main
    sales_data = fetch_sales_data(clover_creds, shopify_creds, target_date)
  File "E:\prog fold\Drunken cookies\real-time-inventory\vm_inventory_updater_fixed.py", line 537, in fetch_sales_data
    location_sales = fetch_clover_sales(creds, target_date)
  File "E:\prog fold\Drunken cookies\real-time-inventory\vm_inventory_updater_fixed.py", line 774, in 
fetch_clover_sales
    logging.info(f"Γ£à API request successful on attempt {attempt + 1}")
Message: 'Γ£à API request successful on attempt 1'
Arguments: ()
2026-02-16 20:52:18,692 - INFO - Γ£à API request successful on attempt 1
--- Logging error ---
Traceback (most recent call last):
  File "C:\Users\banzo\AppData\Local\Programs\Python\Python312\Lib\logging\__init__.py", line 1163, in emit
    stream.write(msg + self.terminator)
  File "C:\Users\banzo\AppData\Local\Programs\Python\Python312\Lib\encodings\cp1252.py", line 19, in encode
    return codecs.charmap_encode(input,self.errors,encoding_table)[0]
           ^^^^^^^^^^^^^^^^^^^^^^^^^^^^^^^^^^^^^^^^^^^^^^^^^^^^^^^
UnicodeEncodeError: 'charmap' codec can't encode character '\U0001f4ca' in position 33: character maps to <undefined>
Call stack:
  File "E:\prog fold\Drunken cookies\real-time-inventory\vm_inventory_updater_fixed.py", line 2606, in <module>
    success = main()
  File "E:\prog fold\Drunken cookies\real-time-inventory\vm_inventory_updater_fixed.py", line 162, in main
    sales_data = fetch_sales_data(clover_creds, shopify_creds, target_date)
  File "E:\prog fold\Drunken cookies\real-time-inventory\vm_inventory_updater_fixed.py", line 537, in fetch_sales_data
    location_sales = fetch_clover_sales(creds, target_date)
  File "E:\prog fold\Drunken cookies\real-time-inventory\vm_inventory_updater_fixed.py", line 842, in 
fetch_clover_sales
    logging.info(f"≡ƒôè Found {len(orders)} total orders (after pagination)")
Message: '≡ƒôè Found 1000 total orders (after pagination)'
Arguments: ()
2026-02-16 20:52:18,717 - INFO - ≡ƒôè Found 1000 total orders (after pagination)
--- Logging error ---
Traceback (most recent call last):
  File "C:\Users\banzo\AppData\Local\Programs\Python\Python312\Lib\logging\__init__.py", line 1163, in emit
    stream.write(msg + self.terminator)
  File "C:\Users\banzo\AppData\Local\Programs\Python\Python312\Lib\encodings\cp1252.py", line 19, in encode
    return codecs.charmap_encode(input,self.errors,encoding_table)[0]
           ^^^^^^^^^^^^^^^^^^^^^^^^^^^^^^^^^^^^^^^^^^^^^^^^^^^^^^^
UnicodeEncodeError: 'charmap' codec can't encode character '\U0001f4ca' in position 33: character maps to <undefined>
Call stack:
  File "E:\prog fold\Drunken cookies\real-time-inventory\vm_inventory_updater_fixed.py", line 2606, in <module>
    success = main()
  File "E:\prog fold\Drunken cookies\real-time-inventory\vm_inventory_updater_fixed.py", line 162, in main
    sales_data = fetch_sales_data(clover_creds, shopify_creds, target_date)
  File "E:\prog fold\Drunken cookies\real-time-inventory\vm_inventory_updater_fixed.py", line 537, in fetch_sales_data
    location_sales = fetch_clover_sales(creds, target_date)
  File "E:\prog fold\Drunken cookies\real-time-inventory\vm_inventory_updater_fixed.py", line 898, in 
fetch_clover_sales
    logging.info(f"≡ƒôè Filtered to {len(filtered_orders)} orders within time range")
Message: '≡ƒôè Filtered to 1 orders within time range'
Arguments: ()
2026-02-16 20:52:18,725 - INFO - ≡ƒôè Filtered to 1 orders within time range
--- Logging error ---
Traceback (most recent call last):
  File "C:\Users\banzo\AppData\Local\Programs\Python\Python312\Lib\logging\__init__.py", line 1163, in emit
    stream.write(msg + self.terminator)
  File "C:\Users\banzo\AppData\Local\Programs\Python\Python312\Lib\encodings\cp1252.py", line 19, in encode
    return codecs.charmap_encode(input,self.errors,encoding_table)[0]
           ^^^^^^^^^^^^^^^^^^^^^^^^^^^^^^^^^^^^^^^^^^^^^^^^^^^^^^^
UnicodeEncodeError: 'charmap' codec can't encode characters in position 36-37: character maps to <undefined>
Call stack:
  File "E:\prog fold\Drunken cookies\real-time-inventory\vm_inventory_updater_fixed.py", line 2606, in <module>
    success = main()
  File "E:\prog fold\Drunken cookies\real-time-inventory\vm_inventory_updater_fixed.py", line 162, in main
    sales_data = fetch_sales_data(clover_creds, shopify_creds, target_date)
  File "E:\prog fold\Drunken cookies\real-time-inventory\vm_inventory_updater_fixed.py", line 537, in fetch_sales_data
    location_sales = fetch_clover_sales(creds, target_date)
  File "E:\prog fold\Drunken cookies\real-time-inventory\vm_inventory_updater_fixed.py", line 902, in 
fetch_clover_sales
    logging.warning(f"ΓÜá∩╕Å MONTEHIEDRA BROOKIE DEBUG: Found {len(orders_outside_range)} Brookie orders OUTSIDE date 
range:")
Message: 'ΓÜá∩╕Å MONTEHIEDRA BROOKIE DEBUG: Found 132 Brookie orders OUTSIDE date range:'
Arguments: ()
2026-02-16 20:52:18,725 - WARNING - ΓÜá∩╕Å MONTEHIEDRA BROOKIE DEBUG: Found 132 Brookie orders OUTSIDE date range:
--- Logging error ---
Traceback (most recent call last):
  File "C:\Users\banzo\AppData\Local\Programs\Python\Python312\Lib\logging\__init__.py", line 1163, in emit
    stream.write(msg + self.terminator)
  File "C:\Users\banzo\AppData\Local\Programs\Python\Python312\Lib\encodings\cp1252.py", line 19, in encode
    return codecs.charmap_encode(input,self.errors,encoding_table)[0]
           ^^^^^^^^^^^^^^^^^^^^^^^^^^^^^^^^^^^^^^^^^^^^^^^^^^^^^^^
UnicodeEncodeError: 'charmap' codec can't encode characters in position 36-37: character maps to <undefined>
Call stack:
  File "E:\prog fold\Drunken cookies\real-time-inventory\vm_inventory_updater_fixed.py", line 2606, in <module>
    success = main()
  File "E:\prog fold\Drunken cookies\real-time-inventory\vm_inventory_updater_fixed.py", line 162, in main
    sales_data = fetch_sales_data(clover_creds, shopify_creds, target_date)
  File "E:\prog fold\Drunken cookies\real-time-inventory\vm_inventory_updater_fixed.py", line 537, in fetch_sales_data
    location_sales = fetch_clover_sales(creds, target_date)
  File "E:\prog fold\Drunken cookies\real-time-inventory\vm_inventory_updater_fixed.py", line 904, in 
fetch_clover_sales
    logging.warning(f"ΓÜá∩╕Å   Order {order_info['order_id']}:")
Message: 'ΓÜá∩╕Å   Order 27JTBYSPK6NAA:'
Arguments: ()
2026-02-16 20:52:18,726 - WARNING - ΓÜá∩╕Å   Order 27JTBYSPK6NAA:
--- Logging error ---
Traceback (most recent call last):
  File "C:\Users\banzo\AppData\Local\Programs\Python\Python312\Lib\logging\__init__.py", line 1163, in emit
    stream.write(msg + self.terminator)
  File "C:\Users\banzo\AppData\Local\Programs\Python\Python312\Lib\encodings\cp1252.py", line 19, in encode
    return codecs.charmap_encode(input,self.errors,encoding_table)[0]
           ^^^^^^^^^^^^^^^^^^^^^^^^^^^^^^^^^^^^^^^^^^^^^^^^^^^^^^^
UnicodeEncodeError: 'charmap' codec can't encode characters in position 36-37: character maps to <undefined>
Call stack:
  File "E:\prog fold\Drunken cookies\real-time-inventory\vm_inventory_updater_fixed.py", line 2606, in <module>
    success = main()
  File "E:\prog fold\Drunken cookies\real-time-inventory\vm_inventory_updater_fixed.py", line 162, in main
    sales_data = fetch_sales_data(clover_creds, shopify_creds, target_date)
  File "E:\prog fold\Drunken cookies\real-time-inventory\vm_inventory_updater_fixed.py", line 537, in fetch_sales_data
    location_sales = fetch_clover_sales(creds, target_date)
  File "E:\prog fold\Drunken cookies\real-time-inventory\vm_inventory_updater_fixed.py", line 905, in 
fetch_clover_sales
    logging.warning(f"ΓÜá∩╕Å     UTC time: {order_info['order_time_utc']}")
Message: 'ΓÜá∩╕Å     UTC time: 2026-02-15 22:06:03 UTC'
Arguments: ()
2026-02-16 20:52:18,727 - WARNING - ΓÜá∩╕Å     UTC time: 2026-02-15 22:06:03 UTC
--- Logging error ---
Traceback (most recent call last):
  File "C:\Users\banzo\AppData\Local\Programs\Python\Python312\Lib\logging\__init__.py", line 1163, in emit
    stream.write(msg + self.terminator)
  File "C:\Users\banzo\AppData\Local\Programs\Python\Python312\Lib\encodings\cp1252.py", line 19, in encode
    return codecs.charmap_encode(input,self.errors,encoding_table)[0]
           ^^^^^^^^^^^^^^^^^^^^^^^^^^^^^^^^^^^^^^^^^^^^^^^^^^^^^^^
UnicodeEncodeError: 'charmap' codec can't encode characters in position 36-37: character maps to <undefined>
Call stack:
  File "E:\prog fold\Drunken cookies\real-time-inventory\vm_inventory_updater_fixed.py", line 2606, in <module>
    success = main()
  File "E:\prog fold\Drunken cookies\real-time-inventory\vm_inventory_updater_fixed.py", line 162, in main
    sales_data = fetch_sales_data(clover_creds, shopify_creds, target_date)
  File "E:\prog fold\Drunken cookies\real-time-inventory\vm_inventory_updater_fixed.py", line 537, in fetch_sales_data
    location_sales = fetch_clover_sales(creds, target_date)
  File "E:\prog fold\Drunken cookies\real-time-inventory\vm_inventory_updater_fixed.py", line 906, in 
fetch_clover_sales
    logging.warning(f"ΓÜá∩╕Å     PR time: {order_info['order_time_pr']}")
Message: 'ΓÜá∩╕Å     PR time: 2026-02-15 18:06:03 AST'
Arguments: ()
2026-02-16 20:52:18,727 - WARNING - ΓÜá∩╕Å     PR time: 2026-02-15 18:06:03 AST
--- Logging error ---
Traceback (most recent call last):
  File "C:\Users\banzo\AppData\Local\Programs\Python\Python312\Lib\logging\__init__.py", line 1163, in emit
    stream.write(msg + self.terminator)
  File "C:\Users\banzo\AppData\Local\Programs\Python\Python312\Lib\encodings\cp1252.py", line 19, in encode
    return codecs.charmap_encode(input,self.errors,encoding_table)[0]
           ^^^^^^^^^^^^^^^^^^^^^^^^^^^^^^^^^^^^^^^^^^^^^^^^^^^^^^^
UnicodeEncodeError: 'charmap' codec can't encode characters in position 36-37: character maps to <undefined>
Call stack:
  File "E:\prog fold\Drunken cookies\real-time-inventory\vm_inventory_updater_fixed.py", line 2606, in <module>
    success = main()
  File "E:\prog fold\Drunken cookies\real-time-inventory\vm_inventory_updater_fixed.py", line 162, in main
    sales_data = fetch_sales_data(clover_creds, shopify_creds, target_date)
  File "E:\prog fold\Drunken cookies\real-time-inventory\vm_inventory_updater_fixed.py", line 537, in fetch_sales_data
    location_sales = fetch_clover_sales(creds, target_date)
  File "E:\prog fold\Drunken cookies\real-time-inventory\vm_inventory_updater_fixed.py", line 907, in 
fetch_clover_sales
    logging.warning(f"ΓÜá∩╕Å     PR date: {order_info['order_date_pr']} (target: {order_info['target_date']})")
Message: 'ΓÜá∩╕Å     PR date: 2026-02-15 (target: 2026-01-17)'
Arguments: ()
2026-02-16 20:52:18,728 - WARNING - ΓÜá∩╕Å     PR date: 2026-02-15 (target: 2026-01-17)
--- Logging error ---
Traceback (most recent call last):
  File "C:\Users\banzo\AppData\Local\Programs\Python\Python312\Lib\logging\__init__.py", line 1163, in emit
    stream.write(msg + self.terminator)
  File "C:\Users\banzo\AppData\Local\Programs\Python\Python312\Lib\encodings\cp1252.py", line 19, in encode
    return codecs.charmap_encode(input,self.errors,encoding_table)[0]
           ^^^^^^^^^^^^^^^^^^^^^^^^^^^^^^^^^^^^^^^^^^^^^^^^^^^^^^^
UnicodeEncodeError: 'charmap' codec can't encode characters in position 36-37: character maps to <undefined>
Call stack:
  File "E:\prog fold\Drunken cookies\real-time-inventory\vm_inventory_updater_fixed.py", line 2606, in <module>
    success = main()
  File "E:\prog fold\Drunken cookies\real-time-inventory\vm_inventory_updater_fixed.py", line 162, in main
    sales_data = fetch_sales_data(clover_creds, shopify_creds, target_date)
  File "E:\prog fold\Drunken cookies\real-time-inventory\vm_inventory_updater_fixed.py", line 537, in fetch_sales_data
    location_sales = fetch_clover_sales(creds, target_date)
  File "E:\prog fold\Drunken cookies\real-time-inventory\vm_inventory_updater_fixed.py", line 904, in 
fetch_clover_sales
    logging.warning(f"ΓÜá∩╕Å   Order {order_info['order_id']}:")
Message: 'ΓÜá∩╕Å   Order 5M2BX1G48N4DG:'
Arguments: ()
2026-02-16 20:52:18,728 - WARNING - ΓÜá∩╕Å   Order 5M2BX1G48N4DG:
--- Logging error ---
Traceback (most recent call last):
  File "C:\Users\banzo\AppData\Local\Programs\Python\Python312\Lib\logging\__init__.py", line 1163, in emit
    stream.write(msg + self.terminator)
  File "C:\Users\banzo\AppData\Local\Programs\Python\Python312\Lib\encodings\cp1252.py", line 19, in encode
    return codecs.charmap_encode(input,self.errors,encoding_table)[0]
           ^^^^^^^^^^^^^^^^^^^^^^^^^^^^^^^^^^^^^^^^^^^^^^^^^^^^^^^
UnicodeEncodeError: 'charmap' codec can't encode characters in position 36-37: character maps to <undefined>
Call stack:
  File "E:\prog fold\Drunken cookies\real-time-inventory\vm_inventory_updater_fixed.py", line 2606, in <module>
    success = main()
  File "E:\prog fold\Drunken cookies\real-time-inventory\vm_inventory_updater_fixed.py", line 162, in main
    sales_data = fetch_sales_data(clover_creds, shopify_creds, target_date)
  File "E:\prog fold\Drunken cookies\real-time-inventory\vm_inventory_updater_fixed.py", line 537, in fetch_sales_data
    location_sales = fetch_clover_sales(creds, target_date)
  File "E:\prog fold\Drunken cookies\real-time-inventory\vm_inventory_updater_fixed.py", line 905, in 
fetch_clover_sales
    logging.warning(f"ΓÜá∩╕Å     UTC time: {order_info['order_time_utc']}")
Message: 'ΓÜá∩╕Å     UTC time: 2026-02-15 21:25:09 UTC'
Arguments: ()
2026-02-16 20:52:18,729 - WARNING - ΓÜá∩╕Å     UTC time: 2026-02-15 21:25:09 UTC
--- Logging error ---
Traceback (most recent call last):
  File "C:\Users\banzo\AppData\Local\Programs\Python\Python312\Lib\logging\__init__.py", line 1163, in emit
    stream.write(msg + self.terminator)
  File "C:\Users\banzo\AppData\Local\Programs\Python\Python312\Lib\encodings\cp1252.py", line 19, in encode
    return codecs.charmap_encode(input,self.errors,encoding_table)[0]
           ^^^^^^^^^^^^^^^^^^^^^^^^^^^^^^^^^^^^^^^^^^^^^^^^^^^^^^^
UnicodeEncodeError: 'charmap' codec can't encode characters in position 36-37: character maps to <undefined>
Call stack:
  File "E:\prog fold\Drunken cookies\real-time-inventory\vm_inventory_updater_fixed.py", line 2606, in <module>
    success = main()
2026-02-16 20:52:18,729 - WARNING - ΓÜá∩╕Å     PR time: 2026-02-15 17:25:09 AST
  File "E:\prog fold\Drunken cookies\real-time-inventory\vm_inventory_updater_fixed.py", line 162, in main
    sales_data = fetch_sales_data(clover_creds, shopify_creds, target_date)
  File "E:\prog fold\Drunken cookies\real-time-inventory\vm_inventory_updater_fixed.py", line 537, in fetch_sales_data
    location_sales = fetch_clover_sales(creds, target_date)
  File "E:\prog fold\Drunken cookies\real-time-inventory\vm_inventory_updater_fixed.py", line 906, in 
fetch_clover_sales
    logging.warning(f"ΓÜá∩╕Å     PR time: {order_info['order_time_pr']}")
Message: 'ΓÜá∩╕Å     PR time: 2026-02-15 17:25:09 AST'
Arguments: ()
--- Logging error ---
Traceback (most recent call last):
  File "C:\Users\banzo\AppData\Local\Programs\Python\Python312\Lib\logging\__init__.py", line 1163, in emit
    stream.write(msg + self.terminator)
  File "C:\Users\banzo\AppData\Local\Programs\Python\Python312\Lib\encodings\cp1252.py", line 19, in encode
    return codecs.charmap_encode(input,self.errors,encoding_table)[0]
           ^^^^^^^^^^^^^^^^^^^^^^^^^^^^^^^^^^^^^^^^^^^^^^^^^^^^^^^
UnicodeEncodeError: 'charmap' codec can't encode characters in position 36-37: character maps to <undefined>
Call stack:
  File "E:\prog fold\Drunken cookies\real-time-inventory\vm_inventory_updater_fixed.py", line 2606, in <module>
    success = main()
  File "E:\prog fold\Drunken cookies\real-time-inventory\vm_inventory_updater_fixed.py", line 162, in main
    sales_data = fetch_sales_data(clover_creds, shopify_creds, target_date)
  File "E:\prog fold\Drunken cookies\real-time-inventory\vm_inventory_updater_fixed.py", line 537, in fetch_sales_data
    location_sales = fetch_clover_sales(creds, target_date)
  File "E:\prog fold\Drunken cookies\real-time-inventory\vm_inventory_updater_fixed.py", line 907, in 
fetch_clover_sales
    logging.warning(f"ΓÜá∩╕Å     PR date: {order_info['order_date_pr']} (target: {order_info['target_date']})")
Message: 'ΓÜá∩╕Å     PR date: 2026-02-15 (target: 2026-01-17)'
Arguments: ()
--- Logging error ---
Traceback (most recent call last):
  File "C:\Users\banzo\AppData\Local\Programs\Python\Python312\Lib\logging\__init__.py", line 1163, in emit
    stream.write(msg + self.terminator)
  File "C:\Users\banzo\AppData\Local\Programs\Python\Python312\Lib\encodings\cp1252.py", line 19, in encode
    return codecs.charmap_encode(input,self.errors,encoding_table)[0]
           ^^^^^^^^^^^^^^^^^^^^^^^^^^^^^^^^^^^^^^^^^^^^^^^^^^^^^^^
UnicodeEncodeError: 'charmap' codec can't encode characters in position 36-37: character maps to <undefined>
2026-02-16 20:52:18,730 - WARNING - ΓÜá∩╕Å     PR date: 2026-02-15 (target: 2026-01-17)
2026-02-16 20:52:18,730 - WARNING - ΓÜá∩╕Å   Order RFEZHXKTYNMAR:
2026-02-16 20:52:18,731 - WARNING - ΓÜá∩╕Å     UTC time: 2026-02-15 20:14:53 UTC
2026-02-16 20:52:18,731 - WARNING - ΓÜá∩╕Å     PR time: 2026-02-15 16:14:53 AST
2026-02-16 20:52:18,732 - WARNING - ΓÜá∩╕Å     PR date: 2026-02-15 (target: 2026-01-17)
Call stack:
  File "E:\prog fold\Drunken cookies\real-time-inventory\vm_inventory_updater_fixed.py", line 2606, in <module>
    success = main()
  File "E:\prog fold\Drunken cookies\real-time-inventory\vm_inventory_updater_fixed.py", line 162, in main
    sales_data = fetch_sales_data(clover_creds, shopify_creds, target_date)
  File "E:\prog fold\Drunken cookies\real-time-inventory\vm_inventory_updater_fixed.py", line 537, in fetch_sales_data
    location_sales = fetch_clover_sales(creds, target_date)
  File "E:\prog fold\Drunken cookies\real-time-inventory\vm_inventory_updater_fixed.py", line 904, in 
fetch_clover_sales
    logging.warning(f"ΓÜá∩╕Å   Order {order_info['order_id']}:")
Message: 'ΓÜá∩╕Å   Order RFEZHXKTYNMAR:'
Arguments: ()
--- Logging error ---
Traceback (most recent call last):
  File "C:\Users\banzo\AppData\Local\Programs\Python\Python312\Lib\logging\__init__.py", line 1163, in emit
    stream.write(msg + self.terminator)
  File "C:\Users\banzo\AppData\Local\Programs\Python\Python312\Lib\encodings\cp1252.py", line 19, in encode
    return codecs.charmap_encode(input,self.errors,encoding_table)[0]
           ^^^^^^^^^^^^^^^^^^^^^^^^^^^^^^^^^^^^^^^^^^^^^^^^^^^^^^^
UnicodeEncodeError: 'charmap' codec can't encode characters in position 36-37: character maps to <undefined>
Call stack:
  File "E:\prog fold\Drunken cookies\real-time-inventory\vm_inventory_updater_fixed.py", line 2606, in <module>
    success = main()
  File "E:\prog fold\Drunken cookies\real-time-inventory\vm_inventory_updater_fixed.py", line 162, in main
    sales_data = fetch_sales_data(clover_creds, shopify_creds, target_date)
  File "E:\prog fold\Drunken cookies\real-time-inventory\vm_inventory_updater_fixed.py", line 537, in fetch_sales_data
    location_sales = fetch_clover_sales(creds, target_date)
  File "E:\prog fold\Drunken cookies\real-time-inventory\vm_inventory_updater_fixed.py", line 905, in 
fetch_clover_sales
    logging.warning(f"ΓÜá∩╕Å     UTC time: {order_info['order_time_utc']}")
Message: 'ΓÜá∩╕Å     UTC time: 2026-02-15 20:14:53 UTC'
Arguments: ()
--- Logging error ---
Traceback (most recent call last):
  File "C:\Users\banzo\AppData\Local\Programs\Python\Python312\Lib\logging\__init__.py", line 1163, in emit
    stream.write(msg + self.terminator)
  File "C:\Users\banzo\AppData\Local\Programs\Python\Python312\Lib\encodings\cp1252.py", line 19, in encode
    return codecs.charmap_encode(input,self.errors,encoding_table)[0]
           ^^^^^^^^^^^^^^^^^^^^^^^^^^^^^^^^^^^^^^^^^^^^^^^^^^^^^^^
UnicodeEncodeError: 'charmap' codec can't encode characters in position 36-37: character maps to <undefined>
2026-02-16 20:52:18,732 - WARNING - ΓÜá∩╕Å   Order 12SVBV9T43CCJ:
2026-02-16 20:52:18,739 - WARNING - ΓÜá∩╕Å     UTC time: 2026-02-15 19:47:03 UTC
2026-02-16 20:52:18,739 - WARNING - ΓÜá∩╕Å     PR time: 2026-02-15 15:47:03 AST
Call stack:
  File "E:\prog fold\Drunken cookies\real-time-inventory\vm_inventory_updater_fixed.py", line 2606, in <module>
    success = main()
  File "E:\prog fold\Drunken cookies\real-time-inventory\vm_inventory_updater_fixed.py", line 162, in main
    sales_data = fetch_sales_data(clover_creds, shopify_creds, target_date)
  File "E:\prog fold\Drunken cookies\real-time-inventory\vm_inventory_updater_fixed.py", line 537, in fetch_sales_data
    location_sales = fetch_clover_sales(creds, target_date)
  File "E:\prog fold\Drunken cookies\real-time-inventory\vm_inventory_updater_fixed.py", line 906, in 
fetch_clover_sales
    logging.warning(f"ΓÜá∩╕Å     PR time: {order_info['order_time_pr']}")
Message: 'ΓÜá∩╕Å     PR time: 2026-02-15 16:14:53 AST'
Arguments: ()
--- Logging error ---
Traceback (most recent call last):
  File "C:\Users\banzo\AppData\Local\Programs\Python\Python312\Lib\logging\__init__.py", line 1163, in emit
    stream.write(msg + self.terminator)
  File "C:\Users\banzo\AppData\Local\Programs\Python\Python312\Lib\encodings\cp1252.py", line 19, in encode
    return codecs.charmap_encode(input,self.errors,encoding_table)[0]
           ^^^^^^^^^^^^^^^^^^^^^^^^^^^^^^^^^^^^^^^^^^^^^^^^^^^^^^^
UnicodeEncodeError: 'charmap' codec can't encode characters in position 36-37: character maps to <undefined>
Call stack:
  File "E:\prog fold\Drunken cookies\real-time-inventory\vm_inventory_updater_fixed.py", line 2606, in <module>
    success = main()
  File "E:\prog fold\Drunken cookies\real-time-inventory\vm_inventory_updater_fixed.py", line 162, in main
    sales_data = fetch_sales_data(clover_creds, shopify_creds, target_date)
  File "E:\prog fold\Drunken cookies\real-time-inventory\vm_inventory_updater_fixed.py", line 537, in fetch_sales_data
    location_sales = fetch_clover_sales(creds, target_date)
  File "E:\prog fold\Drunken cookies\real-time-inventory\vm_inventory_updater_fixed.py", line 907, in 
fetch_clover_sales
    logging.warning(f"ΓÜá∩╕Å     PR date: {order_info['order_date_pr']} (target: {order_info['target_date']})")
Message: 'ΓÜá∩╕Å     PR date: 2026-02-15 (target: 2026-01-17)'
Arguments: ()
--- Logging error ---
Traceback (most recent call last):
  File "C:\Users\banzo\AppData\Local\Programs\Python\Python312\Lib\logging\__init__.py", line 1163, in emit
    stream.write(msg + self.terminator)
  File "C:\Users\banzo\AppData\Local\Programs\Python\Python312\Lib\encodings\cp1252.py", line 19, in encode
    return codecs.charmap_encode(input,self.errors,encoding_table)[0]
           ^^^^^^^^^^^^^^^^^^^^^^^^^^^^^^^^^^^^^^^^^^^^^^^^^^^^^^^
UnicodeEncodeError: 'charmap' codec can't encode characters in position 36-37: character maps to <undefined>
Call stack:
  File "E:\prog fold\Drunken cookies\real-time-inventory\vm_inventory_updater_fixed.py", line 2606, in <module>
    success = main()
  File "E:\prog fold\Drunken cookies\real-time-inventory\vm_inventory_updater_fixed.py", line 162, in main
    sales_data = fetch_sales_data(clover_creds, shopify_creds, target_date)
  File "E:\prog fold\Drunken cookies\real-time-inventory\vm_inventory_updater_fixed.py", line 537, in fetch_sales_data
    location_sales = fetch_clover_sales(creds, target_date)
  File "E:\prog fold\Drunken cookies\real-time-inventory\vm_inventory_updater_fixed.py", line 904, in 
fetch_clover_sales
2026-02-16 20:52:18,740 - WARNING - ΓÜá∩╕Å     PR date: 2026-02-15 (target: 2026-01-17)
2026-02-16 20:52:18,746 - WARNING - ΓÜá∩╕Å   Order 7CW86SPPKAVGR:
2026-02-16 20:52:18,746 - WARNING - ΓÜá∩╕Å     UTC time: 2026-02-15 17:32:44 UTC
    logging.warning(f"ΓÜá∩╕Å   Order {order_info['order_id']}:")
Message: 'ΓÜá∩╕Å   Order 12SVBV9T43CCJ:'
Arguments: ()
--- Logging error ---
Traceback (most recent call last):
  File "C:\Users\banzo\AppData\Local\Programs\Python\Python312\Lib\logging\__init__.py", line 1163, in emit
    stream.write(msg + self.terminator)
  File "C:\Users\banzo\AppData\Local\Programs\Python\Python312\Lib\encodings\cp1252.py", line 19, in encode
    return codecs.charmap_encode(input,self.errors,encoding_table)[0]
           ^^^^^^^^^^^^^^^^^^^^^^^^^^^^^^^^^^^^^^^^^^^^^^^^^^^^^^^
UnicodeEncodeError: 'charmap' codec can't encode characters in position 36-37: character maps to <undefined>
Call stack:
  File "E:\prog fold\Drunken cookies\real-time-inventory\vm_inventory_updater_fixed.py", line 2606, in <module>
    success = main()
  File "E:\prog fold\Drunken cookies\real-time-inventory\vm_inventory_updater_fixed.py", line 162, in main
    sales_data = fetch_sales_data(clover_creds, shopify_creds, target_date)
  File "E:\prog fold\Drunken cookies\real-time-inventory\vm_inventory_updater_fixed.py", line 537, in fetch_sales_data
    location_sales = fetch_clover_sales(creds, target_date)
  File "E:\prog fold\Drunken cookies\real-time-inventory\vm_inventory_updater_fixed.py", line 905, in 
fetch_clover_sales
    logging.warning(f"ΓÜá∩╕Å     UTC time: {order_info['order_time_utc']}")
Message: 'ΓÜá∩╕Å     UTC time: 2026-02-15 19:47:03 UTC'
Arguments: ()
--- Logging error ---
Traceback (most recent call last):
  File "C:\Users\banzo\AppData\Local\Programs\Python\Python312\Lib\logging\__init__.py", line 1163, in emit
    stream.write(msg + self.terminator)
  File "C:\Users\banzo\AppData\Local\Programs\Python\Python312\Lib\encodings\cp1252.py", line 19, in encode
    return codecs.charmap_encode(input,self.errors,encoding_table)[0]
           ^^^^^^^^^^^^^^^^^^^^^^^^^^^^^^^^^^^^^^^^^^^^^^^^^^^^^^^
UnicodeEncodeError: 'charmap' codec can't encode characters in position 36-37: character maps to <undefined>
Call stack:
  File "E:\prog fold\Drunken cookies\real-time-inventory\vm_inventory_updater_fixed.py", line 2606, in <module>
    success = main()
  File "E:\prog fold\Drunken cookies\real-time-inventory\vm_inventory_updater_fixed.py", line 162, in main
    sales_data = fetch_sales_data(clover_creds, shopify_creds, target_date)
  File "E:\prog fold\Drunken cookies\real-time-inventory\vm_inventory_updater_fixed.py", line 537, in fetch_sales_data
    location_sales = fetch_clover_sales(creds, target_date)
  File "E:\prog fold\Drunken cookies\real-time-inventory\vm_inventory_updater_fixed.py", line 906, in 
fetch_clover_sales
    logging.warning(f"ΓÜá∩╕Å     PR time: {order_info['order_time_pr']}")
Message: 'ΓÜá∩╕Å     PR time: 2026-02-15 15:47:03 AST'
Arguments: ()
--- Logging error ---
Traceback (most recent call last):
  File "C:\Users\banzo\AppData\Local\Programs\Python\Python312\Lib\logging\__init__.py", line 1163, in emit
    stream.write(msg + self.terminator)
  File "C:\Users\banzo\AppData\Local\Programs\Python\Python312\Lib\encodings\cp1252.py", line 19, in encode
    return codecs.charmap_encode(input,self.errors,encoding_table)[0]
           ^^^^^^^^^^^^^^^^^^^^^^^^^^^^^^^^^^^^^^^^^^^^^^^^^^^^^^^
UnicodeEncodeError: 'charmap' codec can't encode characters in position 36-37: character maps to <undefined>
Call stack:
  File "E:\prog fold\Drunken cookies\real-time-inventory\vm_inventory_updater_fixed.py", line 2606, in <module>
    success = main()
  File "E:\prog fold\Drunken cookies\real-time-inventory\vm_inventory_updater_fixed.py", line 162, in main
    sales_data = fetch_sales_data(clover_creds, shopify_creds, target_date)
  File "E:\prog fold\Drunken cookies\real-time-inventory\vm_inventory_updater_fixed.py", line 537, in fetch_sales_data
    location_sales = fetch_clover_sales(creds, target_date)
  File "E:\prog fold\Drunken cookies\real-time-inventory\vm_inventory_updater_fixed.py", line 907, in 
fetch_clover_sales
    logging.warning(f"ΓÜá∩╕Å     PR date: {order_info['order_date_pr']} (target: {order_info['target_date']})")
Message: 'ΓÜá∩╕Å     PR date: 2026-02-15 (target: 2026-01-17)'
Arguments: ()
--- Logging error ---
Traceback (most recent call last):
  File "C:\Users\banzo\AppData\Local\Programs\Python\Python312\Lib\logging\__init__.py", line 1163, in emit
    stream.write(msg + self.terminator)
  File "C:\Users\banzo\AppData\Local\Programs\Python\Python312\Lib\encodings\cp1252.py", line 19, in encode
    return codecs.charmap_encode(input,self.errors,encoding_table)[0]
           ^^^^^^^^^^^^^^^^^^^^^^^^^^^^^^^^^^^^^^^^^^^^^^^^^^^^^^^
2026-02-16 20:52:18,747 - WARNING - ΓÜá∩╕Å     PR time: 2026-02-15 13:32:44 AST
2026-02-16 20:52:18,754 - WARNING - ΓÜá∩╕Å     PR date: 2026-02-15 (target: 2026-01-17)
2026-02-16 20:52:18,754 - WARNING - ΓÜá∩╕Å   Order H0VBFZKFZ7VBG:
UnicodeEncodeError: 'charmap' codec can't encode characters in position 36-37: character maps to <undefined>
Call stack:
  File "E:\prog fold\Drunken cookies\real-time-inventory\vm_inventory_updater_fixed.py", line 2606, in <module>
    success = main()
  File "E:\prog fold\Drunken cookies\real-time-inventory\vm_inventory_updater_fixed.py", line 162, in main
    sales_data = fetch_sales_data(clover_creds, shopify_creds, target_date)
  File "E:\prog fold\Drunken cookies\real-time-inventory\vm_inventory_updater_fixed.py", line 537, in fetch_sales_data
    location_sales = fetch_clover_sales(creds, target_date)
  File "E:\prog fold\Drunken cookies\real-time-inventory\vm_inventory_updater_fixed.py", line 904, in 
fetch_clover_sales
    logging.warning(f"ΓÜá∩╕Å   Order {order_info['order_id']}:")
Message: 'ΓÜá∩╕Å   Order 7CW86SPPKAVGR:'
Arguments: ()
--- Logging error ---
Traceback (most recent call last):
  File "C:\Users\banzo\AppData\Local\Programs\Python\Python312\Lib\logging\__init__.py", line 1163, in emit
    stream.write(msg + self.terminator)
  File "C:\Users\banzo\AppData\Local\Programs\Python\Python312\Lib\encodings\cp1252.py", line 19, in encode
    return codecs.charmap_encode(input,self.errors,encoding_table)[0]
           ^^^^^^^^^^^^^^^^^^^^^^^^^^^^^^^^^^^^^^^^^^^^^^^^^^^^^^^
UnicodeEncodeError: 'charmap' codec can't encode characters in position 36-37: character maps to <undefined>
Call stack:
  File "E:\prog fold\Drunken cookies\real-time-inventory\vm_inventory_updater_fixed.py", line 2606, in <module>
    success = main()
  File "E:\prog fold\Drunken cookies\real-time-inventory\vm_inventory_updater_fixed.py", line 162, in main
    sales_data = fetch_sales_data(clover_creds, shopify_creds, target_date)
  File "E:\prog fold\Drunken cookies\real-time-inventory\vm_inventory_updater_fixed.py", line 537, in fetch_sales_data
    location_sales = fetch_clover_sales(creds, target_date)
  File "E:\prog fold\Drunken cookies\real-time-inventory\vm_inventory_updater_fixed.py", line 905, in 
fetch_clover_sales
    logging.warning(f"ΓÜá∩╕Å     UTC time: {order_info['order_time_utc']}")
Message: 'ΓÜá∩╕Å     UTC time: 2026-02-15 17:32:44 UTC'
Arguments: ()
--- Logging error ---
Traceback (most recent call last):
  File "C:\Users\banzo\AppData\Local\Programs\Python\Python312\Lib\logging\__init__.py", line 1163, in emit
    stream.write(msg + self.terminator)
  File "C:\Users\banzo\AppData\Local\Programs\Python\Python312\Lib\encodings\cp1252.py", line 19, in encode
    return codecs.charmap_encode(input,self.errors,encoding_table)[0]
           ^^^^^^^^^^^^^^^^^^^^^^^^^^^^^^^^^^^^^^^^^^^^^^^^^^^^^^^
UnicodeEncodeError: 'charmap' codec can't encode characters in position 36-37: character maps to <undefined>
Call stack:
  File "E:\prog fold\Drunken cookies\real-time-inventory\vm_inventory_updater_fixed.py", line 2606, in <module>
    success = main()
  File "E:\prog fold\Drunken cookies\real-time-inventory\vm_inventory_updater_fixed.py", line 162, in main
    sales_data = fetch_sales_data(clover_creds, shopify_creds, target_date)
  File "E:\prog fold\Drunken cookies\real-time-inventory\vm_inventory_updater_fixed.py", line 537, in fetch_sales_data
    location_sales = fetch_clover_sales(creds, target_date)
  File "E:\prog fold\Drunken cookies\real-time-inventory\vm_inventory_updater_fixed.py", line 906, in 
fetch_clover_sales
    logging.warning(f"ΓÜá∩╕Å     PR time: {order_info['order_time_pr']}")
Message: 'ΓÜá∩╕Å     PR time: 2026-02-15 13:32:44 AST'
Arguments: ()
--- Logging error ---
Traceback (most recent call last):
  File "C:\Users\banzo\AppData\Local\Programs\Python\Python312\Lib\logging\__init__.py", line 1163, in emit
    stream.write(msg + self.terminator)
  File "C:\Users\banzo\AppData\Local\Programs\Python\Python312\Lib\encodings\cp1252.py", line 19, in encode
    return codecs.charmap_encode(input,self.errors,encoding_table)[0]
           ^^^^^^^^^^^^^^^^^^^^^^^^^^^^^^^^^^^^^^^^^^^^^^^^^^^^^^^
UnicodeEncodeError: 'charmap' codec can't encode characters in position 36-37: character maps to <undefined>
Call stack:
  File "E:\prog fold\Drunken cookies\real-time-inventory\vm_inventory_updater_fixed.py", line 2606, in <module>
    success = main()
  File "E:\prog fold\Drunken cookies\real-time-inventory\vm_inventory_updater_fixed.py", line 162, in main
    sales_data = fetch_sales_data(clover_creds, shopify_creds, target_date)
  File "E:\prog fold\Drunken cookies\real-time-inventory\vm_inventory_updater_fixed.py", line 537, in fetch_sales_data
    location_sales = fetch_clover_sales(creds, target_date)
  File "E:\prog fold\Drunken cookies\real-time-inventory\vm_inventory_updater_fixed.py", line 907, in 
fetch_clover_sales
    logging.warning(f"ΓÜá∩╕Å     PR date: {order_info['order_date_pr']} (target: {order_info['target_date']})")
Message: 'ΓÜá∩╕Å     PR date: 2026-02-15 (target: 2026-01-17)'
Arguments: ()
--- Logging error ---
Traceback (most recent call last):
  File "C:\Users\banzo\AppData\Local\Programs\Python\Python312\Lib\logging\__init__.py", line 1163, in emit
    stream.write(msg + self.terminator)
  File "C:\Users\banzo\AppData\Local\Programs\Python\Python312\Lib\encodings\cp1252.py", line 19, in encode
    return codecs.charmap_encode(input,self.errors,encoding_table)[0]
           ^^^^^^^^^^^^^^^^^^^^^^^^^^^^^^^^^^^^^^^^^^^^^^^^^^^^^^^
UnicodeEncodeError: 'charmap' codec can't encode characters in position 36-37: character maps to <undefined>
Call stack:
  File "E:\prog fold\Drunken cookies\real-time-inventory\vm_inventory_updater_fixed.py", line 2606, in <module>
    success = main()
2026-02-16 20:52:18,755 - WARNING - ΓÜá∩╕Å     UTC time: 2026-02-15 17:25:49 UTC
2026-02-16 20:52:18,763 - WARNING - ΓÜá∩╕Å     PR time: 2026-02-15 13:25:49 AST
2026-02-16 20:52:18,763 - WARNING - ΓÜá∩╕Å     PR date: 2026-02-15 (target: 2026-01-17)
  File "E:\prog fold\Drunken cookies\real-time-inventory\vm_inventory_updater_fixed.py", line 162, in main
    sales_data = fetch_sales_data(clover_creds, shopify_creds, target_date)
  File "E:\prog fold\Drunken cookies\real-time-inventory\vm_inventory_updater_fixed.py", line 537, in fetch_sales_data
    location_sales = fetch_clover_sales(creds, target_date)
  File "E:\prog fold\Drunken cookies\real-time-inventory\vm_inventory_updater_fixed.py", line 904, in 
fetch_clover_sales
    logging.warning(f"ΓÜá∩╕Å   Order {order_info['order_id']}:")
Message: 'ΓÜá∩╕Å   Order H0VBFZKFZ7VBG:'
Arguments: ()
--- Logging error ---
Traceback (most recent call last):
  File "C:\Users\banzo\AppData\Local\Programs\Python\Python312\Lib\logging\__init__.py", line 1163, in emit
    stream.write(msg + self.terminator)
  File "C:\Users\banzo\AppData\Local\Programs\Python\Python312\Lib\encodings\cp1252.py", line 19, in encode
    return codecs.charmap_encode(input,self.errors,encoding_table)[0]
           ^^^^^^^^^^^^^^^^^^^^^^^^^^^^^^^^^^^^^^^^^^^^^^^^^^^^^^^
UnicodeEncodeError: 'charmap' codec can't encode characters in position 36-37: character maps to <undefined>
Call stack:
  File "E:\prog fold\Drunken cookies\real-time-inventory\vm_inventory_updater_fixed.py", line 2606, in <module>
    success = main()
  File "E:\prog fold\Drunken cookies\real-time-inventory\vm_inventory_updater_fixed.py", line 162, in main
    sales_data = fetch_sales_data(clover_creds, shopify_creds, target_date)
  File "E:\prog fold\Drunken cookies\real-time-inventory\vm_inventory_updater_fixed.py", line 537, in fetch_sales_data
    location_sales = fetch_clover_sales(creds, target_date)
  File "E:\prog fold\Drunken cookies\real-time-inventory\vm_inventory_updater_fixed.py", line 905, in 
fetch_clover_sales
    logging.warning(f"ΓÜá∩╕Å     UTC time: {order_info['order_time_utc']}")
Message: 'ΓÜá∩╕Å     UTC time: 2026-02-15 17:25:49 UTC'
Arguments: ()
--- Logging error ---
Traceback (most recent call last):
  File "C:\Users\banzo\AppData\Local\Programs\Python\Python312\Lib\logging\__init__.py", line 1163, in emit
    stream.write(msg + self.terminator)
  File "C:\Users\banzo\AppData\Local\Programs\Python\Python312\Lib\encodings\cp1252.py", line 19, in encode
    return codecs.charmap_encode(input,self.errors,encoding_table)[0]
           ^^^^^^^^^^^^^^^^^^^^^^^^^^^^^^^^^^^^^^^^^^^^^^^^^^^^^^^
UnicodeEncodeError: 'charmap' codec can't encode characters in position 36-37: character maps to <undefined>
Call stack:
  File "E:\prog fold\Drunken cookies\real-time-inventory\vm_inventory_updater_fixed.py", line 2606, in <module>
    success = main()
  File "E:\prog fold\Drunken cookies\real-time-inventory\vm_inventory_updater_fixed.py", line 162, in main
    sales_data = fetch_sales_data(clover_creds, shopify_creds, target_date)
  File "E:\prog fold\Drunken cookies\real-time-inventory\vm_inventory_updater_fixed.py", line 537, in fetch_sales_data
    location_sales = fetch_clover_sales(creds, target_date)
  File "E:\prog fold\Drunken cookies\real-time-inventory\vm_inventory_updater_fixed.py", line 906, in 
fetch_clover_sales
    logging.warning(f"ΓÜá∩╕Å     PR time: {order_info['order_time_pr']}")
Message: 'ΓÜá∩╕Å     PR time: 2026-02-15 13:25:49 AST'
Arguments: ()
--- Logging error ---
Traceback (most recent call last):
  File "C:\Users\banzo\AppData\Local\Programs\Python\Python312\Lib\logging\__init__.py", line 1163, in emit
    stream.write(msg + self.terminator)
  File "C:\Users\banzo\AppData\Local\Programs\Python\Python312\Lib\encodings\cp1252.py", line 19, in encode
    return codecs.charmap_encode(input,self.errors,encoding_table)[0]
           ^^^^^^^^^^^^^^^^^^^^^^^^^^^^^^^^^^^^^^^^^^^^^^^^^^^^^^^
UnicodeEncodeError: 'charmap' codec can't encode characters in position 36-37: character maps to <undefined>
Call stack:
  File "E:\prog fold\Drunken cookies\real-time-inventory\vm_inventory_updater_fixed.py", line 2606, in <module>
    success = main()
  File "E:\prog fold\Drunken cookies\real-time-inventory\vm_inventory_updater_fixed.py", line 162, in main
    sales_data = fetch_sales_data(clover_creds, shopify_creds, target_date)
  File "E:\prog fold\Drunken cookies\real-time-inventory\vm_inventory_updater_fixed.py", line 537, in fetch_sales_data
    location_sales = fetch_clover_sales(creds, target_date)
  File "E:\prog fold\Drunken cookies\real-time-inventory\vm_inventory_updater_fixed.py", line 907, in 
fetch_clover_sales
    logging.warning(f"ΓÜá∩╕Å     PR date: {order_info['order_date_pr']} (target: {order_info['target_date']})")
Message: 'ΓÜá∩╕Å     PR date: 2026-02-15 (target: 2026-01-17)'
Arguments: ()
2026-02-16 20:52:18,764 - WARNING - ΓÜá∩╕Å   Order GRY2XQ7G7TXP4:
2026-02-16 20:52:18,770 - WARNING - ΓÜá∩╕Å     UTC time: 2026-02-14 19:02:01 UTC
2026-02-16 20:52:18,771 - WARNING - ΓÜá∩╕Å     PR time: 2026-02-14 15:02:01 AST
--- Logging error ---
Traceback (most recent call last):
  File "C:\Users\banzo\AppData\Local\Programs\Python\Python312\Lib\logging\__init__.py", line 1163, in emit
    stream.write(msg + self.terminator)
  File "C:\Users\banzo\AppData\Local\Programs\Python\Python312\Lib\encodings\cp1252.py", line 19, in encode
    return codecs.charmap_encode(input,self.errors,encoding_table)[0]
           ^^^^^^^^^^^^^^^^^^^^^^^^^^^^^^^^^^^^^^^^^^^^^^^^^^^^^^^
UnicodeEncodeError: 'charmap' codec can't encode characters in position 36-37: character maps to <undefined>
Call stack:
  File "E:\prog fold\Drunken cookies\real-time-inventory\vm_inventory_updater_fixed.py", line 2606, in <module>
    success = main()
  File "E:\prog fold\Drunken cookies\real-time-inventory\vm_inventory_updater_fixed.py", line 162, in main
    sales_data = fetch_sales_data(clover_creds, shopify_creds, target_date)
  File "E:\prog fold\Drunken cookies\real-time-inventory\vm_inventory_updater_fixed.py", line 537, in fetch_sales_data
    location_sales = fetch_clover_sales(creds, target_date)
  File "E:\prog fold\Drunken cookies\real-time-inventory\vm_inventory_updater_fixed.py", line 904, in 
fetch_clover_sales
    logging.warning(f"ΓÜá∩╕Å   Order {order_info['order_id']}:")
Message: 'ΓÜá∩╕Å   Order GRY2XQ7G7TXP4:'
Arguments: ()
--- Logging error ---
Traceback (most recent call last):
  File "C:\Users\banzo\AppData\Local\Programs\Python\Python312\Lib\logging\__init__.py", line 1163, in emit
    stream.write(msg + self.terminator)
  File "C:\Users\banzo\AppData\Local\Programs\Python\Python312\Lib\encodings\cp1252.py", line 19, in encode
2026-02-16 20:52:18,772 - WARNING - ΓÜá∩╕Å     PR date: 2026-02-14 (target: 2026-01-17)
2026-02-16 20:52:18,779 - WARNING - ΓÜá∩╕Å   Order P33GP0N4GZGNY:
2026-02-16 20:52:18,780 - WARNING - ΓÜá∩╕Å     UTC time: 2026-02-14 18:23:38 UTC
    return codecs.charmap_encode(input,self.errors,encoding_table)[0]
           ^^^^^^^^^^^^^^^^^^^^^^^^^^^^^^^^^^^^^^^^^^^^^^^^^^^^^^^
UnicodeEncodeError: 'charmap' codec can't encode characters in position 36-37: character maps to <undefined>
Call stack:
  File "E:\prog fold\Drunken cookies\real-time-inventory\vm_inventory_updater_fixed.py", line 2606, in <module>
    success = main()
  File "E:\prog fold\Drunken cookies\real-time-inventory\vm_inventory_updater_fixed.py", line 162, in main
    sales_data = fetch_sales_data(clover_creds, shopify_creds, target_date)
  File "E:\prog fold\Drunken cookies\real-time-inventory\vm_inventory_updater_fixed.py", line 537, in fetch_sales_data
    location_sales = fetch_clover_sales(creds, target_date)
  File "E:\prog fold\Drunken cookies\real-time-inventory\vm_inventory_updater_fixed.py", line 905, in 
fetch_clover_sales
    logging.warning(f"ΓÜá∩╕Å     UTC time: {order_info['order_time_utc']}")
Message: 'ΓÜá∩╕Å     UTC time: 2026-02-14 19:02:01 UTC'
Arguments: ()
--- Logging error ---
Traceback (most recent call last):
  File "C:\Users\banzo\AppData\Local\Programs\Python\Python312\Lib\logging\__init__.py", line 1163, in emit
    stream.write(msg + self.terminator)
  File "C:\Users\banzo\AppData\Local\Programs\Python\Python312\Lib\encodings\cp1252.py", line 19, in encode
    return codecs.charmap_encode(input,self.errors,encoding_table)[0]
           ^^^^^^^^^^^^^^^^^^^^^^^^^^^^^^^^^^^^^^^^^^^^^^^^^^^^^^^
UnicodeEncodeError: 'charmap' codec can't encode characters in position 36-37: character maps to <undefined>
Call stack:
  File "E:\prog fold\Drunken cookies\real-time-inventory\vm_inventory_updater_fixed.py", line 2606, in <module>
    success = main()
  File "E:\prog fold\Drunken cookies\real-time-inventory\vm_inventory_updater_fixed.py", line 162, in main
    sales_data = fetch_sales_data(clover_creds, shopify_creds, target_date)
  File "E:\prog fold\Drunken cookies\real-time-inventory\vm_inventory_updater_fixed.py", line 537, in fetch_sales_data
    location_sales = fetch_clover_sales(creds, target_date)
  File "E:\prog fold\Drunken cookies\real-time-inventory\vm_inventory_updater_fixed.py", line 906, in 
fetch_clover_sales
    logging.warning(f"ΓÜá∩╕Å     PR time: {order_info['order_time_pr']}")
Message: 'ΓÜá∩╕Å     PR time: 2026-02-14 15:02:01 AST'
Arguments: ()
--- Logging error ---
Traceback (most recent call last):
  File "C:\Users\banzo\AppData\Local\Programs\Python\Python312\Lib\logging\__init__.py", line 1163, in emit
    stream.write(msg + self.terminator)
  File "C:\Users\banzo\AppData\Local\Programs\Python\Python312\Lib\encodings\cp1252.py", line 19, in encode
    return codecs.charmap_encode(input,self.errors,encoding_table)[0]
           ^^^^^^^^^^^^^^^^^^^^^^^^^^^^^^^^^^^^^^^^^^^^^^^^^^^^^^^
UnicodeEncodeError: 'charmap' codec can't encode characters in position 36-37: character maps to <undefined>
Call stack:
  File "E:\prog fold\Drunken cookies\real-time-inventory\vm_inventory_updater_fixed.py", line 2606, in <module>
    success = main()
  File "E:\prog fold\Drunken cookies\real-time-inventory\vm_inventory_updater_fixed.py", line 162, in main
    sales_data = fetch_sales_data(clover_creds, shopify_creds, target_date)
  File "E:\prog fold\Drunken cookies\real-time-inventory\vm_inventory_updater_fixed.py", line 537, in fetch_sales_data
    location_sales = fetch_clover_sales(creds, target_date)
  File "E:\prog fold\Drunken cookies\real-time-inventory\vm_inventory_updater_fixed.py", line 907, in 
fetch_clover_sales
    logging.warning(f"ΓÜá∩╕Å     PR date: {order_info['order_date_pr']} (target: {order_info['target_date']})")
Message: 'ΓÜá∩╕Å     PR date: 2026-02-14 (target: 2026-01-17)'
Arguments: ()
--- Logging error ---
Traceback (most recent call last):
  File "C:\Users\banzo\AppData\Local\Programs\Python\Python312\Lib\logging\__init__.py", line 1163, in emit
    stream.write(msg + self.terminator)
  File "C:\Users\banzo\AppData\Local\Programs\Python\Python312\Lib\encodings\cp1252.py", line 19, in encode
    return codecs.charmap_encode(input,self.errors,encoding_table)[0]
           ^^^^^^^^^^^^^^^^^^^^^^^^^^^^^^^^^^^^^^^^^^^^^^^^^^^^^^^
UnicodeEncodeError: 'charmap' codec can't encode characters in position 36-37: character maps to <undefined>
Call stack:
  File "E:\prog fold\Drunken cookies\real-time-inventory\vm_inventory_updater_fixed.py", line 2606, in <module>
    success = main()
  File "E:\prog fold\Drunken cookies\real-time-inventory\vm_inventory_updater_fixed.py", line 162, in main
    sales_data = fetch_sales_data(clover_creds, shopify_creds, target_date)
  File "E:\prog fold\Drunken cookies\real-time-inventory\vm_inventory_updater_fixed.py", line 537, in fetch_sales_data
    location_sales = fetch_clover_sales(creds, target_date)
  File "E:\prog fold\Drunken cookies\real-time-inventory\vm_inventory_updater_fixed.py", line 904, in 
fetch_clover_sales
    logging.warning(f"ΓÜá∩╕Å   Order {order_info['order_id']}:")
Message: 'ΓÜá∩╕Å   Order P33GP0N4GZGNY:'
Arguments: ()
--- Logging error ---
Traceback (most recent call last):
  File "C:\Users\banzo\AppData\Local\Programs\Python\Python312\Lib\logging\__init__.py", line 1163, in emit
    stream.write(msg + self.terminator)
  File "C:\Users\banzo\AppData\Local\Programs\Python\Python312\Lib\encodings\cp1252.py", line 19, in encode
    return codecs.charmap_encode(input,self.errors,encoding_table)[0]
2026-02-16 20:52:18,780 - WARNING - ΓÜá∩╕Å     PR time: 2026-02-14 14:23:38 AST
2026-02-16 20:52:18,786 - WARNING - ΓÜá∩╕Å     PR date: 2026-02-14 (target: 2026-01-17)
2026-02-16 20:52:18,787 - WARNING - ΓÜá∩╕Å   Order 1WJ1NBSBJ69QT:
           ^^^^^^^^^^^^^^^^^^^^^^^^^^^^^^^^^^^^^^^^^^^^^^^^^^^^^^^
UnicodeEncodeError: 'charmap' codec can't encode characters in position 36-37: character maps to <undefined>
Call stack:
  File "E:\prog fold\Drunken cookies\real-time-inventory\vm_inventory_updater_fixed.py", line 2606, in <module>
    success = main()
  File "E:\prog fold\Drunken cookies\real-time-inventory\vm_inventory_updater_fixed.py", line 162, in main
    sales_data = fetch_sales_data(clover_creds, shopify_creds, target_date)
  File "E:\prog fold\Drunken cookies\real-time-inventory\vm_inventory_updater_fixed.py", line 537, in fetch_sales_data
    location_sales = fetch_clover_sales(creds, target_date)
  File "E:\prog fold\Drunken cookies\real-time-inventory\vm_inventory_updater_fixed.py", line 905, in 
fetch_clover_sales
    logging.warning(f"ΓÜá∩╕Å     UTC time: {order_info['order_time_utc']}")
Message: 'ΓÜá∩╕Å     UTC time: 2026-02-14 18:23:38 UTC'
Arguments: ()
--- Logging error ---
Traceback (most recent call last):
  File "C:\Users\banzo\AppData\Local\Programs\Python\Python312\Lib\logging\__init__.py", line 1163, in emit
    stream.write(msg + self.terminator)
  File "C:\Users\banzo\AppData\Local\Programs\Python\Python312\Lib\encodings\cp1252.py", line 19, in encode
    return codecs.charmap_encode(input,self.errors,encoding_table)[0]
           ^^^^^^^^^^^^^^^^^^^^^^^^^^^^^^^^^^^^^^^^^^^^^^^^^^^^^^^
UnicodeEncodeError: 'charmap' codec can't encode characters in position 36-37: character maps to <undefined>
Call stack:
  File "E:\prog fold\Drunken cookies\real-time-inventory\vm_inventory_updater_fixed.py", line 2606, in <module>
    success = main()
  File "E:\prog fold\Drunken cookies\real-time-inventory\vm_inventory_updater_fixed.py", line 162, in main
    sales_data = fetch_sales_data(clover_creds, shopify_creds, target_date)
  File "E:\prog fold\Drunken cookies\real-time-inventory\vm_inventory_updater_fixed.py", line 537, in fetch_sales_data
    location_sales = fetch_clover_sales(creds, target_date)
  File "E:\prog fold\Drunken cookies\real-time-inventory\vm_inventory_updater_fixed.py", line 906, in 
fetch_clover_sales
    logging.warning(f"ΓÜá∩╕Å     PR time: {order_info['order_time_pr']}")
Message: 'ΓÜá∩╕Å     PR time: 2026-02-14 14:23:38 AST'
Arguments: ()
--- Logging error ---
Traceback (most recent call last):
  File "C:\Users\banzo\AppData\Local\Programs\Python\Python312\Lib\logging\__init__.py", line 1163, in emit
    stream.write(msg + self.terminator)
  File "C:\Users\banzo\AppData\Local\Programs\Python\Python312\Lib\encodings\cp1252.py", line 19, in encode
    return codecs.charmap_encode(input,self.errors,encoding_table)[0]
           ^^^^^^^^^^^^^^^^^^^^^^^^^^^^^^^^^^^^^^^^^^^^^^^^^^^^^^^
UnicodeEncodeError: 'charmap' codec can't encode characters in position 36-37: character maps to <undefined>
Call stack:
  File "E:\prog fold\Drunken cookies\real-time-inventory\vm_inventory_updater_fixed.py", line 2606, in <module>
    success = main()
  File "E:\prog fold\Drunken cookies\real-time-inventory\vm_inventory_updater_fixed.py", line 162, in main
    sales_data = fetch_sales_data(clover_creds, shopify_creds, target_date)
  File "E:\prog fold\Drunken cookies\real-time-inventory\vm_inventory_updater_fixed.py", line 537, in fetch_sales_data
    location_sales = fetch_clover_sales(creds, target_date)
  File "E:\prog fold\Drunken cookies\real-time-inventory\vm_inventory_updater_fixed.py", line 907, in 
fetch_clover_sales
    logging.warning(f"ΓÜá∩╕Å     PR date: {order_info['order_date_pr']} (target: {order_info['target_date']})")
Message: 'ΓÜá∩╕Å     PR date: 2026-02-14 (target: 2026-01-17)'
Arguments: ()
--- Logging error ---
Traceback (most recent call last):
  File "C:\Users\banzo\AppData\Local\Programs\Python\Python312\Lib\logging\__init__.py", line 1163, in emit
    stream.write(msg + self.terminator)
  File "C:\Users\banzo\AppData\Local\Programs\Python\Python312\Lib\encodings\cp1252.py", line 19, in encode
    return codecs.charmap_encode(input,self.errors,encoding_table)[0]
           ^^^^^^^^^^^^^^^^^^^^^^^^^^^^^^^^^^^^^^^^^^^^^^^^^^^^^^^
UnicodeEncodeError: 'charmap' codec can't encode characters in position 36-37: character maps to <undefined>
Call stack:
  File "E:\prog fold\Drunken cookies\real-time-inventory\vm_inventory_updater_fixed.py", line 2606, in <module>
    success = main()
  File "E:\prog fold\Drunken cookies\real-time-inventory\vm_inventory_updater_fixed.py", line 162, in main
    sales_data = fetch_sales_data(clover_creds, shopify_creds, target_date)
  File "E:\prog fold\Drunken cookies\real-time-inventory\vm_inventory_updater_fixed.py", line 537, in fetch_sales_data
    location_sales = fetch_clover_sales(creds, target_date)
  File "E:\prog fold\Drunken cookies\real-time-inventory\vm_inventory_updater_fixed.py", line 904, in 
fetch_clover_sales
    logging.warning(f"ΓÜá∩╕Å   Order {order_info['order_id']}:")
Message: 'ΓÜá∩╕Å   Order 1WJ1NBSBJ69QT:'
Arguments: ()
--- Logging error ---
Traceback (most recent call last):
  File "C:\Users\banzo\AppData\Local\Programs\Python\Python312\Lib\logging\__init__.py", line 1163, in emit
    stream.write(msg + self.terminator)
  File "C:\Users\banzo\AppData\Local\Programs\Python\Python312\Lib\encodings\cp1252.py", line 19, in encode
    return codecs.charmap_encode(input,self.errors,encoding_table)[0]
           ^^^^^^^^^^^^^^^^^^^^^^^^^^^^^^^^^^^^^^^^^^^^^^^^^^^^^^^
2026-02-16 20:52:18,787 - WARNING - ΓÜá∩╕Å     UTC time: 2026-02-14 18:09:29 UTC
2026-02-16 20:52:18,794 - WARNING - ΓÜá∩╕Å     PR time: 2026-02-14 14:09:29 AST
2026-02-16 20:52:18,795 - WARNING - ΓÜá∩╕Å     PR date: 2026-02-14 (target: 2026-01-17)
2026-02-16 20:52:18,795 - WARNING - ΓÜá∩╕Å   Order Q5HZAHFB05X1E:
2026-02-16 20:52:18,799 - WARNING - ΓÜá∩╕Å     UTC time: 2026-02-14 15:37:55 UTC
UnicodeEncodeError: 'charmap' codec can't encode characters in position 36-37: character maps to <undefined>
Call stack:
  File "E:\prog fold\Drunken cookies\real-time-inventory\vm_inventory_updater_fixed.py", line 2606, in <module>
    success = main()
  File "E:\prog fold\Drunken cookies\real-time-inventory\vm_inventory_updater_fixed.py", line 162, in main
    sales_data = fetch_sales_data(clover_creds, shopify_creds, target_date)
  File "E:\prog fold\Drunken cookies\real-time-inventory\vm_inventory_updater_fixed.py", line 537, in fetch_sales_data
    location_sales = fetch_clover_sales(creds, target_date)
  File "E:\prog fold\Drunken cookies\real-time-inventory\vm_inventory_updater_fixed.py", line 905, in 
fetch_clover_sales
    logging.warning(f"ΓÜá∩╕Å     UTC time: {order_info['order_time_utc']}")
Message: 'ΓÜá∩╕Å     UTC time: 2026-02-14 18:09:29 UTC'
Arguments: ()
2026-02-16 20:52:18,800 - WARNING - ΓÜá∩╕Å     PR time: 2026-02-14 11:37:55 AST
--- Logging error ---
Traceback (most recent call last):
  File "C:\Users\banzo\AppData\Local\Programs\Python\Python312\Lib\logging\__init__.py", line 1163, in emit
    stream.write(msg + self.terminator)
  File "C:\Users\banzo\AppData\Local\Programs\Python\Python312\Lib\encodings\cp1252.py", line 19, in encode
    return codecs.charmap_encode(input,self.errors,encoding_table)[0]
           ^^^^^^^^^^^^^^^^^^^^^^^^^^^^^^^^^^^^^^^^^^^^^^^^^^^^^^^
UnicodeEncodeError: 'charmap' codec can't encode characters in position 36-37: character maps to <undefined>
Call stack:
  File "E:\prog fold\Drunken cookies\real-time-inventory\vm_inventory_updater_fixed.py", line 2606, in <module>
    success = main()
  File "E:\prog fold\Drunken cookies\real-time-inventory\vm_inventory_updater_fixed.py", line 162, in main
    sales_data = fetch_sales_data(clover_creds, shopify_creds, target_date)
  File "E:\prog fold\Drunken cookies\real-time-inventory\vm_inventory_updater_fixed.py", line 537, in fetch_sales_data
    location_sales = fetch_clover_sales(creds, target_date)
  File "E:\prog fold\Drunken cookies\real-time-inventory\vm_inventory_updater_fixed.py", line 906, in 
fetch_clover_sales
    logging.warning(f"ΓÜá∩╕Å     PR time: {order_info['order_time_pr']}")
Message: 'ΓÜá∩╕Å     PR time: 2026-02-14 14:09:29 AST'
Arguments: ()
--- Logging error ---
Traceback (most recent call last):
  File "C:\Users\banzo\AppData\Local\Programs\Python\Python312\Lib\logging\__init__.py", line 1163, in emit
    stream.write(msg + self.terminator)
  File "C:\Users\banzo\AppData\Local\Programs\Python\Python312\Lib\encodings\cp1252.py", line 19, in encode
    return codecs.charmap_encode(input,self.errors,encoding_table)[0]
           ^^^^^^^^^^^^^^^^^^^^^^^^^^^^^^^^^^^^^^^^^^^^^^^^^^^^^^^
UnicodeEncodeError: 'charmap' codec can't encode characters in position 36-37: character maps to <undefined>
Call stack:
  File "E:\prog fold\Drunken cookies\real-time-inventory\vm_inventory_updater_fixed.py", line 2606, in <module>
    success = main()
  File "E:\prog fold\Drunken cookies\real-time-inventory\vm_inventory_updater_fixed.py", line 162, in main
    sales_data = fetch_sales_data(clover_creds, shopify_creds, target_date)
  File "E:\prog fold\Drunken cookies\real-time-inventory\vm_inventory_updater_fixed.py", line 537, in fetch_sales_data
    location_sales = fetch_clover_sales(creds, target_date)
  File "E:\prog fold\Drunken cookies\real-time-inventory\vm_inventory_updater_fixed.py", line 907, in 
fetch_clover_sales
    logging.warning(f"ΓÜá∩╕Å     PR date: {order_info['order_date_pr']} (target: {order_info['target_date']})")
Message: 'ΓÜá∩╕Å     PR date: 2026-02-14 (target: 2026-01-17)'
Arguments: ()
--- Logging error ---
Traceback (most recent call last):
  File "C:\Users\banzo\AppData\Local\Programs\Python\Python312\Lib\logging\__init__.py", line 1163, in emit
    stream.write(msg + self.terminator)
  File "C:\Users\banzo\AppData\Local\Programs\Python\Python312\Lib\encodings\cp1252.py", line 19, in encode
    return codecs.charmap_encode(input,self.errors,encoding_table)[0]
           ^^^^^^^^^^^^^^^^^^^^^^^^^^^^^^^^^^^^^^^^^^^^^^^^^^^^^^^
UnicodeEncodeError: 'charmap' codec can't encode characters in position 36-37: character maps to <undefined>
Call stack:
  File "E:\prog fold\Drunken cookies\real-time-inventory\vm_inventory_updater_fixed.py", line 2606, in <module>
    success = main()
  File "E:\prog fold\Drunken cookies\real-time-inventory\vm_inventory_updater_fixed.py", line 162, in main
    sales_data = fetch_sales_data(clover_creds, shopify_creds, target_date)
  File "E:\prog fold\Drunken cookies\real-time-inventory\vm_inventory_updater_fixed.py", line 537, in fetch_sales_data
    location_sales = fetch_clover_sales(creds, target_date)
  File "E:\prog fold\Drunken cookies\real-time-inventory\vm_inventory_updater_fixed.py", line 904, in 
fetch_clover_sales
    logging.warning(f"ΓÜá∩╕Å   Order {order_info['order_id']}:")
Message: 'ΓÜá∩╕Å   Order Q5HZAHFB05X1E:'
Arguments: ()
--- Logging error ---
Traceback (most recent call last):
  File "C:\Users\banzo\AppData\Local\Programs\Python\Python312\Lib\logging\__init__.py", line 1163, in emit
    stream.write(msg + self.terminator)
  File "C:\Users\banzo\AppData\Local\Programs\Python\Python312\Lib\encodings\cp1252.py", line 19, in encode
    return codecs.charmap_encode(input,self.errors,encoding_table)[0]
           ^^^^^^^^^^^^^^^^^^^^^^^^^^^^^^^^^^^^^^^^^^^^^^^^^^^^^^^
UnicodeEncodeError: 'charmap' codec can't encode characters in position 36-37: character maps to <undefined>
Call stack:
  File "E:\prog fold\Drunken cookies\real-time-inventory\vm_inventory_updater_fixed.py", line 2606, in <module>
    success = main()
  File "E:\prog fold\Drunken cookies\real-time-inventory\vm_inventory_updater_fixed.py", line 162, in main
    sales_data = fetch_sales_data(clover_creds, shopify_creds, target_date)
  File "E:\prog fold\Drunken cookies\real-time-inventory\vm_inventory_updater_fixed.py", line 537, in fetch_sales_data
    location_sales = fetch_clover_sales(creds, target_date)
  File "E:\prog fold\Drunken cookies\real-time-inventory\vm_inventory_updater_fixed.py", line 905, in 
fetch_clover_sales
    logging.warning(f"ΓÜá∩╕Å     UTC time: {order_info['order_time_utc']}")
Message: 'ΓÜá∩╕Å     UTC time: 2026-02-14 15:37:55 UTC'
Arguments: ()
--- Logging error ---
Traceback (most recent call last):
  File "C:\Users\banzo\AppData\Local\Programs\Python\Python312\Lib\logging\__init__.py", line 1163, in emit
    stream.write(msg + self.terminator)
  File "C:\Users\banzo\AppData\Local\Programs\Python\Python312\Lib\encodings\cp1252.py", line 19, in encode
    return codecs.charmap_encode(input,self.errors,encoding_table)[0]
           ^^^^^^^^^^^^^^^^^^^^^^^^^^^^^^^^^^^^^^^^^^^^^^^^^^^^^^^
UnicodeEncodeError: 'charmap' codec can't encode characters in position 36-37: character maps to <undefined>
Call stack:
  File "E:\prog fold\Drunken cookies\real-time-inventory\vm_inventory_updater_fixed.py", line 2606, in <module>
    success = main()
  File "E:\prog fold\Drunken cookies\real-time-inventory\vm_inventory_updater_fixed.py", line 162, in main
    sales_data = fetch_sales_data(clover_creds, shopify_creds, target_date)
  File "E:\prog fold\Drunken cookies\real-time-inventory\vm_inventory_updater_fixed.py", line 537, in fetch_sales_data
    location_sales = fetch_clover_sales(creds, target_date)
  File "E:\prog fold\Drunken cookies\real-time-inventory\vm_inventory_updater_fixed.py", line 906, in 
fetch_clover_sales
    logging.warning(f"ΓÜá∩╕Å     PR time: {order_info['order_time_pr']}")
Message: 'ΓÜá∩╕Å     PR time: 2026-02-14 11:37:55 AST'
Arguments: ()
--- Logging error ---
Traceback (most recent call last):
  File "C:\Users\banzo\AppData\Local\Programs\Python\Python312\Lib\logging\__init__.py", line 1163, in emit
    stream.write(msg + self.terminator)
  File "C:\Users\banzo\AppData\Local\Programs\Python\Python312\Lib\encodings\cp1252.py", line 19, in encode
    return codecs.charmap_encode(input,self.errors,encoding_table)[0]
           ^^^^^^^^^^^^^^^^^^^^^^^^^^^^^^^^^^^^^^^^^^^^^^^^^^^^^^^
UnicodeEncodeError: 'charmap' codec can't encode characters in position 36-37: character maps to <undefined>
2026-02-16 20:52:18,801 - WARNING - ΓÜá∩╕Å     PR date: 2026-02-14 (target: 2026-01-17)
2026-02-16 20:52:18,807 - WARNING - ΓÜá∩╕Å   Order JABJAG13ZR9VG:
2026-02-16 20:52:18,808 - WARNING - ΓÜá∩╕Å     UTC time: 2026-02-14 13:41:10 UTC
2026-02-16 20:52:18,808 - WARNING - ΓÜá∩╕Å     PR time: 2026-02-14 09:41:10 AST
2026-02-16 20:52:18,814 - WARNING - ΓÜá∩╕Å     PR date: 2026-02-14 (target: 2026-01-17)
Call stack:
  File "E:\prog fold\Drunken cookies\real-time-inventory\vm_inventory_updater_fixed.py", line 2606, in <module>
    success = main()
  File "E:\prog fold\Drunken cookies\real-time-inventory\vm_inventory_updater_fixed.py", line 162, in main
    sales_data = fetch_sales_data(clover_creds, shopify_creds, target_date)
  File "E:\prog fold\Drunken cookies\real-time-inventory\vm_inventory_updater_fixed.py", line 537, in fetch_sales_data
    location_sales = fetch_clover_sales(creds, target_date)
  File "E:\prog fold\Drunken cookies\real-time-inventory\vm_inventory_updater_fixed.py", line 907, in 
fetch_clover_sales
    logging.warning(f"ΓÜá∩╕Å     PR date: {order_info['order_date_pr']} (target: {order_info['target_date']})")
Message: 'ΓÜá∩╕Å     PR date: 2026-02-14 (target: 2026-01-17)'
Arguments: ()
--- Logging error ---
Traceback (most recent call last):
  File "C:\Users\banzo\AppData\Local\Programs\Python\Python312\Lib\logging\__init__.py", line 1163, in emit
    stream.write(msg + self.terminator)
  File "C:\Users\banzo\AppData\Local\Programs\Python\Python312\Lib\encodings\cp1252.py", line 19, in encode
    return codecs.charmap_encode(input,self.errors,encoding_table)[0]
           ^^^^^^^^^^^^^^^^^^^^^^^^^^^^^^^^^^^^^^^^^^^^^^^^^^^^^^^
UnicodeEncodeError: 'charmap' codec can't encode characters in position 36-37: character maps to <undefined>
Call stack:
  File "E:\prog fold\Drunken cookies\real-time-inventory\vm_inventory_updater_fixed.py", line 2606, in <module>
    success = main()
  File "E:\prog fold\Drunken cookies\real-time-inventory\vm_inventory_updater_fixed.py", line 162, in main
    sales_data = fetch_sales_data(clover_creds, shopify_creds, target_date)
  File "E:\prog fold\Drunken cookies\real-time-inventory\vm_inventory_updater_fixed.py", line 537, in fetch_sales_data
2026-02-16 20:52:18,815 - WARNING - ΓÜá∩╕Å   Order QNAHS46QT558A:
    location_sales = fetch_clover_sales(creds, target_date)
  File "E:\prog fold\Drunken cookies\real-time-inventory\vm_inventory_updater_fixed.py", line 904, in 
fetch_clover_sales
    logging.warning(f"ΓÜá∩╕Å   Order {order_info['order_id']}:")
Message: 'ΓÜá∩╕Å   Order JABJAG13ZR9VG:'
Arguments: ()
--- Logging error ---
Traceback (most recent call last):
  File "C:\Users\banzo\AppData\Local\Programs\Python\Python312\Lib\logging\__init__.py", line 1163, in emit
    stream.write(msg + self.terminator)
  File "C:\Users\banzo\AppData\Local\Programs\Python\Python312\Lib\encodings\cp1252.py", line 19, in encode
    return codecs.charmap_encode(input,self.errors,encoding_table)[0]
           ^^^^^^^^^^^^^^^^^^^^^^^^^^^^^^^^^^^^^^^^^^^^^^^^^^^^^^^
UnicodeEncodeError: 'charmap' codec can't encode characters in position 36-37: character maps to <undefined>
Call stack:
  File "E:\prog fold\Drunken cookies\real-time-inventory\vm_inventory_updater_fixed.py", line 2606, in <module>
    success = main()
  File "E:\prog fold\Drunken cookies\real-time-inventory\vm_inventory_updater_fixed.py", line 162, in main
    sales_data = fetch_sales_data(clover_creds, shopify_creds, target_date)
  File "E:\prog fold\Drunken cookies\real-time-inventory\vm_inventory_updater_fixed.py", line 537, in fetch_sales_data
    location_sales = fetch_clover_sales(creds, target_date)
  File "E:\prog fold\Drunken cookies\real-time-inventory\vm_inventory_updater_fixed.py", line 905, in 
fetch_clover_sales
    logging.warning(f"ΓÜá∩╕Å     UTC time: {order_info['order_time_utc']}")
Message: 'ΓÜá∩╕Å     UTC time: 2026-02-14 13:41:10 UTC'
Arguments: ()
--- Logging error ---
Traceback (most recent call last):
  File "C:\Users\banzo\AppData\Local\Programs\Python\Python312\Lib\logging\__init__.py", line 1163, in emit
    stream.write(msg + self.terminator)
  File "C:\Users\banzo\AppData\Local\Programs\Python\Python312\Lib\encodings\cp1252.py", line 19, in encode
    return codecs.charmap_encode(input,self.errors,encoding_table)[0]
           ^^^^^^^^^^^^^^^^^^^^^^^^^^^^^^^^^^^^^^^^^^^^^^^^^^^^^^^
UnicodeEncodeError: 'charmap' codec can't encode characters in position 36-37: character maps to <undefined>
Call stack:
  File "E:\prog fold\Drunken cookies\real-time-inventory\vm_inventory_updater_fixed.py", line 2606, in <module>
    success = main()
  File "E:\prog fold\Drunken cookies\real-time-inventory\vm_inventory_updater_fixed.py", line 162, in main
    sales_data = fetch_sales_data(clover_creds, shopify_creds, target_date)
  File "E:\prog fold\Drunken cookies\real-time-inventory\vm_inventory_updater_fixed.py", line 537, in fetch_sales_data
    location_sales = fetch_clover_sales(creds, target_date)
  File "E:\prog fold\Drunken cookies\real-time-inventory\vm_inventory_updater_fixed.py", line 906, in 
fetch_clover_sales
    logging.warning(f"ΓÜá∩╕Å     PR time: {order_info['order_time_pr']}")
Message: 'ΓÜá∩╕Å     PR time: 2026-02-14 09:41:10 AST'
Arguments: ()
--- Logging error ---
Traceback (most recent call last):
  File "C:\Users\banzo\AppData\Local\Programs\Python\Python312\Lib\logging\__init__.py", line 1163, in emit
    stream.write(msg + self.terminator)
  File "C:\Users\banzo\AppData\Local\Programs\Python\Python312\Lib\encodings\cp1252.py", line 19, in encode
    return codecs.charmap_encode(input,self.errors,encoding_table)[0]
           ^^^^^^^^^^^^^^^^^^^^^^^^^^^^^^^^^^^^^^^^^^^^^^^^^^^^^^^
UnicodeEncodeError: 'charmap' codec can't encode characters in position 36-37: character maps to <undefined>
Call stack:
  File "E:\prog fold\Drunken cookies\real-time-inventory\vm_inventory_updater_fixed.py", line 2606, in <module>
    success = main()
  File "E:\prog fold\Drunken cookies\real-time-inventory\vm_inventory_updater_fixed.py", line 162, in main
    sales_data = fetch_sales_data(clover_creds, shopify_creds, target_date)
  File "E:\prog fold\Drunken cookies\real-time-inventory\vm_inventory_updater_fixed.py", line 537, in fetch_sales_data
    location_sales = fetch_clover_sales(creds, target_date)
  File "E:\prog fold\Drunken cookies\real-time-inventory\vm_inventory_updater_fixed.py", line 907, in 
fetch_clover_sales
    logging.warning(f"ΓÜá∩╕Å     PR date: {order_info['order_date_pr']} (target: {order_info['target_date']})")
Message: 'ΓÜá∩╕Å     PR date: 2026-02-14 (target: 2026-01-17)'
Arguments: ()
--- Logging error ---
Traceback (most recent call last):
  File "C:\Users\banzo\AppData\Local\Programs\Python\Python312\Lib\logging\__init__.py", line 1163, in emit
    stream.write(msg + self.terminator)
  File "C:\Users\banzo\AppData\Local\Programs\Python\Python312\Lib\encodings\cp1252.py", line 19, in encode
    return codecs.charmap_encode(input,self.errors,encoding_table)[0]
           ^^^^^^^^^^^^^^^^^^^^^^^^^^^^^^^^^^^^^^^^^^^^^^^^^^^^^^^
UnicodeEncodeError: 'charmap' codec can't encode characters in position 36-37: character maps to <undefined>
Call stack:
  File "E:\prog fold\Drunken cookies\real-time-inventory\vm_inventory_updater_fixed.py", line 2606, in <module>
    success = main()
  File "E:\prog fold\Drunken cookies\real-time-inventory\vm_inventory_updater_fixed.py", line 162, in main
    sales_data = fetch_sales_data(clover_creds, shopify_creds, target_date)
  File "E:\prog fold\Drunken cookies\real-time-inventory\vm_inventory_updater_fixed.py", line 537, in fetch_sales_data
    location_sales = fetch_clover_sales(creds, target_date)
  File "E:\prog fold\Drunken cookies\real-time-inventory\vm_inventory_updater_fixed.py", line 904, in 
fetch_clover_sales
    logging.warning(f"ΓÜá∩╕Å   Order {order_info['order_id']}:")
Message: 'ΓÜá∩╕Å   Order QNAHS46QT558A:'
2026-02-16 20:52:18,815 - WARNING - ΓÜá∩╕Å     UTC time: 2026-02-13 23:31:16 UTC
2026-02-16 20:52:18,822 - WARNING - ΓÜá∩╕Å     PR time: 2026-02-13 19:31:16 AST
2026-02-16 20:52:18,822 - WARNING - ΓÜá∩╕Å     PR date: 2026-02-13 (target: 2026-01-17)
Arguments: ()
--- Logging error ---
Traceback (most recent call last):
  File "C:\Users\banzo\AppData\Local\Programs\Python\Python312\Lib\logging\__init__.py", line 1163, in emit
    stream.write(msg + self.terminator)
  File "C:\Users\banzo\AppData\Local\Programs\Python\Python312\Lib\encodings\cp1252.py", line 19, in encode
    return codecs.charmap_encode(input,self.errors,encoding_table)[0]
           ^^^^^^^^^^^^^^^^^^^^^^^^^^^^^^^^^^^^^^^^^^^^^^^^^^^^^^^
UnicodeEncodeError: 'charmap' codec can't encode characters in position 36-37: character maps to <undefined>
Call stack:
  File "E:\prog fold\Drunken cookies\real-time-inventory\vm_inventory_updater_fixed.py", line 2606, in <module>
    success = main()
  File "E:\prog fold\Drunken cookies\real-time-inventory\vm_inventory_updater_fixed.py", line 162, in main
    sales_data = fetch_sales_data(clover_creds, shopify_creds, target_date)
  File "E:\prog fold\Drunken cookies\real-time-inventory\vm_inventory_updater_fixed.py", line 537, in fetch_sales_data
    location_sales = fetch_clover_sales(creds, target_date)
  File "E:\prog fold\Drunken cookies\real-time-inventory\vm_inventory_updater_fixed.py", line 905, in 
fetch_clover_sales
    logging.warning(f"ΓÜá∩╕Å     UTC time: {order_info['order_time_utc']}")
Message: 'ΓÜá∩╕Å     UTC time: 2026-02-13 23:31:16 UTC'
Arguments: ()
--- Logging error ---
Traceback (most recent call last):
  File "C:\Users\banzo\AppData\Local\Programs\Python\Python312\Lib\logging\__init__.py", line 1163, in emit
    stream.write(msg + self.terminator)
  File "C:\Users\banzo\AppData\Local\Programs\Python\Python312\Lib\encodings\cp1252.py", line 19, in encode
    return codecs.charmap_encode(input,self.errors,encoding_table)[0]
           ^^^^^^^^^^^^^^^^^^^^^^^^^^^^^^^^^^^^^^^^^^^^^^^^^^^^^^^
UnicodeEncodeError: 'charmap' codec can't encode characters in position 36-37: character maps to <undefined>
Call stack:
  File "E:\prog fold\Drunken cookies\real-time-inventory\vm_inventory_updater_fixed.py", line 2606, in <module>
    success = main()
  File "E:\prog fold\Drunken cookies\real-time-inventory\vm_inventory_updater_fixed.py", line 162, in main
    sales_data = fetch_sales_data(clover_creds, shopify_creds, target_date)
  File "E:\prog fold\Drunken cookies\real-time-inventory\vm_inventory_updater_fixed.py", line 537, in fetch_sales_data
    location_sales = fetch_clover_sales(creds, target_date)
  File "E:\prog fold\Drunken cookies\real-time-inventory\vm_inventory_updater_fixed.py", line 906, in 
fetch_clover_sales
    logging.warning(f"ΓÜá∩╕Å     PR time: {order_info['order_time_pr']}")
Message: 'ΓÜá∩╕Å     PR time: 2026-02-13 19:31:16 AST'
Arguments: ()
--- Logging error ---
Traceback (most recent call last):
  File "C:\Users\banzo\AppData\Local\Programs\Python\Python312\Lib\logging\__init__.py", line 1163, in emit
    stream.write(msg + self.terminator)
  File "C:\Users\banzo\AppData\Local\Programs\Python\Python312\Lib\encodings\cp1252.py", line 19, in encode
    return codecs.charmap_encode(input,self.errors,encoding_table)[0]
           ^^^^^^^^^^^^^^^^^^^^^^^^^^^^^^^^^^^^^^^^^^^^^^^^^^^^^^^
UnicodeEncodeError: 'charmap' codec can't encode characters in position 36-37: character maps to <undefined>
Call stack:
  File "E:\prog fold\Drunken cookies\real-time-inventory\vm_inventory_updater_fixed.py", line 2606, in <module>
    success = main()
  File "E:\prog fold\Drunken cookies\real-time-inventory\vm_inventory_updater_fixed.py", line 162, in main
    sales_data = fetch_sales_data(clover_creds, shopify_creds, target_date)
  File "E:\prog fold\Drunken cookies\real-time-inventory\vm_inventory_updater_fixed.py", line 537, in fetch_sales_data
    location_sales = fetch_clover_sales(creds, target_date)
  File "E:\prog fold\Drunken cookies\real-time-inventory\vm_inventory_updater_fixed.py", line 907, in 
fetch_clover_sales
    logging.warning(f"ΓÜá∩╕Å     PR date: {order_info['order_date_pr']} (target: {order_info['target_date']})")
Message: 'ΓÜá∩╕Å     PR date: 2026-02-13 (target: 2026-01-17)'
Arguments: ()
--- Logging error ---
Traceback (most recent call last):
  File "C:\Users\banzo\AppData\Local\Programs\Python\Python312\Lib\logging\__init__.py", line 1163, in emit
2026-02-16 20:52:18,823 - WARNING - ΓÜá∩╕Å   Order GJZVHHK0CDH8A:
2026-02-16 20:52:18,830 - WARNING - ΓÜá∩╕Å     UTC time: 2026-02-13 23:13:25 UTC
2026-02-16 20:52:18,831 - WARNING - ΓÜá∩╕Å     PR time: 2026-02-13 19:13:25 AST
    stream.write(msg + self.terminator)
  File "C:\Users\banzo\AppData\Local\Programs\Python\Python312\Lib\encodings\cp1252.py", line 19, in encode
    return codecs.charmap_encode(input,self.errors,encoding_table)[0]
           ^^^^^^^^^^^^^^^^^^^^^^^^^^^^^^^^^^^^^^^^^^^^^^^^^^^^^^^
UnicodeEncodeError: 'charmap' codec can't encode characters in position 36-37: character maps to <undefined>
Call stack:
  File "E:\prog fold\Drunken cookies\real-time-inventory\vm_inventory_updater_fixed.py", line 2606, in <module>
    success = main()
  File "E:\prog fold\Drunken cookies\real-time-inventory\vm_inventory_updater_fixed.py", line 162, in main
    sales_data = fetch_sales_data(clover_creds, shopify_creds, target_date)
  File "E:\prog fold\Drunken cookies\real-time-inventory\vm_inventory_updater_fixed.py", line 537, in fetch_sales_data
    location_sales = fetch_clover_sales(creds, target_date)
  File "E:\prog fold\Drunken cookies\real-time-inventory\vm_inventory_updater_fixed.py", line 904, in 
fetch_clover_sales
    logging.warning(f"ΓÜá∩╕Å   Order {order_info['order_id']}:")
Message: 'ΓÜá∩╕Å   Order GJZVHHK0CDH8A:'
Arguments: ()
--- Logging error ---
Traceback (most recent call last):
  File "C:\Users\banzo\AppData\Local\Programs\Python\Python312\Lib\logging\__init__.py", line 1163, in emit
    stream.write(msg + self.terminator)
  File "C:\Users\banzo\AppData\Local\Programs\Python\Python312\Lib\encodings\cp1252.py", line 19, in encode
    return codecs.charmap_encode(input,self.errors,encoding_table)[0]
           ^^^^^^^^^^^^^^^^^^^^^^^^^^^^^^^^^^^^^^^^^^^^^^^^^^^^^^^
UnicodeEncodeError: 'charmap' codec can't encode characters in position 36-37: character maps to <undefined>
Call stack:
  File "E:\prog fold\Drunken cookies\real-time-inventory\vm_inventory_updater_fixed.py", line 2606, in <module>
    success = main()
  File "E:\prog fold\Drunken cookies\real-time-inventory\vm_inventory_updater_fixed.py", line 162, in main
    sales_data = fetch_sales_data(clover_creds, shopify_creds, target_date)
  File "E:\prog fold\Drunken cookies\real-time-inventory\vm_inventory_updater_fixed.py", line 537, in fetch_sales_data
    location_sales = fetch_clover_sales(creds, target_date)
  File "E:\prog fold\Drunken cookies\real-time-inventory\vm_inventory_updater_fixed.py", line 905, in 
fetch_clover_sales
    logging.warning(f"ΓÜá∩╕Å     UTC time: {order_info['order_time_utc']}")
Message: 'ΓÜá∩╕Å     UTC time: 2026-02-13 23:13:25 UTC'
Arguments: ()
--- Logging error ---
Traceback (most recent call last):
  File "C:\Users\banzo\AppData\Local\Programs\Python\Python312\Lib\logging\__init__.py", line 1163, in emit
    stream.write(msg + self.terminator)
  File "C:\Users\banzo\AppData\Local\Programs\Python\Python312\Lib\encodings\cp1252.py", line 19, in encode
    return codecs.charmap_encode(input,self.errors,encoding_table)[0]
           ^^^^^^^^^^^^^^^^^^^^^^^^^^^^^^^^^^^^^^^^^^^^^^^^^^^^^^^
UnicodeEncodeError: 'charmap' codec can't encode characters in position 36-37: character maps to <undefined>
Call stack:
  File "E:\prog fold\Drunken cookies\real-time-inventory\vm_inventory_updater_fixed.py", line 2606, in <module>
    success = main()
  File "E:\prog fold\Drunken cookies\real-time-inventory\vm_inventory_updater_fixed.py", line 162, in main
    sales_data = fetch_sales_data(clover_creds, shopify_creds, target_date)
  File "E:\prog fold\Drunken cookies\real-time-inventory\vm_inventory_updater_fixed.py", line 537, in fetch_sales_data
    location_sales = fetch_clover_sales(creds, target_date)
  File "E:\prog fold\Drunken cookies\real-time-inventory\vm_inventory_updater_fixed.py", line 906, in 
fetch_clover_sales
    logging.warning(f"ΓÜá∩╕Å     PR time: {order_info['order_time_pr']}")
Message: 'ΓÜá∩╕Å     PR time: 2026-02-13 19:13:25 AST'
Arguments: ()
--- Logging error ---
Traceback (most recent call last):
  File "C:\Users\banzo\AppData\Local\Programs\Python\Python312\Lib\logging\__init__.py", line 1163, in emit
    stream.write(msg + self.terminator)
  File "C:\Users\banzo\AppData\Local\Programs\Python\Python312\Lib\encodings\cp1252.py", line 19, in encode
    return codecs.charmap_encode(input,self.errors,encoding_table)[0]
           ^^^^^^^^^^^^^^^^^^^^^^^^^^^^^^^^^^^^^^^^^^^^^^^^^^^^^^^
UnicodeEncodeError: 'charmap' codec can't encode characters in position 36-37: character maps to <undefined>
Call stack:
2026-02-16 20:52:18,831 - WARNING - ΓÜá∩╕Å     PR date: 2026-02-13 (target: 2026-01-17)
2026-02-16 20:52:18,837 - WARNING - ΓÜá∩╕Å   Order GGFSQP2QY939R:
2026-02-16 20:52:18,838 - WARNING - ΓÜá∩╕Å     UTC time: 2026-02-13 23:11:23 UTC
2026-02-16 20:52:18,839 - WARNING - ΓÜá∩╕Å     PR time: 2026-02-13 19:11:23 AST
  File "E:\prog fold\Drunken cookies\real-time-inventory\vm_inventory_updater_fixed.py", line 2606, in <module>
    success = main()
  File "E:\prog fold\Drunken cookies\real-time-inventory\vm_inventory_updater_fixed.py", line 162, in main
    sales_data = fetch_sales_data(clover_creds, shopify_creds, target_date)
  File "E:\prog fold\Drunken cookies\real-time-inventory\vm_inventory_updater_fixed.py", line 537, in fetch_sales_data
    location_sales = fetch_clover_sales(creds, target_date)
  File "E:\prog fold\Drunken cookies\real-time-inventory\vm_inventory_updater_fixed.py", line 907, in 
fetch_clover_sales
    logging.warning(f"ΓÜá∩╕Å     PR date: {order_info['order_date_pr']} (target: {order_info['target_date']})")
Message: 'ΓÜá∩╕Å     PR date: 2026-02-13 (target: 2026-01-17)'
Arguments: ()
--- Logging error ---
Traceback (most recent call last):
  File "C:\Users\banzo\AppData\Local\Programs\Python\Python312\Lib\logging\__init__.py", line 1163, in emit
    stream.write(msg + self.terminator)
  File "C:\Users\banzo\AppData\Local\Programs\Python\Python312\Lib\encodings\cp1252.py", line 19, in encode
    return codecs.charmap_encode(input,self.errors,encoding_table)[0]
           ^^^^^^^^^^^^^^^^^^^^^^^^^^^^^^^^^^^^^^^^^^^^^^^^^^^^^^^
UnicodeEncodeError: 'charmap' codec can't encode characters in position 36-37: character maps to <undefined>
Call stack:
  File "E:\prog fold\Drunken cookies\real-time-inventory\vm_inventory_updater_fixed.py", line 2606, in <module>
    success = main()
  File "E:\prog fold\Drunken cookies\real-time-inventory\vm_inventory_updater_fixed.py", line 162, in main
    sales_data = fetch_sales_data(clover_creds, shopify_creds, target_date)
  File "E:\prog fold\Drunken cookies\real-time-inventory\vm_inventory_updater_fixed.py", line 537, in fetch_sales_data
    location_sales = fetch_clover_sales(creds, target_date)
  File "E:\prog fold\Drunken cookies\real-time-inventory\vm_inventory_updater_fixed.py", line 904, in 
fetch_clover_sales
    logging.warning(f"ΓÜá∩╕Å   Order {order_info['order_id']}:")
Message: 'ΓÜá∩╕Å   Order GGFSQP2QY939R:'
Arguments: ()
--- Logging error ---
Traceback (most recent call last):
  File "C:\Users\banzo\AppData\Local\Programs\Python\Python312\Lib\logging\__init__.py", line 1163, in emit
    stream.write(msg + self.terminator)
  File "C:\Users\banzo\AppData\Local\Programs\Python\Python312\Lib\encodings\cp1252.py", line 19, in encode
    return codecs.charmap_encode(input,self.errors,encoding_table)[0]
           ^^^^^^^^^^^^^^^^^^^^^^^^^^^^^^^^^^^^^^^^^^^^^^^^^^^^^^^
UnicodeEncodeError: 'charmap' codec can't encode characters in position 36-37: character maps to <undefined>
Call stack:
  File "E:\prog fold\Drunken cookies\real-time-inventory\vm_inventory_updater_fixed.py", line 2606, in <module>
    success = main()
  File "E:\prog fold\Drunken cookies\real-time-inventory\vm_inventory_updater_fixed.py", line 162, in main
    sales_data = fetch_sales_data(clover_creds, shopify_creds, target_date)
  File "E:\prog fold\Drunken cookies\real-time-inventory\vm_inventory_updater_fixed.py", line 537, in fetch_sales_data
    location_sales = fetch_clover_sales(creds, target_date)
  File "E:\prog fold\Drunken cookies\real-time-inventory\vm_inventory_updater_fixed.py", line 905, in 
fetch_clover_sales
    logging.warning(f"ΓÜá∩╕Å     UTC time: {order_info['order_time_utc']}")
Message: 'ΓÜá∩╕Å     UTC time: 2026-02-13 23:11:23 UTC'
Arguments: ()
--- Logging error ---
Traceback (most recent call last):
  File "C:\Users\banzo\AppData\Local\Programs\Python\Python312\Lib\logging\__init__.py", line 1163, in emit
    stream.write(msg + self.terminator)
  File "C:\Users\banzo\AppData\Local\Programs\Python\Python312\Lib\encodings\cp1252.py", line 19, in encode
    return codecs.charmap_encode(input,self.errors,encoding_table)[0]
           ^^^^^^^^^^^^^^^^^^^^^^^^^^^^^^^^^^^^^^^^^^^^^^^^^^^^^^^
UnicodeEncodeError: 'charmap' codec can't encode characters in position 36-37: character maps to <undefined>
Call stack:
  File "E:\prog fold\Drunken cookies\real-time-inventory\vm_inventory_updater_fixed.py", line 2606, in <module>
    success = main()
  File "E:\prog fold\Drunken cookies\real-time-inventory\vm_inventory_updater_fixed.py", line 162, in main
    sales_data = fetch_sales_data(clover_creds, shopify_creds, target_date)
  File "E:\prog fold\Drunken cookies\real-time-inventory\vm_inventory_updater_fixed.py", line 537, in fetch_sales_data
    location_sales = fetch_clover_sales(creds, target_date)
2026-02-16 20:52:18,844 - WARNING - ΓÜá∩╕Å     PR date: 2026-02-13 (target: 2026-01-17)
2026-02-16 20:52:18,845 - WARNING - ΓÜá∩╕Å   Order DK52FHW36VXW2:
2026-02-16 20:52:18,845 - WARNING - ΓÜá∩╕Å     UTC time: 2026-02-13 23:09:20 UTC
2026-02-16 20:52:18,851 - WARNING - ΓÜá∩╕Å     PR time: 2026-02-13 19:09:20 AST
  File "E:\prog fold\Drunken cookies\real-time-inventory\vm_inventory_updater_fixed.py", line 906, in 
fetch_clover_sales
2026-02-16 20:52:18,852 - WARNING - ΓÜá∩╕Å     PR date: 2026-02-13 (target: 2026-01-17)
    logging.warning(f"ΓÜá∩╕Å     PR time: {order_info['order_time_pr']}")
Message: 'ΓÜá∩╕Å     PR time: 2026-02-13 19:11:23 AST'
Arguments: ()
--- Logging error ---
Traceback (most recent call last):
  File "C:\Users\banzo\AppData\Local\Programs\Python\Python312\Lib\logging\__init__.py", line 1163, in emit
    stream.write(msg + self.terminator)
  File "C:\Users\banzo\AppData\Local\Programs\Python\Python312\Lib\encodings\cp1252.py", line 19, in encode
    return codecs.charmap_encode(input,self.errors,encoding_table)[0]
           ^^^^^^^^^^^^^^^^^^^^^^^^^^^^^^^^^^^^^^^^^^^^^^^^^^^^^^^
UnicodeEncodeError: 'charmap' codec can't encode characters in position 36-37: character maps to <undefined>
Call stack:
  File "E:\prog fold\Drunken cookies\real-time-inventory\vm_inventory_updater_fixed.py", line 2606, in <module>
    success = main()
  File "E:\prog fold\Drunken cookies\real-time-inventory\vm_inventory_updater_fixed.py", line 162, in main
    sales_data = fetch_sales_data(clover_creds, shopify_creds, target_date)
  File "E:\prog fold\Drunken cookies\real-time-inventory\vm_inventory_updater_fixed.py", line 537, in fetch_sales_data
    location_sales = fetch_clover_sales(creds, target_date)
  File "E:\prog fold\Drunken cookies\real-time-inventory\vm_inventory_updater_fixed.py", line 907, in 
fetch_clover_sales
    logging.warning(f"ΓÜá∩╕Å     PR date: {order_info['order_date_pr']} (target: {order_info['target_date']})")
Message: 'ΓÜá∩╕Å     PR date: 2026-02-13 (target: 2026-01-17)'
Arguments: ()
--- Logging error ---
Traceback (most recent call last):
  File "C:\Users\banzo\AppData\Local\Programs\Python\Python312\Lib\logging\__init__.py", line 1163, in emit
    stream.write(msg + self.terminator)
  File "C:\Users\banzo\AppData\Local\Programs\Python\Python312\Lib\encodings\cp1252.py", line 19, in encode
    return codecs.charmap_encode(input,self.errors,encoding_table)[0]
           ^^^^^^^^^^^^^^^^^^^^^^^^^^^^^^^^^^^^^^^^^^^^^^^^^^^^^^^
UnicodeEncodeError: 'charmap' codec can't encode characters in position 36-37: character maps to <undefined>
Call stack:
  File "E:\prog fold\Drunken cookies\real-time-inventory\vm_inventory_updater_fixed.py", line 2606, in <module>
    success = main()
  File "E:\prog fold\Drunken cookies\real-time-inventory\vm_inventory_updater_fixed.py", line 162, in main
    sales_data = fetch_sales_data(clover_creds, shopify_creds, target_date)
  File "E:\prog fold\Drunken cookies\real-time-inventory\vm_inventory_updater_fixed.py", line 537, in fetch_sales_data
    location_sales = fetch_clover_sales(creds, target_date)
  File "E:\prog fold\Drunken cookies\real-time-inventory\vm_inventory_updater_fixed.py", line 904, in 
fetch_clover_sales
    logging.warning(f"ΓÜá∩╕Å   Order {order_info['order_id']}:")
Message: 'ΓÜá∩╕Å   Order DK52FHW36VXW2:'
Arguments: ()
--- Logging error ---
Traceback (most recent call last):
  File "C:\Users\banzo\AppData\Local\Programs\Python\Python312\Lib\logging\__init__.py", line 1163, in emit
    stream.write(msg + self.terminator)
  File "C:\Users\banzo\AppData\Local\Programs\Python\Python312\Lib\encodings\cp1252.py", line 19, in encode
    return codecs.charmap_encode(input,self.errors,encoding_table)[0]
           ^^^^^^^^^^^^^^^^^^^^^^^^^^^^^^^^^^^^^^^^^^^^^^^^^^^^^^^
UnicodeEncodeError: 'charmap' codec can't encode characters in position 36-37: character maps to <undefined>
Call stack:
  File "E:\prog fold\Drunken cookies\real-time-inventory\vm_inventory_updater_fixed.py", line 2606, in <module>
    success = main()
2026-02-16 20:52:18,852 - WARNING - ΓÜá∩╕Å   Order 7GDENKE2RJ0X6:
  File "E:\prog fold\Drunken cookies\real-time-inventory\vm_inventory_updater_fixed.py", line 162, in main
    sales_data = fetch_sales_data(clover_creds, shopify_creds, target_date)
  File "E:\prog fold\Drunken cookies\real-time-inventory\vm_inventory_updater_fixed.py", line 537, in fetch_sales_data
    location_sales = fetch_clover_sales(creds, target_date)
  File "E:\prog fold\Drunken cookies\real-time-inventory\vm_inventory_updater_fixed.py", line 905, in 
fetch_clover_sales
    logging.warning(f"ΓÜá∩╕Å     UTC time: {order_info['order_time_utc']}")
Message: 'ΓÜá∩╕Å     UTC time: 2026-02-13 23:09:20 UTC'
Arguments: ()
--- Logging error ---
Traceback (most recent call last):
  File "C:\Users\banzo\AppData\Local\Programs\Python\Python312\Lib\logging\__init__.py", line 1163, in emit
    stream.write(msg + self.terminator)
  File "C:\Users\banzo\AppData\Local\Programs\Python\Python312\Lib\encodings\cp1252.py", line 19, in encode
    return codecs.charmap_encode(input,self.errors,encoding_table)[0]
           ^^^^^^^^^^^^^^^^^^^^^^^^^^^^^^^^^^^^^^^^^^^^^^^^^^^^^^^
UnicodeEncodeError: 'charmap' codec can't encode characters in position 36-37: character maps to <undefined>
Call stack:
  File "E:\prog fold\Drunken cookies\real-time-inventory\vm_inventory_updater_fixed.py", line 2606, in <module>
    success = main()
  File "E:\prog fold\Drunken cookies\real-time-inventory\vm_inventory_updater_fixed.py", line 162, in main
    sales_data = fetch_sales_data(clover_creds, shopify_creds, target_date)
  File "E:\prog fold\Drunken cookies\real-time-inventory\vm_inventory_updater_fixed.py", line 537, in fetch_sales_data
    location_sales = fetch_clover_sales(creds, target_date)
  File "E:\prog fold\Drunken cookies\real-time-inventory\vm_inventory_updater_fixed.py", line 906, in 
fetch_clover_sales
    logging.warning(f"ΓÜá∩╕Å     PR time: {order_info['order_time_pr']}")
Message: 'ΓÜá∩╕Å     PR time: 2026-02-13 19:09:20 AST'
Arguments: ()
--- Logging error ---
Traceback (most recent call last):
  File "C:\Users\banzo\AppData\Local\Programs\Python\Python312\Lib\logging\__init__.py", line 1163, in emit
    stream.write(msg + self.terminator)
  File "C:\Users\banzo\AppData\Local\Programs\Python\Python312\Lib\encodings\cp1252.py", line 19, in encode
    return codecs.charmap_encode(input,self.errors,encoding_table)[0]
           ^^^^^^^^^^^^^^^^^^^^^^^^^^^^^^^^^^^^^^^^^^^^^^^^^^^^^^^
UnicodeEncodeError: 'charmap' codec can't encode characters in position 36-37: character maps to <undefined>
Call stack:
  File "E:\prog fold\Drunken cookies\real-time-inventory\vm_inventory_updater_fixed.py", line 2606, in <module>
    success = main()
  File "E:\prog fold\Drunken cookies\real-time-inventory\vm_inventory_updater_fixed.py", line 162, in main
    sales_data = fetch_sales_data(clover_creds, shopify_creds, target_date)
  File "E:\prog fold\Drunken cookies\real-time-inventory\vm_inventory_updater_fixed.py", line 537, in fetch_sales_data
    location_sales = fetch_clover_sales(creds, target_date)
  File "E:\prog fold\Drunken cookies\real-time-inventory\vm_inventory_updater_fixed.py", line 907, in 
fetch_clover_sales
    logging.warning(f"ΓÜá∩╕Å     PR date: {order_info['order_date_pr']} (target: {order_info['target_date']})")
Message: 'ΓÜá∩╕Å     PR date: 2026-02-13 (target: 2026-01-17)'
Arguments: ()
--- Logging error ---
Traceback (most recent call last):
  File "C:\Users\banzo\AppData\Local\Programs\Python\Python312\Lib\logging\__init__.py", line 1163, in emit
    stream.write(msg + self.terminator)
  File "C:\Users\banzo\AppData\Local\Programs\Python\Python312\Lib\encodings\cp1252.py", line 19, in encode
    return codecs.charmap_encode(input,self.errors,encoding_table)[0]
           ^^^^^^^^^^^^^^^^^^^^^^^^^^^^^^^^^^^^^^^^^^^^^^^^^^^^^^^
UnicodeEncodeError: 'charmap' codec can't encode characters in position 36-37: character maps to <undefined>
Call stack:
2026-02-16 20:52:18,859 - WARNING - ΓÜá∩╕Å     UTC time: 2026-02-13 22:25:20 UTC
2026-02-16 20:52:18,860 - WARNING - ΓÜá∩╕Å     PR time: 2026-02-13 18:25:20 AST
2026-02-16 20:52:18,860 - WARNING - ΓÜá∩╕Å     PR date: 2026-02-13 (target: 2026-01-17)
  File "E:\prog fold\Drunken cookies\real-time-inventory\vm_inventory_updater_fixed.py", line 2606, in <module>
    success = main()
  File "E:\prog fold\Drunken cookies\real-time-inventory\vm_inventory_updater_fixed.py", line 162, in main
    sales_data = fetch_sales_data(clover_creds, shopify_creds, target_date)
  File "E:\prog fold\Drunken cookies\real-time-inventory\vm_inventory_updater_fixed.py", line 537, in fetch_sales_data
    location_sales = fetch_clover_sales(creds, target_date)
  File "E:\prog fold\Drunken cookies\real-time-inventory\vm_inventory_updater_fixed.py", line 904, in 
fetch_clover_sales
    logging.warning(f"ΓÜá∩╕Å   Order {order_info['order_id']}:")
Message: 'ΓÜá∩╕Å   Order 7GDENKE2RJ0X6:'
2026-02-16 20:52:18,867 - WARNING - ΓÜá∩╕Å   Order VQ9T13A38P68E:
2026-02-16 20:52:18,867 - WARNING - ΓÜá∩╕Å     UTC time: 2026-02-13 21:52:56 UTC
Arguments: ()
--- Logging error ---
Traceback (most recent call last):
  File "C:\Users\banzo\AppData\Local\Programs\Python\Python312\Lib\logging\__init__.py", line 1163, in emit
    stream.write(msg + self.terminator)
  File "C:\Users\banzo\AppData\Local\Programs\Python\Python312\Lib\encodings\cp1252.py", line 19, in encode
    return codecs.charmap_encode(input,self.errors,encoding_table)[0]
           ^^^^^^^^^^^^^^^^^^^^^^^^^^^^^^^^^^^^^^^^^^^^^^^^^^^^^^^
UnicodeEncodeError: 'charmap' codec can't encode characters in position 36-37: character maps to <undefined>
Call stack:
  File "E:\prog fold\Drunken cookies\real-time-inventory\vm_inventory_updater_fixed.py", line 2606, in <module>
    success = main()
  File "E:\prog fold\Drunken cookies\real-time-inventory\vm_inventory_updater_fixed.py", line 162, in main
    sales_data = fetch_sales_data(clover_creds, shopify_creds, target_date)
  File "E:\prog fold\Drunken cookies\real-time-inventory\vm_inventory_updater_fixed.py", line 537, in fetch_sales_data
    location_sales = fetch_clover_sales(creds, target_date)
  File "E:\prog fold\Drunken cookies\real-time-inventory\vm_inventory_updater_fixed.py", line 905, in 
fetch_clover_sales
    logging.warning(f"ΓÜá∩╕Å     UTC time: {order_info['order_time_utc']}")
Message: 'ΓÜá∩╕Å     UTC time: 2026-02-13 22:25:20 UTC'
Arguments: ()
--- Logging error ---
Traceback (most recent call last):
  File "C:\Users\banzo\AppData\Local\Programs\Python\Python312\Lib\logging\__init__.py", line 1163, in emit
    stream.write(msg + self.terminator)
  File "C:\Users\banzo\AppData\Local\Programs\Python\Python312\Lib\encodings\cp1252.py", line 19, in encode
    return codecs.charmap_encode(input,self.errors,encoding_table)[0]
           ^^^^^^^^^^^^^^^^^^^^^^^^^^^^^^^^^^^^^^^^^^^^^^^^^^^^^^^
UnicodeEncodeError: 'charmap' codec can't encode characters in position 36-37: character maps to <undefined>
Call stack:
  File "E:\prog fold\Drunken cookies\real-time-inventory\vm_inventory_updater_fixed.py", line 2606, in <module>
    success = main()
  File "E:\prog fold\Drunken cookies\real-time-inventory\vm_inventory_updater_fixed.py", line 162, in main
    sales_data = fetch_sales_data(clover_creds, shopify_creds, target_date)
  File "E:\prog fold\Drunken cookies\real-time-inventory\vm_inventory_updater_fixed.py", line 537, in fetch_sales_data
    location_sales = fetch_clover_sales(creds, target_date)
  File "E:\prog fold\Drunken cookies\real-time-inventory\vm_inventory_updater_fixed.py", line 906, in 
fetch_clover_sales
    logging.warning(f"ΓÜá∩╕Å     PR time: {order_info['order_time_pr']}")
Message: 'ΓÜá∩╕Å     PR time: 2026-02-13 18:25:20 AST'
Arguments: ()
--- Logging error ---
Traceback (most recent call last):
  File "C:\Users\banzo\AppData\Local\Programs\Python\Python312\Lib\logging\__init__.py", line 1163, in emit
    stream.write(msg + self.terminator)
  File "C:\Users\banzo\AppData\Local\Programs\Python\Python312\Lib\encodings\cp1252.py", line 19, in encode
    return codecs.charmap_encode(input,self.errors,encoding_table)[0]
           ^^^^^^^^^^^^^^^^^^^^^^^^^^^^^^^^^^^^^^^^^^^^^^^^^^^^^^^
UnicodeEncodeError: 'charmap' codec can't encode characters in position 36-37: character maps to <undefined>
Call stack:
  File "E:\prog fold\Drunken cookies\real-time-inventory\vm_inventory_updater_fixed.py", line 2606, in <module>
    success = main()
  File "E:\prog fold\Drunken cookies\real-time-inventory\vm_inventory_updater_fixed.py", line 162, in main
    sales_data = fetch_sales_data(clover_creds, shopify_creds, target_date)
  File "E:\prog fold\Drunken cookies\real-time-inventory\vm_inventory_updater_fixed.py", line 537, in fetch_sales_data
    location_sales = fetch_clover_sales(creds, target_date)
  File "E:\prog fold\Drunken cookies\real-time-inventory\vm_inventory_updater_fixed.py", line 907, in 
fetch_clover_sales
    logging.warning(f"ΓÜá∩╕Å     PR date: {order_info['order_date_pr']} (target: {order_info['target_date']})")
Message: 'ΓÜá∩╕Å     PR date: 2026-02-13 (target: 2026-01-17)'
Arguments: ()
--- Logging error ---
Traceback (most recent call last):
  File "C:\Users\banzo\AppData\Local\Programs\Python\Python312\Lib\logging\__init__.py", line 1163, in emit
    stream.write(msg + self.terminator)
  File "C:\Users\banzo\AppData\Local\Programs\Python\Python312\Lib\encodings\cp1252.py", line 19, in encode
    return codecs.charmap_encode(input,self.errors,encoding_table)[0]
           ^^^^^^^^^^^^^^^^^^^^^^^^^^^^^^^^^^^^^^^^^^^^^^^^^^^^^^^
UnicodeEncodeError: 'charmap' codec can't encode characters in position 36-37: character maps to <undefined>
Call stack:
  File "E:\prog fold\Drunken cookies\real-time-inventory\vm_inventory_updater_fixed.py", line 2606, in <module>
    success = main()
  File "E:\prog fold\Drunken cookies\real-time-inventory\vm_inventory_updater_fixed.py", line 162, in main
    sales_data = fetch_sales_data(clover_creds, shopify_creds, target_date)
  File "E:\prog fold\Drunken cookies\real-time-inventory\vm_inventory_updater_fixed.py", line 537, in fetch_sales_data
    location_sales = fetch_clover_sales(creds, target_date)
  File "E:\prog fold\Drunken cookies\real-time-inventory\vm_inventory_updater_fixed.py", line 904, in 
fetch_clover_sales
    logging.warning(f"ΓÜá∩╕Å   Order {order_info['order_id']}:")
Message: 'ΓÜá∩╕Å   Order VQ9T13A38P68E:'
Arguments: ()
--- Logging error ---
Traceback (most recent call last):
  File "C:\Users\banzo\AppData\Local\Programs\Python\Python312\Lib\logging\__init__.py", line 1163, in emit
    stream.write(msg + self.terminator)
  File "C:\Users\banzo\AppData\Local\Programs\Python\Python312\Lib\encodings\cp1252.py", line 19, in encode
    return codecs.charmap_encode(input,self.errors,encoding_table)[0]
           ^^^^^^^^^^^^^^^^^^^^^^^^^^^^^^^^^^^^^^^^^^^^^^^^^^^^^^^
UnicodeEncodeError: 'charmap' codec can't encode characters in position 36-37: character maps to <undefined>
Call stack:
  File "E:\prog fold\Drunken cookies\real-time-inventory\vm_inventory_updater_fixed.py", line 2606, in <module>
    success = main()
  File "E:\prog fold\Drunken cookies\real-time-inventory\vm_inventory_updater_fixed.py", line 162, in main
    sales_data = fetch_sales_data(clover_creds, shopify_creds, target_date)
  File "E:\prog fold\Drunken cookies\real-time-inventory\vm_inventory_updater_fixed.py", line 537, in fetch_sales_data
    location_sales = fetch_clover_sales(creds, target_date)
  File "E:\prog fold\Drunken cookies\real-time-inventory\vm_inventory_updater_fixed.py", line 905, in 
fetch_clover_sales
    logging.warning(f"ΓÜá∩╕Å     UTC time: {order_info['order_time_utc']}")
Message: 'ΓÜá∩╕Å     UTC time: 2026-02-13 21:52:56 UTC'
Arguments: ()
--- Logging error ---
Traceback (most recent call last):
  File "C:\Users\banzo\AppData\Local\Programs\Python\Python312\Lib\logging\__init__.py", line 1163, in emit
    stream.write(msg + self.terminator)
2026-02-16 20:52:18,868 - WARNING - ΓÜá∩╕Å     PR time: 2026-02-13 17:52:56 AST
2026-02-16 20:52:18,875 - WARNING - ΓÜá∩╕Å     PR date: 2026-02-13 (target: 2026-01-17)
2026-02-16 20:52:18,876 - WARNING - ΓÜá∩╕Å   Order 5QZ5EXXF3QT86:
  File "C:\Users\banzo\AppData\Local\Programs\Python\Python312\Lib\encodings\cp1252.py", line 19, in encode
    return codecs.charmap_encode(input,self.errors,encoding_table)[0]
           ^^^^^^^^^^^^^^^^^^^^^^^^^^^^^^^^^^^^^^^^^^^^^^^^^^^^^^^
UnicodeEncodeError: 'charmap' codec can't encode characters in position 36-37: character maps to <undefined>
Call stack:
  File "E:\prog fold\Drunken cookies\real-time-inventory\vm_inventory_updater_fixed.py", line 2606, in <module>
    success = main()
  File "E:\prog fold\Drunken cookies\real-time-inventory\vm_inventory_updater_fixed.py", line 162, in main
2026-02-16 20:52:18,876 - WARNING - ΓÜá∩╕Å     UTC time: 2026-02-13 21:14:03 UTC
    sales_data = fetch_sales_data(clover_creds, shopify_creds, target_date)
  File "E:\prog fold\Drunken cookies\real-time-inventory\vm_inventory_updater_fixed.py", line 537, in fetch_sales_data
    location_sales = fetch_clover_sales(creds, target_date)
  File "E:\prog fold\Drunken cookies\real-time-inventory\vm_inventory_updater_fixed.py", line 906, in 
fetch_clover_sales
    logging.warning(f"ΓÜá∩╕Å     PR time: {order_info['order_time_pr']}")
Message: 'ΓÜá∩╕Å     PR time: 2026-02-13 17:52:56 AST'
Arguments: ()
--- Logging error ---
Traceback (most recent call last):
  File "C:\Users\banzo\AppData\Local\Programs\Python\Python312\Lib\logging\__init__.py", line 1163, in emit
    stream.write(msg + self.terminator)
  File "C:\Users\banzo\AppData\Local\Programs\Python\Python312\Lib\encodings\cp1252.py", line 19, in encode
    return codecs.charmap_encode(input,self.errors,encoding_table)[0]
           ^^^^^^^^^^^^^^^^^^^^^^^^^^^^^^^^^^^^^^^^^^^^^^^^^^^^^^^
UnicodeEncodeError: 'charmap' codec can't encode characters in position 36-37: character maps to <undefined>
Call stack:
  File "E:\prog fold\Drunken cookies\real-time-inventory\vm_inventory_updater_fixed.py", line 2606, in <module>
    success = main()
  File "E:\prog fold\Drunken cookies\real-time-inventory\vm_inventory_updater_fixed.py", line 162, in main
    sales_data = fetch_sales_data(clover_creds, shopify_creds, target_date)
  File "E:\prog fold\Drunken cookies\real-time-inventory\vm_inventory_updater_fixed.py", line 537, in fetch_sales_data
    location_sales = fetch_clover_sales(creds, target_date)
  File "E:\prog fold\Drunken cookies\real-time-inventory\vm_inventory_updater_fixed.py", line 907, in 
fetch_clover_sales
    logging.warning(f"ΓÜá∩╕Å     PR date: {order_info['order_date_pr']} (target: {order_info['target_date']})")
Message: 'ΓÜá∩╕Å     PR date: 2026-02-13 (target: 2026-01-17)'
Arguments: ()
--- Logging error ---
Traceback (most recent call last):
  File "C:\Users\banzo\AppData\Local\Programs\Python\Python312\Lib\logging\__init__.py", line 1163, in emit
    stream.write(msg + self.terminator)
  File "C:\Users\banzo\AppData\Local\Programs\Python\Python312\Lib\encodings\cp1252.py", line 19, in encode
    return codecs.charmap_encode(input,self.errors,encoding_table)[0]
           ^^^^^^^^^^^^^^^^^^^^^^^^^^^^^^^^^^^^^^^^^^^^^^^^^^^^^^^
UnicodeEncodeError: 'charmap' codec can't encode characters in position 36-37: character maps to <undefined>
Call stack:
  File "E:\prog fold\Drunken cookies\real-time-inventory\vm_inventory_updater_fixed.py", line 2606, in <module>
    success = main()
  File "E:\prog fold\Drunken cookies\real-time-inventory\vm_inventory_updater_fixed.py", line 162, in main
    sales_data = fetch_sales_data(clover_creds, shopify_creds, target_date)
  File "E:\prog fold\Drunken cookies\real-time-inventory\vm_inventory_updater_fixed.py", line 537, in fetch_sales_data
    location_sales = fetch_clover_sales(creds, target_date)
  File "E:\prog fold\Drunken cookies\real-time-inventory\vm_inventory_updater_fixed.py", line 904, in 
fetch_clover_sales
    logging.warning(f"ΓÜá∩╕Å   Order {order_info['order_id']}:")
Message: 'ΓÜá∩╕Å   Order 5QZ5EXXF3QT86:'
Arguments: ()
--- Logging error ---
Traceback (most recent call last):
  File "C:\Users\banzo\AppData\Local\Programs\Python\Python312\Lib\logging\__init__.py", line 1163, in emit
    stream.write(msg + self.terminator)
  File "C:\Users\banzo\AppData\Local\Programs\Python\Python312\Lib\encodings\cp1252.py", line 19, in encode
    return codecs.charmap_encode(input,self.errors,encoding_table)[0]
           ^^^^^^^^^^^^^^^^^^^^^^^^^^^^^^^^^^^^^^^^^^^^^^^^^^^^^^^
UnicodeEncodeError: 'charmap' codec can't encode characters in position 36-37: character maps to <undefined>
Call stack:
  File "E:\prog fold\Drunken cookies\real-time-inventory\vm_inventory_updater_fixed.py", line 2606, in <module>
    success = main()
  File "E:\prog fold\Drunken cookies\real-time-inventory\vm_inventory_updater_fixed.py", line 162, in main
    sales_data = fetch_sales_data(clover_creds, shopify_creds, target_date)
  File "E:\prog fold\Drunken cookies\real-time-inventory\vm_inventory_updater_fixed.py", line 537, in fetch_sales_data
    location_sales = fetch_clover_sales(creds, target_date)
  File "E:\prog fold\Drunken cookies\real-time-inventory\vm_inventory_updater_fixed.py", line 905, in 
fetch_clover_sales
    logging.warning(f"ΓÜá∩╕Å     UTC time: {order_info['order_time_utc']}")
Message: 'ΓÜá∩╕Å     UTC time: 2026-02-13 21:14:03 UTC'
Arguments: ()
2026-02-16 20:52:18,882 - WARNING - ΓÜá∩╕Å     PR time: 2026-02-13 17:14:03 AST
2026-02-16 20:52:18,883 - WARNING - ΓÜá∩╕Å     PR date: 2026-02-13 (target: 2026-01-17)
2026-02-16 20:52:18,884 - WARNING - ΓÜá∩╕Å   Order HST5GW1KDWYWG:
2026-02-16 20:52:18,888 - WARNING - ΓÜá∩╕Å     UTC time: 2026-02-13 20:56:43 UTC
2026-02-16 20:52:18,889 - WARNING - ΓÜá∩╕Å     PR time: 2026-02-13 16:56:43 AST
--- Logging error ---
Traceback (most recent call last):
  File "C:\Users\banzo\AppData\Local\Programs\Python\Python312\Lib\logging\__init__.py", line 1163, in emit
    stream.write(msg + self.terminator)
  File "C:\Users\banzo\AppData\Local\Programs\Python\Python312\Lib\encodings\cp1252.py", line 19, in encode
    return codecs.charmap_encode(input,self.errors,encoding_table)[0]
           ^^^^^^^^^^^^^^^^^^^^^^^^^^^^^^^^^^^^^^^^^^^^^^^^^^^^^^^
UnicodeEncodeError: 'charmap' codec can't encode characters in position 36-37: character maps to <undefined>
Call stack:
  File "E:\prog fold\Drunken cookies\real-time-inventory\vm_inventory_updater_fixed.py", line 2606, in <module>
    success = main()
  File "E:\prog fold\Drunken cookies\real-time-inventory\vm_inventory_updater_fixed.py", line 162, in main
    sales_data = fetch_sales_data(clover_creds, shopify_creds, target_date)
  File "E:\prog fold\Drunken cookies\real-time-inventory\vm_inventory_updater_fixed.py", line 537, in fetch_sales_data
    location_sales = fetch_clover_sales(creds, target_date)
  File "E:\prog fold\Drunken cookies\real-time-inventory\vm_inventory_updater_fixed.py", line 906, in 
fetch_clover_sales
    logging.warning(f"ΓÜá∩╕Å     PR time: {order_info['order_time_pr']}")
Message: 'ΓÜá∩╕Å     PR time: 2026-02-13 17:14:03 AST'
Arguments: ()
--- Logging error ---
Traceback (most recent call last):
  File "C:\Users\banzo\AppData\Local\Programs\Python\Python312\Lib\logging\__init__.py", line 1163, in emit
    stream.write(msg + self.terminator)
  File "C:\Users\banzo\AppData\Local\Programs\Python\Python312\Lib\encodings\cp1252.py", line 19, in encode
    return codecs.charmap_encode(input,self.errors,encoding_table)[0]
           ^^^^^^^^^^^^^^^^^^^^^^^^^^^^^^^^^^^^^^^^^^^^^^^^^^^^^^^
UnicodeEncodeError: 'charmap' codec can't encode characters in position 36-37: character maps to <undefined>
Call stack:
  File "E:\prog fold\Drunken cookies\real-time-inventory\vm_inventory_updater_fixed.py", line 2606, in <module>
    success = main()
  File "E:\prog fold\Drunken cookies\real-time-inventory\vm_inventory_updater_fixed.py", line 162, in main
    sales_data = fetch_sales_data(clover_creds, shopify_creds, target_date)
  File "E:\prog fold\Drunken cookies\real-time-inventory\vm_inventory_updater_fixed.py", line 537, in fetch_sales_data
    location_sales = fetch_clover_sales(creds, target_date)
  File "E:\prog fold\Drunken cookies\real-time-inventory\vm_inventory_updater_fixed.py", line 907, in 
fetch_clover_sales
    logging.warning(f"ΓÜá∩╕Å     PR date: {order_info['order_date_pr']} (target: {order_info['target_date']})")
Message: 'ΓÜá∩╕Å     PR date: 2026-02-13 (target: 2026-01-17)'
Arguments: ()
--- Logging error ---
Traceback (most recent call last):
  File "C:\Users\banzo\AppData\Local\Programs\Python\Python312\Lib\logging\__init__.py", line 1163, in emit
    stream.write(msg + self.terminator)
  File "C:\Users\banzo\AppData\Local\Programs\Python\Python312\Lib\encodings\cp1252.py", line 19, in encode
    return codecs.charmap_encode(input,self.errors,encoding_table)[0]
           ^^^^^^^^^^^^^^^^^^^^^^^^^^^^^^^^^^^^^^^^^^^^^^^^^^^^^^^
UnicodeEncodeError: 'charmap' codec can't encode characters in position 36-37: character maps to <undefined>
Call stack:
  File "E:\prog fold\Drunken cookies\real-time-inventory\vm_inventory_updater_fixed.py", line 2606, in <module>
    success = main()
  File "E:\prog fold\Drunken cookies\real-time-inventory\vm_inventory_updater_fixed.py", line 162, in main
    sales_data = fetch_sales_data(clover_creds, shopify_creds, target_date)
  File "E:\prog fold\Drunken cookies\real-time-inventory\vm_inventory_updater_fixed.py", line 537, in fetch_sales_data
    location_sales = fetch_clover_sales(creds, target_date)
  File "E:\prog fold\Drunken cookies\real-time-inventory\vm_inventory_updater_fixed.py", line 904, in 
fetch_clover_sales
    logging.warning(f"ΓÜá∩╕Å   Order {order_info['order_id']}:")
Message: 'ΓÜá∩╕Å   Order HST5GW1KDWYWG:'
Arguments: ()
--- Logging error ---
Traceback (most recent call last):
  File "C:\Users\banzo\AppData\Local\Programs\Python\Python312\Lib\logging\__init__.py", line 1163, in emit
    stream.write(msg + self.terminator)
  File "C:\Users\banzo\AppData\Local\Programs\Python\Python312\Lib\encodings\cp1252.py", line 19, in encode
    return codecs.charmap_encode(input,self.errors,encoding_table)[0]
           ^^^^^^^^^^^^^^^^^^^^^^^^^^^^^^^^^^^^^^^^^^^^^^^^^^^^^^^
UnicodeEncodeError: 'charmap' codec can't encode characters in position 36-37: character maps to <undefined>
Call stack:
  File "E:\prog fold\Drunken cookies\real-time-inventory\vm_inventory_updater_fixed.py", line 2606, in <module>
    success = main()
  File "E:\prog fold\Drunken cookies\real-time-inventory\vm_inventory_updater_fixed.py", line 162, in main
    sales_data = fetch_sales_data(clover_creds, shopify_creds, target_date)
  File "E:\prog fold\Drunken cookies\real-time-inventory\vm_inventory_updater_fixed.py", line 537, in fetch_sales_data
    location_sales = fetch_clover_sales(creds, target_date)
  File "E:\prog fold\Drunken cookies\real-time-inventory\vm_inventory_updater_fixed.py", line 905, in 
fetch_clover_sales
    logging.warning(f"ΓÜá∩╕Å     UTC time: {order_info['order_time_utc']}")
Message: 'ΓÜá∩╕Å     UTC time: 2026-02-13 20:56:43 UTC'
Arguments: ()
--- Logging error ---
Traceback (most recent call last):
  File "C:\Users\banzo\AppData\Local\Programs\Python\Python312\Lib\logging\__init__.py", line 1163, in emit
    stream.write(msg + self.terminator)
  File "C:\Users\banzo\AppData\Local\Programs\Python\Python312\Lib\encodings\cp1252.py", line 19, in encode
    return codecs.charmap_encode(input,self.errors,encoding_table)[0]
           ^^^^^^^^^^^^^^^^^^^^^^^^^^^^^^^^^^^^^^^^^^^^^^^^^^^^^^^
UnicodeEncodeError: 'charmap' codec can't encode characters in position 36-37: character maps to <undefined>
Call stack:
  File "E:\prog fold\Drunken cookies\real-time-inventory\vm_inventory_updater_fixed.py", line 2606, in <module>
    success = main()
  File "E:\prog fold\Drunken cookies\real-time-inventory\vm_inventory_updater_fixed.py", line 162, in main
    sales_data = fetch_sales_data(clover_creds, shopify_creds, target_date)
  File "E:\prog fold\Drunken cookies\real-time-inventory\vm_inventory_updater_fixed.py", line 537, in fetch_sales_data
    location_sales = fetch_clover_sales(creds, target_date)
  File "E:\prog fold\Drunken cookies\real-time-inventory\vm_inventory_updater_fixed.py", line 906, in 
fetch_clover_sales
    logging.warning(f"ΓÜá∩╕Å     PR time: {order_info['order_time_pr']}")
Message: 'ΓÜá∩╕Å     PR time: 2026-02-13 16:56:43 AST'
Arguments: ()
--- Logging error ---
Traceback (most recent call last):
  File "C:\Users\banzo\AppData\Local\Programs\Python\Python312\Lib\logging\__init__.py", line 1163, in emit
    stream.write(msg + self.terminator)
  File "C:\Users\banzo\AppData\Local\Programs\Python\Python312\Lib\encodings\cp1252.py", line 19, in encode
    return codecs.charmap_encode(input,self.errors,encoding_table)[0]
           ^^^^^^^^^^^^^^^^^^^^^^^^^^^^^^^^^^^^^^^^^^^^^^^^^^^^^^^
UnicodeEncodeError: 'charmap' codec can't encode characters in position 36-37: character maps to <undefined>
Call stack:
  File "E:\prog fold\Drunken cookies\real-time-inventory\vm_inventory_updater_fixed.py", line 2606, in <module>
    success = main()
  File "E:\prog fold\Drunken cookies\real-time-inventory\vm_inventory_updater_fixed.py", line 162, in main
2026-02-16 20:52:18,890 - WARNING - ΓÜá∩╕Å     PR date: 2026-02-13 (target: 2026-01-17)
2026-02-16 20:52:18,896 - WARNING - ΓÜá∩╕Å   Order 5T1RJW4MDRNFJ:
2026-02-16 20:52:18,896 - WARNING - ΓÜá∩╕Å     UTC time: 2026-02-13 20:10:16 UTC
2026-02-16 20:52:18,897 - WARNING - ΓÜá∩╕Å     PR time: 2026-02-13 16:10:16 AST
    sales_data = fetch_sales_data(clover_creds, shopify_creds, target_date)
  File "E:\prog fold\Drunken cookies\real-time-inventory\vm_inventory_updater_fixed.py", line 537, in fetch_sales_data
    location_sales = fetch_clover_sales(creds, target_date)
  File "E:\prog fold\Drunken cookies\real-time-inventory\vm_inventory_updater_fixed.py", line 907, in 
fetch_clover_sales
    logging.warning(f"ΓÜá∩╕Å     PR date: {order_info['order_date_pr']} (target: {order_info['target_date']})")
Message: 'ΓÜá∩╕Å     PR date: 2026-02-13 (target: 2026-01-17)'
Arguments: ()
--- Logging error ---
Traceback (most recent call last):
  File "C:\Users\banzo\AppData\Local\Programs\Python\Python312\Lib\logging\__init__.py", line 1163, in emit
    stream.write(msg + self.terminator)
  File "C:\Users\banzo\AppData\Local\Programs\Python\Python312\Lib\encodings\cp1252.py", line 19, in encode
    return codecs.charmap_encode(input,self.errors,encoding_table)[0]
           ^^^^^^^^^^^^^^^^^^^^^^^^^^^^^^^^^^^^^^^^^^^^^^^^^^^^^^^
UnicodeEncodeError: 'charmap' codec can't encode characters in position 36-37: character maps to <undefined>
Call stack:
  File "E:\prog fold\Drunken cookies\real-time-inventory\vm_inventory_updater_fixed.py", line 2606, in <module>
    success = main()
  File "E:\prog fold\Drunken cookies\real-time-inventory\vm_inventory_updater_fixed.py", line 162, in main
    sales_data = fetch_sales_data(clover_creds, shopify_creds, target_date)
  File "E:\prog fold\Drunken cookies\real-time-inventory\vm_inventory_updater_fixed.py", line 537, in fetch_sales_data
    location_sales = fetch_clover_sales(creds, target_date)
  File "E:\prog fold\Drunken cookies\real-time-inventory\vm_inventory_updater_fixed.py", line 904, in 
fetch_clover_sales
    logging.warning(f"ΓÜá∩╕Å   Order {order_info['order_id']}:")
Message: 'ΓÜá∩╕Å   Order 5T1RJW4MDRNFJ:'
Arguments: ()
--- Logging error ---
Traceback (most recent call last):
  File "C:\Users\banzo\AppData\Local\Programs\Python\Python312\Lib\logging\__init__.py", line 1163, in emit
    stream.write(msg + self.terminator)
  File "C:\Users\banzo\AppData\Local\Programs\Python\Python312\Lib\encodings\cp1252.py", line 19, in encode
    return codecs.charmap_encode(input,self.errors,encoding_table)[0]
           ^^^^^^^^^^^^^^^^^^^^^^^^^^^^^^^^^^^^^^^^^^^^^^^^^^^^^^^
UnicodeEncodeError: 'charmap' codec can't encode characters in position 36-37: character maps to <undefined>
Call stack:
  File "E:\prog fold\Drunken cookies\real-time-inventory\vm_inventory_updater_fixed.py", line 2606, in <module>
    success = main()
  File "E:\prog fold\Drunken cookies\real-time-inventory\vm_inventory_updater_fixed.py", line 162, in main
    sales_data = fetch_sales_data(clover_creds, shopify_creds, target_date)
  File "E:\prog fold\Drunken cookies\real-time-inventory\vm_inventory_updater_fixed.py", line 537, in fetch_sales_data
    location_sales = fetch_clover_sales(creds, target_date)
  File "E:\prog fold\Drunken cookies\real-time-inventory\vm_inventory_updater_fixed.py", line 905, in 
fetch_clover_sales
    logging.warning(f"ΓÜá∩╕Å     UTC time: {order_info['order_time_utc']}")
Message: 'ΓÜá∩╕Å     UTC time: 2026-02-13 20:10:16 UTC'
Arguments: ()
--- Logging error ---
Traceback (most recent call last):
  File "C:\Users\banzo\AppData\Local\Programs\Python\Python312\Lib\logging\__init__.py", line 1163, in emit
    stream.write(msg + self.terminator)
  File "C:\Users\banzo\AppData\Local\Programs\Python\Python312\Lib\encodings\cp1252.py", line 19, in encode
    return codecs.charmap_encode(input,self.errors,encoding_table)[0]
           ^^^^^^^^^^^^^^^^^^^^^^^^^^^^^^^^^^^^^^^^^^^^^^^^^^^^^^^
UnicodeEncodeError: 'charmap' codec can't encode characters in position 36-37: character maps to <undefined>
Call stack:
  File "E:\prog fold\Drunken cookies\real-time-inventory\vm_inventory_updater_fixed.py", line 2606, in <module>
    success = main()
  File "E:\prog fold\Drunken cookies\real-time-inventory\vm_inventory_updater_fixed.py", line 162, in main
    sales_data = fetch_sales_data(clover_creds, shopify_creds, target_date)
  File "E:\prog fold\Drunken cookies\real-time-inventory\vm_inventory_updater_fixed.py", line 537, in fetch_sales_data
    location_sales = fetch_clover_sales(creds, target_date)
2026-02-16 20:52:18,903 - WARNING - ΓÜá∩╕Å     PR date: 2026-02-13 (target: 2026-01-17)
2026-02-16 20:52:18,904 - WARNING - ΓÜá∩╕Å   Order WGRYXWVDEWJXE:
2026-02-16 20:52:18,904 - WARNING - ΓÜá∩╕Å     UTC time: 2026-02-13 20:02:20 UTC
2026-02-16 20:52:18,910 - WARNING - ΓÜá∩╕Å     PR time: 2026-02-13 16:02:20 AST
  File "E:\prog fold\Drunken cookies\real-time-inventory\vm_inventory_updater_fixed.py", line 906, in 
fetch_clover_sales
    logging.warning(f"ΓÜá∩╕Å     PR time: {order_info['order_time_pr']}")
Message: 'ΓÜá∩╕Å     PR time: 2026-02-13 16:10:16 AST'
Arguments: ()
--- Logging error ---
Traceback (most recent call last):
  File "C:\Users\banzo\AppData\Local\Programs\Python\Python312\Lib\logging\__init__.py", line 1163, in emit
    stream.write(msg + self.terminator)
  File "C:\Users\banzo\AppData\Local\Programs\Python\Python312\Lib\encodings\cp1252.py", line 19, in encode
    return codecs.charmap_encode(input,self.errors,encoding_table)[0]
           ^^^^^^^^^^^^^^^^^^^^^^^^^^^^^^^^^^^^^^^^^^^^^^^^^^^^^^^
UnicodeEncodeError: 'charmap' codec can't encode characters in position 36-37: character maps to <undefined>
Call stack:
2026-02-16 20:52:18,910 - WARNING - ΓÜá∩╕Å     PR date: 2026-02-13 (target: 2026-01-17)
  File "E:\prog fold\Drunken cookies\real-time-inventory\vm_inventory_updater_fixed.py", line 2606, in <module>
    success = main()
  File "E:\prog fold\Drunken cookies\real-time-inventory\vm_inventory_updater_fixed.py", line 162, in main
    sales_data = fetch_sales_data(clover_creds, shopify_creds, target_date)
  File "E:\prog fold\Drunken cookies\real-time-inventory\vm_inventory_updater_fixed.py", line 537, in fetch_sales_data
    location_sales = fetch_clover_sales(creds, target_date)
  File "E:\prog fold\Drunken cookies\real-time-inventory\vm_inventory_updater_fixed.py", line 907, in 
fetch_clover_sales
    logging.warning(f"ΓÜá∩╕Å     PR date: {order_info['order_date_pr']} (target: {order_info['target_date']})")
Message: 'ΓÜá∩╕Å     PR date: 2026-02-13 (target: 2026-01-17)'
Arguments: ()
--- Logging error ---
Traceback (most recent call last):
  File "C:\Users\banzo\AppData\Local\Programs\Python\Python312\Lib\logging\__init__.py", line 1163, in emit
    stream.write(msg + self.terminator)
  File "C:\Users\banzo\AppData\Local\Programs\Python\Python312\Lib\encodings\cp1252.py", line 19, in encode
    return codecs.charmap_encode(input,self.errors,encoding_table)[0]
           ^^^^^^^^^^^^^^^^^^^^^^^^^^^^^^^^^^^^^^^^^^^^^^^^^^^^^^^
UnicodeEncodeError: 'charmap' codec can't encode characters in position 36-37: character maps to <undefined>
Call stack:
  File "E:\prog fold\Drunken cookies\real-time-inventory\vm_inventory_updater_fixed.py", line 2606, in <module>
    success = main()
  File "E:\prog fold\Drunken cookies\real-time-inventory\vm_inventory_updater_fixed.py", line 162, in main
    sales_data = fetch_sales_data(clover_creds, shopify_creds, target_date)
  File "E:\prog fold\Drunken cookies\real-time-inventory\vm_inventory_updater_fixed.py", line 537, in fetch_sales_data
    location_sales = fetch_clover_sales(creds, target_date)
  File "E:\prog fold\Drunken cookies\real-time-inventory\vm_inventory_updater_fixed.py", line 904, in 
fetch_clover_sales
    logging.warning(f"ΓÜá∩╕Å   Order {order_info['order_id']}:")
Message: 'ΓÜá∩╕Å   Order WGRYXWVDEWJXE:'
Arguments: ()
--- Logging error ---
Traceback (most recent call last):
  File "C:\Users\banzo\AppData\Local\Programs\Python\Python312\Lib\logging\__init__.py", line 1163, in emit
    stream.write(msg + self.terminator)
  File "C:\Users\banzo\AppData\Local\Programs\Python\Python312\Lib\encodings\cp1252.py", line 19, in encode
    return codecs.charmap_encode(input,self.errors,encoding_table)[0]
           ^^^^^^^^^^^^^^^^^^^^^^^^^^^^^^^^^^^^^^^^^^^^^^^^^^^^^^^
UnicodeEncodeError: 'charmap' codec can't encode characters in position 36-37: character maps to <undefined>
Call stack:
  File "E:\prog fold\Drunken cookies\real-time-inventory\vm_inventory_updater_fixed.py", line 2606, in <module>
    success = main()
  File "E:\prog fold\Drunken cookies\real-time-inventory\vm_inventory_updater_fixed.py", line 162, in main
    sales_data = fetch_sales_data(clover_creds, shopify_creds, target_date)
  File "E:\prog fold\Drunken cookies\real-time-inventory\vm_inventory_updater_fixed.py", line 537, in fetch_sales_data
    location_sales = fetch_clover_sales(creds, target_date)
  File "E:\prog fold\Drunken cookies\real-time-inventory\vm_inventory_updater_fixed.py", line 905, in 
fetch_clover_sales
    logging.warning(f"ΓÜá∩╕Å     UTC time: {order_info['order_time_utc']}")
Message: 'ΓÜá∩╕Å     UTC time: 2026-02-13 20:02:20 UTC'
Arguments: ()
--- Logging error ---
Traceback (most recent call last):
  File "C:\Users\banzo\AppData\Local\Programs\Python\Python312\Lib\logging\__init__.py", line 1163, in emit
    stream.write(msg + self.terminator)
  File "C:\Users\banzo\AppData\Local\Programs\Python\Python312\Lib\encodings\cp1252.py", line 19, in encode
    return codecs.charmap_encode(input,self.errors,encoding_table)[0]
           ^^^^^^^^^^^^^^^^^^^^^^^^^^^^^^^^^^^^^^^^^^^^^^^^^^^^^^^
UnicodeEncodeError: 'charmap' codec can't encode characters in position 36-37: character maps to <undefined>
Call stack:
  File "E:\prog fold\Drunken cookies\real-time-inventory\vm_inventory_updater_fixed.py", line 2606, in <module>
    success = main()
  File "E:\prog fold\Drunken cookies\real-time-inventory\vm_inventory_updater_fixed.py", line 162, in main
    sales_data = fetch_sales_data(clover_creds, shopify_creds, target_date)
  File "E:\prog fold\Drunken cookies\real-time-inventory\vm_inventory_updater_fixed.py", line 537, in fetch_sales_data
    location_sales = fetch_clover_sales(creds, target_date)
  File "E:\prog fold\Drunken cookies\real-time-inventory\vm_inventory_updater_fixed.py", line 906, in 
fetch_clover_sales
    logging.warning(f"ΓÜá∩╕Å     PR time: {order_info['order_time_pr']}")
Message: 'ΓÜá∩╕Å     PR time: 2026-02-13 16:02:20 AST'
Arguments: ()
--- Logging error ---
Traceback (most recent call last):
  File "C:\Users\banzo\AppData\Local\Programs\Python\Python312\Lib\logging\__init__.py", line 1163, in emit
    stream.write(msg + self.terminator)
  File "C:\Users\banzo\AppData\Local\Programs\Python\Python312\Lib\encodings\cp1252.py", line 19, in encode
    return codecs.charmap_encode(input,self.errors,encoding_table)[0]
           ^^^^^^^^^^^^^^^^^^^^^^^^^^^^^^^^^^^^^^^^^^^^^^^^^^^^^^^
UnicodeEncodeError: 'charmap' codec can't encode characters in position 36-37: character maps to <undefined>
Call stack:
  File "E:\prog fold\Drunken cookies\real-time-inventory\vm_inventory_updater_fixed.py", line 2606, in <module>
    success = main()
  File "E:\prog fold\Drunken cookies\real-time-inventory\vm_inventory_updater_fixed.py", line 162, in main
    sales_data = fetch_sales_data(clover_creds, shopify_creds, target_date)
  File "E:\prog fold\Drunken cookies\real-time-inventory\vm_inventory_updater_fixed.py", line 537, in fetch_sales_data
    location_sales = fetch_clover_sales(creds, target_date)
  File "E:\prog fold\Drunken cookies\real-time-inventory\vm_inventory_updater_fixed.py", line 907, in 
fetch_clover_sales
    logging.warning(f"ΓÜá∩╕Å     PR date: {order_info['order_date_pr']} (target: {order_info['target_date']})")
Message: 'ΓÜá∩╕Å     PR date: 2026-02-13 (target: 2026-01-17)'
Arguments: ()
--- Logging error ---
Traceback (most recent call last):
  File "C:\Users\banzo\AppData\Local\Programs\Python\Python312\Lib\logging\__init__.py", line 1163, in emit
    stream.write(msg + self.terminator)
  File "C:\Users\banzo\AppData\Local\Programs\Python\Python312\Lib\encodings\cp1252.py", line 19, in encode
    return codecs.charmap_encode(input,self.errors,encoding_table)[0]
           ^^^^^^^^^^^^^^^^^^^^^^^^^^^^^^^^^^^^^^^^^^^^^^^^^^^^^^^
UnicodeEncodeError: 'charmap' codec can't encode characters in position 36-37: character maps to <undefined>
Call stack:
  File "E:\prog fold\Drunken cookies\real-time-inventory\vm_inventory_updater_fixed.py", line 2606, in <module>
    success = main()
  File "E:\prog fold\Drunken cookies\real-time-inventory\vm_inventory_updater_fixed.py", line 162, in main
    sales_data = fetch_sales_data(clover_creds, shopify_creds, target_date)
2026-02-16 20:52:18,911 - WARNING - ΓÜá∩╕Å   Order PJ1SAB6T9SP0Y:
2026-02-16 20:52:18,917 - WARNING - ΓÜá∩╕Å     UTC time: 2026-02-13 18:45:36 UTC
2026-02-16 20:52:18,918 - WARNING - ΓÜá∩╕Å     PR time: 2026-02-13 14:45:36 AST
2026-02-16 20:52:18,918 - WARNING - ΓÜá∩╕Å     PR date: 2026-02-13 (target: 2026-01-17)
2026-02-16 20:52:18,924 - WARNING - ΓÜá∩╕Å   Order TJ77Z8253QEGW:
  File "E:\prog fold\Drunken cookies\real-time-inventory\vm_inventory_updater_fixed.py", line 537, in fetch_sales_data
    location_sales = fetch_clover_sales(creds, target_date)
  File "E:\prog fold\Drunken cookies\real-time-inventory\vm_inventory_updater_fixed.py", line 904, in 
fetch_clover_sales
    logging.warning(f"ΓÜá∩╕Å   Order {order_info['order_id']}:")
Message: 'ΓÜá∩╕Å   Order PJ1SAB6T9SP0Y:'
Arguments: ()
--- Logging error ---
Traceback (most recent call last):
  File "C:\Users\banzo\AppData\Local\Programs\Python\Python312\Lib\logging\__init__.py", line 1163, in emit
    stream.write(msg + self.terminator)
  File "C:\Users\banzo\AppData\Local\Programs\Python\Python312\Lib\encodings\cp1252.py", line 19, in encode
    return codecs.charmap_encode(input,self.errors,encoding_table)[0]
           ^^^^^^^^^^^^^^^^^^^^^^^^^^^^^^^^^^^^^^^^^^^^^^^^^^^^^^^
2026-02-16 20:52:18,925 - WARNING - ΓÜá∩╕Å     UTC time: 2026-02-13 16:57:28 UTC
UnicodeEncodeError: 'charmap' codec can't encode characters in position 36-37: character maps to <undefined>
Call stack:
  File "E:\prog fold\Drunken cookies\real-time-inventory\vm_inventory_updater_fixed.py", line 2606, in <module>
    success = main()
  File "E:\prog fold\Drunken cookies\real-time-inventory\vm_inventory_updater_fixed.py", line 162, in main
    sales_data = fetch_sales_data(clover_creds, shopify_creds, target_date)
  File "E:\prog fold\Drunken cookies\real-time-inventory\vm_inventory_updater_fixed.py", line 537, in fetch_sales_data
    location_sales = fetch_clover_sales(creds, target_date)
  File "E:\prog fold\Drunken cookies\real-time-inventory\vm_inventory_updater_fixed.py", line 905, in 
fetch_clover_sales
    logging.warning(f"ΓÜá∩╕Å     UTC time: {order_info['order_time_utc']}")
Message: 'ΓÜá∩╕Å     UTC time: 2026-02-13 18:45:36 UTC'
Arguments: ()
--- Logging error ---
Traceback (most recent call last):
  File "C:\Users\banzo\AppData\Local\Programs\Python\Python312\Lib\logging\__init__.py", line 1163, in emit
    stream.write(msg + self.terminator)
  File "C:\Users\banzo\AppData\Local\Programs\Python\Python312\Lib\encodings\cp1252.py", line 19, in encode
    return codecs.charmap_encode(input,self.errors,encoding_table)[0]
           ^^^^^^^^^^^^^^^^^^^^^^^^^^^^^^^^^^^^^^^^^^^^^^^^^^^^^^^
UnicodeEncodeError: 'charmap' codec can't encode characters in position 36-37: character maps to <undefined>
Call stack:
  File "E:\prog fold\Drunken cookies\real-time-inventory\vm_inventory_updater_fixed.py", line 2606, in <module>
    success = main()
  File "E:\prog fold\Drunken cookies\real-time-inventory\vm_inventory_updater_fixed.py", line 162, in main
    sales_data = fetch_sales_data(clover_creds, shopify_creds, target_date)
  File "E:\prog fold\Drunken cookies\real-time-inventory\vm_inventory_updater_fixed.py", line 537, in fetch_sales_data
    location_sales = fetch_clover_sales(creds, target_date)
  File "E:\prog fold\Drunken cookies\real-time-inventory\vm_inventory_updater_fixed.py", line 906, in 
fetch_clover_sales
    logging.warning(f"ΓÜá∩╕Å     PR time: {order_info['order_time_pr']}")
Message: 'ΓÜá∩╕Å     PR time: 2026-02-13 14:45:36 AST'
Arguments: ()
--- Logging error ---
Traceback (most recent call last):
  File "C:\Users\banzo\AppData\Local\Programs\Python\Python312\Lib\logging\__init__.py", line 1163, in emit
    stream.write(msg + self.terminator)
  File "C:\Users\banzo\AppData\Local\Programs\Python\Python312\Lib\encodings\cp1252.py", line 19, in encode
    return codecs.charmap_encode(input,self.errors,encoding_table)[0]
           ^^^^^^^^^^^^^^^^^^^^^^^^^^^^^^^^^^^^^^^^^^^^^^^^^^^^^^^
UnicodeEncodeError: 'charmap' codec can't encode characters in position 36-37: character maps to <undefined>
Call stack:
  File "E:\prog fold\Drunken cookies\real-time-inventory\vm_inventory_updater_fixed.py", line 2606, in <module>
    success = main()
  File "E:\prog fold\Drunken cookies\real-time-inventory\vm_inventory_updater_fixed.py", line 162, in main
    sales_data = fetch_sales_data(clover_creds, shopify_creds, target_date)
  File "E:\prog fold\Drunken cookies\real-time-inventory\vm_inventory_updater_fixed.py", line 537, in fetch_sales_data
    location_sales = fetch_clover_sales(creds, target_date)
  File "E:\prog fold\Drunken cookies\real-time-inventory\vm_inventory_updater_fixed.py", line 907, in 
fetch_clover_sales
    logging.warning(f"ΓÜá∩╕Å     PR date: {order_info['order_date_pr']} (target: {order_info['target_date']})")
Message: 'ΓÜá∩╕Å     PR date: 2026-02-13 (target: 2026-01-17)'
Arguments: ()
--- Logging error ---
Traceback (most recent call last):
  File "C:\Users\banzo\AppData\Local\Programs\Python\Python312\Lib\logging\__init__.py", line 1163, in emit
    stream.write(msg + self.terminator)
  File "C:\Users\banzo\AppData\Local\Programs\Python\Python312\Lib\encodings\cp1252.py", line 19, in encode
    return codecs.charmap_encode(input,self.errors,encoding_table)[0]
           ^^^^^^^^^^^^^^^^^^^^^^^^^^^^^^^^^^^^^^^^^^^^^^^^^^^^^^^
UnicodeEncodeError: 'charmap' codec can't encode characters in position 36-37: character maps to <undefined>
Call stack:
  File "E:\prog fold\Drunken cookies\real-time-inventory\vm_inventory_updater_fixed.py", line 2606, in <module>
    success = main()
  File "E:\prog fold\Drunken cookies\real-time-inventory\vm_inventory_updater_fixed.py", line 162, in main
    sales_data = fetch_sales_data(clover_creds, shopify_creds, target_date)
  File "E:\prog fold\Drunken cookies\real-time-inventory\vm_inventory_updater_fixed.py", line 537, in fetch_sales_data
    location_sales = fetch_clover_sales(creds, target_date)
  File "E:\prog fold\Drunken cookies\real-time-inventory\vm_inventory_updater_fixed.py", line 904, in 
fetch_clover_sales
    logging.warning(f"ΓÜá∩╕Å   Order {order_info['order_id']}:")
Message: 'ΓÜá∩╕Å   Order TJ77Z8253QEGW:'
Arguments: ()
--- Logging error ---
Traceback (most recent call last):
  File "C:\Users\banzo\AppData\Local\Programs\Python\Python312\Lib\logging\__init__.py", line 1163, in emit
    stream.write(msg + self.terminator)
  File "C:\Users\banzo\AppData\Local\Programs\Python\Python312\Lib\encodings\cp1252.py", line 19, in encode
    return codecs.charmap_encode(input,self.errors,encoding_table)[0]
           ^^^^^^^^^^^^^^^^^^^^^^^^^^^^^^^^^^^^^^^^^^^^^^^^^^^^^^^
UnicodeEncodeError: 'charmap' codec can't encode characters in position 36-37: character maps to <undefined>
Call stack:
  File "E:\prog fold\Drunken cookies\real-time-inventory\vm_inventory_updater_fixed.py", line 2606, in <module>
    success = main()
  File "E:\prog fold\Drunken cookies\real-time-inventory\vm_inventory_updater_fixed.py", line 162, in main
    sales_data = fetch_sales_data(clover_creds, shopify_creds, target_date)
  File "E:\prog fold\Drunken cookies\real-time-inventory\vm_inventory_updater_fixed.py", line 537, in fetch_sales_data
    location_sales = fetch_clover_sales(creds, target_date)
  File "E:\prog fold\Drunken cookies\real-time-inventory\vm_inventory_updater_fixed.py", line 905, in 
fetch_clover_sales
    logging.warning(f"ΓÜá∩╕Å     UTC time: {order_info['order_time_utc']}")
Message: 'ΓÜá∩╕Å     UTC time: 2026-02-13 16:57:28 UTC'
Arguments: ()
--- Logging error ---
Traceback (most recent call last):
  File "C:\Users\banzo\AppData\Local\Programs\Python\Python312\Lib\logging\__init__.py", line 1163, in emit
    stream.write(msg + self.terminator)
  File "C:\Users\banzo\AppData\Local\Programs\Python\Python312\Lib\encodings\cp1252.py", line 19, in encode
    return codecs.charmap_encode(input,self.errors,encoding_table)[0]
2026-02-16 20:52:18,925 - WARNING - ΓÜá∩╕Å     PR time: 2026-02-13 12:57:28 AST
2026-02-16 20:52:18,932 - WARNING - ΓÜá∩╕Å     PR date: 2026-02-13 (target: 2026-01-17)
2026-02-16 20:52:18,933 - WARNING - ΓÜá∩╕Å   Order 5Z4ZJF14SZZMP:
           ^^^^^^^^^^^^^^^^^^^^^^^^^^^^^^^^^^^^^^^^^^^^^^^^^^^^^^^
UnicodeEncodeError: 'charmap' codec can't encode characters in position 36-37: character maps to <undefined>
Call stack:
  File "E:\prog fold\Drunken cookies\real-time-inventory\vm_inventory_updater_fixed.py", line 2606, in <module>
    success = main()
  File "E:\prog fold\Drunken cookies\real-time-inventory\vm_inventory_updater_fixed.py", line 162, in main
    sales_data = fetch_sales_data(clover_creds, shopify_creds, target_date)
  File "E:\prog fold\Drunken cookies\real-time-inventory\vm_inventory_updater_fixed.py", line 537, in fetch_sales_data
    location_sales = fetch_clover_sales(creds, target_date)
  File "E:\prog fold\Drunken cookies\real-time-inventory\vm_inventory_updater_fixed.py", line 906, in 
fetch_clover_sales
    logging.warning(f"ΓÜá∩╕Å     PR time: {order_info['order_time_pr']}")
Message: 'ΓÜá∩╕Å     PR time: 2026-02-13 12:57:28 AST'
Arguments: ()
--- Logging error ---
Traceback (most recent call last):
  File "C:\Users\banzo\AppData\Local\Programs\Python\Python312\Lib\logging\__init__.py", line 1163, in emit
    stream.write(msg + self.terminator)
  File "C:\Users\banzo\AppData\Local\Programs\Python\Python312\Lib\encodings\cp1252.py", line 19, in encode
    return codecs.charmap_encode(input,self.errors,encoding_table)[0]
           ^^^^^^^^^^^^^^^^^^^^^^^^^^^^^^^^^^^^^^^^^^^^^^^^^^^^^^^
UnicodeEncodeError: 'charmap' codec can't encode characters in position 36-37: character maps to <undefined>
Call stack:
  File "E:\prog fold\Drunken cookies\real-time-inventory\vm_inventory_updater_fixed.py", line 2606, in <module>
    success = main()
  File "E:\prog fold\Drunken cookies\real-time-inventory\vm_inventory_updater_fixed.py", line 162, in main
    sales_data = fetch_sales_data(clover_creds, shopify_creds, target_date)
  File "E:\prog fold\Drunken cookies\real-time-inventory\vm_inventory_updater_fixed.py", line 537, in fetch_sales_data
    location_sales = fetch_clover_sales(creds, target_date)
  File "E:\prog fold\Drunken cookies\real-time-inventory\vm_inventory_updater_fixed.py", line 907, in 
fetch_clover_sales
    logging.warning(f"ΓÜá∩╕Å     PR date: {order_info['order_date_pr']} (target: {order_info['target_date']})")
2026-02-16 20:52:18,933 - WARNING - ΓÜá∩╕Å     UTC time: 2026-02-13 16:26:20 UTC
2026-02-16 20:52:18,940 - WARNING - ΓÜá∩╕Å     PR time: 2026-02-13 12:26:20 AST
2026-02-16 20:52:18,940 - WARNING - ΓÜá∩╕Å     PR date: 2026-02-13 (target: 2026-01-17)
Message: 'ΓÜá∩╕Å     PR date: 2026-02-13 (target: 2026-01-17)'
Arguments: ()
--- Logging error ---
Traceback (most recent call last):
  File "C:\Users\banzo\AppData\Local\Programs\Python\Python312\Lib\logging\__init__.py", line 1163, in emit
    stream.write(msg + self.terminator)
  File "C:\Users\banzo\AppData\Local\Programs\Python\Python312\Lib\encodings\cp1252.py", line 19, in encode
    return codecs.charmap_encode(input,self.errors,encoding_table)[0]
           ^^^^^^^^^^^^^^^^^^^^^^^^^^^^^^^^^^^^^^^^^^^^^^^^^^^^^^^
UnicodeEncodeError: 'charmap' codec can't encode characters in position 36-37: character maps to <undefined>
Call stack:
  File "E:\prog fold\Drunken cookies\real-time-inventory\vm_inventory_updater_fixed.py", line 2606, in <module>
    success = main()
  File "E:\prog fold\Drunken cookies\real-time-inventory\vm_inventory_updater_fixed.py", line 162, in main
    sales_data = fetch_sales_data(clover_creds, shopify_creds, target_date)
  File "E:\prog fold\Drunken cookies\real-time-inventory\vm_inventory_updater_fixed.py", line 537, in fetch_sales_data
    location_sales = fetch_clover_sales(creds, target_date)
  File "E:\prog fold\Drunken cookies\real-time-inventory\vm_inventory_updater_fixed.py", line 904, in 
fetch_clover_sales
    logging.warning(f"ΓÜá∩╕Å   Order {order_info['order_id']}:")
Message: 'ΓÜá∩╕Å   Order 5Z4ZJF14SZZMP:'
Arguments: ()
--- Logging error ---
Traceback (most recent call last):
  File "C:\Users\banzo\AppData\Local\Programs\Python\Python312\Lib\logging\__init__.py", line 1163, in emit
    stream.write(msg + self.terminator)
  File "C:\Users\banzo\AppData\Local\Programs\Python\Python312\Lib\encodings\cp1252.py", line 19, in encode
    return codecs.charmap_encode(input,self.errors,encoding_table)[0]
           ^^^^^^^^^^^^^^^^^^^^^^^^^^^^^^^^^^^^^^^^^^^^^^^^^^^^^^^
UnicodeEncodeError: 'charmap' codec can't encode characters in position 36-37: character maps to <undefined>
Call stack:
  File "E:\prog fold\Drunken cookies\real-time-inventory\vm_inventory_updater_fixed.py", line 2606, in <module>
    success = main()
  File "E:\prog fold\Drunken cookies\real-time-inventory\vm_inventory_updater_fixed.py", line 162, in main
    sales_data = fetch_sales_data(clover_creds, shopify_creds, target_date)
  File "E:\prog fold\Drunken cookies\real-time-inventory\vm_inventory_updater_fixed.py", line 537, in fetch_sales_data
    location_sales = fetch_clover_sales(creds, target_date)
  File "E:\prog fold\Drunken cookies\real-time-inventory\vm_inventory_updater_fixed.py", line 905, in 
fetch_clover_sales
    logging.warning(f"ΓÜá∩╕Å     UTC time: {order_info['order_time_utc']}")
Message: 'ΓÜá∩╕Å     UTC time: 2026-02-13 16:26:20 UTC'
Arguments: ()
--- Logging error ---
Traceback (most recent call last):
  File "C:\Users\banzo\AppData\Local\Programs\Python\Python312\Lib\logging\__init__.py", line 1163, in emit
    stream.write(msg + self.terminator)
  File "C:\Users\banzo\AppData\Local\Programs\Python\Python312\Lib\encodings\cp1252.py", line 19, in encode
    return codecs.charmap_encode(input,self.errors,encoding_table)[0]
           ^^^^^^^^^^^^^^^^^^^^^^^^^^^^^^^^^^^^^^^^^^^^^^^^^^^^^^^
UnicodeEncodeError: 'charmap' codec can't encode characters in position 36-37: character maps to <undefined>
Call stack:
  File "E:\prog fold\Drunken cookies\real-time-inventory\vm_inventory_updater_fixed.py", line 2606, in <module>
    success = main()
  File "E:\prog fold\Drunken cookies\real-time-inventory\vm_inventory_updater_fixed.py", line 162, in main
    sales_data = fetch_sales_data(clover_creds, shopify_creds, target_date)
  File "E:\prog fold\Drunken cookies\real-time-inventory\vm_inventory_updater_fixed.py", line 537, in fetch_sales_data
    location_sales = fetch_clover_sales(creds, target_date)
  File "E:\prog fold\Drunken cookies\real-time-inventory\vm_inventory_updater_fixed.py", line 906, in 
fetch_clover_sales
    logging.warning(f"ΓÜá∩╕Å     PR time: {order_info['order_time_pr']}")
Message: 'ΓÜá∩╕Å     PR time: 2026-02-13 12:26:20 AST'
Arguments: ()
--- Logging error ---
Traceback (most recent call last):
  File "C:\Users\banzo\AppData\Local\Programs\Python\Python312\Lib\logging\__init__.py", line 1163, in emit
    stream.write(msg + self.terminator)
  File "C:\Users\banzo\AppData\Local\Programs\Python\Python312\Lib\encodings\cp1252.py", line 19, in encode
    return codecs.charmap_encode(input,self.errors,encoding_table)[0]
           ^^^^^^^^^^^^^^^^^^^^^^^^^^^^^^^^^^^^^^^^^^^^^^^^^^^^^^^
UnicodeEncodeError: 'charmap' codec can't encode characters in position 36-37: character maps to <undefined>
Call stack:
  File "E:\prog fold\Drunken cookies\real-time-inventory\vm_inventory_updater_fixed.py", line 2606, in <module>
    success = main()
  File "E:\prog fold\Drunken cookies\real-time-inventory\vm_inventory_updater_fixed.py", line 162, in main
    sales_data = fetch_sales_data(clover_creds, shopify_creds, target_date)
  File "E:\prog fold\Drunken cookies\real-time-inventory\vm_inventory_updater_fixed.py", line 537, in fetch_sales_data
    location_sales = fetch_clover_sales(creds, target_date)
  File "E:\prog fold\Drunken cookies\real-time-inventory\vm_inventory_updater_fixed.py", line 907, in 
fetch_clover_sales
    logging.warning(f"ΓÜá∩╕Å     PR date: {order_info['order_date_pr']} (target: {order_info['target_date']})")
Message: 'ΓÜá∩╕Å     PR date: 2026-02-13 (target: 2026-01-17)'
Arguments: ()
--- Logging error ---
Traceback (most recent call last):
  File "C:\Users\banzo\AppData\Local\Programs\Python\Python312\Lib\logging\__init__.py", line 1163, in emit
2026-02-16 20:52:18,941 - WARNING - ΓÜá∩╕Å   Order 1N8BJYWYGTFAC:
2026-02-16 20:52:18,948 - WARNING - ΓÜá∩╕Å     UTC time: 2026-02-13 15:25:23 UTC
2026-02-16 20:52:18,949 - WARNING - ΓÜá∩╕Å     PR time: 2026-02-13 11:25:23 AST
    stream.write(msg + self.terminator)
  File "C:\Users\banzo\AppData\Local\Programs\Python\Python312\Lib\encodings\cp1252.py", line 19, in encode
    return codecs.charmap_encode(input,self.errors,encoding_table)[0]
           ^^^^^^^^^^^^^^^^^^^^^^^^^^^^^^^^^^^^^^^^^^^^^^^^^^^^^^^
UnicodeEncodeError: 'charmap' codec can't encode characters in position 36-37: character maps to <undefined>
Call stack:
  File "E:\prog fold\Drunken cookies\real-time-inventory\vm_inventory_updater_fixed.py", line 2606, in <module>
    success = main()
  File "E:\prog fold\Drunken cookies\real-time-inventory\vm_inventory_updater_fixed.py", line 162, in main
    sales_data = fetch_sales_data(clover_creds, shopify_creds, target_date)
  File "E:\prog fold\Drunken cookies\real-time-inventory\vm_inventory_updater_fixed.py", line 537, in fetch_sales_data
    location_sales = fetch_clover_sales(creds, target_date)
  File "E:\prog fold\Drunken cookies\real-time-inventory\vm_inventory_updater_fixed.py", line 904, in 
fetch_clover_sales
2026-02-16 20:52:18,949 - WARNING - ΓÜá∩╕Å     PR date: 2026-02-13 (target: 2026-01-17)
    logging.warning(f"ΓÜá∩╕Å   Order {order_info['order_id']}:")
Message: 'ΓÜá∩╕Å   Order 1N8BJYWYGTFAC:'
Arguments: ()
--- Logging error ---
Traceback (most recent call last):
  File "C:\Users\banzo\AppData\Local\Programs\Python\Python312\Lib\logging\__init__.py", line 1163, in emit
    stream.write(msg + self.terminator)
  File "C:\Users\banzo\AppData\Local\Programs\Python\Python312\Lib\encodings\cp1252.py", line 19, in encode
    return codecs.charmap_encode(input,self.errors,encoding_table)[0]
           ^^^^^^^^^^^^^^^^^^^^^^^^^^^^^^^^^^^^^^^^^^^^^^^^^^^^^^^
UnicodeEncodeError: 'charmap' codec can't encode characters in position 36-37: character maps to <undefined>
Call stack:
  File "E:\prog fold\Drunken cookies\real-time-inventory\vm_inventory_updater_fixed.py", line 2606, in <module>
    success = main()
  File "E:\prog fold\Drunken cookies\real-time-inventory\vm_inventory_updater_fixed.py", line 162, in main
    sales_data = fetch_sales_data(clover_creds, shopify_creds, target_date)
  File "E:\prog fold\Drunken cookies\real-time-inventory\vm_inventory_updater_fixed.py", line 537, in fetch_sales_data
    location_sales = fetch_clover_sales(creds, target_date)
  File "E:\prog fold\Drunken cookies\real-time-inventory\vm_inventory_updater_fixed.py", line 905, in 
fetch_clover_sales
    logging.warning(f"ΓÜá∩╕Å     UTC time: {order_info['order_time_utc']}")
Message: 'ΓÜá∩╕Å     UTC time: 2026-02-13 15:25:23 UTC'
Arguments: ()
--- Logging error ---
Traceback (most recent call last):
  File "C:\Users\banzo\AppData\Local\Programs\Python\Python312\Lib\logging\__init__.py", line 1163, in emit
    stream.write(msg + self.terminator)
  File "C:\Users\banzo\AppData\Local\Programs\Python\Python312\Lib\encodings\cp1252.py", line 19, in encode
    return codecs.charmap_encode(input,self.errors,encoding_table)[0]
           ^^^^^^^^^^^^^^^^^^^^^^^^^^^^^^^^^^^^^^^^^^^^^^^^^^^^^^^
UnicodeEncodeError: 'charmap' codec can't encode characters in position 36-37: character maps to <undefined>
Call stack:
  File "E:\prog fold\Drunken cookies\real-time-inventory\vm_inventory_updater_fixed.py", line 2606, in <module>
    success = main()
  File "E:\prog fold\Drunken cookies\real-time-inventory\vm_inventory_updater_fixed.py", line 162, in main
    sales_data = fetch_sales_data(clover_creds, shopify_creds, target_date)
  File "E:\prog fold\Drunken cookies\real-time-inventory\vm_inventory_updater_fixed.py", line 537, in fetch_sales_data
    location_sales = fetch_clover_sales(creds, target_date)
  File "E:\prog fold\Drunken cookies\real-time-inventory\vm_inventory_updater_fixed.py", line 906, in 
fetch_clover_sales
    logging.warning(f"ΓÜá∩╕Å     PR time: {order_info['order_time_pr']}")
Message: 'ΓÜá∩╕Å     PR time: 2026-02-13 11:25:23 AST'
Arguments: ()
--- Logging error ---
Traceback (most recent call last):
  File "C:\Users\banzo\AppData\Local\Programs\Python\Python312\Lib\logging\__init__.py", line 1163, in emit
    stream.write(msg + self.terminator)
  File "C:\Users\banzo\AppData\Local\Programs\Python\Python312\Lib\encodings\cp1252.py", line 19, in encode
    return codecs.charmap_encode(input,self.errors,encoding_table)[0]
           ^^^^^^^^^^^^^^^^^^^^^^^^^^^^^^^^^^^^^^^^^^^^^^^^^^^^^^^
UnicodeEncodeError: 'charmap' codec can't encode characters in position 36-37: character maps to <undefined>
Call stack:
  File "E:\prog fold\Drunken cookies\real-time-inventory\vm_inventory_updater_fixed.py", line 2606, in <module>
2026-02-16 20:52:18,956 - WARNING - ΓÜá∩╕Å   Order XQ5H43N2CZVS2:
2026-02-16 20:52:18,957 - WARNING - ΓÜá∩╕Å     UTC time: 2026-02-07 23:46:19 UTC
    success = main()
  File "E:\prog fold\Drunken cookies\real-time-inventory\vm_inventory_updater_fixed.py", line 162, in main
    sales_data = fetch_sales_data(clover_creds, shopify_creds, target_date)
  File "E:\prog fold\Drunken cookies\real-time-inventory\vm_inventory_updater_fixed.py", line 537, in fetch_sales_data
    location_sales = fetch_clover_sales(creds, target_date)
  File "E:\prog fold\Drunken cookies\real-time-inventory\vm_inventory_updater_fixed.py", line 907, in 
fetch_clover_sales
    logging.warning(f"ΓÜá∩╕Å     PR date: {order_info['order_date_pr']} (target: {order_info['target_date']})")
Message: 'ΓÜá∩╕Å     PR date: 2026-02-13 (target: 2026-01-17)'
Arguments: ()
--- Logging error ---
Traceback (most recent call last):
  File "C:\Users\banzo\AppData\Local\Programs\Python\Python312\Lib\logging\__init__.py", line 1163, in emit
    stream.write(msg + self.terminator)
  File "C:\Users\banzo\AppData\Local\Programs\Python\Python312\Lib\encodings\cp1252.py", line 19, in encode
    return codecs.charmap_encode(input,self.errors,encoding_table)[0]
           ^^^^^^^^^^^^^^^^^^^^^^^^^^^^^^^^^^^^^^^^^^^^^^^^^^^^^^^
UnicodeEncodeError: 'charmap' codec can't encode characters in position 36-37: character maps to <undefined>
Call stack:
  File "E:\prog fold\Drunken cookies\real-time-inventory\vm_inventory_updater_fixed.py", line 2606, in <module>
    success = main()
  File "E:\prog fold\Drunken cookies\real-time-inventory\vm_inventory_updater_fixed.py", line 162, in main
    sales_data = fetch_sales_data(clover_creds, shopify_creds, target_date)
  File "E:\prog fold\Drunken cookies\real-time-inventory\vm_inventory_updater_fixed.py", line 537, in fetch_sales_data
    location_sales = fetch_clover_sales(creds, target_date)
  File "E:\prog fold\Drunken cookies\real-time-inventory\vm_inventory_updater_fixed.py", line 904, in 
fetch_clover_sales
    logging.warning(f"ΓÜá∩╕Å   Order {order_info['order_id']}:")
Message: 'ΓÜá∩╕Å   Order XQ5H43N2CZVS2:'
Arguments: ()
--- Logging error ---
Traceback (most recent call last):
  File "C:\Users\banzo\AppData\Local\Programs\Python\Python312\Lib\logging\__init__.py", line 1163, in emit
    stream.write(msg + self.terminator)
  File "C:\Users\banzo\AppData\Local\Programs\Python\Python312\Lib\encodings\cp1252.py", line 19, in encode
    return codecs.charmap_encode(input,self.errors,encoding_table)[0]
           ^^^^^^^^^^^^^^^^^^^^^^^^^^^^^^^^^^^^^^^^^^^^^^^^^^^^^^^
UnicodeEncodeError: 'charmap' codec can't encode characters in position 36-37: character maps to <undefined>
Call stack:
  File "E:\prog fold\Drunken cookies\real-time-inventory\vm_inventory_updater_fixed.py", line 2606, in <module>
    success = main()
  File "E:\prog fold\Drunken cookies\real-time-inventory\vm_inventory_updater_fixed.py", line 162, in main
    sales_data = fetch_sales_data(clover_creds, shopify_creds, target_date)
  File "E:\prog fold\Drunken cookies\real-time-inventory\vm_inventory_updater_fixed.py", line 537, in fetch_sales_data
    location_sales = fetch_clover_sales(creds, target_date)
  File "E:\prog fold\Drunken cookies\real-time-inventory\vm_inventory_updater_fixed.py", line 905, in 
fetch_clover_sales
    logging.warning(f"ΓÜá∩╕Å     UTC time: {order_info['order_time_utc']}")
Message: 'ΓÜá∩╕Å     UTC time: 2026-02-07 23:46:19 UTC'
Arguments: ()
--- Logging error ---
Traceback (most recent call last):
  File "C:\Users\banzo\AppData\Local\Programs\Python\Python312\Lib\logging\__init__.py", line 1163, in emit
    stream.write(msg + self.terminator)
  File "C:\Users\banzo\AppData\Local\Programs\Python\Python312\Lib\encodings\cp1252.py", line 19, in encode
2026-02-16 20:52:18,957 - WARNING - ΓÜá∩╕Å     PR time: 2026-02-07 19:46:19 AST
2026-02-16 20:52:18,964 - WARNING - ΓÜá∩╕Å     PR date: 2026-02-07 (target: 2026-01-17)
2026-02-16 20:52:18,965 - WARNING - ΓÜá∩╕Å   Order F1ME0958HJEQE:
    return codecs.charmap_encode(input,self.errors,encoding_table)[0]
           ^^^^^^^^^^^^^^^^^^^^^^^^^^^^^^^^^^^^^^^^^^^^^^^^^^^^^^^
UnicodeEncodeError: 'charmap' codec can't encode characters in position 36-37: character maps to <undefined>
Call stack:
  File "E:\prog fold\Drunken cookies\real-time-inventory\vm_inventory_updater_fixed.py", line 2606, in <module>
    success = main()
  File "E:\prog fold\Drunken cookies\real-time-inventory\vm_inventory_updater_fixed.py", line 162, in main
    sales_data = fetch_sales_data(clover_creds, shopify_creds, target_date)
  File "E:\prog fold\Drunken cookies\real-time-inventory\vm_inventory_updater_fixed.py", line 537, in fetch_sales_data
    location_sales = fetch_clover_sales(creds, target_date)
  File "E:\prog fold\Drunken cookies\real-time-inventory\vm_inventory_updater_fixed.py", line 906, in 
fetch_clover_sales
    logging.warning(f"ΓÜá∩╕Å     PR time: {order_info['order_time_pr']}")
Message: 'ΓÜá∩╕Å     PR time: 2026-02-07 19:46:19 AST'
Arguments: ()
--- Logging error ---
Traceback (most recent call last):
  File "C:\Users\banzo\AppData\Local\Programs\Python\Python312\Lib\logging\__init__.py", line 1163, in emit
    stream.write(msg + self.terminator)
  File "C:\Users\banzo\AppData\Local\Programs\Python\Python312\Lib\encodings\cp1252.py", line 19, in encode
    return codecs.charmap_encode(input,self.errors,encoding_table)[0]
           ^^^^^^^^^^^^^^^^^^^^^^^^^^^^^^^^^^^^^^^^^^^^^^^^^^^^^^^
UnicodeEncodeError: 'charmap' codec can't encode characters in position 36-37: character maps to <undefined>
Call stack:
  File "E:\prog fold\Drunken cookies\real-time-inventory\vm_inventory_updater_fixed.py", line 2606, in <module>
    success = main()
  File "E:\prog fold\Drunken cookies\real-time-inventory\vm_inventory_updater_fixed.py", line 162, in main
    sales_data = fetch_sales_data(clover_creds, shopify_creds, target_date)
  File "E:\prog fold\Drunken cookies\real-time-inventory\vm_inventory_updater_fixed.py", line 537, in fetch_sales_data
    location_sales = fetch_clover_sales(creds, target_date)
  File "E:\prog fold\Drunken cookies\real-time-inventory\vm_inventory_updater_fixed.py", line 907, in 
fetch_clover_sales
    logging.warning(f"ΓÜá∩╕Å     PR date: {order_info['order_date_pr']} (target: {order_info['target_date']})")
Message: 'ΓÜá∩╕Å     PR date: 2026-02-07 (target: 2026-01-17)'
Arguments: ()
--- Logging error ---
Traceback (most recent call last):
  File "C:\Users\banzo\AppData\Local\Programs\Python\Python312\Lib\logging\__init__.py", line 1163, in emit
    stream.write(msg + self.terminator)
  File "C:\Users\banzo\AppData\Local\Programs\Python\Python312\Lib\encodings\cp1252.py", line 19, in encode
2026-02-16 20:52:18,965 - WARNING - ΓÜá∩╕Å     UTC time: 2026-02-07 20:58:06 UTC
2026-02-16 20:52:18,973 - WARNING - ΓÜá∩╕Å     PR time: 2026-02-07 16:58:06 AST
2026-02-16 20:52:18,974 - WARNING - ΓÜá∩╕Å     PR date: 2026-02-07 (target: 2026-01-17)
    return codecs.charmap_encode(input,self.errors,encoding_table)[0]
           ^^^^^^^^^^^^^^^^^^^^^^^^^^^^^^^^^^^^^^^^^^^^^^^^^^^^^^^
UnicodeEncodeError: 'charmap' codec can't encode characters in position 36-37: character maps to <undefined>
Call stack:
  File "E:\prog fold\Drunken cookies\real-time-inventory\vm_inventory_updater_fixed.py", line 2606, in <module>
    success = main()
  File "E:\prog fold\Drunken cookies\real-time-inventory\vm_inventory_updater_fixed.py", line 162, in main
    sales_data = fetch_sales_data(clover_creds, shopify_creds, target_date)
  File "E:\prog fold\Drunken cookies\real-time-inventory\vm_inventory_updater_fixed.py", line 537, in fetch_sales_data
    location_sales = fetch_clover_sales(creds, target_date)
  File "E:\prog fold\Drunken cookies\real-time-inventory\vm_inventory_updater_fixed.py", line 904, in 
fetch_clover_sales
    logging.warning(f"ΓÜá∩╕Å   Order {order_info['order_id']}:")
Message: 'ΓÜá∩╕Å   Order F1ME0958HJEQE:'
Arguments: ()
--- Logging error ---
Traceback (most recent call last):
  File "C:\Users\banzo\AppData\Local\Programs\Python\Python312\Lib\logging\__init__.py", line 1163, in emit
    stream.write(msg + self.terminator)
  File "C:\Users\banzo\AppData\Local\Programs\Python\Python312\Lib\encodings\cp1252.py", line 19, in encode
    return codecs.charmap_encode(input,self.errors,encoding_table)[0]
           ^^^^^^^^^^^^^^^^^^^^^^^^^^^^^^^^^^^^^^^^^^^^^^^^^^^^^^^
UnicodeEncodeError: 'charmap' codec can't encode characters in position 36-37: character maps to <undefined>
Call stack:
  File "E:\prog fold\Drunken cookies\real-time-inventory\vm_inventory_updater_fixed.py", line 2606, in <module>
    success = main()
  File "E:\prog fold\Drunken cookies\real-time-inventory\vm_inventory_updater_fixed.py", line 162, in main
    sales_data = fetch_sales_data(clover_creds, shopify_creds, target_date)
  File "E:\prog fold\Drunken cookies\real-time-inventory\vm_inventory_updater_fixed.py", line 537, in fetch_sales_data
    location_sales = fetch_clover_sales(creds, target_date)
  File "E:\prog fold\Drunken cookies\real-time-inventory\vm_inventory_updater_fixed.py", line 905, in 
fetch_clover_sales
    logging.warning(f"ΓÜá∩╕Å     UTC time: {order_info['order_time_utc']}")
Message: 'ΓÜá∩╕Å     UTC time: 2026-02-07 20:58:06 UTC'
Arguments: ()
--- Logging error ---
Traceback (most recent call last):
  File "C:\Users\banzo\AppData\Local\Programs\Python\Python312\Lib\logging\__init__.py", line 1163, in emit
    stream.write(msg + self.terminator)
  File "C:\Users\banzo\AppData\Local\Programs\Python\Python312\Lib\encodings\cp1252.py", line 19, in encode
    return codecs.charmap_encode(input,self.errors,encoding_table)[0]
           ^^^^^^^^^^^^^^^^^^^^^^^^^^^^^^^^^^^^^^^^^^^^^^^^^^^^^^^
UnicodeEncodeError: 'charmap' codec can't encode characters in position 36-37: character maps to <undefined>
Call stack:
  File "E:\prog fold\Drunken cookies\real-time-inventory\vm_inventory_updater_fixed.py", line 2606, in <module>
    success = main()
  File "E:\prog fold\Drunken cookies\real-time-inventory\vm_inventory_updater_fixed.py", line 162, in main
    sales_data = fetch_sales_data(clover_creds, shopify_creds, target_date)
  File "E:\prog fold\Drunken cookies\real-time-inventory\vm_inventory_updater_fixed.py", line 537, in fetch_sales_data
    location_sales = fetch_clover_sales(creds, target_date)
  File "E:\prog fold\Drunken cookies\real-time-inventory\vm_inventory_updater_fixed.py", line 906, in 
fetch_clover_sales
    logging.warning(f"ΓÜá∩╕Å     PR time: {order_info['order_time_pr']}")
Message: 'ΓÜá∩╕Å     PR time: 2026-02-07 16:58:06 AST'
Arguments: ()
--- Logging error ---
Traceback (most recent call last):
  File "C:\Users\banzo\AppData\Local\Programs\Python\Python312\Lib\logging\__init__.py", line 1163, in emit
    stream.write(msg + self.terminator)
  File "C:\Users\banzo\AppData\Local\Programs\Python\Python312\Lib\encodings\cp1252.py", line 19, in encode
    return codecs.charmap_encode(input,self.errors,encoding_table)[0]
           ^^^^^^^^^^^^^^^^^^^^^^^^^^^^^^^^^^^^^^^^^^^^^^^^^^^^^^^
UnicodeEncodeError: 'charmap' codec can't encode characters in position 36-37: character maps to <undefined>
Call stack:
  File "E:\prog fold\Drunken cookies\real-time-inventory\vm_inventory_updater_fixed.py", line 2606, in <module>
    success = main()
  File "E:\prog fold\Drunken cookies\real-time-inventory\vm_inventory_updater_fixed.py", line 162, in main
2026-02-16 20:52:18,974 - WARNING - ΓÜá∩╕Å   Order R6CGG7PSMPQTJ:
2026-02-16 20:52:18,980 - WARNING - ΓÜá∩╕Å     UTC time: 2026-02-07 20:43:35 UTC
2026-02-16 20:52:18,981 - WARNING - ΓÜá∩╕Å     PR time: 2026-02-07 16:43:35 AST
    sales_data = fetch_sales_data(clover_creds, shopify_creds, target_date)
  File "E:\prog fold\Drunken cookies\real-time-inventory\vm_inventory_updater_fixed.py", line 537, in fetch_sales_data
    location_sales = fetch_clover_sales(creds, target_date)
  File "E:\prog fold\Drunken cookies\real-time-inventory\vm_inventory_updater_fixed.py", line 907, in 
fetch_clover_sales
    logging.warning(f"ΓÜá∩╕Å     PR date: {order_info['order_date_pr']} (target: {order_info['target_date']})")
Message: 'ΓÜá∩╕Å     PR date: 2026-02-07 (target: 2026-01-17)'
Arguments: ()
--- Logging error ---
Traceback (most recent call last):
  File "C:\Users\banzo\AppData\Local\Programs\Python\Python312\Lib\logging\__init__.py", line 1163, in emit
    stream.write(msg + self.terminator)
  File "C:\Users\banzo\AppData\Local\Programs\Python\Python312\Lib\encodings\cp1252.py", line 19, in encode
    return codecs.charmap_encode(input,self.errors,encoding_table)[0]
           ^^^^^^^^^^^^^^^^^^^^^^^^^^^^^^^^^^^^^^^^^^^^^^^^^^^^^^^
UnicodeEncodeError: 'charmap' codec can't encode characters in position 36-37: character maps to <undefined>
Call stack:
  File "E:\prog fold\Drunken cookies\real-time-inventory\vm_inventory_updater_fixed.py", line 2606, in <module>
    success = main()
  File "E:\prog fold\Drunken cookies\real-time-inventory\vm_inventory_updater_fixed.py", line 162, in main
    sales_data = fetch_sales_data(clover_creds, shopify_creds, target_date)
  File "E:\prog fold\Drunken cookies\real-time-inventory\vm_inventory_updater_fixed.py", line 537, in fetch_sales_data
    location_sales = fetch_clover_sales(creds, target_date)
  File "E:\prog fold\Drunken cookies\real-time-inventory\vm_inventory_updater_fixed.py", line 904, in 
fetch_clover_sales
    logging.warning(f"ΓÜá∩╕Å   Order {order_info['order_id']}:")
Message: 'ΓÜá∩╕Å   Order R6CGG7PSMPQTJ:'
Arguments: ()
--- Logging error ---
Traceback (most recent call last):
2026-02-16 20:52:18,981 - WARNING - ΓÜá∩╕Å     PR date: 2026-02-07 (target: 2026-01-17)
  File "C:\Users\banzo\AppData\Local\Programs\Python\Python312\Lib\logging\__init__.py", line 1163, in emit
    stream.write(msg + self.terminator)
  File "C:\Users\banzo\AppData\Local\Programs\Python\Python312\Lib\encodings\cp1252.py", line 19, in encode
    return codecs.charmap_encode(input,self.errors,encoding_table)[0]
           ^^^^^^^^^^^^^^^^^^^^^^^^^^^^^^^^^^^^^^^^^^^^^^^^^^^^^^^
UnicodeEncodeError: 'charmap' codec can't encode characters in position 36-37: character maps to <undefined>
Call stack:
  File "E:\prog fold\Drunken cookies\real-time-inventory\vm_inventory_updater_fixed.py", line 2606, in <module>
    success = main()
  File "E:\prog fold\Drunken cookies\real-time-inventory\vm_inventory_updater_fixed.py", line 162, in main
    sales_data = fetch_sales_data(clover_creds, shopify_creds, target_date)
  File "E:\prog fold\Drunken cookies\real-time-inventory\vm_inventory_updater_fixed.py", line 537, in fetch_sales_data
    location_sales = fetch_clover_sales(creds, target_date)
  File "E:\prog fold\Drunken cookies\real-time-inventory\vm_inventory_updater_fixed.py", line 905, in 
fetch_clover_sales
    logging.warning(f"ΓÜá∩╕Å     UTC time: {order_info['order_time_utc']}")
Message: 'ΓÜá∩╕Å     UTC time: 2026-02-07 20:43:35 UTC'
Arguments: ()
--- Logging error ---
Traceback (most recent call last):
  File "C:\Users\banzo\AppData\Local\Programs\Python\Python312\Lib\logging\__init__.py", line 1163, in emit
    stream.write(msg + self.terminator)
  File "C:\Users\banzo\AppData\Local\Programs\Python\Python312\Lib\encodings\cp1252.py", line 19, in encode
    return codecs.charmap_encode(input,self.errors,encoding_table)[0]
           ^^^^^^^^^^^^^^^^^^^^^^^^^^^^^^^^^^^^^^^^^^^^^^^^^^^^^^^
UnicodeEncodeError: 'charmap' codec can't encode characters in position 36-37: character maps to <undefined>
Call stack:
  File "E:\prog fold\Drunken cookies\real-time-inventory\vm_inventory_updater_fixed.py", line 2606, in <module>
    success = main()
  File "E:\prog fold\Drunken cookies\real-time-inventory\vm_inventory_updater_fixed.py", line 162, in main
    sales_data = fetch_sales_data(clover_creds, shopify_creds, target_date)
  File "E:\prog fold\Drunken cookies\real-time-inventory\vm_inventory_updater_fixed.py", line 537, in fetch_sales_data
    location_sales = fetch_clover_sales(creds, target_date)
  File "E:\prog fold\Drunken cookies\real-time-inventory\vm_inventory_updater_fixed.py", line 906, in 
fetch_clover_sales
    logging.warning(f"ΓÜá∩╕Å     PR time: {order_info['order_time_pr']}")
Message: 'ΓÜá∩╕Å     PR time: 2026-02-07 16:43:35 AST'
Arguments: ()
--- Logging error ---
Traceback (most recent call last):
  File "C:\Users\banzo\AppData\Local\Programs\Python\Python312\Lib\logging\__init__.py", line 1163, in emit
    stream.write(msg + self.terminator)
  File "C:\Users\banzo\AppData\Local\Programs\Python\Python312\Lib\encodings\cp1252.py", line 19, in encode
    return codecs.charmap_encode(input,self.errors,encoding_table)[0]
           ^^^^^^^^^^^^^^^^^^^^^^^^^^^^^^^^^^^^^^^^^^^^^^^^^^^^^^^
UnicodeEncodeError: 'charmap' codec can't encode characters in position 36-37: character maps to <undefined>
Call stack:
  File "E:\prog fold\Drunken cookies\real-time-inventory\vm_inventory_updater_fixed.py", line 2606, in <module>
    success = main()
2026-02-16 20:52:18,988 - WARNING - ΓÜá∩╕Å   Order W8V55GMX395RP:
2026-02-16 20:52:18,988 - WARNING - ΓÜá∩╕Å     UTC time: 2026-02-07 20:23:57 UTC
  File "E:\prog fold\Drunken cookies\real-time-inventory\vm_inventory_updater_fixed.py", line 162, in main
    sales_data = fetch_sales_data(clover_creds, shopify_creds, target_date)
  File "E:\prog fold\Drunken cookies\real-time-inventory\vm_inventory_updater_fixed.py", line 537, in fetch_sales_data
    location_sales = fetch_clover_sales(creds, target_date)
  File "E:\prog fold\Drunken cookies\real-time-inventory\vm_inventory_updater_fixed.py", line 907, in 
fetch_clover_sales
    logging.warning(f"ΓÜá∩╕Å     PR date: {order_info['order_date_pr']} (target: {order_info['target_date']})")
Message: 'ΓÜá∩╕Å     PR date: 2026-02-07 (target: 2026-01-17)'
Arguments: ()
--- Logging error ---
Traceback (most recent call last):
  File "C:\Users\banzo\AppData\Local\Programs\Python\Python312\Lib\logging\__init__.py", line 1163, in emit
    stream.write(msg + self.terminator)
  File "C:\Users\banzo\AppData\Local\Programs\Python\Python312\Lib\encodings\cp1252.py", line 19, in encode
    return codecs.charmap_encode(input,self.errors,encoding_table)[0]
           ^^^^^^^^^^^^^^^^^^^^^^^^^^^^^^^^^^^^^^^^^^^^^^^^^^^^^^^
UnicodeEncodeError: 'charmap' codec can't encode characters in position 36-37: character maps to <undefined>
Call stack:
  File "E:\prog fold\Drunken cookies\real-time-inventory\vm_inventory_updater_fixed.py", line 2606, in <module>
    success = main()
  File "E:\prog fold\Drunken cookies\real-time-inventory\vm_inventory_updater_fixed.py", line 162, in main
    sales_data = fetch_sales_data(clover_creds, shopify_creds, target_date)
  File "E:\prog fold\Drunken cookies\real-time-inventory\vm_inventory_updater_fixed.py", line 537, in fetch_sales_data
    location_sales = fetch_clover_sales(creds, target_date)
  File "E:\prog fold\Drunken cookies\real-time-inventory\vm_inventory_updater_fixed.py", line 904, in 
fetch_clover_sales
    logging.warning(f"ΓÜá∩╕Å   Order {order_info['order_id']}:")
Message: 'ΓÜá∩╕Å   Order W8V55GMX395RP:'
Arguments: ()
--- Logging error ---
Traceback (most recent call last):
  File "C:\Users\banzo\AppData\Local\Programs\Python\Python312\Lib\logging\__init__.py", line 1163, in emit
    stream.write(msg + self.terminator)
  File "C:\Users\banzo\AppData\Local\Programs\Python\Python312\Lib\encodings\cp1252.py", line 19, in encode
    return codecs.charmap_encode(input,self.errors,encoding_table)[0]
           ^^^^^^^^^^^^^^^^^^^^^^^^^^^^^^^^^^^^^^^^^^^^^^^^^^^^^^^
UnicodeEncodeError: 'charmap' codec can't encode characters in position 36-37: character maps to <undefined>
Call stack:
  File "E:\prog fold\Drunken cookies\real-time-inventory\vm_inventory_updater_fixed.py", line 2606, in <module>
    success = main()
  File "E:\prog fold\Drunken cookies\real-time-inventory\vm_inventory_updater_fixed.py", line 162, in main
    sales_data = fetch_sales_data(clover_creds, shopify_creds, target_date)
  File "E:\prog fold\Drunken cookies\real-time-inventory\vm_inventory_updater_fixed.py", line 537, in fetch_sales_data
    location_sales = fetch_clover_sales(creds, target_date)
  File "E:\prog fold\Drunken cookies\real-time-inventory\vm_inventory_updater_fixed.py", line 905, in 
fetch_clover_sales
    logging.warning(f"ΓÜá∩╕Å     UTC time: {order_info['order_time_utc']}")
Message: 'ΓÜá∩╕Å     UTC time: 2026-02-07 20:23:57 UTC'
Arguments: ()
--- Logging error ---
Traceback (most recent call last):
  File "C:\Users\banzo\AppData\Local\Programs\Python\Python312\Lib\logging\__init__.py", line 1163, in emit
    stream.write(msg + self.terminator)
  File "C:\Users\banzo\AppData\Local\Programs\Python\Python312\Lib\encodings\cp1252.py", line 19, in encode
    return codecs.charmap_encode(input,self.errors,encoding_table)[0]
2026-02-16 20:52:18,990 - WARNING - ΓÜá∩╕Å     PR time: 2026-02-07 16:23:57 AST
2026-02-16 20:52:18,997 - WARNING - ΓÜá∩╕Å     PR date: 2026-02-07 (target: 2026-01-17)
2026-02-16 20:52:18,998 - WARNING - ΓÜá∩╕Å   Order 37BAPTJMTH7MJ:
           ^^^^^^^^^^^^^^^^^^^^^^^^^^^^^^^^^^^^^^^^^^^^^^^^^^^^^^^
UnicodeEncodeError: 'charmap' codec can't encode characters in position 36-37: character maps to <undefined>
Call stack:
  File "E:\prog fold\Drunken cookies\real-time-inventory\vm_inventory_updater_fixed.py", line 2606, in <module>
    success = main()
  File "E:\prog fold\Drunken cookies\real-time-inventory\vm_inventory_updater_fixed.py", line 162, in main
    sales_data = fetch_sales_data(clover_creds, shopify_creds, target_date)
  File "E:\prog fold\Drunken cookies\real-time-inventory\vm_inventory_updater_fixed.py", line 537, in fetch_sales_data
    location_sales = fetch_clover_sales(creds, target_date)
  File "E:\prog fold\Drunken cookies\real-time-inventory\vm_inventory_updater_fixed.py", line 906, in 
fetch_clover_sales
    logging.warning(f"ΓÜá∩╕Å     PR time: {order_info['order_time_pr']}")
Message: 'ΓÜá∩╕Å     PR time: 2026-02-07 16:23:57 AST'
Arguments: ()
--- Logging error ---
Traceback (most recent call last):
  File "C:\Users\banzo\AppData\Local\Programs\Python\Python312\Lib\logging\__init__.py", line 1163, in emit
    stream.write(msg + self.terminator)
  File "C:\Users\banzo\AppData\Local\Programs\Python\Python312\Lib\encodings\cp1252.py", line 19, in encode
    return codecs.charmap_encode(input,self.errors,encoding_table)[0]
           ^^^^^^^^^^^^^^^^^^^^^^^^^^^^^^^^^^^^^^^^^^^^^^^^^^^^^^^
UnicodeEncodeError: 'charmap' codec can't encode characters in position 36-37: character maps to <undefined>
Call stack:
  File "E:\prog fold\Drunken cookies\real-time-inventory\vm_inventory_updater_fixed.py", line 2606, in <module>
    success = main()
  File "E:\prog fold\Drunken cookies\real-time-inventory\vm_inventory_updater_fixed.py", line 162, in main
    sales_data = fetch_sales_data(clover_creds, shopify_creds, target_date)
  File "E:\prog fold\Drunken cookies\real-time-inventory\vm_inventory_updater_fixed.py", line 537, in fetch_sales_data
    location_sales = fetch_clover_sales(creds, target_date)
  File "E:\prog fold\Drunken cookies\real-time-inventory\vm_inventory_updater_fixed.py", line 907, in 
fetch_clover_sales
    logging.warning(f"ΓÜá∩╕Å     PR date: {order_info['order_date_pr']} (target: {order_info['target_date']})")
Message: 'ΓÜá∩╕Å     PR date: 2026-02-07 (target: 2026-01-17)'
Arguments: ()
--- Logging error ---
Traceback (most recent call last):
  File "C:\Users\banzo\AppData\Local\Programs\Python\Python312\Lib\logging\__init__.py", line 1163, in emit
    stream.write(msg + self.terminator)
  File "C:\Users\banzo\AppData\Local\Programs\Python\Python312\Lib\encodings\cp1252.py", line 19, in encode
    return codecs.charmap_encode(input,self.errors,encoding_table)[0]
           ^^^^^^^^^^^^^^^^^^^^^^^^^^^^^^^^^^^^^^^^^^^^^^^^^^^^^^^
UnicodeEncodeError: 'charmap' codec can't encode characters in position 36-37: character maps to <undefined>
Call stack:
  File "E:\prog fold\Drunken cookies\real-time-inventory\vm_inventory_updater_fixed.py", line 2606, in <module>
    success = main()
  File "E:\prog fold\Drunken cookies\real-time-inventory\vm_inventory_updater_fixed.py", line 162, in main
    sales_data = fetch_sales_data(clover_creds, shopify_creds, target_date)
  File "E:\prog fold\Drunken cookies\real-time-inventory\vm_inventory_updater_fixed.py", line 537, in fetch_sales_data
    location_sales = fetch_clover_sales(creds, target_date)
  File "E:\prog fold\Drunken cookies\real-time-inventory\vm_inventory_updater_fixed.py", line 904, in 
fetch_clover_sales
    logging.warning(f"ΓÜá∩╕Å   Order {order_info['order_id']}:")
Message: 'ΓÜá∩╕Å   Order 37BAPTJMTH7MJ:'
Arguments: ()
--- Logging error ---
Traceback (most recent call last):
  File "C:\Users\banzo\AppData\Local\Programs\Python\Python312\Lib\logging\__init__.py", line 1163, in emit
2026-02-16 20:52:18,999 - WARNING - ΓÜá∩╕Å     UTC time: 2026-02-07 20:19:21 UTC
2026-02-16 20:52:19,005 - WARNING - ΓÜá∩╕Å     PR time: 2026-02-07 16:19:21 AST
2026-02-16 20:52:19,006 - WARNING - ΓÜá∩╕Å     PR date: 2026-02-07 (target: 2026-01-17)
    stream.write(msg + self.terminator)
  File "C:\Users\banzo\AppData\Local\Programs\Python\Python312\Lib\encodings\cp1252.py", line 19, in encode
    return codecs.charmap_encode(input,self.errors,encoding_table)[0]
           ^^^^^^^^^^^^^^^^^^^^^^^^^^^^^^^^^^^^^^^^^^^^^^^^^^^^^^^
UnicodeEncodeError: 'charmap' codec can't encode characters in position 36-37: character maps to <undefined>
Call stack:
  File "E:\prog fold\Drunken cookies\real-time-inventory\vm_inventory_updater_fixed.py", line 2606, in <module>
    success = main()
  File "E:\prog fold\Drunken cookies\real-time-inventory\vm_inventory_updater_fixed.py", line 162, in main
    sales_data = fetch_sales_data(clover_creds, shopify_creds, target_date)
  File "E:\prog fold\Drunken cookies\real-time-inventory\vm_inventory_updater_fixed.py", line 537, in fetch_sales_data
    location_sales = fetch_clover_sales(creds, target_date)
  File "E:\prog fold\Drunken cookies\real-time-inventory\vm_inventory_updater_fixed.py", line 905, in 
fetch_clover_sales
2026-02-16 20:52:19,006 - WARNING - ΓÜá∩╕Å   Order 99D86GJGC1SMA:
    logging.warning(f"ΓÜá∩╕Å     UTC time: {order_info['order_time_utc']}")
Message: 'ΓÜá∩╕Å     UTC time: 2026-02-07 20:19:21 UTC'
Arguments: ()
--- Logging error ---
Traceback (most recent call last):
  File "C:\Users\banzo\AppData\Local\Programs\Python\Python312\Lib\logging\__init__.py", line 1163, in emit
    stream.write(msg + self.terminator)
  File "C:\Users\banzo\AppData\Local\Programs\Python\Python312\Lib\encodings\cp1252.py", line 19, in encode
    return codecs.charmap_encode(input,self.errors,encoding_table)[0]
           ^^^^^^^^^^^^^^^^^^^^^^^^^^^^^^^^^^^^^^^^^^^^^^^^^^^^^^^
UnicodeEncodeError: 'charmap' codec can't encode characters in position 36-37: character maps to <undefined>
Call stack:
  File "E:\prog fold\Drunken cookies\real-time-inventory\vm_inventory_updater_fixed.py", line 2606, in <module>
    success = main()
  File "E:\prog fold\Drunken cookies\real-time-inventory\vm_inventory_updater_fixed.py", line 162, in main
    sales_data = fetch_sales_data(clover_creds, shopify_creds, target_date)
  File "E:\prog fold\Drunken cookies\real-time-inventory\vm_inventory_updater_fixed.py", line 537, in fetch_sales_data
    location_sales = fetch_clover_sales(creds, target_date)
  File "E:\prog fold\Drunken cookies\real-time-inventory\vm_inventory_updater_fixed.py", line 906, in 
fetch_clover_sales
    logging.warning(f"ΓÜá∩╕Å     PR time: {order_info['order_time_pr']}")
Message: 'ΓÜá∩╕Å     PR time: 2026-02-07 16:19:21 AST'
Arguments: ()
--- Logging error ---
Traceback (most recent call last):
  File "C:\Users\banzo\AppData\Local\Programs\Python\Python312\Lib\logging\__init__.py", line 1163, in emit
    stream.write(msg + self.terminator)
  File "C:\Users\banzo\AppData\Local\Programs\Python\Python312\Lib\encodings\cp1252.py", line 19, in encode
    return codecs.charmap_encode(input,self.errors,encoding_table)[0]
           ^^^^^^^^^^^^^^^^^^^^^^^^^^^^^^^^^^^^^^^^^^^^^^^^^^^^^^^
UnicodeEncodeError: 'charmap' codec can't encode characters in position 36-37: character maps to <undefined>
Call stack:
  File "E:\prog fold\Drunken cookies\real-time-inventory\vm_inventory_updater_fixed.py", line 2606, in <module>
    success = main()
  File "E:\prog fold\Drunken cookies\real-time-inventory\vm_inventory_updater_fixed.py", line 162, in main
    sales_data = fetch_sales_data(clover_creds, shopify_creds, target_date)
  File "E:\prog fold\Drunken cookies\real-time-inventory\vm_inventory_updater_fixed.py", line 537, in fetch_sales_data
    location_sales = fetch_clover_sales(creds, target_date)
  File "E:\prog fold\Drunken cookies\real-time-inventory\vm_inventory_updater_fixed.py", line 907, in 
fetch_clover_sales
    logging.warning(f"ΓÜá∩╕Å     PR date: {order_info['order_date_pr']} (target: {order_info['target_date']})")
Message: 'ΓÜá∩╕Å     PR date: 2026-02-07 (target: 2026-01-17)'
Arguments: ()
--- Logging error ---
Traceback (most recent call last):
  File "C:\Users\banzo\AppData\Local\Programs\Python\Python312\Lib\logging\__init__.py", line 1163, in emit
    stream.write(msg + self.terminator)
  File "C:\Users\banzo\AppData\Local\Programs\Python\Python312\Lib\encodings\cp1252.py", line 19, in encode
    return codecs.charmap_encode(input,self.errors,encoding_table)[0]
           ^^^^^^^^^^^^^^^^^^^^^^^^^^^^^^^^^^^^^^^^^^^^^^^^^^^^^^^
UnicodeEncodeError: 'charmap' codec can't encode characters in position 36-37: character maps to <undefined>
Call stack:
  File "E:\prog fold\Drunken cookies\real-time-inventory\vm_inventory_updater_fixed.py", line 2606, in <module>
    success = main()
  File "E:\prog fold\Drunken cookies\real-time-inventory\vm_inventory_updater_fixed.py", line 162, in main
    sales_data = fetch_sales_data(clover_creds, shopify_creds, target_date)
2026-02-16 20:52:19,014 - WARNING - ΓÜá∩╕Å     UTC time: 2026-02-07 20:13:55 UTC
2026-02-16 20:52:19,015 - WARNING - ΓÜá∩╕Å     PR time: 2026-02-07 16:13:55 AST
  File "E:\prog fold\Drunken cookies\real-time-inventory\vm_inventory_updater_fixed.py", line 537, in fetch_sales_data
    location_sales = fetch_clover_sales(creds, target_date)
  File "E:\prog fold\Drunken cookies\real-time-inventory\vm_inventory_updater_fixed.py", line 904, in 
fetch_clover_sales
    logging.warning(f"ΓÜá∩╕Å   Order {order_info['order_id']}:")
Message: 'ΓÜá∩╕Å   Order 99D86GJGC1SMA:'
Arguments: ()
--- Logging error ---
Traceback (most recent call last):
  File "C:\Users\banzo\AppData\Local\Programs\Python\Python312\Lib\logging\__init__.py", line 1163, in emit
    stream.write(msg + self.terminator)
  File "C:\Users\banzo\AppData\Local\Programs\Python\Python312\Lib\encodings\cp1252.py", line 19, in encode
    return codecs.charmap_encode(input,self.errors,encoding_table)[0]
           ^^^^^^^^^^^^^^^^^^^^^^^^^^^^^^^^^^^^^^^^^^^^^^^^^^^^^^^
UnicodeEncodeError: 'charmap' codec can't encode characters in position 36-37: character maps to <undefined>
Call stack:
  File "E:\prog fold\Drunken cookies\real-time-inventory\vm_inventory_updater_fixed.py", line 2606, in <module>
    success = main()
  File "E:\prog fold\Drunken cookies\real-time-inventory\vm_inventory_updater_fixed.py", line 162, in main
    sales_data = fetch_sales_data(clover_creds, shopify_creds, target_date)
  File "E:\prog fold\Drunken cookies\real-time-inventory\vm_inventory_updater_fixed.py", line 537, in fetch_sales_data
    location_sales = fetch_clover_sales(creds, target_date)
  File "E:\prog fold\Drunken cookies\real-time-inventory\vm_inventory_updater_fixed.py", line 905, in 
fetch_clover_sales
    logging.warning(f"ΓÜá∩╕Å     UTC time: {order_info['order_time_utc']}")
Message: 'ΓÜá∩╕Å     UTC time: 2026-02-07 20:13:55 UTC'
Arguments: ()
--- Logging error ---
Traceback (most recent call last):
  File "C:\Users\banzo\AppData\Local\Programs\Python\Python312\Lib\logging\__init__.py", line 1163, in emit
    stream.write(msg + self.terminator)
  File "C:\Users\banzo\AppData\Local\Programs\Python\Python312\Lib\encodings\cp1252.py", line 19, in encode
    return codecs.charmap_encode(input,self.errors,encoding_table)[0]
           ^^^^^^^^^^^^^^^^^^^^^^^^^^^^^^^^^^^^^^^^^^^^^^^^^^^^^^^
UnicodeEncodeError: 'charmap' codec can't encode characters in position 36-37: character maps to <undefined>
Call stack:
  File "E:\prog fold\Drunken cookies\real-time-inventory\vm_inventory_updater_fixed.py", line 2606, in <module>
    success = main()
  File "E:\prog fold\Drunken cookies\real-time-inventory\vm_inventory_updater_fixed.py", line 162, in main
    sales_data = fetch_sales_data(clover_creds, shopify_creds, target_date)
  File "E:\prog fold\Drunken cookies\real-time-inventory\vm_inventory_updater_fixed.py", line 537, in fetch_sales_data
    location_sales = fetch_clover_sales(creds, target_date)
  File "E:\prog fold\Drunken cookies\real-time-inventory\vm_inventory_updater_fixed.py", line 906, in 
fetch_clover_sales
    logging.warning(f"ΓÜá∩╕Å     PR time: {order_info['order_time_pr']}")
Message: 'ΓÜá∩╕Å     PR time: 2026-02-07 16:13:55 AST'
Arguments: ()
--- Logging error ---
Traceback (most recent call last):
  File "C:\Users\banzo\AppData\Local\Programs\Python\Python312\Lib\logging\__init__.py", line 1163, in emit
    stream.write(msg + self.terminator)
  File "C:\Users\banzo\AppData\Local\Programs\Python\Python312\Lib\encodings\cp1252.py", line 19, in encode
    return codecs.charmap_encode(input,self.errors,encoding_table)[0]
           ^^^^^^^^^^^^^^^^^^^^^^^^^^^^^^^^^^^^^^^^^^^^^^^^^^^^^^^
UnicodeEncodeError: 'charmap' codec can't encode characters in position 36-37: character maps to <undefined>
Call stack:
  File "E:\prog fold\Drunken cookies\real-time-inventory\vm_inventory_updater_fixed.py", line 2606, in <module>
2026-02-16 20:52:19,015 - WARNING - ΓÜá∩╕Å     PR date: 2026-02-07 (target: 2026-01-17)
2026-02-16 20:52:19,021 - WARNING - ΓÜá∩╕Å   Order 88A10Q20JSW5P:
2026-02-16 20:52:19,022 - WARNING - ΓÜá∩╕Å     UTC time: 2026-02-07 18:10:00 UTC
    success = main()
  File "E:\prog fold\Drunken cookies\real-time-inventory\vm_inventory_updater_fixed.py", line 162, in main
    sales_data = fetch_sales_data(clover_creds, shopify_creds, target_date)
  File "E:\prog fold\Drunken cookies\real-time-inventory\vm_inventory_updater_fixed.py", line 537, in fetch_sales_data
    location_sales = fetch_clover_sales(creds, target_date)
  File "E:\prog fold\Drunken cookies\real-time-inventory\vm_inventory_updater_fixed.py", line 907, in 
fetch_clover_sales
    logging.warning(f"ΓÜá∩╕Å     PR date: {order_info['order_date_pr']} (target: {order_info['target_date']})")
Message: 'ΓÜá∩╕Å     PR date: 2026-02-07 (target: 2026-01-17)'
Arguments: ()
--- Logging error ---
Traceback (most recent call last):
  File "C:\Users\banzo\AppData\Local\Programs\Python\Python312\Lib\logging\__init__.py", line 1163, in emit
    stream.write(msg + self.terminator)
  File "C:\Users\banzo\AppData\Local\Programs\Python\Python312\Lib\encodings\cp1252.py", line 19, in encode
    return codecs.charmap_encode(input,self.errors,encoding_table)[0]
           ^^^^^^^^^^^^^^^^^^^^^^^^^^^^^^^^^^^^^^^^^^^^^^^^^^^^^^^
UnicodeEncodeError: 'charmap' codec can't encode characters in position 36-37: character maps to <undefined>
Call stack:
  File "E:\prog fold\Drunken cookies\real-time-inventory\vm_inventory_updater_fixed.py", line 2606, in <module>
    success = main()
  File "E:\prog fold\Drunken cookies\real-time-inventory\vm_inventory_updater_fixed.py", line 162, in main
    sales_data = fetch_sales_data(clover_creds, shopify_creds, target_date)
  File "E:\prog fold\Drunken cookies\real-time-inventory\vm_inventory_updater_fixed.py", line 537, in fetch_sales_data
    location_sales = fetch_clover_sales(creds, target_date)
  File "E:\prog fold\Drunken cookies\real-time-inventory\vm_inventory_updater_fixed.py", line 904, in 
fetch_clover_sales
    logging.warning(f"ΓÜá∩╕Å   Order {order_info['order_id']}:")
Message: 'ΓÜá∩╕Å   Order 88A10Q20JSW5P:'
Arguments: ()
--- Logging error ---
Traceback (most recent call last):
2026-02-16 20:52:19,022 - WARNING - ΓÜá∩╕Å     PR time: 2026-02-07 14:10:00 AST
2026-02-16 20:52:19,029 - WARNING - ΓÜá∩╕Å     PR date: 2026-02-07 (target: 2026-01-17)
2026-02-16 20:52:19,029 - WARNING - ΓÜá∩╕Å   Order VQCPXF0J08144:
  File "C:\Users\banzo\AppData\Local\Programs\Python\Python312\Lib\logging\__init__.py", line 1163, in emit
    stream.write(msg + self.terminator)
  File "C:\Users\banzo\AppData\Local\Programs\Python\Python312\Lib\encodings\cp1252.py", line 19, in encode
    return codecs.charmap_encode(input,self.errors,encoding_table)[0]
           ^^^^^^^^^^^^^^^^^^^^^^^^^^^^^^^^^^^^^^^^^^^^^^^^^^^^^^^
UnicodeEncodeError: 'charmap' codec can't encode characters in position 36-37: character maps to <undefined>
Call stack:
  File "E:\prog fold\Drunken cookies\real-time-inventory\vm_inventory_updater_fixed.py", line 2606, in <module>
    success = main()
  File "E:\prog fold\Drunken cookies\real-time-inventory\vm_inventory_updater_fixed.py", line 162, in main
    sales_data = fetch_sales_data(clover_creds, shopify_creds, target_date)
  File "E:\prog fold\Drunken cookies\real-time-inventory\vm_inventory_updater_fixed.py", line 537, in fetch_sales_data
    location_sales = fetch_clover_sales(creds, target_date)
  File "E:\prog fold\Drunken cookies\real-time-inventory\vm_inventory_updater_fixed.py", line 905, in 
fetch_clover_sales
    logging.warning(f"ΓÜá∩╕Å     UTC time: {order_info['order_time_utc']}")
Message: 'ΓÜá∩╕Å     UTC time: 2026-02-07 18:10:00 UTC'
Arguments: ()
--- Logging error ---
Traceback (most recent call last):
  File "C:\Users\banzo\AppData\Local\Programs\Python\Python312\Lib\logging\__init__.py", line 1163, in emit
    stream.write(msg + self.terminator)
  File "C:\Users\banzo\AppData\Local\Programs\Python\Python312\Lib\encodings\cp1252.py", line 19, in encode
    return codecs.charmap_encode(input,self.errors,encoding_table)[0]
           ^^^^^^^^^^^^^^^^^^^^^^^^^^^^^^^^^^^^^^^^^^^^^^^^^^^^^^^
UnicodeEncodeError: 'charmap' codec can't encode characters in position 36-37: character maps to <undefined>
Call stack:
  File "E:\prog fold\Drunken cookies\real-time-inventory\vm_inventory_updater_fixed.py", line 2606, in <module>
    success = main()
  File "E:\prog fold\Drunken cookies\real-time-inventory\vm_inventory_updater_fixed.py", line 162, in main
    sales_data = fetch_sales_data(clover_creds, shopify_creds, target_date)
  File "E:\prog fold\Drunken cookies\real-time-inventory\vm_inventory_updater_fixed.py", line 537, in fetch_sales_data
    location_sales = fetch_clover_sales(creds, target_date)
  File "E:\prog fold\Drunken cookies\real-time-inventory\vm_inventory_updater_fixed.py", line 906, in 
fetch_clover_sales
    logging.warning(f"ΓÜá∩╕Å     PR time: {order_info['order_time_pr']}")
Message: 'ΓÜá∩╕Å     PR time: 2026-02-07 14:10:00 AST'
Arguments: ()
--- Logging error ---
Traceback (most recent call last):
  File "C:\Users\banzo\AppData\Local\Programs\Python\Python312\Lib\logging\__init__.py", line 1163, in emit
    stream.write(msg + self.terminator)
  File "C:\Users\banzo\AppData\Local\Programs\Python\Python312\Lib\encodings\cp1252.py", line 19, in encode
    return codecs.charmap_encode(input,self.errors,encoding_table)[0]
           ^^^^^^^^^^^^^^^^^^^^^^^^^^^^^^^^^^^^^^^^^^^^^^^^^^^^^^^
UnicodeEncodeError: 'charmap' codec can't encode characters in position 36-37: character maps to <undefined>
Call stack:
  File "E:\prog fold\Drunken cookies\real-time-inventory\vm_inventory_updater_fixed.py", line 2606, in <module>
    success = main()
  File "E:\prog fold\Drunken cookies\real-time-inventory\vm_inventory_updater_fixed.py", line 162, in main
    sales_data = fetch_sales_data(clover_creds, shopify_creds, target_date)
  File "E:\prog fold\Drunken cookies\real-time-inventory\vm_inventory_updater_fixed.py", line 537, in fetch_sales_data
    location_sales = fetch_clover_sales(creds, target_date)
  File "E:\prog fold\Drunken cookies\real-time-inventory\vm_inventory_updater_fixed.py", line 907, in 
fetch_clover_sales
    logging.warning(f"ΓÜá∩╕Å     PR date: {order_info['order_date_pr']} (target: {order_info['target_date']})")
Message: 'ΓÜá∩╕Å     PR date: 2026-02-07 (target: 2026-01-17)'
Arguments: ()
--- Logging error ---
Traceback (most recent call last):
  File "C:\Users\banzo\AppData\Local\Programs\Python\Python312\Lib\logging\__init__.py", line 1163, in emit
    stream.write(msg + self.terminator)
  File "C:\Users\banzo\AppData\Local\Programs\Python\Python312\Lib\encodings\cp1252.py", line 19, in encode
    return codecs.charmap_encode(input,self.errors,encoding_table)[0]
           ^^^^^^^^^^^^^^^^^^^^^^^^^^^^^^^^^^^^^^^^^^^^^^^^^^^^^^^
UnicodeEncodeError: 'charmap' codec can't encode characters in position 36-37: character maps to <undefined>
Call stack:
  File "E:\prog fold\Drunken cookies\real-time-inventory\vm_inventory_updater_fixed.py", line 2606, in <module>
    success = main()
  File "E:\prog fold\Drunken cookies\real-time-inventory\vm_inventory_updater_fixed.py", line 162, in main
    sales_data = fetch_sales_data(clover_creds, shopify_creds, target_date)
  File "E:\prog fold\Drunken cookies\real-time-inventory\vm_inventory_updater_fixed.py", line 537, in fetch_sales_data
    location_sales = fetch_clover_sales(creds, target_date)
  File "E:\prog fold\Drunken cookies\real-time-inventory\vm_inventory_updater_fixed.py", line 904, in 
fetch_clover_sales
    logging.warning(f"ΓÜá∩╕Å   Order {order_info['order_id']}:")
Message: 'ΓÜá∩╕Å   Order VQCPXF0J08144:'
Arguments: ()
--- Logging error ---
Traceback (most recent call last):
  File "C:\Users\banzo\AppData\Local\Programs\Python\Python312\Lib\logging\__init__.py", line 1163, in emit
2026-02-16 20:52:19,030 - WARNING - ΓÜá∩╕Å     UTC time: 2026-02-07 17:57:12 UTC
2026-02-16 20:52:19,037 - WARNING - ΓÜá∩╕Å     PR time: 2026-02-07 13:57:12 AST
2026-02-16 20:52:19,038 - WARNING - ΓÜá∩╕Å     PR date: 2026-02-07 (target: 2026-01-17)
    stream.write(msg + self.terminator)
  File "C:\Users\banzo\AppData\Local\Programs\Python\Python312\Lib\encodings\cp1252.py", line 19, in encode
    return codecs.charmap_encode(input,self.errors,encoding_table)[0]
           ^^^^^^^^^^^^^^^^^^^^^^^^^^^^^^^^^^^^^^^^^^^^^^^^^^^^^^^
UnicodeEncodeError: 'charmap' codec can't encode characters in position 36-37: character maps to <undefined>
Call stack:
  File "E:\prog fold\Drunken cookies\real-time-inventory\vm_inventory_updater_fixed.py", line 2606, in <module>
    success = main()
  File "E:\prog fold\Drunken cookies\real-time-inventory\vm_inventory_updater_fixed.py", line 162, in main
    sales_data = fetch_sales_data(clover_creds, shopify_creds, target_date)
  File "E:\prog fold\Drunken cookies\real-time-inventory\vm_inventory_updater_fixed.py", line 537, in fetch_sales_data
    location_sales = fetch_clover_sales(creds, target_date)
  File "E:\prog fold\Drunken cookies\real-time-inventory\vm_inventory_updater_fixed.py", line 905, in 
fetch_clover_sales
    logging.warning(f"ΓÜá∩╕Å     UTC time: {order_info['order_time_utc']}")
Message: 'ΓÜá∩╕Å     UTC time: 2026-02-07 17:57:12 UTC'
Arguments: ()
--- Logging error ---
Traceback (most recent call last):
  File "C:\Users\banzo\AppData\Local\Programs\Python\Python312\Lib\logging\__init__.py", line 1163, in emit
    stream.write(msg + self.terminator)
  File "C:\Users\banzo\AppData\Local\Programs\Python\Python312\Lib\encodings\cp1252.py", line 19, in encode
    return codecs.charmap_encode(input,self.errors,encoding_table)[0]
           ^^^^^^^^^^^^^^^^^^^^^^^^^^^^^^^^^^^^^^^^^^^^^^^^^^^^^^^
UnicodeEncodeError: 'charmap' codec can't encode characters in position 36-37: character maps to <undefined>
Call stack:
  File "E:\prog fold\Drunken cookies\real-time-inventory\vm_inventory_updater_fixed.py", line 2606, in <module>
    success = main()
  File "E:\prog fold\Drunken cookies\real-time-inventory\vm_inventory_updater_fixed.py", line 162, in main
    sales_data = fetch_sales_data(clover_creds, shopify_creds, target_date)
  File "E:\prog fold\Drunken cookies\real-time-inventory\vm_inventory_updater_fixed.py", line 537, in fetch_sales_data
    location_sales = fetch_clover_sales(creds, target_date)
  File "E:\prog fold\Drunken cookies\real-time-inventory\vm_inventory_updater_fixed.py", line 906, in 
fetch_clover_sales
    logging.warning(f"ΓÜá∩╕Å     PR time: {order_info['order_time_pr']}")
Message: 'ΓÜá∩╕Å     PR time: 2026-02-07 13:57:12 AST'
Arguments: ()
--- Logging error ---
Traceback (most recent call last):
  File "C:\Users\banzo\AppData\Local\Programs\Python\Python312\Lib\logging\__init__.py", line 1163, in emit
    stream.write(msg + self.terminator)
  File "C:\Users\banzo\AppData\Local\Programs\Python\Python312\Lib\encodings\cp1252.py", line 19, in encode
    return codecs.charmap_encode(input,self.errors,encoding_table)[0]
           ^^^^^^^^^^^^^^^^^^^^^^^^^^^^^^^^^^^^^^^^^^^^^^^^^^^^^^^
UnicodeEncodeError: 'charmap' codec can't encode characters in position 36-37: character maps to <undefined>
Call stack:
  File "E:\prog fold\Drunken cookies\real-time-inventory\vm_inventory_updater_fixed.py", line 2606, in <module>
    success = main()
  File "E:\prog fold\Drunken cookies\real-time-inventory\vm_inventory_updater_fixed.py", line 162, in main
    sales_data = fetch_sales_data(clover_creds, shopify_creds, target_date)
  File "E:\prog fold\Drunken cookies\real-time-inventory\vm_inventory_updater_fixed.py", line 537, in fetch_sales_data
    location_sales = fetch_clover_sales(creds, target_date)
  File "E:\prog fold\Drunken cookies\real-time-inventory\vm_inventory_updater_fixed.py", line 907, in 
fetch_clover_sales
    logging.warning(f"ΓÜá∩╕Å     PR date: {order_info['order_date_pr']} (target: {order_info['target_date']})")
Message: 'ΓÜá∩╕Å     PR date: 2026-02-07 (target: 2026-01-17)'
Arguments: ()
--- Logging error ---
Traceback (most recent call last):
  File "C:\Users\banzo\AppData\Local\Programs\Python\Python312\Lib\logging\__init__.py", line 1163, in emit
    stream.write(msg + self.terminator)
  File "C:\Users\banzo\AppData\Local\Programs\Python\Python312\Lib\encodings\cp1252.py", line 19, in encode
2026-02-16 20:52:19,038 - WARNING - ΓÜá∩╕Å   Order 6S56S039RS9WY:
2026-02-16 20:52:19,046 - WARNING - ΓÜá∩╕Å     UTC time: 2026-02-07 15:37:23 UTC
2026-02-16 20:52:19,046 - WARNING - ΓÜá∩╕Å     PR time: 2026-02-07 11:37:23 AST
    return codecs.charmap_encode(input,self.errors,encoding_table)[0]
           ^^^^^^^^^^^^^^^^^^^^^^^^^^^^^^^^^^^^^^^^^^^^^^^^^^^^^^^
UnicodeEncodeError: 'charmap' codec can't encode characters in position 36-37: character maps to <undefined>
Call stack:
  File "E:\prog fold\Drunken cookies\real-time-inventory\vm_inventory_updater_fixed.py", line 2606, in <module>
    success = main()
  File "E:\prog fold\Drunken cookies\real-time-inventory\vm_inventory_updater_fixed.py", line 162, in main
    sales_data = fetch_sales_data(clover_creds, shopify_creds, target_date)
  File "E:\prog fold\Drunken cookies\real-time-inventory\vm_inventory_updater_fixed.py", line 537, in fetch_sales_data
    location_sales = fetch_clover_sales(creds, target_date)
  File "E:\prog fold\Drunken cookies\real-time-inventory\vm_inventory_updater_fixed.py", line 904, in 
fetch_clover_sales
    logging.warning(f"ΓÜá∩╕Å   Order {order_info['order_id']}:")
Message: 'ΓÜá∩╕Å   Order 6S56S039RS9WY:'
Arguments: ()
--- Logging error ---
Traceback (most recent call last):
  File "C:\Users\banzo\AppData\Local\Programs\Python\Python312\Lib\logging\__init__.py", line 1163, in emit
    stream.write(msg + self.terminator)
  File "C:\Users\banzo\AppData\Local\Programs\Python\Python312\Lib\encodings\cp1252.py", line 19, in encode
    return codecs.charmap_encode(input,self.errors,encoding_table)[0]
           ^^^^^^^^^^^^^^^^^^^^^^^^^^^^^^^^^^^^^^^^^^^^^^^^^^^^^^^
UnicodeEncodeError: 'charmap' codec can't encode characters in position 36-37: character maps to <undefined>
Call stack:
  File "E:\prog fold\Drunken cookies\real-time-inventory\vm_inventory_updater_fixed.py", line 2606, in <module>
    success = main()
2026-02-16 20:52:19,047 - WARNING - ΓÜá∩╕Å     PR date: 2026-02-07 (target: 2026-01-17)
2026-02-16 20:52:19,053 - WARNING - ΓÜá∩╕Å   Order N0PZ56MNAE59C:
2026-02-16 20:52:19,054 - WARNING - ΓÜá∩╕Å     UTC time: 2026-02-07 13:24:47 UTC
  File "E:\prog fold\Drunken cookies\real-time-inventory\vm_inventory_updater_fixed.py", line 162, in main
    sales_data = fetch_sales_data(clover_creds, shopify_creds, target_date)
  File "E:\prog fold\Drunken cookies\real-time-inventory\vm_inventory_updater_fixed.py", line 537, in fetch_sales_data
    location_sales = fetch_clover_sales(creds, target_date)
  File "E:\prog fold\Drunken cookies\real-time-inventory\vm_inventory_updater_fixed.py", line 905, in 
fetch_clover_sales
    logging.warning(f"ΓÜá∩╕Å     UTC time: {order_info['order_time_utc']}")
Message: 'ΓÜá∩╕Å     UTC time: 2026-02-07 15:37:23 UTC'
Arguments: ()
--- Logging error ---
Traceback (most recent call last):
  File "C:\Users\banzo\AppData\Local\Programs\Python\Python312\Lib\logging\__init__.py", line 1163, in emit
    stream.write(msg + self.terminator)
  File "C:\Users\banzo\AppData\Local\Programs\Python\Python312\Lib\encodings\cp1252.py", line 19, in encode
    return codecs.charmap_encode(input,self.errors,encoding_table)[0]
           ^^^^^^^^^^^^^^^^^^^^^^^^^^^^^^^^^^^^^^^^^^^^^^^^^^^^^^^
UnicodeEncodeError: 'charmap' codec can't encode characters in position 36-37: character maps to <undefined>
Call stack:
  File "E:\prog fold\Drunken cookies\real-time-inventory\vm_inventory_updater_fixed.py", line 2606, in <module>
    success = main()
  File "E:\prog fold\Drunken cookies\real-time-inventory\vm_inventory_updater_fixed.py", line 162, in main
    sales_data = fetch_sales_data(clover_creds, shopify_creds, target_date)
  File "E:\prog fold\Drunken cookies\real-time-inventory\vm_inventory_updater_fixed.py", line 537, in fetch_sales_data
    location_sales = fetch_clover_sales(creds, target_date)
  File "E:\prog fold\Drunken cookies\real-time-inventory\vm_inventory_updater_fixed.py", line 906, in 
fetch_clover_sales
    logging.warning(f"ΓÜá∩╕Å     PR time: {order_info['order_time_pr']}")
Message: 'ΓÜá∩╕Å     PR time: 2026-02-07 11:37:23 AST'
Arguments: ()
--- Logging error ---
Traceback (most recent call last):
  File "C:\Users\banzo\AppData\Local\Programs\Python\Python312\Lib\logging\__init__.py", line 1163, in emit
    stream.write(msg + self.terminator)
  File "C:\Users\banzo\AppData\Local\Programs\Python\Python312\Lib\encodings\cp1252.py", line 19, in encode
    return codecs.charmap_encode(input,self.errors,encoding_table)[0]
           ^^^^^^^^^^^^^^^^^^^^^^^^^^^^^^^^^^^^^^^^^^^^^^^^^^^^^^^
UnicodeEncodeError: 'charmap' codec can't encode characters in position 36-37: character maps to <undefined>
Call stack:
  File "E:\prog fold\Drunken cookies\real-time-inventory\vm_inventory_updater_fixed.py", line 2606, in <module>
    success = main()
  File "E:\prog fold\Drunken cookies\real-time-inventory\vm_inventory_updater_fixed.py", line 162, in main
    sales_data = fetch_sales_data(clover_creds, shopify_creds, target_date)
  File "E:\prog fold\Drunken cookies\real-time-inventory\vm_inventory_updater_fixed.py", line 537, in fetch_sales_data
    location_sales = fetch_clover_sales(creds, target_date)
  File "E:\prog fold\Drunken cookies\real-time-inventory\vm_inventory_updater_fixed.py", line 907, in 
fetch_clover_sales
    logging.warning(f"ΓÜá∩╕Å     PR date: {order_info['order_date_pr']} (target: {order_info['target_date']})")
Message: 'ΓÜá∩╕Å     PR date: 2026-02-07 (target: 2026-01-17)'
Arguments: ()
--- Logging error ---
Traceback (most recent call last):
  File "C:\Users\banzo\AppData\Local\Programs\Python\Python312\Lib\logging\__init__.py", line 1163, in emit
    stream.write(msg + self.terminator)
  File "C:\Users\banzo\AppData\Local\Programs\Python\Python312\Lib\encodings\cp1252.py", line 19, in encode
    return codecs.charmap_encode(input,self.errors,encoding_table)[0]
           ^^^^^^^^^^^^^^^^^^^^^^^^^^^^^^^^^^^^^^^^^^^^^^^^^^^^^^^
2026-02-16 20:52:19,054 - WARNING - ΓÜá∩╕Å     PR time: 2026-02-07 09:24:47 AST
2026-02-16 20:52:19,062 - WARNING - ΓÜá∩╕Å     PR date: 2026-02-07 (target: 2026-01-17)
2026-02-16 20:52:19,063 - WARNING - ΓÜá∩╕Å   Order GQK4WZ0Z76832:
UnicodeEncodeError: 'charmap' codec can't encode characters in position 36-37: character maps to <undefined>
Call stack:
  File "E:\prog fold\Drunken cookies\real-time-inventory\vm_inventory_updater_fixed.py", line 2606, in <module>
    success = main()
  File "E:\prog fold\Drunken cookies\real-time-inventory\vm_inventory_updater_fixed.py", line 162, in main
    sales_data = fetch_sales_data(clover_creds, shopify_creds, target_date)
  File "E:\prog fold\Drunken cookies\real-time-inventory\vm_inventory_updater_fixed.py", line 537, in fetch_sales_data
    location_sales = fetch_clover_sales(creds, target_date)
  File "E:\prog fold\Drunken cookies\real-time-inventory\vm_inventory_updater_fixed.py", line 904, in 
fetch_clover_sales
    logging.warning(f"ΓÜá∩╕Å   Order {order_info['order_id']}:")
Message: 'ΓÜá∩╕Å   Order N0PZ56MNAE59C:'
Arguments: ()
--- Logging error ---
Traceback (most recent call last):
  File "C:\Users\banzo\AppData\Local\Programs\Python\Python312\Lib\logging\__init__.py", line 1163, in emit
    stream.write(msg + self.terminator)
  File "C:\Users\banzo\AppData\Local\Programs\Python\Python312\Lib\encodings\cp1252.py", line 19, in encode
    return codecs.charmap_encode(input,self.errors,encoding_table)[0]
           ^^^^^^^^^^^^^^^^^^^^^^^^^^^^^^^^^^^^^^^^^^^^^^^^^^^^^^^
UnicodeEncodeError: 'charmap' codec can't encode characters in position 36-37: character maps to <undefined>
Call stack:
  File "E:\prog fold\Drunken cookies\real-time-inventory\vm_inventory_updater_fixed.py", line 2606, in <module>
    success = main()
  File "E:\prog fold\Drunken cookies\real-time-inventory\vm_inventory_updater_fixed.py", line 162, in main
    sales_data = fetch_sales_data(clover_creds, shopify_creds, target_date)
  File "E:\prog fold\Drunken cookies\real-time-inventory\vm_inventory_updater_fixed.py", line 537, in fetch_sales_data
    location_sales = fetch_clover_sales(creds, target_date)
  File "E:\prog fold\Drunken cookies\real-time-inventory\vm_inventory_updater_fixed.py", line 905, in 
fetch_clover_sales
    logging.warning(f"ΓÜá∩╕Å     UTC time: {order_info['order_time_utc']}")
Message: 'ΓÜá∩╕Å     UTC time: 2026-02-07 13:24:47 UTC'
Arguments: ()
--- Logging error ---
Traceback (most recent call last):
  File "C:\Users\banzo\AppData\Local\Programs\Python\Python312\Lib\logging\__init__.py", line 1163, in emit
    stream.write(msg + self.terminator)
  File "C:\Users\banzo\AppData\Local\Programs\Python\Python312\Lib\encodings\cp1252.py", line 19, in encode
    return codecs.charmap_encode(input,self.errors,encoding_table)[0]
           ^^^^^^^^^^^^^^^^^^^^^^^^^^^^^^^^^^^^^^^^^^^^^^^^^^^^^^^
UnicodeEncodeError: 'charmap' codec can't encode characters in position 36-37: character maps to <undefined>
Call stack:
  File "E:\prog fold\Drunken cookies\real-time-inventory\vm_inventory_updater_fixed.py", line 2606, in <module>
    success = main()
  File "E:\prog fold\Drunken cookies\real-time-inventory\vm_inventory_updater_fixed.py", line 162, in main
    sales_data = fetch_sales_data(clover_creds, shopify_creds, target_date)
  File "E:\prog fold\Drunken cookies\real-time-inventory\vm_inventory_updater_fixed.py", line 537, in fetch_sales_data
    location_sales = fetch_clover_sales(creds, target_date)
  File "E:\prog fold\Drunken cookies\real-time-inventory\vm_inventory_updater_fixed.py", line 906, in 
fetch_clover_sales
    logging.warning(f"ΓÜá∩╕Å     PR time: {order_info['order_time_pr']}")
Message: 'ΓÜá∩╕Å     PR time: 2026-02-07 09:24:47 AST'
Arguments: ()
--- Logging error ---
Traceback (most recent call last):
  File "C:\Users\banzo\AppData\Local\Programs\Python\Python312\Lib\logging\__init__.py", line 1163, in emit
    stream.write(msg + self.terminator)
  File "C:\Users\banzo\AppData\Local\Programs\Python\Python312\Lib\encodings\cp1252.py", line 19, in encode
    return codecs.charmap_encode(input,self.errors,encoding_table)[0]
           ^^^^^^^^^^^^^^^^^^^^^^^^^^^^^^^^^^^^^^^^^^^^^^^^^^^^^^^
UnicodeEncodeError: 'charmap' codec can't encode characters in position 36-37: character maps to <undefined>
Call stack:
  File "E:\prog fold\Drunken cookies\real-time-inventory\vm_inventory_updater_fixed.py", line 2606, in <module>
    success = main()
  File "E:\prog fold\Drunken cookies\real-time-inventory\vm_inventory_updater_fixed.py", line 162, in main
    sales_data = fetch_sales_data(clover_creds, shopify_creds, target_date)
  File "E:\prog fold\Drunken cookies\real-time-inventory\vm_inventory_updater_fixed.py", line 537, in fetch_sales_data
    location_sales = fetch_clover_sales(creds, target_date)
  File "E:\prog fold\Drunken cookies\real-time-inventory\vm_inventory_updater_fixed.py", line 907, in 
fetch_clover_sales
    logging.warning(f"ΓÜá∩╕Å     PR date: {order_info['order_date_pr']} (target: {order_info['target_date']})")
Message: 'ΓÜá∩╕Å     PR date: 2026-02-07 (target: 2026-01-17)'
Arguments: ()
--- Logging error ---
Traceback (most recent call last):
  File "C:\Users\banzo\AppData\Local\Programs\Python\Python312\Lib\logging\__init__.py", line 1163, in emit
    stream.write(msg + self.terminator)
  File "C:\Users\banzo\AppData\Local\Programs\Python\Python312\Lib\encodings\cp1252.py", line 19, in encode
    return codecs.charmap_encode(input,self.errors,encoding_table)[0]
           ^^^^^^^^^^^^^^^^^^^^^^^^^^^^^^^^^^^^^^^^^^^^^^^^^^^^^^^
UnicodeEncodeError: 'charmap' codec can't encode characters in position 36-37: character maps to <undefined>
Call stack:
  File "E:\prog fold\Drunken cookies\real-time-inventory\vm_inventory_updater_fixed.py", line 2606, in <module>
    success = main()
  File "E:\prog fold\Drunken cookies\real-time-inventory\vm_inventory_updater_fixed.py", line 162, in main
    sales_data = fetch_sales_data(clover_creds, shopify_creds, target_date)
  File "E:\prog fold\Drunken cookies\real-time-inventory\vm_inventory_updater_fixed.py", line 537, in fetch_sales_data
    location_sales = fetch_clover_sales(creds, target_date)
  File "E:\prog fold\Drunken cookies\real-time-inventory\vm_inventory_updater_fixed.py", line 904, in 
fetch_clover_sales
    logging.warning(f"ΓÜá∩╕Å   Order {order_info['order_id']}:")
Message: 'ΓÜá∩╕Å   Order GQK4WZ0Z76832:'
Arguments: ()
--- Logging error ---
Traceback (most recent call last):
  File "C:\Users\banzo\AppData\Local\Programs\Python\Python312\Lib\logging\__init__.py", line 1163, in emit
    stream.write(msg + self.terminator)
  File "C:\Users\banzo\AppData\Local\Programs\Python\Python312\Lib\encodings\cp1252.py", line 19, in encode
    return codecs.charmap_encode(input,self.errors,encoding_table)[0]
           ^^^^^^^^^^^^^^^^^^^^^^^^^^^^^^^^^^^^^^^^^^^^^^^^^^^^^^^
2026-02-16 20:52:19,064 - WARNING - ΓÜá∩╕Å     UTC time: 2026-02-06 23:57:38 UTC
2026-02-16 20:52:19,069 - WARNING - ΓÜá∩╕Å     PR time: 2026-02-06 19:57:38 AST
2026-02-16 20:52:19,070 - WARNING - ΓÜá∩╕Å     PR date: 2026-02-06 (target: 2026-01-17)
UnicodeEncodeError: 'charmap' codec can't encode characters in position 36-37: character maps to <undefined>
Call stack:
  File "E:\prog fold\Drunken cookies\real-time-inventory\vm_inventory_updater_fixed.py", line 2606, in <module>
    success = main()
  File "E:\prog fold\Drunken cookies\real-time-inventory\vm_inventory_updater_fixed.py", line 162, in main
    sales_data = fetch_sales_data(clover_creds, shopify_creds, target_date)
  File "E:\prog fold\Drunken cookies\real-time-inventory\vm_inventory_updater_fixed.py", line 537, in fetch_sales_data
    location_sales = fetch_clover_sales(creds, target_date)
  File "E:\prog fold\Drunken cookies\real-time-inventory\vm_inventory_updater_fixed.py", line 905, in 
fetch_clover_sales
    logging.warning(f"ΓÜá∩╕Å     UTC time: {order_info['order_time_utc']}")
Message: 'ΓÜá∩╕Å     UTC time: 2026-02-06 23:57:38 UTC'
Arguments: ()
--- Logging error ---
Traceback (most recent call last):
  File "C:\Users\banzo\AppData\Local\Programs\Python\Python312\Lib\logging\__init__.py", line 1163, in emit
    stream.write(msg + self.terminator)
  File "C:\Users\banzo\AppData\Local\Programs\Python\Python312\Lib\encodings\cp1252.py", line 19, in encode
    return codecs.charmap_encode(input,self.errors,encoding_table)[0]
           ^^^^^^^^^^^^^^^^^^^^^^^^^^^^^^^^^^^^^^^^^^^^^^^^^^^^^^^
UnicodeEncodeError: 'charmap' codec can't encode characters in position 36-37: character maps to <undefined>
2026-02-16 20:52:19,070 - WARNING - ΓÜá∩╕Å   Order 0K8EXG9H3P7J8:
2026-02-16 20:52:19,078 - WARNING - ΓÜá∩╕Å     UTC time: 2026-02-06 23:33:05 UTC
2026-02-16 20:52:19,079 - WARNING - ΓÜá∩╕Å     PR time: 2026-02-06 19:33:05 AST
Call stack:
  File "E:\prog fold\Drunken cookies\real-time-inventory\vm_inventory_updater_fixed.py", line 2606, in <module>
    success = main()
  File "E:\prog fold\Drunken cookies\real-time-inventory\vm_inventory_updater_fixed.py", line 162, in main
    sales_data = fetch_sales_data(clover_creds, shopify_creds, target_date)
  File "E:\prog fold\Drunken cookies\real-time-inventory\vm_inventory_updater_fixed.py", line 537, in fetch_sales_data
    location_sales = fetch_clover_sales(creds, target_date)
  File "E:\prog fold\Drunken cookies\real-time-inventory\vm_inventory_updater_fixed.py", line 906, in 
fetch_clover_sales
    logging.warning(f"ΓÜá∩╕Å     PR time: {order_info['order_time_pr']}")
Message: 'ΓÜá∩╕Å     PR time: 2026-02-06 19:57:38 AST'
Arguments: ()
--- Logging error ---
Traceback (most recent call last):
  File "C:\Users\banzo\AppData\Local\Programs\Python\Python312\Lib\logging\__init__.py", line 1163, in emit
    stream.write(msg + self.terminator)
  File "C:\Users\banzo\AppData\Local\Programs\Python\Python312\Lib\encodings\cp1252.py", line 19, in encode
    return codecs.charmap_encode(input,self.errors,encoding_table)[0]
           ^^^^^^^^^^^^^^^^^^^^^^^^^^^^^^^^^^^^^^^^^^^^^^^^^^^^^^^
UnicodeEncodeError: 'charmap' codec can't encode characters in position 36-37: character maps to <undefined>
Call stack:
  File "E:\prog fold\Drunken cookies\real-time-inventory\vm_inventory_updater_fixed.py", line 2606, in <module>
    success = main()
  File "E:\prog fold\Drunken cookies\real-time-inventory\vm_inventory_updater_fixed.py", line 162, in main
    sales_data = fetch_sales_data(clover_creds, shopify_creds, target_date)
  File "E:\prog fold\Drunken cookies\real-time-inventory\vm_inventory_updater_fixed.py", line 537, in fetch_sales_data
    location_sales = fetch_clover_sales(creds, target_date)
  File "E:\prog fold\Drunken cookies\real-time-inventory\vm_inventory_updater_fixed.py", line 907, in 
fetch_clover_sales
    logging.warning(f"ΓÜá∩╕Å     PR date: {order_info['order_date_pr']} (target: {order_info['target_date']})")
Message: 'ΓÜá∩╕Å     PR date: 2026-02-06 (target: 2026-01-17)'
Arguments: ()
--- Logging error ---
Traceback (most recent call last):
  File "C:\Users\banzo\AppData\Local\Programs\Python\Python312\Lib\logging\__init__.py", line 1163, in emit
    stream.write(msg + self.terminator)
  File "C:\Users\banzo\AppData\Local\Programs\Python\Python312\Lib\encodings\cp1252.py", line 19, in encode
    return codecs.charmap_encode(input,self.errors,encoding_table)[0]
           ^^^^^^^^^^^^^^^^^^^^^^^^^^^^^^^^^^^^^^^^^^^^^^^^^^^^^^^
UnicodeEncodeError: 'charmap' codec can't encode characters in position 36-37: character maps to <undefined>
Call stack:
  File "E:\prog fold\Drunken cookies\real-time-inventory\vm_inventory_updater_fixed.py", line 2606, in <module>
    success = main()
  File "E:\prog fold\Drunken cookies\real-time-inventory\vm_inventory_updater_fixed.py", line 162, in main
    sales_data = fetch_sales_data(clover_creds, shopify_creds, target_date)
  File "E:\prog fold\Drunken cookies\real-time-inventory\vm_inventory_updater_fixed.py", line 537, in fetch_sales_data
    location_sales = fetch_clover_sales(creds, target_date)
  File "E:\prog fold\Drunken cookies\real-time-inventory\vm_inventory_updater_fixed.py", line 904, in 
fetch_clover_sales
    logging.warning(f"ΓÜá∩╕Å   Order {order_info['order_id']}:")
Message: 'ΓÜá∩╕Å   Order 0K8EXG9H3P7J8:'
Arguments: ()
--- Logging error ---
Traceback (most recent call last):
  File "C:\Users\banzo\AppData\Local\Programs\Python\Python312\Lib\logging\__init__.py", line 1163, in emit
    stream.write(msg + self.terminator)
  File "C:\Users\banzo\AppData\Local\Programs\Python\Python312\Lib\encodings\cp1252.py", line 19, in encode
    return codecs.charmap_encode(input,self.errors,encoding_table)[0]
           ^^^^^^^^^^^^^^^^^^^^^^^^^^^^^^^^^^^^^^^^^^^^^^^^^^^^^^^
UnicodeEncodeError: 'charmap' codec can't encode characters in position 36-37: character maps to <undefined>
Call stack:
  File "E:\prog fold\Drunken cookies\real-time-inventory\vm_inventory_updater_fixed.py", line 2606, in <module>
    success = main()
2026-02-16 20:52:19,080 - WARNING - ΓÜá∩╕Å     PR date: 2026-02-06 (target: 2026-01-17)
2026-02-16 20:52:19,086 - WARNING - ΓÜá∩╕Å   Order PGFFK5CAG2R68:
2026-02-16 20:52:19,087 - WARNING - ΓÜá∩╕Å     UTC time: 2026-02-06 22:49:11 UTC
2026-02-16 20:52:19,087 - WARNING - ΓÜá∩╕Å     PR time: 2026-02-06 18:49:11 AST
  File "E:\prog fold\Drunken cookies\real-time-inventory\vm_inventory_updater_fixed.py", line 162, in main
    sales_data = fetch_sales_data(clover_creds, shopify_creds, target_date)
  File "E:\prog fold\Drunken cookies\real-time-inventory\vm_inventory_updater_fixed.py", line 537, in fetch_sales_data
    location_sales = fetch_clover_sales(creds, target_date)
  File "E:\prog fold\Drunken cookies\real-time-inventory\vm_inventory_updater_fixed.py", line 905, in 
fetch_clover_sales
    logging.warning(f"ΓÜá∩╕Å     UTC time: {order_info['order_time_utc']}")
Message: 'ΓÜá∩╕Å     UTC time: 2026-02-06 23:33:05 UTC'
Arguments: ()
--- Logging error ---
Traceback (most recent call last):
  File "C:\Users\banzo\AppData\Local\Programs\Python\Python312\Lib\logging\__init__.py", line 1163, in emit
    stream.write(msg + self.terminator)
  File "C:\Users\banzo\AppData\Local\Programs\Python\Python312\Lib\encodings\cp1252.py", line 19, in encode
    return codecs.charmap_encode(input,self.errors,encoding_table)[0]
           ^^^^^^^^^^^^^^^^^^^^^^^^^^^^^^^^^^^^^^^^^^^^^^^^^^^^^^^
UnicodeEncodeError: 'charmap' codec can't encode characters in position 36-37: character maps to <undefined>
Call stack:
  File "E:\prog fold\Drunken cookies\real-time-inventory\vm_inventory_updater_fixed.py", line 2606, in <module>
    success = main()
  File "E:\prog fold\Drunken cookies\real-time-inventory\vm_inventory_updater_fixed.py", line 162, in main
    sales_data = fetch_sales_data(clover_creds, shopify_creds, target_date)
  File "E:\prog fold\Drunken cookies\real-time-inventory\vm_inventory_updater_fixed.py", line 537, in fetch_sales_data
    location_sales = fetch_clover_sales(creds, target_date)
  File "E:\prog fold\Drunken cookies\real-time-inventory\vm_inventory_updater_fixed.py", line 906, in 
fetch_clover_sales
    logging.warning(f"ΓÜá∩╕Å     PR time: {order_info['order_time_pr']}")
Message: 'ΓÜá∩╕Å     PR time: 2026-02-06 19:33:05 AST'
Arguments: ()
--- Logging error ---
Traceback (most recent call last):
  File "C:\Users\banzo\AppData\Local\Programs\Python\Python312\Lib\logging\__init__.py", line 1163, in emit
    stream.write(msg + self.terminator)
  File "C:\Users\banzo\AppData\Local\Programs\Python\Python312\Lib\encodings\cp1252.py", line 19, in encode
    return codecs.charmap_encode(input,self.errors,encoding_table)[0]
           ^^^^^^^^^^^^^^^^^^^^^^^^^^^^^^^^^^^^^^^^^^^^^^^^^^^^^^^
UnicodeEncodeError: 'charmap' codec can't encode characters in position 36-37: character maps to <undefined>
Call stack:
  File "E:\prog fold\Drunken cookies\real-time-inventory\vm_inventory_updater_fixed.py", line 2606, in <module>
    success = main()
  File "E:\prog fold\Drunken cookies\real-time-inventory\vm_inventory_updater_fixed.py", line 162, in main
    sales_data = fetch_sales_data(clover_creds, shopify_creds, target_date)
  File "E:\prog fold\Drunken cookies\real-time-inventory\vm_inventory_updater_fixed.py", line 537, in fetch_sales_data
    location_sales = fetch_clover_sales(creds, target_date)
  File "E:\prog fold\Drunken cookies\real-time-inventory\vm_inventory_updater_fixed.py", line 907, in 
fetch_clover_sales
    logging.warning(f"ΓÜá∩╕Å     PR date: {order_info['order_date_pr']} (target: {order_info['target_date']})")
Message: 'ΓÜá∩╕Å     PR date: 2026-02-06 (target: 2026-01-17)'
Arguments: ()
--- Logging error ---
Traceback (most recent call last):
  File "C:\Users\banzo\AppData\Local\Programs\Python\Python312\Lib\logging\__init__.py", line 1163, in emit
    stream.write(msg + self.terminator)
  File "C:\Users\banzo\AppData\Local\Programs\Python\Python312\Lib\encodings\cp1252.py", line 19, in encode
    return codecs.charmap_encode(input,self.errors,encoding_table)[0]
           ^^^^^^^^^^^^^^^^^^^^^^^^^^^^^^^^^^^^^^^^^^^^^^^^^^^^^^^
UnicodeEncodeError: 'charmap' codec can't encode characters in position 36-37: character maps to <undefined>
Call stack:
  File "E:\prog fold\Drunken cookies\real-time-inventory\vm_inventory_updater_fixed.py", line 2606, in <module>
    success = main()
  File "E:\prog fold\Drunken cookies\real-time-inventory\vm_inventory_updater_fixed.py", line 162, in main
    sales_data = fetch_sales_data(clover_creds, shopify_creds, target_date)
  File "E:\prog fold\Drunken cookies\real-time-inventory\vm_inventory_updater_fixed.py", line 537, in fetch_sales_data
    location_sales = fetch_clover_sales(creds, target_date)
  File "E:\prog fold\Drunken cookies\real-time-inventory\vm_inventory_updater_fixed.py", line 904, in 
fetch_clover_sales
    logging.warning(f"ΓÜá∩╕Å   Order {order_info['order_id']}:")
Message: 'ΓÜá∩╕Å   Order PGFFK5CAG2R68:'
Arguments: ()
--- Logging error ---
Traceback (most recent call last):
  File "C:\Users\banzo\AppData\Local\Programs\Python\Python312\Lib\logging\__init__.py", line 1163, in emit
    stream.write(msg + self.terminator)
  File "C:\Users\banzo\AppData\Local\Programs\Python\Python312\Lib\encodings\cp1252.py", line 19, in encode
    return codecs.charmap_encode(input,self.errors,encoding_table)[0]
           ^^^^^^^^^^^^^^^^^^^^^^^^^^^^^^^^^^^^^^^^^^^^^^^^^^^^^^^
UnicodeEncodeError: 'charmap' codec can't encode characters in position 36-37: character maps to <undefined>
Call stack:
  File "E:\prog fold\Drunken cookies\real-time-inventory\vm_inventory_updater_fixed.py", line 2606, in <module>
    success = main()
  File "E:\prog fold\Drunken cookies\real-time-inventory\vm_inventory_updater_fixed.py", line 162, in main
    sales_data = fetch_sales_data(clover_creds, shopify_creds, target_date)
  File "E:\prog fold\Drunken cookies\real-time-inventory\vm_inventory_updater_fixed.py", line 537, in fetch_sales_data
    location_sales = fetch_clover_sales(creds, target_date)
  File "E:\prog fold\Drunken cookies\real-time-inventory\vm_inventory_updater_fixed.py", line 905, in 
fetch_clover_sales
    logging.warning(f"ΓÜá∩╕Å     UTC time: {order_info['order_time_utc']}")
Message: 'ΓÜá∩╕Å     UTC time: 2026-02-06 22:49:11 UTC'
Arguments: ()
--- Logging error ---
Traceback (most recent call last):
  File "C:\Users\banzo\AppData\Local\Programs\Python\Python312\Lib\logging\__init__.py", line 1163, in emit
    stream.write(msg + self.terminator)
  File "C:\Users\banzo\AppData\Local\Programs\Python\Python312\Lib\encodings\cp1252.py", line 19, in encode
    return codecs.charmap_encode(input,self.errors,encoding_table)[0]
           ^^^^^^^^^^^^^^^^^^^^^^^^^^^^^^^^^^^^^^^^^^^^^^^^^^^^^^^
UnicodeEncodeError: 'charmap' codec can't encode characters in position 36-37: character maps to <undefined>
Call stack:
  File "E:\prog fold\Drunken cookies\real-time-inventory\vm_inventory_updater_fixed.py", line 2606, in <module>
    success = main()
  File "E:\prog fold\Drunken cookies\real-time-inventory\vm_inventory_updater_fixed.py", line 162, in main
    sales_data = fetch_sales_data(clover_creds, shopify_creds, target_date)
  File "E:\prog fold\Drunken cookies\real-time-inventory\vm_inventory_updater_fixed.py", line 537, in fetch_sales_data
    location_sales = fetch_clover_sales(creds, target_date)
2026-02-16 20:52:19,088 - WARNING - ΓÜá∩╕Å     PR date: 2026-02-06 (target: 2026-01-17)
2026-02-16 20:52:19,096 - WARNING - ΓÜá∩╕Å   Order HJ6ADCA26020R:
2026-02-16 20:52:19,096 - WARNING - ΓÜá∩╕Å     UTC time: 2026-02-06 19:37:55 UTC
  File "E:\prog fold\Drunken cookies\real-time-inventory\vm_inventory_updater_fixed.py", line 906, in 
fetch_clover_sales
    logging.warning(f"ΓÜá∩╕Å     PR time: {order_info['order_time_pr']}")
Message: 'ΓÜá∩╕Å     PR time: 2026-02-06 18:49:11 AST'
Arguments: ()
--- Logging error ---
Traceback (most recent call last):
  File "C:\Users\banzo\AppData\Local\Programs\Python\Python312\Lib\logging\__init__.py", line 1163, in emit
    stream.write(msg + self.terminator)
  File "C:\Users\banzo\AppData\Local\Programs\Python\Python312\Lib\encodings\cp1252.py", line 19, in encode
    return codecs.charmap_encode(input,self.errors,encoding_table)[0]
           ^^^^^^^^^^^^^^^^^^^^^^^^^^^^^^^^^^^^^^^^^^^^^^^^^^^^^^^
UnicodeEncodeError: 'charmap' codec can't encode characters in position 36-37: character maps to <undefined>
Call stack:
  File "E:\prog fold\Drunken cookies\real-time-inventory\vm_inventory_updater_fixed.py", line 2606, in <module>
    success = main()
  File "E:\prog fold\Drunken cookies\real-time-inventory\vm_inventory_updater_fixed.py", line 162, in main
    sales_data = fetch_sales_data(clover_creds, shopify_creds, target_date)
  File "E:\prog fold\Drunken cookies\real-time-inventory\vm_inventory_updater_fixed.py", line 537, in fetch_sales_data
    location_sales = fetch_clover_sales(creds, target_date)
  File "E:\prog fold\Drunken cookies\real-time-inventory\vm_inventory_updater_fixed.py", line 907, in 
fetch_clover_sales
    logging.warning(f"ΓÜá∩╕Å     PR date: {order_info['order_date_pr']} (target: {order_info['target_date']})")
Message: 'ΓÜá∩╕Å     PR date: 2026-02-06 (target: 2026-01-17)'
Arguments: ()
--- Logging error ---
Traceback (most recent call last):
  File "C:\Users\banzo\AppData\Local\Programs\Python\Python312\Lib\logging\__init__.py", line 1163, in emit
    stream.write(msg + self.terminator)
  File "C:\Users\banzo\AppData\Local\Programs\Python\Python312\Lib\encodings\cp1252.py", line 19, in encode
    return codecs.charmap_encode(input,self.errors,encoding_table)[0]
           ^^^^^^^^^^^^^^^^^^^^^^^^^^^^^^^^^^^^^^^^^^^^^^^^^^^^^^^
UnicodeEncodeError: 'charmap' codec can't encode characters in position 36-37: character maps to <undefined>
Call stack:
  File "E:\prog fold\Drunken cookies\real-time-inventory\vm_inventory_updater_fixed.py", line 2606, in <module>
    success = main()
  File "E:\prog fold\Drunken cookies\real-time-inventory\vm_inventory_updater_fixed.py", line 162, in main
    sales_data = fetch_sales_data(clover_creds, shopify_creds, target_date)
  File "E:\prog fold\Drunken cookies\real-time-inventory\vm_inventory_updater_fixed.py", line 537, in fetch_sales_data
    location_sales = fetch_clover_sales(creds, target_date)
  File "E:\prog fold\Drunken cookies\real-time-inventory\vm_inventory_updater_fixed.py", line 904, in 
fetch_clover_sales
2026-02-16 20:52:19,097 - WARNING - ΓÜá∩╕Å     PR time: 2026-02-06 15:37:55 AST
2026-02-16 20:52:19,107 - WARNING - ΓÜá∩╕Å     PR date: 2026-02-06 (target: 2026-01-17)
2026-02-16 20:52:19,108 - WARNING - ΓÜá∩╕Å   Order NNQPGJ804C6G8:
    logging.warning(f"ΓÜá∩╕Å   Order {order_info['order_id']}:")
Message: 'ΓÜá∩╕Å   Order HJ6ADCA26020R:'
Arguments: ()
--- Logging error ---
Traceback (most recent call last):
  File "C:\Users\banzo\AppData\Local\Programs\Python\Python312\Lib\logging\__init__.py", line 1163, in emit
    stream.write(msg + self.terminator)
  File "C:\Users\banzo\AppData\Local\Programs\Python\Python312\Lib\encodings\cp1252.py", line 19, in encode
    return codecs.charmap_encode(input,self.errors,encoding_table)[0]
           ^^^^^^^^^^^^^^^^^^^^^^^^^^^^^^^^^^^^^^^^^^^^^^^^^^^^^^^
UnicodeEncodeError: 'charmap' codec can't encode characters in position 36-37: character maps to <undefined>
Call stack:
  File "E:\prog fold\Drunken cookies\real-time-inventory\vm_inventory_updater_fixed.py", line 2606, in <module>
    success = main()
  File "E:\prog fold\Drunken cookies\real-time-inventory\vm_inventory_updater_fixed.py", line 162, in main
    sales_data = fetch_sales_data(clover_creds, shopify_creds, target_date)
  File "E:\prog fold\Drunken cookies\real-time-inventory\vm_inventory_updater_fixed.py", line 537, in fetch_sales_data
    location_sales = fetch_clover_sales(creds, target_date)
  File "E:\prog fold\Drunken cookies\real-time-inventory\vm_inventory_updater_fixed.py", line 905, in 
fetch_clover_sales
    logging.warning(f"ΓÜá∩╕Å     UTC time: {order_info['order_time_utc']}")
Message: 'ΓÜá∩╕Å     UTC time: 2026-02-06 19:37:55 UTC'
Arguments: ()
--- Logging error ---
Traceback (most recent call last):
  File "C:\Users\banzo\AppData\Local\Programs\Python\Python312\Lib\logging\__init__.py", line 1163, in emit
    stream.write(msg + self.terminator)
  File "C:\Users\banzo\AppData\Local\Programs\Python\Python312\Lib\encodings\cp1252.py", line 19, in encode
    return codecs.charmap_encode(input,self.errors,encoding_table)[0]
           ^^^^^^^^^^^^^^^^^^^^^^^^^^^^^^^^^^^^^^^^^^^^^^^^^^^^^^^
UnicodeEncodeError: 'charmap' codec can't encode characters in position 36-37: character maps to <undefined>
Call stack:
  File "E:\prog fold\Drunken cookies\real-time-inventory\vm_inventory_updater_fixed.py", line 2606, in <module>
    success = main()
  File "E:\prog fold\Drunken cookies\real-time-inventory\vm_inventory_updater_fixed.py", line 162, in main
    sales_data = fetch_sales_data(clover_creds, shopify_creds, target_date)
  File "E:\prog fold\Drunken cookies\real-time-inventory\vm_inventory_updater_fixed.py", line 537, in fetch_sales_data
    location_sales = fetch_clover_sales(creds, target_date)
  File "E:\prog fold\Drunken cookies\real-time-inventory\vm_inventory_updater_fixed.py", line 906, in 
fetch_clover_sales
    logging.warning(f"ΓÜá∩╕Å     PR time: {order_info['order_time_pr']}")
Message: 'ΓÜá∩╕Å     PR time: 2026-02-06 15:37:55 AST'
Arguments: ()
--- Logging error ---
Traceback (most recent call last):
  File "C:\Users\banzo\AppData\Local\Programs\Python\Python312\Lib\logging\__init__.py", line 1163, in emit
    stream.write(msg + self.terminator)
  File "C:\Users\banzo\AppData\Local\Programs\Python\Python312\Lib\encodings\cp1252.py", line 19, in encode
    return codecs.charmap_encode(input,self.errors,encoding_table)[0]
           ^^^^^^^^^^^^^^^^^^^^^^^^^^^^^^^^^^^^^^^^^^^^^^^^^^^^^^^
UnicodeEncodeError: 'charmap' codec can't encode characters in position 36-37: character maps to <undefined>
Call stack:
  File "E:\prog fold\Drunken cookies\real-time-inventory\vm_inventory_updater_fixed.py", line 2606, in <module>
    success = main()
  File "E:\prog fold\Drunken cookies\real-time-inventory\vm_inventory_updater_fixed.py", line 162, in main
    sales_data = fetch_sales_data(clover_creds, shopify_creds, target_date)
  File "E:\prog fold\Drunken cookies\real-time-inventory\vm_inventory_updater_fixed.py", line 537, in fetch_sales_data
    location_sales = fetch_clover_sales(creds, target_date)
  File "E:\prog fold\Drunken cookies\real-time-inventory\vm_inventory_updater_fixed.py", line 907, in 
fetch_clover_sales
    logging.warning(f"ΓÜá∩╕Å     PR date: {order_info['order_date_pr']} (target: {order_info['target_date']})")
Message: 'ΓÜá∩╕Å     PR date: 2026-02-06 (target: 2026-01-17)'
Arguments: ()
--- Logging error ---
Traceback (most recent call last):
  File "C:\Users\banzo\AppData\Local\Programs\Python\Python312\Lib\logging\__init__.py", line 1163, in emit
    stream.write(msg + self.terminator)
  File "C:\Users\banzo\AppData\Local\Programs\Python\Python312\Lib\encodings\cp1252.py", line 19, in encode
    return codecs.charmap_encode(input,self.errors,encoding_table)[0]
           ^^^^^^^^^^^^^^^^^^^^^^^^^^^^^^^^^^^^^^^^^^^^^^^^^^^^^^^
UnicodeEncodeError: 'charmap' codec can't encode characters in position 36-37: character maps to <undefined>
Call stack:
  File "E:\prog fold\Drunken cookies\real-time-inventory\vm_inventory_updater_fixed.py", line 2606, in <module>
    success = main()
  File "E:\prog fold\Drunken cookies\real-time-inventory\vm_inventory_updater_fixed.py", line 162, in main
    sales_data = fetch_sales_data(clover_creds, shopify_creds, target_date)
  File "E:\prog fold\Drunken cookies\real-time-inventory\vm_inventory_updater_fixed.py", line 537, in fetch_sales_data
    location_sales = fetch_clover_sales(creds, target_date)
  File "E:\prog fold\Drunken cookies\real-time-inventory\vm_inventory_updater_fixed.py", line 904, in 
fetch_clover_sales
    logging.warning(f"ΓÜá∩╕Å   Order {order_info['order_id']}:")
Message: 'ΓÜá∩╕Å   Order NNQPGJ804C6G8:'
Arguments: ()
--- Logging error ---
Traceback (most recent call last):
  File "C:\Users\banzo\AppData\Local\Programs\Python\Python312\Lib\logging\__init__.py", line 1163, in emit
    stream.write(msg + self.terminator)
2026-02-16 20:52:19,108 - WARNING - ΓÜá∩╕Å     UTC time: 2026-02-06 18:50:31 UTC
2026-02-16 20:52:19,113 - WARNING - ΓÜá∩╕Å     PR time: 2026-02-06 14:50:31 AST
2026-02-16 20:52:19,113 - WARNING - ΓÜá∩╕Å     PR date: 2026-02-06 (target: 2026-01-17)
2026-02-16 20:52:19,114 - WARNING - ΓÜá∩╕Å   Order RA15HX9R4AT9R:
2026-02-16 20:52:19,120 - WARNING - ΓÜá∩╕Å     UTC time: 2026-02-06 17:23:17 UTC
  File "C:\Users\banzo\AppData\Local\Programs\Python\Python312\Lib\encodings\cp1252.py", line 19, in encode
    return codecs.charmap_encode(input,self.errors,encoding_table)[0]
           ^^^^^^^^^^^^^^^^^^^^^^^^^^^^^^^^^^^^^^^^^^^^^^^^^^^^^^^
UnicodeEncodeError: 'charmap' codec can't encode characters in position 36-37: character maps to <undefined>
Call stack:
  File "E:\prog fold\Drunken cookies\real-time-inventory\vm_inventory_updater_fixed.py", line 2606, in <module>
    success = main()
  File "E:\prog fold\Drunken cookies\real-time-inventory\vm_inventory_updater_fixed.py", line 162, in main
    sales_data = fetch_sales_data(clover_creds, shopify_creds, target_date)
  File "E:\prog fold\Drunken cookies\real-time-inventory\vm_inventory_updater_fixed.py", line 537, in fetch_sales_data
    location_sales = fetch_clover_sales(creds, target_date)
  File "E:\prog fold\Drunken cookies\real-time-inventory\vm_inventory_updater_fixed.py", line 905, in 
fetch_clover_sales
    logging.warning(f"ΓÜá∩╕Å     UTC time: {order_info['order_time_utc']}")
Message: 'ΓÜá∩╕Å     UTC time: 2026-02-06 18:50:31 UTC'
Arguments: ()
--- Logging error ---
Traceback (most recent call last):
  File "C:\Users\banzo\AppData\Local\Programs\Python\Python312\Lib\logging\__init__.py", line 1163, in emit
    stream.write(msg + self.terminator)
  File "C:\Users\banzo\AppData\Local\Programs\Python\Python312\Lib\encodings\cp1252.py", line 19, in encode
    return codecs.charmap_encode(input,self.errors,encoding_table)[0]
           ^^^^^^^^^^^^^^^^^^^^^^^^^^^^^^^^^^^^^^^^^^^^^^^^^^^^^^^
UnicodeEncodeError: 'charmap' codec can't encode characters in position 36-37: character maps to <undefined>
Call stack:
  File "E:\prog fold\Drunken cookies\real-time-inventory\vm_inventory_updater_fixed.py", line 2606, in <module>
    success = main()
  File "E:\prog fold\Drunken cookies\real-time-inventory\vm_inventory_updater_fixed.py", line 162, in main
    sales_data = fetch_sales_data(clover_creds, shopify_creds, target_date)
  File "E:\prog fold\Drunken cookies\real-time-inventory\vm_inventory_updater_fixed.py", line 537, in fetch_sales_data
    location_sales = fetch_clover_sales(creds, target_date)
  File "E:\prog fold\Drunken cookies\real-time-inventory\vm_inventory_updater_fixed.py", line 906, in 
fetch_clover_sales
    logging.warning(f"ΓÜá∩╕Å     PR time: {order_info['order_time_pr']}")
Message: 'ΓÜá∩╕Å     PR time: 2026-02-06 14:50:31 AST'
Arguments: ()
--- Logging error ---
Traceback (most recent call last):
  File "C:\Users\banzo\AppData\Local\Programs\Python\Python312\Lib\logging\__init__.py", line 1163, in emit
    stream.write(msg + self.terminator)
  File "C:\Users\banzo\AppData\Local\Programs\Python\Python312\Lib\encodings\cp1252.py", line 19, in encode
    return codecs.charmap_encode(input,self.errors,encoding_table)[0]
           ^^^^^^^^^^^^^^^^^^^^^^^^^^^^^^^^^^^^^^^^^^^^^^^^^^^^^^^
UnicodeEncodeError: 'charmap' codec can't encode characters in position 36-37: character maps to <undefined>
Call stack:
  File "E:\prog fold\Drunken cookies\real-time-inventory\vm_inventory_updater_fixed.py", line 2606, in <module>
    success = main()
  File "E:\prog fold\Drunken cookies\real-time-inventory\vm_inventory_updater_fixed.py", line 162, in main
    sales_data = fetch_sales_data(clover_creds, shopify_creds, target_date)
  File "E:\prog fold\Drunken cookies\real-time-inventory\vm_inventory_updater_fixed.py", line 537, in fetch_sales_data
    location_sales = fetch_clover_sales(creds, target_date)
  File "E:\prog fold\Drunken cookies\real-time-inventory\vm_inventory_updater_fixed.py", line 907, in 
fetch_clover_sales
    logging.warning(f"ΓÜá∩╕Å     PR date: {order_info['order_date_pr']} (target: {order_info['target_date']})")
Message: 'ΓÜá∩╕Å     PR date: 2026-02-06 (target: 2026-01-17)'
Arguments: ()
--- Logging error ---
Traceback (most recent call last):
2026-02-16 20:52:19,120 - WARNING - ΓÜá∩╕Å     PR time: 2026-02-06 13:23:17 AST
  File "C:\Users\banzo\AppData\Local\Programs\Python\Python312\Lib\logging\__init__.py", line 1163, in emit
    stream.write(msg + self.terminator)
  File "C:\Users\banzo\AppData\Local\Programs\Python\Python312\Lib\encodings\cp1252.py", line 19, in encode
    return codecs.charmap_encode(input,self.errors,encoding_table)[0]
           ^^^^^^^^^^^^^^^^^^^^^^^^^^^^^^^^^^^^^^^^^^^^^^^^^^^^^^^
UnicodeEncodeError: 'charmap' codec can't encode characters in position 36-37: character maps to <undefined>
Call stack:
  File "E:\prog fold\Drunken cookies\real-time-inventory\vm_inventory_updater_fixed.py", line 2606, in <module>
    success = main()
  File "E:\prog fold\Drunken cookies\real-time-inventory\vm_inventory_updater_fixed.py", line 162, in main
    sales_data = fetch_sales_data(clover_creds, shopify_creds, target_date)
  File "E:\prog fold\Drunken cookies\real-time-inventory\vm_inventory_updater_fixed.py", line 537, in fetch_sales_data
    location_sales = fetch_clover_sales(creds, target_date)
  File "E:\prog fold\Drunken cookies\real-time-inventory\vm_inventory_updater_fixed.py", line 904, in 
fetch_clover_sales
    logging.warning(f"ΓÜá∩╕Å   Order {order_info['order_id']}:")
Message: 'ΓÜá∩╕Å   Order RA15HX9R4AT9R:'
Arguments: ()
--- Logging error ---
Traceback (most recent call last):
  File "C:\Users\banzo\AppData\Local\Programs\Python\Python312\Lib\logging\__init__.py", line 1163, in emit
    stream.write(msg + self.terminator)
  File "C:\Users\banzo\AppData\Local\Programs\Python\Python312\Lib\encodings\cp1252.py", line 19, in encode
    return codecs.charmap_encode(input,self.errors,encoding_table)[0]
           ^^^^^^^^^^^^^^^^^^^^^^^^^^^^^^^^^^^^^^^^^^^^^^^^^^^^^^^
UnicodeEncodeError: 'charmap' codec can't encode characters in position 36-37: character maps to <undefined>
Call stack:
  File "E:\prog fold\Drunken cookies\real-time-inventory\vm_inventory_updater_fixed.py", line 2606, in <module>
    success = main()
  File "E:\prog fold\Drunken cookies\real-time-inventory\vm_inventory_updater_fixed.py", line 162, in main
    sales_data = fetch_sales_data(clover_creds, shopify_creds, target_date)
  File "E:\prog fold\Drunken cookies\real-time-inventory\vm_inventory_updater_fixed.py", line 537, in fetch_sales_data
    location_sales = fetch_clover_sales(creds, target_date)
  File "E:\prog fold\Drunken cookies\real-time-inventory\vm_inventory_updater_fixed.py", line 905, in 
fetch_clover_sales
    logging.warning(f"ΓÜá∩╕Å     UTC time: {order_info['order_time_utc']}")
Message: 'ΓÜá∩╕Å     UTC time: 2026-02-06 17:23:17 UTC'
Arguments: ()
--- Logging error ---
Traceback (most recent call last):
  File "C:\Users\banzo\AppData\Local\Programs\Python\Python312\Lib\logging\__init__.py", line 1163, in emit
    stream.write(msg + self.terminator)
  File "C:\Users\banzo\AppData\Local\Programs\Python\Python312\Lib\encodings\cp1252.py", line 19, in encode
    return codecs.charmap_encode(input,self.errors,encoding_table)[0]
           ^^^^^^^^^^^^^^^^^^^^^^^^^^^^^^^^^^^^^^^^^^^^^^^^^^^^^^^
UnicodeEncodeError: 'charmap' codec can't encode characters in position 36-37: character maps to <undefined>
Call stack:
  File "E:\prog fold\Drunken cookies\real-time-inventory\vm_inventory_updater_fixed.py", line 2606, in <module>
    success = main()
  File "E:\prog fold\Drunken cookies\real-time-inventory\vm_inventory_updater_fixed.py", line 162, in main
    sales_data = fetch_sales_data(clover_creds, shopify_creds, target_date)
  File "E:\prog fold\Drunken cookies\real-time-inventory\vm_inventory_updater_fixed.py", line 537, in fetch_sales_data
    location_sales = fetch_clover_sales(creds, target_date)
  File "E:\prog fold\Drunken cookies\real-time-inventory\vm_inventory_updater_fixed.py", line 906, in 
fetch_clover_sales
    logging.warning(f"ΓÜá∩╕Å     PR time: {order_info['order_time_pr']}")
Message: 'ΓÜá∩╕Å     PR time: 2026-02-06 13:23:17 AST'
Arguments: ()
--- Logging error ---
Traceback (most recent call last):
  File "C:\Users\banzo\AppData\Local\Programs\Python\Python312\Lib\logging\__init__.py", line 1163, in emit
    stream.write(msg + self.terminator)
  File "C:\Users\banzo\AppData\Local\Programs\Python\Python312\Lib\encodings\cp1252.py", line 19, in encode
    return codecs.charmap_encode(input,self.errors,encoding_table)[0]
2026-02-16 20:52:19,121 - WARNING - ΓÜá∩╕Å     PR date: 2026-02-06 (target: 2026-01-17)
2026-02-16 20:52:19,127 - WARNING - ΓÜá∩╕Å   Order Z9CMGA0BTEJXM:
2026-02-16 20:52:19,128 - WARNING - ΓÜá∩╕Å     UTC time: 2026-02-06 17:06:28 UTC
2026-02-16 20:52:19,129 - WARNING - ΓÜá∩╕Å     PR time: 2026-02-06 13:06:28 AST
2026-02-16 20:52:19,134 - WARNING - ΓÜá∩╕Å     PR date: 2026-02-06 (target: 2026-01-17)
           ^^^^^^^^^^^^^^^^^^^^^^^^^^^^^^^^^^^^^^^^^^^^^^^^^^^^^^^
UnicodeEncodeError: 'charmap' codec can't encode characters in position 36-37: character maps to <undefined>
Call stack:
  File "E:\prog fold\Drunken cookies\real-time-inventory\vm_inventory_updater_fixed.py", line 2606, in <module>
    success = main()
  File "E:\prog fold\Drunken cookies\real-time-inventory\vm_inventory_updater_fixed.py", line 162, in main
    sales_data = fetch_sales_data(clover_creds, shopify_creds, target_date)
  File "E:\prog fold\Drunken cookies\real-time-inventory\vm_inventory_updater_fixed.py", line 537, in fetch_sales_data
    location_sales = fetch_clover_sales(creds, target_date)
  File "E:\prog fold\Drunken cookies\real-time-inventory\vm_inventory_updater_fixed.py", line 907, in 
fetch_clover_sales
    logging.warning(f"ΓÜá∩╕Å     PR date: {order_info['order_date_pr']} (target: {order_info['target_date']})")
Message: 'ΓÜá∩╕Å     PR date: 2026-02-06 (target: 2026-01-17)'
Arguments: ()
--- Logging error ---
Traceback (most recent call last):
  File "C:\Users\banzo\AppData\Local\Programs\Python\Python312\Lib\logging\__init__.py", line 1163, in emit
    stream.write(msg + self.terminator)
  File "C:\Users\banzo\AppData\Local\Programs\Python\Python312\Lib\encodings\cp1252.py", line 19, in encode
    return codecs.charmap_encode(input,self.errors,encoding_table)[0]
           ^^^^^^^^^^^^^^^^^^^^^^^^^^^^^^^^^^^^^^^^^^^^^^^^^^^^^^^
UnicodeEncodeError: 'charmap' codec can't encode characters in position 36-37: character maps to <undefined>
Call stack:
  File "E:\prog fold\Drunken cookies\real-time-inventory\vm_inventory_updater_fixed.py", line 2606, in <module>
    success = main()
  File "E:\prog fold\Drunken cookies\real-time-inventory\vm_inventory_updater_fixed.py", line 162, in main
    sales_data = fetch_sales_data(clover_creds, shopify_creds, target_date)
  File "E:\prog fold\Drunken cookies\real-time-inventory\vm_inventory_updater_fixed.py", line 537, in fetch_sales_data
    location_sales = fetch_clover_sales(creds, target_date)
  File "E:\prog fold\Drunken cookies\real-time-inventory\vm_inventory_updater_fixed.py", line 904, in 
fetch_clover_sales
    logging.warning(f"ΓÜá∩╕Å   Order {order_info['order_id']}:")
Message: 'ΓÜá∩╕Å   Order Z9CMGA0BTEJXM:'
Arguments: ()
--- Logging error ---
Traceback (most recent call last):
  File "C:\Users\banzo\AppData\Local\Programs\Python\Python312\Lib\logging\__init__.py", line 1163, in emit
    stream.write(msg + self.terminator)
  File "C:\Users\banzo\AppData\Local\Programs\Python\Python312\Lib\encodings\cp1252.py", line 19, in encode
    return codecs.charmap_encode(input,self.errors,encoding_table)[0]
           ^^^^^^^^^^^^^^^^^^^^^^^^^^^^^^^^^^^^^^^^^^^^^^^^^^^^^^^
UnicodeEncodeError: 'charmap' codec can't encode characters in position 36-37: character maps to <undefined>
Call stack:
  File "E:\prog fold\Drunken cookies\real-time-inventory\vm_inventory_updater_fixed.py", line 2606, in <module>
    success = main()
  File "E:\prog fold\Drunken cookies\real-time-inventory\vm_inventory_updater_fixed.py", line 162, in main
    sales_data = fetch_sales_data(clover_creds, shopify_creds, target_date)
  File "E:\prog fold\Drunken cookies\real-time-inventory\vm_inventory_updater_fixed.py", line 537, in fetch_sales_data
    location_sales = fetch_clover_sales(creds, target_date)
  File "E:\prog fold\Drunken cookies\real-time-inventory\vm_inventory_updater_fixed.py", line 905, in 
fetch_clover_sales
    logging.warning(f"ΓÜá∩╕Å     UTC time: {order_info['order_time_utc']}")
Message: 'ΓÜá∩╕Å     UTC time: 2026-02-06 17:06:28 UTC'
Arguments: ()
--- Logging error ---
Traceback (most recent call last):
  File "C:\Users\banzo\AppData\Local\Programs\Python\Python312\Lib\logging\__init__.py", line 1163, in emit
    stream.write(msg + self.terminator)
  File "C:\Users\banzo\AppData\Local\Programs\Python\Python312\Lib\encodings\cp1252.py", line 19, in encode
2026-02-16 20:52:19,135 - WARNING - ΓÜá∩╕Å   Order 6H15AK0C6MY64:
2026-02-16 20:52:19,135 - WARNING - ΓÜá∩╕Å     UTC time: 2026-02-05 23:05:58 UTC
2026-02-16 20:52:19,141 - WARNING - ΓÜá∩╕Å     PR time: 2026-02-05 19:05:58 AST
    return codecs.charmap_encode(input,self.errors,encoding_table)[0]
           ^^^^^^^^^^^^^^^^^^^^^^^^^^^^^^^^^^^^^^^^^^^^^^^^^^^^^^^
UnicodeEncodeError: 'charmap' codec can't encode characters in position 36-37: character maps to <undefined>
Call stack:
  File "E:\prog fold\Drunken cookies\real-time-inventory\vm_inventory_updater_fixed.py", line 2606, in <module>
    success = main()
  File "E:\prog fold\Drunken cookies\real-time-inventory\vm_inventory_updater_fixed.py", line 162, in main
    sales_data = fetch_sales_data(clover_creds, shopify_creds, target_date)
  File "E:\prog fold\Drunken cookies\real-time-inventory\vm_inventory_updater_fixed.py", line 537, in fetch_sales_data
    location_sales = fetch_clover_sales(creds, target_date)
  File "E:\prog fold\Drunken cookies\real-time-inventory\vm_inventory_updater_fixed.py", line 906, in 
fetch_clover_sales
    logging.warning(f"ΓÜá∩╕Å     PR time: {order_info['order_time_pr']}")
Message: 'ΓÜá∩╕Å     PR time: 2026-02-06 13:06:28 AST'
Arguments: ()
--- Logging error ---
Traceback (most recent call last):
  File "C:\Users\banzo\AppData\Local\Programs\Python\Python312\Lib\logging\__init__.py", line 1163, in emit
    stream.write(msg + self.terminator)
  File "C:\Users\banzo\AppData\Local\Programs\Python\Python312\Lib\encodings\cp1252.py", line 19, in encode
    return codecs.charmap_encode(input,self.errors,encoding_table)[0]
           ^^^^^^^^^^^^^^^^^^^^^^^^^^^^^^^^^^^^^^^^^^^^^^^^^^^^^^^
UnicodeEncodeError: 'charmap' codec can't encode characters in position 36-37: character maps to <undefined>
Call stack:
  File "E:\prog fold\Drunken cookies\real-time-inventory\vm_inventory_updater_fixed.py", line 2606, in <module>
    success = main()
  File "E:\prog fold\Drunken cookies\real-time-inventory\vm_inventory_updater_fixed.py", line 162, in main
    sales_data = fetch_sales_data(clover_creds, shopify_creds, target_date)
  File "E:\prog fold\Drunken cookies\real-time-inventory\vm_inventory_updater_fixed.py", line 537, in fetch_sales_data
    location_sales = fetch_clover_sales(creds, target_date)
  File "E:\prog fold\Drunken cookies\real-time-inventory\vm_inventory_updater_fixed.py", line 907, in 
fetch_clover_sales
    logging.warning(f"ΓÜá∩╕Å     PR date: {order_info['order_date_pr']} (target: {order_info['target_date']})")
Message: 'ΓÜá∩╕Å     PR date: 2026-02-06 (target: 2026-01-17)'
Arguments: ()
--- Logging error ---
Traceback (most recent call last):
  File "C:\Users\banzo\AppData\Local\Programs\Python\Python312\Lib\logging\__init__.py", line 1163, in emit
    stream.write(msg + self.terminator)
  File "C:\Users\banzo\AppData\Local\Programs\Python\Python312\Lib\encodings\cp1252.py", line 19, in encode
    return codecs.charmap_encode(input,self.errors,encoding_table)[0]
           ^^^^^^^^^^^^^^^^^^^^^^^^^^^^^^^^^^^^^^^^^^^^^^^^^^^^^^^
UnicodeEncodeError: 'charmap' codec can't encode characters in position 36-37: character maps to <undefined>
Call stack:
  File "E:\prog fold\Drunken cookies\real-time-inventory\vm_inventory_updater_fixed.py", line 2606, in <module>
    success = main()
  File "E:\prog fold\Drunken cookies\real-time-inventory\vm_inventory_updater_fixed.py", line 162, in main
    sales_data = fetch_sales_data(clover_creds, shopify_creds, target_date)
  File "E:\prog fold\Drunken cookies\real-time-inventory\vm_inventory_updater_fixed.py", line 537, in fetch_sales_data
    location_sales = fetch_clover_sales(creds, target_date)
  File "E:\prog fold\Drunken cookies\real-time-inventory\vm_inventory_updater_fixed.py", line 904, in 
fetch_clover_sales
    logging.warning(f"ΓÜá∩╕Å   Order {order_info['order_id']}:")
Message: 'ΓÜá∩╕Å   Order 6H15AK0C6MY64:'
Arguments: ()
--- Logging error ---
Traceback (most recent call last):
  File "C:\Users\banzo\AppData\Local\Programs\Python\Python312\Lib\logging\__init__.py", line 1163, in emit
    stream.write(msg + self.terminator)
  File "C:\Users\banzo\AppData\Local\Programs\Python\Python312\Lib\encodings\cp1252.py", line 19, in encode
    return codecs.charmap_encode(input,self.errors,encoding_table)[0]
           ^^^^^^^^^^^^^^^^^^^^^^^^^^^^^^^^^^^^^^^^^^^^^^^^^^^^^^^
UnicodeEncodeError: 'charmap' codec can't encode characters in position 36-37: character maps to <undefined>
2026-02-16 20:52:19,142 - WARNING - ΓÜá∩╕Å     PR date: 2026-02-05 (target: 2026-01-17)
2026-02-16 20:52:19,142 - WARNING - ΓÜá∩╕Å   Order A24JSH1NRVB7M:
Call stack:
  File "E:\prog fold\Drunken cookies\real-time-inventory\vm_inventory_updater_fixed.py", line 2606, in <module>
    success = main()
  File "E:\prog fold\Drunken cookies\real-time-inventory\vm_inventory_updater_fixed.py", line 162, in main
    sales_data = fetch_sales_data(clover_creds, shopify_creds, target_date)
  File "E:\prog fold\Drunken cookies\real-time-inventory\vm_inventory_updater_fixed.py", line 537, in fetch_sales_data
    location_sales = fetch_clover_sales(creds, target_date)
  File "E:\prog fold\Drunken cookies\real-time-inventory\vm_inventory_updater_fixed.py", line 905, in 
fetch_clover_sales
    logging.warning(f"ΓÜá∩╕Å     UTC time: {order_info['order_time_utc']}")
Message: 'ΓÜá∩╕Å     UTC time: 2026-02-05 23:05:58 UTC'
Arguments: ()
--- Logging error ---
Traceback (most recent call last):
  File "C:\Users\banzo\AppData\Local\Programs\Python\Python312\Lib\logging\__init__.py", line 1163, in emit
    stream.write(msg + self.terminator)
  File "C:\Users\banzo\AppData\Local\Programs\Python\Python312\Lib\encodings\cp1252.py", line 19, in encode
    return codecs.charmap_encode(input,self.errors,encoding_table)[0]
           ^^^^^^^^^^^^^^^^^^^^^^^^^^^^^^^^^^^^^^^^^^^^^^^^^^^^^^^
UnicodeEncodeError: 'charmap' codec can't encode characters in position 36-37: character maps to <undefined>
Call stack:
  File "E:\prog fold\Drunken cookies\real-time-inventory\vm_inventory_updater_fixed.py", line 2606, in <module>
    success = main()
  File "E:\prog fold\Drunken cookies\real-time-inventory\vm_inventory_updater_fixed.py", line 162, in main
    sales_data = fetch_sales_data(clover_creds, shopify_creds, target_date)
  File "E:\prog fold\Drunken cookies\real-time-inventory\vm_inventory_updater_fixed.py", line 537, in fetch_sales_data
    location_sales = fetch_clover_sales(creds, target_date)
  File "E:\prog fold\Drunken cookies\real-time-inventory\vm_inventory_updater_fixed.py", line 906, in 
fetch_clover_sales
    logging.warning(f"ΓÜá∩╕Å     PR time: {order_info['order_time_pr']}")
Message: 'ΓÜá∩╕Å     PR time: 2026-02-05 19:05:58 AST'
Arguments: ()
--- Logging error ---
Traceback (most recent call last):
  File "C:\Users\banzo\AppData\Local\Programs\Python\Python312\Lib\logging\__init__.py", line 1163, in emit
    stream.write(msg + self.terminator)
  File "C:\Users\banzo\AppData\Local\Programs\Python\Python312\Lib\encodings\cp1252.py", line 19, in encode
    return codecs.charmap_encode(input,self.errors,encoding_table)[0]
           ^^^^^^^^^^^^^^^^^^^^^^^^^^^^^^^^^^^^^^^^^^^^^^^^^^^^^^^
UnicodeEncodeError: 'charmap' codec can't encode characters in position 36-37: character maps to <undefined>
Call stack:
  File "E:\prog fold\Drunken cookies\real-time-inventory\vm_inventory_updater_fixed.py", line 2606, in <module>
    success = main()
  File "E:\prog fold\Drunken cookies\real-time-inventory\vm_inventory_updater_fixed.py", line 162, in main
    sales_data = fetch_sales_data(clover_creds, shopify_creds, target_date)
  File "E:\prog fold\Drunken cookies\real-time-inventory\vm_inventory_updater_fixed.py", line 537, in fetch_sales_data
    location_sales = fetch_clover_sales(creds, target_date)
  File "E:\prog fold\Drunken cookies\real-time-inventory\vm_inventory_updater_fixed.py", line 907, in 
fetch_clover_sales
    logging.warning(f"ΓÜá∩╕Å     PR date: {order_info['order_date_pr']} (target: {order_info['target_date']})")
Message: 'ΓÜá∩╕Å     PR date: 2026-02-05 (target: 2026-01-17)'
Arguments: ()
--- Logging error ---
Traceback (most recent call last):
  File "C:\Users\banzo\AppData\Local\Programs\Python\Python312\Lib\logging\__init__.py", line 1163, in emit
    stream.write(msg + self.terminator)
  File "C:\Users\banzo\AppData\Local\Programs\Python\Python312\Lib\encodings\cp1252.py", line 19, in encode
    return codecs.charmap_encode(input,self.errors,encoding_table)[0]
           ^^^^^^^^^^^^^^^^^^^^^^^^^^^^^^^^^^^^^^^^^^^^^^^^^^^^^^^
UnicodeEncodeError: 'charmap' codec can't encode characters in position 36-37: character maps to <undefined>
Call stack:
  File "E:\prog fold\Drunken cookies\real-time-inventory\vm_inventory_updater_fixed.py", line 2606, in <module>
    success = main()
  File "E:\prog fold\Drunken cookies\real-time-inventory\vm_inventory_updater_fixed.py", line 162, in main
    sales_data = fetch_sales_data(clover_creds, shopify_creds, target_date)
  File "E:\prog fold\Drunken cookies\real-time-inventory\vm_inventory_updater_fixed.py", line 537, in fetch_sales_data
2026-02-16 20:52:19,148 - WARNING - ΓÜá∩╕Å     UTC time: 2026-02-05 21:44:03 UTC
2026-02-16 20:52:19,150 - WARNING - ΓÜá∩╕Å     PR time: 2026-02-05 17:44:03 AST
2026-02-16 20:52:19,151 - WARNING - ΓÜá∩╕Å     PR date: 2026-02-05 (target: 2026-01-17)
2026-02-16 20:52:19,156 - WARNING - ΓÜá∩╕Å   Order C3T2YE813YADP:
2026-02-16 20:52:19,156 - WARNING - ΓÜá∩╕Å     UTC time: 2026-02-05 19:08:19 UTC
    location_sales = fetch_clover_sales(creds, target_date)
  File "E:\prog fold\Drunken cookies\real-time-inventory\vm_inventory_updater_fixed.py", line 904, in 
fetch_clover_sales
    logging.warning(f"ΓÜá∩╕Å   Order {order_info['order_id']}:")
Message: 'ΓÜá∩╕Å   Order A24JSH1NRVB7M:'
Arguments: ()
--- Logging error ---
Traceback (most recent call last):
  File "C:\Users\banzo\AppData\Local\Programs\Python\Python312\Lib\logging\__init__.py", line 1163, in emit
    stream.write(msg + self.terminator)
  File "C:\Users\banzo\AppData\Local\Programs\Python\Python312\Lib\encodings\cp1252.py", line 19, in encode
    return codecs.charmap_encode(input,self.errors,encoding_table)[0]
           ^^^^^^^^^^^^^^^^^^^^^^^^^^^^^^^^^^^^^^^^^^^^^^^^^^^^^^^
UnicodeEncodeError: 'charmap' codec can't encode characters in position 36-37: character maps to <undefined>
Call stack:
  File "E:\prog fold\Drunken cookies\real-time-inventory\vm_inventory_updater_fixed.py", line 2606, in <module>
    success = main()
  File "E:\prog fold\Drunken cookies\real-time-inventory\vm_inventory_updater_fixed.py", line 162, in main
    sales_data = fetch_sales_data(clover_creds, shopify_creds, target_date)
  File "E:\prog fold\Drunken cookies\real-time-inventory\vm_inventory_updater_fixed.py", line 537, in fetch_sales_data
    location_sales = fetch_clover_sales(creds, target_date)
  File "E:\prog fold\Drunken cookies\real-time-inventory\vm_inventory_updater_fixed.py", line 905, in 
fetch_clover_sales
    logging.warning(f"ΓÜá∩╕Å     UTC time: {order_info['order_time_utc']}")
Message: 'ΓÜá∩╕Å     UTC time: 2026-02-05 21:44:03 UTC'
Arguments: ()
--- Logging error ---
Traceback (most recent call last):
  File "C:\Users\banzo\AppData\Local\Programs\Python\Python312\Lib\logging\__init__.py", line 1163, in emit
    stream.write(msg + self.terminator)
  File "C:\Users\banzo\AppData\Local\Programs\Python\Python312\Lib\encodings\cp1252.py", line 19, in encode
    return codecs.charmap_encode(input,self.errors,encoding_table)[0]
           ^^^^^^^^^^^^^^^^^^^^^^^^^^^^^^^^^^^^^^^^^^^^^^^^^^^^^^^
UnicodeEncodeError: 'charmap' codec can't encode characters in position 36-37: character maps to <undefined>
Call stack:
  File "E:\prog fold\Drunken cookies\real-time-inventory\vm_inventory_updater_fixed.py", line 2606, in <module>
    success = main()
  File "E:\prog fold\Drunken cookies\real-time-inventory\vm_inventory_updater_fixed.py", line 162, in main
    sales_data = fetch_sales_data(clover_creds, shopify_creds, target_date)
  File "E:\prog fold\Drunken cookies\real-time-inventory\vm_inventory_updater_fixed.py", line 537, in fetch_sales_data
    location_sales = fetch_clover_sales(creds, target_date)
  File "E:\prog fold\Drunken cookies\real-time-inventory\vm_inventory_updater_fixed.py", line 906, in 
fetch_clover_sales
    logging.warning(f"ΓÜá∩╕Å     PR time: {order_info['order_time_pr']}")
Message: 'ΓÜá∩╕Å     PR time: 2026-02-05 17:44:03 AST'
Arguments: ()
--- Logging error ---
Traceback (most recent call last):
  File "C:\Users\banzo\AppData\Local\Programs\Python\Python312\Lib\logging\__init__.py", line 1163, in emit
    stream.write(msg + self.terminator)
  File "C:\Users\banzo\AppData\Local\Programs\Python\Python312\Lib\encodings\cp1252.py", line 19, in encode
    return codecs.charmap_encode(input,self.errors,encoding_table)[0]
           ^^^^^^^^^^^^^^^^^^^^^^^^^^^^^^^^^^^^^^^^^^^^^^^^^^^^^^^
UnicodeEncodeError: 'charmap' codec can't encode characters in position 36-37: character maps to <undefined>
Call stack:
  File "E:\prog fold\Drunken cookies\real-time-inventory\vm_inventory_updater_fixed.py", line 2606, in <module>
    success = main()
  File "E:\prog fold\Drunken cookies\real-time-inventory\vm_inventory_updater_fixed.py", line 162, in main
    sales_data = fetch_sales_data(clover_creds, shopify_creds, target_date)
  File "E:\prog fold\Drunken cookies\real-time-inventory\vm_inventory_updater_fixed.py", line 537, in fetch_sales_data
    location_sales = fetch_clover_sales(creds, target_date)
  File "E:\prog fold\Drunken cookies\real-time-inventory\vm_inventory_updater_fixed.py", line 907, in 
fetch_clover_sales
    logging.warning(f"ΓÜá∩╕Å     PR date: {order_info['order_date_pr']} (target: {order_info['target_date']})")
Message: 'ΓÜá∩╕Å     PR date: 2026-02-05 (target: 2026-01-17)'
Arguments: ()
--- Logging error ---
Traceback (most recent call last):
  File "C:\Users\banzo\AppData\Local\Programs\Python\Python312\Lib\logging\__init__.py", line 1163, in emit
    stream.write(msg + self.terminator)
  File "C:\Users\banzo\AppData\Local\Programs\Python\Python312\Lib\encodings\cp1252.py", line 19, in encode
    return codecs.charmap_encode(input,self.errors,encoding_table)[0]
           ^^^^^^^^^^^^^^^^^^^^^^^^^^^^^^^^^^^^^^^^^^^^^^^^^^^^^^^
UnicodeEncodeError: 'charmap' codec can't encode characters in position 36-37: character maps to <undefined>
Call stack:
  File "E:\prog fold\Drunken cookies\real-time-inventory\vm_inventory_updater_fixed.py", line 2606, in <module>
    success = main()
  File "E:\prog fold\Drunken cookies\real-time-inventory\vm_inventory_updater_fixed.py", line 162, in main
    sales_data = fetch_sales_data(clover_creds, shopify_creds, target_date)
  File "E:\prog fold\Drunken cookies\real-time-inventory\vm_inventory_updater_fixed.py", line 537, in fetch_sales_data
    location_sales = fetch_clover_sales(creds, target_date)
  File "E:\prog fold\Drunken cookies\real-time-inventory\vm_inventory_updater_fixed.py", line 904, in 
fetch_clover_sales
    logging.warning(f"ΓÜá∩╕Å   Order {order_info['order_id']}:")
Message: 'ΓÜá∩╕Å   Order C3T2YE813YADP:'
Arguments: ()
--- Logging error ---
Traceback (most recent call last):
  File "C:\Users\banzo\AppData\Local\Programs\Python\Python312\Lib\logging\__init__.py", line 1163, in emit
    stream.write(msg + self.terminator)
  File "C:\Users\banzo\AppData\Local\Programs\Python\Python312\Lib\encodings\cp1252.py", line 19, in encode
    return codecs.charmap_encode(input,self.errors,encoding_table)[0]
           ^^^^^^^^^^^^^^^^^^^^^^^^^^^^^^^^^^^^^^^^^^^^^^^^^^^^^^^
UnicodeEncodeError: 'charmap' codec can't encode characters in position 36-37: character maps to <undefined>
Call stack:
  File "E:\prog fold\Drunken cookies\real-time-inventory\vm_inventory_updater_fixed.py", line 2606, in <module>
    success = main()
  File "E:\prog fold\Drunken cookies\real-time-inventory\vm_inventory_updater_fixed.py", line 162, in main
    sales_data = fetch_sales_data(clover_creds, shopify_creds, target_date)
  File "E:\prog fold\Drunken cookies\real-time-inventory\vm_inventory_updater_fixed.py", line 537, in fetch_sales_data
    location_sales = fetch_clover_sales(creds, target_date)
  File "E:\prog fold\Drunken cookies\real-time-inventory\vm_inventory_updater_fixed.py", line 905, in 
fetch_clover_sales
    logging.warning(f"ΓÜá∩╕Å     UTC time: {order_info['order_time_utc']}")
Message: 'ΓÜá∩╕Å     UTC time: 2026-02-05 19:08:19 UTC'
Arguments: ()
--- Logging error ---
Traceback (most recent call last):
  File "C:\Users\banzo\AppData\Local\Programs\Python\Python312\Lib\logging\__init__.py", line 1163, in emit
    stream.write(msg + self.terminator)
2026-02-16 20:52:19,157 - WARNING - ΓÜá∩╕Å     PR time: 2026-02-05 15:08:19 AST
2026-02-16 20:52:19,163 - WARNING - ΓÜá∩╕Å     PR date: 2026-02-05 (target: 2026-01-17)
2026-02-16 20:52:19,163 - WARNING - ΓÜá∩╕Å   Order AH1FXHB8W5PBY:
  File "C:\Users\banzo\AppData\Local\Programs\Python\Python312\Lib\encodings\cp1252.py", line 19, in encode
    return codecs.charmap_encode(input,self.errors,encoding_table)[0]
           ^^^^^^^^^^^^^^^^^^^^^^^^^^^^^^^^^^^^^^^^^^^^^^^^^^^^^^^
UnicodeEncodeError: 'charmap' codec can't encode characters in position 36-37: character maps to <undefined>
Call stack:
  File "E:\prog fold\Drunken cookies\real-time-inventory\vm_inventory_updater_fixed.py", line 2606, in <module>
    success = main()
  File "E:\prog fold\Drunken cookies\real-time-inventory\vm_inventory_updater_fixed.py", line 162, in main
    sales_data = fetch_sales_data(clover_creds, shopify_creds, target_date)
  File "E:\prog fold\Drunken cookies\real-time-inventory\vm_inventory_updater_fixed.py", line 537, in fetch_sales_data
    location_sales = fetch_clover_sales(creds, target_date)
  File "E:\prog fold\Drunken cookies\real-time-inventory\vm_inventory_updater_fixed.py", line 906, in 
fetch_clover_sales
    logging.warning(f"ΓÜá∩╕Å     PR time: {order_info['order_time_pr']}")
Message: 'ΓÜá∩╕Å     PR time: 2026-02-05 15:08:19 AST'
Arguments: ()
--- Logging error ---
Traceback (most recent call last):
  File "C:\Users\banzo\AppData\Local\Programs\Python\Python312\Lib\logging\__init__.py", line 1163, in emit
2026-02-16 20:52:19,164 - WARNING - ΓÜá∩╕Å     UTC time: 2026-02-05 15:13:09 UTC
2026-02-16 20:52:19,171 - WARNING - ΓÜá∩╕Å     PR time: 2026-02-05 11:13:09 AST
2026-02-16 20:52:19,172 - WARNING - ΓÜá∩╕Å     PR date: 2026-02-05 (target: 2026-01-17)
    stream.write(msg + self.terminator)
  File "C:\Users\banzo\AppData\Local\Programs\Python\Python312\Lib\encodings\cp1252.py", line 19, in encode
    return codecs.charmap_encode(input,self.errors,encoding_table)[0]
           ^^^^^^^^^^^^^^^^^^^^^^^^^^^^^^^^^^^^^^^^^^^^^^^^^^^^^^^
UnicodeEncodeError: 'charmap' codec can't encode characters in position 36-37: character maps to <undefined>
Call stack:
  File "E:\prog fold\Drunken cookies\real-time-inventory\vm_inventory_updater_fixed.py", line 2606, in <module>
    success = main()
  File "E:\prog fold\Drunken cookies\real-time-inventory\vm_inventory_updater_fixed.py", line 162, in main
    sales_data = fetch_sales_data(clover_creds, shopify_creds, target_date)
  File "E:\prog fold\Drunken cookies\real-time-inventory\vm_inventory_updater_fixed.py", line 537, in fetch_sales_data
    location_sales = fetch_clover_sales(creds, target_date)
  File "E:\prog fold\Drunken cookies\real-time-inventory\vm_inventory_updater_fixed.py", line 907, in 
fetch_clover_sales
    logging.warning(f"ΓÜá∩╕Å     PR date: {order_info['order_date_pr']} (target: {order_info['target_date']})")
Message: 'ΓÜá∩╕Å     PR date: 2026-02-05 (target: 2026-01-17)'
Arguments: ()
--- Logging error ---
Traceback (most recent call last):
  File "C:\Users\banzo\AppData\Local\Programs\Python\Python312\Lib\logging\__init__.py", line 1163, in emit
    stream.write(msg + self.terminator)
  File "C:\Users\banzo\AppData\Local\Programs\Python\Python312\Lib\encodings\cp1252.py", line 19, in encode
    return codecs.charmap_encode(input,self.errors,encoding_table)[0]
           ^^^^^^^^^^^^^^^^^^^^^^^^^^^^^^^^^^^^^^^^^^^^^^^^^^^^^^^
UnicodeEncodeError: 'charmap' codec can't encode characters in position 36-37: character maps to <undefined>
Call stack:
  File "E:\prog fold\Drunken cookies\real-time-inventory\vm_inventory_updater_fixed.py", line 2606, in <module>
    success = main()
  File "E:\prog fold\Drunken cookies\real-time-inventory\vm_inventory_updater_fixed.py", line 162, in main
    sales_data = fetch_sales_data(clover_creds, shopify_creds, target_date)
  File "E:\prog fold\Drunken cookies\real-time-inventory\vm_inventory_updater_fixed.py", line 537, in fetch_sales_data
    location_sales = fetch_clover_sales(creds, target_date)
  File "E:\prog fold\Drunken cookies\real-time-inventory\vm_inventory_updater_fixed.py", line 904, in 
fetch_clover_sales
    logging.warning(f"ΓÜá∩╕Å   Order {order_info['order_id']}:")
Message: 'ΓÜá∩╕Å   Order AH1FXHB8W5PBY:'
Arguments: ()
--- Logging error ---
Traceback (most recent call last):
  File "C:\Users\banzo\AppData\Local\Programs\Python\Python312\Lib\logging\__init__.py", line 1163, in emit
    stream.write(msg + self.terminator)
  File "C:\Users\banzo\AppData\Local\Programs\Python\Python312\Lib\encodings\cp1252.py", line 19, in encode
    return codecs.charmap_encode(input,self.errors,encoding_table)[0]
           ^^^^^^^^^^^^^^^^^^^^^^^^^^^^^^^^^^^^^^^^^^^^^^^^^^^^^^^
UnicodeEncodeError: 'charmap' codec can't encode characters in position 36-37: character maps to <undefined>
Call stack:
  File "E:\prog fold\Drunken cookies\real-time-inventory\vm_inventory_updater_fixed.py", line 2606, in <module>
2026-02-16 20:52:19,172 - WARNING - ΓÜá∩╕Å   Order EBQK1DS3CES4A:
2026-02-16 20:52:19,177 - WARNING - ΓÜá∩╕Å     UTC time: 2026-02-04 22:09:17 UTC
    success = main()
  File "E:\prog fold\Drunken cookies\real-time-inventory\vm_inventory_updater_fixed.py", line 162, in main
    sales_data = fetch_sales_data(clover_creds, shopify_creds, target_date)
  File "E:\prog fold\Drunken cookies\real-time-inventory\vm_inventory_updater_fixed.py", line 537, in fetch_sales_data
    location_sales = fetch_clover_sales(creds, target_date)
  File "E:\prog fold\Drunken cookies\real-time-inventory\vm_inventory_updater_fixed.py", line 905, in 
fetch_clover_sales
    logging.warning(f"ΓÜá∩╕Å     UTC time: {order_info['order_time_utc']}")
Message: 'ΓÜá∩╕Å     UTC time: 2026-02-05 15:13:09 UTC'
Arguments: ()
--- Logging error ---
Traceback (most recent call last):
  File "C:\Users\banzo\AppData\Local\Programs\Python\Python312\Lib\logging\__init__.py", line 1163, in emit
    stream.write(msg + self.terminator)
  File "C:\Users\banzo\AppData\Local\Programs\Python\Python312\Lib\encodings\cp1252.py", line 19, in encode
    return codecs.charmap_encode(input,self.errors,encoding_table)[0]
           ^^^^^^^^^^^^^^^^^^^^^^^^^^^^^^^^^^^^^^^^^^^^^^^^^^^^^^^
UnicodeEncodeError: 'charmap' codec can't encode characters in position 36-37: character maps to <undefined>
Call stack:
  File "E:\prog fold\Drunken cookies\real-time-inventory\vm_inventory_updater_fixed.py", line 2606, in <module>
    success = main()
  File "E:\prog fold\Drunken cookies\real-time-inventory\vm_inventory_updater_fixed.py", line 162, in main
    sales_data = fetch_sales_data(clover_creds, shopify_creds, target_date)
  File "E:\prog fold\Drunken cookies\real-time-inventory\vm_inventory_updater_fixed.py", line 537, in fetch_sales_data
    location_sales = fetch_clover_sales(creds, target_date)
  File "E:\prog fold\Drunken cookies\real-time-inventory\vm_inventory_updater_fixed.py", line 906, in 
fetch_clover_sales
    logging.warning(f"ΓÜá∩╕Å     PR time: {order_info['order_time_pr']}")
Message: 'ΓÜá∩╕Å     PR time: 2026-02-05 11:13:09 AST'
Arguments: ()
--- Logging error ---
Traceback (most recent call last):
  File "C:\Users\banzo\AppData\Local\Programs\Python\Python312\Lib\logging\__init__.py", line 1163, in emit
    stream.write(msg + self.terminator)
  File "C:\Users\banzo\AppData\Local\Programs\Python\Python312\Lib\encodings\cp1252.py", line 19, in encode
    return codecs.charmap_encode(input,self.errors,encoding_table)[0]
           ^^^^^^^^^^^^^^^^^^^^^^^^^^^^^^^^^^^^^^^^^^^^^^^^^^^^^^^
UnicodeEncodeError: 'charmap' codec can't encode characters in position 36-37: character maps to <undefined>
Call stack:
  File "E:\prog fold\Drunken cookies\real-time-inventory\vm_inventory_updater_fixed.py", line 2606, in <module>
    success = main()
  File "E:\prog fold\Drunken cookies\real-time-inventory\vm_inventory_updater_fixed.py", line 162, in main
    sales_data = fetch_sales_data(clover_creds, shopify_creds, target_date)
  File "E:\prog fold\Drunken cookies\real-time-inventory\vm_inventory_updater_fixed.py", line 537, in fetch_sales_data
    location_sales = fetch_clover_sales(creds, target_date)
  File "E:\prog fold\Drunken cookies\real-time-inventory\vm_inventory_updater_fixed.py", line 907, in 
fetch_clover_sales
    logging.warning(f"ΓÜá∩╕Å     PR date: {order_info['order_date_pr']} (target: {order_info['target_date']})")
Message: 'ΓÜá∩╕Å     PR date: 2026-02-05 (target: 2026-01-17)'
Arguments: ()
--- Logging error ---
Traceback (most recent call last):
  File "C:\Users\banzo\AppData\Local\Programs\Python\Python312\Lib\logging\__init__.py", line 1163, in emit
    stream.write(msg + self.terminator)
  File "C:\Users\banzo\AppData\Local\Programs\Python\Python312\Lib\encodings\cp1252.py", line 19, in encode
    return codecs.charmap_encode(input,self.errors,encoding_table)[0]
           ^^^^^^^^^^^^^^^^^^^^^^^^^^^^^^^^^^^^^^^^^^^^^^^^^^^^^^^
UnicodeEncodeError: 'charmap' codec can't encode characters in position 36-37: character maps to <undefined>
Call stack:
  File "E:\prog fold\Drunken cookies\real-time-inventory\vm_inventory_updater_fixed.py", line 2606, in <module>
    success = main()
  File "E:\prog fold\Drunken cookies\real-time-inventory\vm_inventory_updater_fixed.py", line 162, in main
    sales_data = fetch_sales_data(clover_creds, shopify_creds, target_date)
  File "E:\prog fold\Drunken cookies\real-time-inventory\vm_inventory_updater_fixed.py", line 537, in fetch_sales_data
    location_sales = fetch_clover_sales(creds, target_date)
  File "E:\prog fold\Drunken cookies\real-time-inventory\vm_inventory_updater_fixed.py", line 904, in 
fetch_clover_sales
2026-02-16 20:52:19,178 - WARNING - ΓÜá∩╕Å     PR time: 2026-02-04 18:09:17 AST
2026-02-16 20:52:19,179 - WARNING - ΓÜá∩╕Å     PR date: 2026-02-04 (target: 2026-01-17)
2026-02-16 20:52:19,184 - WARNING - ΓÜá∩╕Å   Order PTGEF4RYB8CE0:
2026-02-16 20:52:19,185 - WARNING - ΓÜá∩╕Å     UTC time: 2026-02-04 20:06:51 UTC
    logging.warning(f"ΓÜá∩╕Å   Order {order_info['order_id']}:")
Message: 'ΓÜá∩╕Å   Order EBQK1DS3CES4A:'
Arguments: ()
--- Logging error ---
Traceback (most recent call last):
  File "C:\Users\banzo\AppData\Local\Programs\Python\Python312\Lib\logging\__init__.py", line 1163, in emit
    stream.write(msg + self.terminator)
  File "C:\Users\banzo\AppData\Local\Programs\Python\Python312\Lib\encodings\cp1252.py", line 19, in encode
    return codecs.charmap_encode(input,self.errors,encoding_table)[0]
           ^^^^^^^^^^^^^^^^^^^^^^^^^^^^^^^^^^^^^^^^^^^^^^^^^^^^^^^
UnicodeEncodeError: 'charmap' codec can't encode characters in position 36-37: character maps to <undefined>
Call stack:
  File "E:\prog fold\Drunken cookies\real-time-inventory\vm_inventory_updater_fixed.py", line 2606, in <module>
    success = main()
  File "E:\prog fold\Drunken cookies\real-time-inventory\vm_inventory_updater_fixed.py", line 162, in main
    sales_data = fetch_sales_data(clover_creds, shopify_creds, target_date)
  File "E:\prog fold\Drunken cookies\real-time-inventory\vm_inventory_updater_fixed.py", line 537, in fetch_sales_data
    location_sales = fetch_clover_sales(creds, target_date)
  File "E:\prog fold\Drunken cookies\real-time-inventory\vm_inventory_updater_fixed.py", line 905, in 
fetch_clover_sales
    logging.warning(f"ΓÜá∩╕Å     UTC time: {order_info['order_time_utc']}")
Message: 'ΓÜá∩╕Å     UTC time: 2026-02-04 22:09:17 UTC'
Arguments: ()
--- Logging error ---
Traceback (most recent call last):
  File "C:\Users\banzo\AppData\Local\Programs\Python\Python312\Lib\logging\__init__.py", line 1163, in emit
    stream.write(msg + self.terminator)
  File "C:\Users\banzo\AppData\Local\Programs\Python\Python312\Lib\encodings\cp1252.py", line 19, in encode
    return codecs.charmap_encode(input,self.errors,encoding_table)[0]
           ^^^^^^^^^^^^^^^^^^^^^^^^^^^^^^^^^^^^^^^^^^^^^^^^^^^^^^^
UnicodeEncodeError: 'charmap' codec can't encode characters in position 36-37: character maps to <undefined>
Call stack:
  File "E:\prog fold\Drunken cookies\real-time-inventory\vm_inventory_updater_fixed.py", line 2606, in <module>
    success = main()
  File "E:\prog fold\Drunken cookies\real-time-inventory\vm_inventory_updater_fixed.py", line 162, in main
    sales_data = fetch_sales_data(clover_creds, shopify_creds, target_date)
  File "E:\prog fold\Drunken cookies\real-time-inventory\vm_inventory_updater_fixed.py", line 537, in fetch_sales_data
    location_sales = fetch_clover_sales(creds, target_date)
  File "E:\prog fold\Drunken cookies\real-time-inventory\vm_inventory_updater_fixed.py", line 906, in 
fetch_clover_sales
    logging.warning(f"ΓÜá∩╕Å     PR time: {order_info['order_time_pr']}")
Message: 'ΓÜá∩╕Å     PR time: 2026-02-04 18:09:17 AST'
Arguments: ()
--- Logging error ---
Traceback (most recent call last):
  File "C:\Users\banzo\AppData\Local\Programs\Python\Python312\Lib\logging\__init__.py", line 1163, in emit
    stream.write(msg + self.terminator)
  File "C:\Users\banzo\AppData\Local\Programs\Python\Python312\Lib\encodings\cp1252.py", line 19, in encode
    return codecs.charmap_encode(input,self.errors,encoding_table)[0]
           ^^^^^^^^^^^^^^^^^^^^^^^^^^^^^^^^^^^^^^^^^^^^^^^^^^^^^^^
UnicodeEncodeError: 'charmap' codec can't encode characters in position 36-37: character maps to <undefined>
Call stack:
  File "E:\prog fold\Drunken cookies\real-time-inventory\vm_inventory_updater_fixed.py", line 2606, in <module>
    success = main()
  File "E:\prog fold\Drunken cookies\real-time-inventory\vm_inventory_updater_fixed.py", line 162, in main
    sales_data = fetch_sales_data(clover_creds, shopify_creds, target_date)
  File "E:\prog fold\Drunken cookies\real-time-inventory\vm_inventory_updater_fixed.py", line 537, in fetch_sales_data
    location_sales = fetch_clover_sales(creds, target_date)
  File "E:\prog fold\Drunken cookies\real-time-inventory\vm_inventory_updater_fixed.py", line 907, in 
fetch_clover_sales
    logging.warning(f"ΓÜá∩╕Å     PR date: {order_info['order_date_pr']} (target: {order_info['target_date']})")
Message: 'ΓÜá∩╕Å     PR date: 2026-02-04 (target: 2026-01-17)'
Arguments: ()
--- Logging error ---
Traceback (most recent call last):
  File "C:\Users\banzo\AppData\Local\Programs\Python\Python312\Lib\logging\__init__.py", line 1163, in emit
    stream.write(msg + self.terminator)
  File "C:\Users\banzo\AppData\Local\Programs\Python\Python312\Lib\encodings\cp1252.py", line 19, in encode
    return codecs.charmap_encode(input,self.errors,encoding_table)[0]
           ^^^^^^^^^^^^^^^^^^^^^^^^^^^^^^^^^^^^^^^^^^^^^^^^^^^^^^^
UnicodeEncodeError: 'charmap' codec can't encode characters in position 36-37: character maps to <undefined>
Call stack:
  File "E:\prog fold\Drunken cookies\real-time-inventory\vm_inventory_updater_fixed.py", line 2606, in <module>
    success = main()
2026-02-16 20:52:19,185 - WARNING - ΓÜá∩╕Å     PR time: 2026-02-04 16:06:51 AST
2026-02-16 20:52:19,191 - WARNING - ΓÜá∩╕Å     PR date: 2026-02-04 (target: 2026-01-17)
2026-02-16 20:52:19,192 - WARNING - ΓÜá∩╕Å   Order Z31JF3TMHPA2Y:
  File "E:\prog fold\Drunken cookies\real-time-inventory\vm_inventory_updater_fixed.py", line 162, in main
    sales_data = fetch_sales_data(clover_creds, shopify_creds, target_date)
  File "E:\prog fold\Drunken cookies\real-time-inventory\vm_inventory_updater_fixed.py", line 537, in fetch_sales_data
    location_sales = fetch_clover_sales(creds, target_date)
  File "E:\prog fold\Drunken cookies\real-time-inventory\vm_inventory_updater_fixed.py", line 904, in 
fetch_clover_sales
    logging.warning(f"ΓÜá∩╕Å   Order {order_info['order_id']}:")
Message: 'ΓÜá∩╕Å   Order PTGEF4RYB8CE0:'
Arguments: ()
--- Logging error ---
Traceback (most recent call last):
  File "C:\Users\banzo\AppData\Local\Programs\Python\Python312\Lib\logging\__init__.py", line 1163, in emit
    stream.write(msg + self.terminator)
  File "C:\Users\banzo\AppData\Local\Programs\Python\Python312\Lib\encodings\cp1252.py", line 19, in encode
    return codecs.charmap_encode(input,self.errors,encoding_table)[0]
           ^^^^^^^^^^^^^^^^^^^^^^^^^^^^^^^^^^^^^^^^^^^^^^^^^^^^^^^
UnicodeEncodeError: 'charmap' codec can't encode characters in position 36-37: character maps to <undefined>
Call stack:
  File "E:\prog fold\Drunken cookies\real-time-inventory\vm_inventory_updater_fixed.py", line 2606, in <module>
    success = main()
  File "E:\prog fold\Drunken cookies\real-time-inventory\vm_inventory_updater_fixed.py", line 162, in main
    sales_data = fetch_sales_data(clover_creds, shopify_creds, target_date)
  File "E:\prog fold\Drunken cookies\real-time-inventory\vm_inventory_updater_fixed.py", line 537, in fetch_sales_data
    location_sales = fetch_clover_sales(creds, target_date)
  File "E:\prog fold\Drunken cookies\real-time-inventory\vm_inventory_updater_fixed.py", line 905, in 
fetch_clover_sales
    logging.warning(f"ΓÜá∩╕Å     UTC time: {order_info['order_time_utc']}")
Message: 'ΓÜá∩╕Å     UTC time: 2026-02-04 20:06:51 UTC'
Arguments: ()
--- Logging error ---
Traceback (most recent call last):
  File "C:\Users\banzo\AppData\Local\Programs\Python\Python312\Lib\logging\__init__.py", line 1163, in emit
    stream.write(msg + self.terminator)
  File "C:\Users\banzo\AppData\Local\Programs\Python\Python312\Lib\encodings\cp1252.py", line 19, in encode
    return codecs.charmap_encode(input,self.errors,encoding_table)[0]
           ^^^^^^^^^^^^^^^^^^^^^^^^^^^^^^^^^^^^^^^^^^^^^^^^^^^^^^^
UnicodeEncodeError: 'charmap' codec can't encode characters in position 36-37: character maps to <undefined>
Call stack:
  File "E:\prog fold\Drunken cookies\real-time-inventory\vm_inventory_updater_fixed.py", line 2606, in <module>
    success = main()
  File "E:\prog fold\Drunken cookies\real-time-inventory\vm_inventory_updater_fixed.py", line 162, in main
    sales_data = fetch_sales_data(clover_creds, shopify_creds, target_date)
  File "E:\prog fold\Drunken cookies\real-time-inventory\vm_inventory_updater_fixed.py", line 537, in fetch_sales_data
    location_sales = fetch_clover_sales(creds, target_date)
  File "E:\prog fold\Drunken cookies\real-time-inventory\vm_inventory_updater_fixed.py", line 906, in 
fetch_clover_sales
    logging.warning(f"ΓÜá∩╕Å     PR time: {order_info['order_time_pr']}")
Message: 'ΓÜá∩╕Å     PR time: 2026-02-04 16:06:51 AST'
Arguments: ()
--- Logging error ---
Traceback (most recent call last):
  File "C:\Users\banzo\AppData\Local\Programs\Python\Python312\Lib\logging\__init__.py", line 1163, in emit
    stream.write(msg + self.terminator)
  File "C:\Users\banzo\AppData\Local\Programs\Python\Python312\Lib\encodings\cp1252.py", line 19, in encode
    return codecs.charmap_encode(input,self.errors,encoding_table)[0]
           ^^^^^^^^^^^^^^^^^^^^^^^^^^^^^^^^^^^^^^^^^^^^^^^^^^^^^^^
UnicodeEncodeError: 'charmap' codec can't encode characters in position 36-37: character maps to <undefined>
Call stack:
  File "E:\prog fold\Drunken cookies\real-time-inventory\vm_inventory_updater_fixed.py", line 2606, in <module>
    success = main()
  File "E:\prog fold\Drunken cookies\real-time-inventory\vm_inventory_updater_fixed.py", line 162, in main
    sales_data = fetch_sales_data(clover_creds, shopify_creds, target_date)
  File "E:\prog fold\Drunken cookies\real-time-inventory\vm_inventory_updater_fixed.py", line 537, in fetch_sales_data
    location_sales = fetch_clover_sales(creds, target_date)
  File "E:\prog fold\Drunken cookies\real-time-inventory\vm_inventory_updater_fixed.py", line 907, in 
fetch_clover_sales
    logging.warning(f"ΓÜá∩╕Å     PR date: {order_info['order_date_pr']} (target: {order_info['target_date']})")
Message: 'ΓÜá∩╕Å     PR date: 2026-02-04 (target: 2026-01-17)'
Arguments: ()
--- Logging error ---
Traceback (most recent call last):
  File "C:\Users\banzo\AppData\Local\Programs\Python\Python312\Lib\logging\__init__.py", line 1163, in emit
    stream.write(msg + self.terminator)
  File "C:\Users\banzo\AppData\Local\Programs\Python\Python312\Lib\encodings\cp1252.py", line 19, in encode
    return codecs.charmap_encode(input,self.errors,encoding_table)[0]
           ^^^^^^^^^^^^^^^^^^^^^^^^^^^^^^^^^^^^^^^^^^^^^^^^^^^^^^^
UnicodeEncodeError: 'charmap' codec can't encode characters in position 36-37: character maps to <undefined>
Call stack:
  File "E:\prog fold\Drunken cookies\real-time-inventory\vm_inventory_updater_fixed.py", line 2606, in <module>
    success = main()
  File "E:\prog fold\Drunken cookies\real-time-inventory\vm_inventory_updater_fixed.py", line 162, in main
    sales_data = fetch_sales_data(clover_creds, shopify_creds, target_date)
  File "E:\prog fold\Drunken cookies\real-time-inventory\vm_inventory_updater_fixed.py", line 537, in fetch_sales_data
    location_sales = fetch_clover_sales(creds, target_date)
  File "E:\prog fold\Drunken cookies\real-time-inventory\vm_inventory_updater_fixed.py", line 904, in 
fetch_clover_sales
    logging.warning(f"ΓÜá∩╕Å   Order {order_info['order_id']}:")
Message: 'ΓÜá∩╕Å   Order Z31JF3TMHPA2Y:'
Arguments: ()
--- Logging error ---
Traceback (most recent call last):
  File "C:\Users\banzo\AppData\Local\Programs\Python\Python312\Lib\logging\__init__.py", line 1163, in emit
    stream.write(msg + self.terminator)
  File "C:\Users\banzo\AppData\Local\Programs\Python\Python312\Lib\encodings\cp1252.py", line 19, in encode
    return codecs.charmap_encode(input,self.errors,encoding_table)[0]
           ^^^^^^^^^^^^^^^^^^^^^^^^^^^^^^^^^^^^^^^^^^^^^^^^^^^^^^^
UnicodeEncodeError: 'charmap' codec can't encode characters in position 36-37: character maps to <undefined>
Call stack:
  File "E:\prog fold\Drunken cookies\real-time-inventory\vm_inventory_updater_fixed.py", line 2606, in <module>
    success = main()
2026-02-16 20:52:19,192 - WARNING - ΓÜá∩╕Å     UTC time: 2026-02-04 20:02:38 UTC
2026-02-16 20:52:19,201 - WARNING - ΓÜá∩╕Å     PR time: 2026-02-04 16:02:38 AST
2026-02-16 20:52:19,201 - WARNING - ΓÜá∩╕Å     PR date: 2026-02-04 (target: 2026-01-17)
2026-02-16 20:52:19,202 - WARNING - ΓÜá∩╕Å   Order 3PHWBH973BXWM:
2026-02-16 20:52:19,207 - WARNING - ΓÜá∩╕Å     UTC time: 2026-02-04 14:39:59 UTC
2026-02-16 20:52:19,208 - WARNING - ΓÜá∩╕Å     PR time: 2026-02-04 10:39:59 AST
  File "E:\prog fold\Drunken cookies\real-time-inventory\vm_inventory_updater_fixed.py", line 162, in main
    sales_data = fetch_sales_data(clover_creds, shopify_creds, target_date)
  File "E:\prog fold\Drunken cookies\real-time-inventory\vm_inventory_updater_fixed.py", line 537, in fetch_sales_data
    location_sales = fetch_clover_sales(creds, target_date)
  File "E:\prog fold\Drunken cookies\real-time-inventory\vm_inventory_updater_fixed.py", line 905, in 
fetch_clover_sales
    logging.warning(f"ΓÜá∩╕Å     UTC time: {order_info['order_time_utc']}")
Message: 'ΓÜá∩╕Å     UTC time: 2026-02-04 20:02:38 UTC'
Arguments: ()
--- Logging error ---
Traceback (most recent call last):
  File "C:\Users\banzo\AppData\Local\Programs\Python\Python312\Lib\logging\__init__.py", line 1163, in emit
    stream.write(msg + self.terminator)
  File "C:\Users\banzo\AppData\Local\Programs\Python\Python312\Lib\encodings\cp1252.py", line 19, in encode
    return codecs.charmap_encode(input,self.errors,encoding_table)[0]
           ^^^^^^^^^^^^^^^^^^^^^^^^^^^^^^^^^^^^^^^^^^^^^^^^^^^^^^^
UnicodeEncodeError: 'charmap' codec can't encode characters in position 36-37: character maps to <undefined>
Call stack:
  File "E:\prog fold\Drunken cookies\real-time-inventory\vm_inventory_updater_fixed.py", line 2606, in <module>
    success = main()
  File "E:\prog fold\Drunken cookies\real-time-inventory\vm_inventory_updater_fixed.py", line 162, in main
    sales_data = fetch_sales_data(clover_creds, shopify_creds, target_date)
  File "E:\prog fold\Drunken cookies\real-time-inventory\vm_inventory_updater_fixed.py", line 537, in fetch_sales_data
    location_sales = fetch_clover_sales(creds, target_date)
  File "E:\prog fold\Drunken cookies\real-time-inventory\vm_inventory_updater_fixed.py", line 906, in 
fetch_clover_sales
    logging.warning(f"ΓÜá∩╕Å     PR time: {order_info['order_time_pr']}")
Message: 'ΓÜá∩╕Å     PR time: 2026-02-04 16:02:38 AST'
Arguments: ()
--- Logging error ---
Traceback (most recent call last):
  File "C:\Users\banzo\AppData\Local\Programs\Python\Python312\Lib\logging\__init__.py", line 1163, in emit
    stream.write(msg + self.terminator)
  File "C:\Users\banzo\AppData\Local\Programs\Python\Python312\Lib\encodings\cp1252.py", line 19, in encode
    return codecs.charmap_encode(input,self.errors,encoding_table)[0]
           ^^^^^^^^^^^^^^^^^^^^^^^^^^^^^^^^^^^^^^^^^^^^^^^^^^^^^^^
UnicodeEncodeError: 'charmap' codec can't encode characters in position 36-37: character maps to <undefined>
Call stack:
  File "E:\prog fold\Drunken cookies\real-time-inventory\vm_inventory_updater_fixed.py", line 2606, in <module>
    success = main()
  File "E:\prog fold\Drunken cookies\real-time-inventory\vm_inventory_updater_fixed.py", line 162, in main
    sales_data = fetch_sales_data(clover_creds, shopify_creds, target_date)
  File "E:\prog fold\Drunken cookies\real-time-inventory\vm_inventory_updater_fixed.py", line 537, in fetch_sales_data
    location_sales = fetch_clover_sales(creds, target_date)
  File "E:\prog fold\Drunken cookies\real-time-inventory\vm_inventory_updater_fixed.py", line 907, in 
fetch_clover_sales
    logging.warning(f"ΓÜá∩╕Å     PR date: {order_info['order_date_pr']} (target: {order_info['target_date']})")
Message: 'ΓÜá∩╕Å     PR date: 2026-02-04 (target: 2026-01-17)'
Arguments: ()
--- Logging error ---
Traceback (most recent call last):
  File "C:\Users\banzo\AppData\Local\Programs\Python\Python312\Lib\logging\__init__.py", line 1163, in emit
    stream.write(msg + self.terminator)
  File "C:\Users\banzo\AppData\Local\Programs\Python\Python312\Lib\encodings\cp1252.py", line 19, in encode
    return codecs.charmap_encode(input,self.errors,encoding_table)[0]
           ^^^^^^^^^^^^^^^^^^^^^^^^^^^^^^^^^^^^^^^^^^^^^^^^^^^^^^^
UnicodeEncodeError: 'charmap' codec can't encode characters in position 36-37: character maps to <undefined>
Call stack:
  File "E:\prog fold\Drunken cookies\real-time-inventory\vm_inventory_updater_fixed.py", line 2606, in <module>
    success = main()
  File "E:\prog fold\Drunken cookies\real-time-inventory\vm_inventory_updater_fixed.py", line 162, in main
    sales_data = fetch_sales_data(clover_creds, shopify_creds, target_date)
  File "E:\prog fold\Drunken cookies\real-time-inventory\vm_inventory_updater_fixed.py", line 537, in fetch_sales_data
    location_sales = fetch_clover_sales(creds, target_date)
  File "E:\prog fold\Drunken cookies\real-time-inventory\vm_inventory_updater_fixed.py", line 904, in 
fetch_clover_sales
    logging.warning(f"ΓÜá∩╕Å   Order {order_info['order_id']}:")
Message: 'ΓÜá∩╕Å   Order 3PHWBH973BXWM:'
Arguments: ()
--- Logging error ---
Traceback (most recent call last):
  File "C:\Users\banzo\AppData\Local\Programs\Python\Python312\Lib\logging\__init__.py", line 1163, in emit
    stream.write(msg + self.terminator)
  File "C:\Users\banzo\AppData\Local\Programs\Python\Python312\Lib\encodings\cp1252.py", line 19, in encode
    return codecs.charmap_encode(input,self.errors,encoding_table)[0]
           ^^^^^^^^^^^^^^^^^^^^^^^^^^^^^^^^^^^^^^^^^^^^^^^^^^^^^^^
UnicodeEncodeError: 'charmap' codec can't encode characters in position 36-37: character maps to <undefined>
Call stack:
  File "E:\prog fold\Drunken cookies\real-time-inventory\vm_inventory_updater_fixed.py", line 2606, in <module>
    success = main()
  File "E:\prog fold\Drunken cookies\real-time-inventory\vm_inventory_updater_fixed.py", line 162, in main
    sales_data = fetch_sales_data(clover_creds, shopify_creds, target_date)
  File "E:\prog fold\Drunken cookies\real-time-inventory\vm_inventory_updater_fixed.py", line 537, in fetch_sales_data
    location_sales = fetch_clover_sales(creds, target_date)
  File "E:\prog fold\Drunken cookies\real-time-inventory\vm_inventory_updater_fixed.py", line 905, in 
fetch_clover_sales
    logging.warning(f"ΓÜá∩╕Å     UTC time: {order_info['order_time_utc']}")
Message: 'ΓÜá∩╕Å     UTC time: 2026-02-04 14:39:59 UTC'
Arguments: ()
--- Logging error ---
Traceback (most recent call last):
  File "C:\Users\banzo\AppData\Local\Programs\Python\Python312\Lib\logging\__init__.py", line 1163, in emit
    stream.write(msg + self.terminator)
  File "C:\Users\banzo\AppData\Local\Programs\Python\Python312\Lib\encodings\cp1252.py", line 19, in encode
    return codecs.charmap_encode(input,self.errors,encoding_table)[0]
           ^^^^^^^^^^^^^^^^^^^^^^^^^^^^^^^^^^^^^^^^^^^^^^^^^^^^^^^
UnicodeEncodeError: 'charmap' codec can't encode characters in position 36-37: character maps to <undefined>
Call stack:
  File "E:\prog fold\Drunken cookies\real-time-inventory\vm_inventory_updater_fixed.py", line 2606, in <module>
    success = main()
  File "E:\prog fold\Drunken cookies\real-time-inventory\vm_inventory_updater_fixed.py", line 162, in main
    sales_data = fetch_sales_data(clover_creds, shopify_creds, target_date)
  File "E:\prog fold\Drunken cookies\real-time-inventory\vm_inventory_updater_fixed.py", line 537, in fetch_sales_data
    location_sales = fetch_clover_sales(creds, target_date)
  File "E:\prog fold\Drunken cookies\real-time-inventory\vm_inventory_updater_fixed.py", line 906, in 
fetch_clover_sales
    logging.warning(f"ΓÜá∩╕Å     PR time: {order_info['order_time_pr']}")
Message: 'ΓÜá∩╕Å     PR time: 2026-02-04 10:39:59 AST'
Arguments: ()
--- Logging error ---
Traceback (most recent call last):
  File "C:\Users\banzo\AppData\Local\Programs\Python\Python312\Lib\logging\__init__.py", line 1163, in emit
    stream.write(msg + self.terminator)
  File "C:\Users\banzo\AppData\Local\Programs\Python\Python312\Lib\encodings\cp1252.py", line 19, in encode
    return codecs.charmap_encode(input,self.errors,encoding_table)[0]
           ^^^^^^^^^^^^^^^^^^^^^^^^^^^^^^^^^^^^^^^^^^^^^^^^^^^^^^^
UnicodeEncodeError: 'charmap' codec can't encode characters in position 36-37: character maps to <undefined>
Call stack:
  File "E:\prog fold\Drunken cookies\real-time-inventory\vm_inventory_updater_fixed.py", line 2606, in <module>
    success = main()
  File "E:\prog fold\Drunken cookies\real-time-inventory\vm_inventory_updater_fixed.py", line 162, in main
2026-02-16 20:52:19,208 - WARNING - ΓÜá∩╕Å     PR date: 2026-02-04 (target: 2026-01-17)
2026-02-16 20:52:19,216 - WARNING - ΓÜá∩╕Å   Order 2D946DWVQ50KM:
2026-02-16 20:52:19,216 - WARNING - ΓÜá∩╕Å     UTC time: 2026-02-04 13:29:48 UTC
2026-02-16 20:52:19,217 - WARNING - ΓÜá∩╕Å     PR time: 2026-02-04 09:29:48 AST
2026-02-16 20:52:19,221 - WARNING - ΓÜá∩╕Å     PR date: 2026-02-04 (target: 2026-01-17)
    sales_data = fetch_sales_data(clover_creds, shopify_creds, target_date)
  File "E:\prog fold\Drunken cookies\real-time-inventory\vm_inventory_updater_fixed.py", line 537, in fetch_sales_data
    location_sales = fetch_clover_sales(creds, target_date)
  File "E:\prog fold\Drunken cookies\real-time-inventory\vm_inventory_updater_fixed.py", line 907, in 
fetch_clover_sales
    logging.warning(f"ΓÜá∩╕Å     PR date: {order_info['order_date_pr']} (target: {order_info['target_date']})")
Message: 'ΓÜá∩╕Å     PR date: 2026-02-04 (target: 2026-01-17)'
Arguments: ()
--- Logging error ---
Traceback (most recent call last):
  File "C:\Users\banzo\AppData\Local\Programs\Python\Python312\Lib\logging\__init__.py", line 1163, in emit
    stream.write(msg + self.terminator)
  File "C:\Users\banzo\AppData\Local\Programs\Python\Python312\Lib\encodings\cp1252.py", line 19, in encode
    return codecs.charmap_encode(input,self.errors,encoding_table)[0]
           ^^^^^^^^^^^^^^^^^^^^^^^^^^^^^^^^^^^^^^^^^^^^^^^^^^^^^^^
UnicodeEncodeError: 'charmap' codec can't encode characters in position 36-37: character maps to <undefined>
Call stack:
  File "E:\prog fold\Drunken cookies\real-time-inventory\vm_inventory_updater_fixed.py", line 2606, in <module>
    success = main()
  File "E:\prog fold\Drunken cookies\real-time-inventory\vm_inventory_updater_fixed.py", line 162, in main
    sales_data = fetch_sales_data(clover_creds, shopify_creds, target_date)
  File "E:\prog fold\Drunken cookies\real-time-inventory\vm_inventory_updater_fixed.py", line 537, in fetch_sales_data
    location_sales = fetch_clover_sales(creds, target_date)
  File "E:\prog fold\Drunken cookies\real-time-inventory\vm_inventory_updater_fixed.py", line 904, in 
fetch_clover_sales
    logging.warning(f"ΓÜá∩╕Å   Order {order_info['order_id']}:")
2026-02-16 20:52:19,222 - WARNING - ΓÜá∩╕Å   Order 7SMKV5HN265DY:
Message: 'ΓÜá∩╕Å   Order 2D946DWVQ50KM:'
Arguments: ()
--- Logging error ---
Traceback (most recent call last):
  File "C:\Users\banzo\AppData\Local\Programs\Python\Python312\Lib\logging\__init__.py", line 1163, in emit
    stream.write(msg + self.terminator)
  File "C:\Users\banzo\AppData\Local\Programs\Python\Python312\Lib\encodings\cp1252.py", line 19, in encode
    return codecs.charmap_encode(input,self.errors,encoding_table)[0]
           ^^^^^^^^^^^^^^^^^^^^^^^^^^^^^^^^^^^^^^^^^^^^^^^^^^^^^^^
UnicodeEncodeError: 'charmap' codec can't encode characters in position 36-37: character maps to <undefined>
Call stack:
  File "E:\prog fold\Drunken cookies\real-time-inventory\vm_inventory_updater_fixed.py", line 2606, in <module>
    success = main()
  File "E:\prog fold\Drunken cookies\real-time-inventory\vm_inventory_updater_fixed.py", line 162, in main
    sales_data = fetch_sales_data(clover_creds, shopify_creds, target_date)
  File "E:\prog fold\Drunken cookies\real-time-inventory\vm_inventory_updater_fixed.py", line 537, in fetch_sales_data
    location_sales = fetch_clover_sales(creds, target_date)
  File "E:\prog fold\Drunken cookies\real-time-inventory\vm_inventory_updater_fixed.py", line 905, in 
fetch_clover_sales
    logging.warning(f"ΓÜá∩╕Å     UTC time: {order_info['order_time_utc']}")
Message: 'ΓÜá∩╕Å     UTC time: 2026-02-04 13:29:48 UTC'
Arguments: ()
--- Logging error ---
Traceback (most recent call last):
  File "C:\Users\banzo\AppData\Local\Programs\Python\Python312\Lib\logging\__init__.py", line 1163, in emit
    stream.write(msg + self.terminator)
  File "C:\Users\banzo\AppData\Local\Programs\Python\Python312\Lib\encodings\cp1252.py", line 19, in encode
    return codecs.charmap_encode(input,self.errors,encoding_table)[0]
           ^^^^^^^^^^^^^^^^^^^^^^^^^^^^^^^^^^^^^^^^^^^^^^^^^^^^^^^
UnicodeEncodeError: 'charmap' codec can't encode characters in position 36-37: character maps to <undefined>
Call stack:
  File "E:\prog fold\Drunken cookies\real-time-inventory\vm_inventory_updater_fixed.py", line 2606, in <module>
    success = main()
  File "E:\prog fold\Drunken cookies\real-time-inventory\vm_inventory_updater_fixed.py", line 162, in main
    sales_data = fetch_sales_data(clover_creds, shopify_creds, target_date)
  File "E:\prog fold\Drunken cookies\real-time-inventory\vm_inventory_updater_fixed.py", line 537, in fetch_sales_data
    location_sales = fetch_clover_sales(creds, target_date)
  File "E:\prog fold\Drunken cookies\real-time-inventory\vm_inventory_updater_fixed.py", line 906, in 
fetch_clover_sales
    logging.warning(f"ΓÜá∩╕Å     PR time: {order_info['order_time_pr']}")
Message: 'ΓÜá∩╕Å     PR time: 2026-02-04 09:29:48 AST'
Arguments: ()
--- Logging error ---
Traceback (most recent call last):
  File "C:\Users\banzo\AppData\Local\Programs\Python\Python312\Lib\logging\__init__.py", line 1163, in emit
    stream.write(msg + self.terminator)
  File "C:\Users\banzo\AppData\Local\Programs\Python\Python312\Lib\encodings\cp1252.py", line 19, in encode
    return codecs.charmap_encode(input,self.errors,encoding_table)[0]
           ^^^^^^^^^^^^^^^^^^^^^^^^^^^^^^^^^^^^^^^^^^^^^^^^^^^^^^^
UnicodeEncodeError: 'charmap' codec can't encode characters in position 36-37: character maps to <undefined>
Call stack:
  File "E:\prog fold\Drunken cookies\real-time-inventory\vm_inventory_updater_fixed.py", line 2606, in <module>
    success = main()
  File "E:\prog fold\Drunken cookies\real-time-inventory\vm_inventory_updater_fixed.py", line 162, in main
    sales_data = fetch_sales_data(clover_creds, shopify_creds, target_date)
  File "E:\prog fold\Drunken cookies\real-time-inventory\vm_inventory_updater_fixed.py", line 537, in fetch_sales_data
    location_sales = fetch_clover_sales(creds, target_date)
  File "E:\prog fold\Drunken cookies\real-time-inventory\vm_inventory_updater_fixed.py", line 907, in 
fetch_clover_sales
    logging.warning(f"ΓÜá∩╕Å     PR date: {order_info['order_date_pr']} (target: {order_info['target_date']})")
Message: 'ΓÜá∩╕Å     PR date: 2026-02-04 (target: 2026-01-17)'
Arguments: ()
--- Logging error ---
Traceback (most recent call last):
  File "C:\Users\banzo\AppData\Local\Programs\Python\Python312\Lib\logging\__init__.py", line 1163, in emit
    stream.write(msg + self.terminator)
  File "C:\Users\banzo\AppData\Local\Programs\Python\Python312\Lib\encodings\cp1252.py", line 19, in encode
    return codecs.charmap_encode(input,self.errors,encoding_table)[0]
           ^^^^^^^^^^^^^^^^^^^^^^^^^^^^^^^^^^^^^^^^^^^^^^^^^^^^^^^
UnicodeEncodeError: 'charmap' codec can't encode characters in position 36-37: character maps to <undefined>
Call stack:
  File "E:\prog fold\Drunken cookies\real-time-inventory\vm_inventory_updater_fixed.py", line 2606, in <module>
    success = main()
  File "E:\prog fold\Drunken cookies\real-time-inventory\vm_inventory_updater_fixed.py", line 162, in main
    sales_data = fetch_sales_data(clover_creds, shopify_creds, target_date)
  File "E:\prog fold\Drunken cookies\real-time-inventory\vm_inventory_updater_fixed.py", line 537, in fetch_sales_data
    location_sales = fetch_clover_sales(creds, target_date)
  File "E:\prog fold\Drunken cookies\real-time-inventory\vm_inventory_updater_fixed.py", line 904, in 
fetch_clover_sales
    logging.warning(f"ΓÜá∩╕Å   Order {order_info['order_id']}:")
Message: 'ΓÜá∩╕Å   Order 7SMKV5HN265DY:'
Arguments: ()
--- Logging error ---
Traceback (most recent call last):
  File "C:\Users\banzo\AppData\Local\Programs\Python\Python312\Lib\logging\__init__.py", line 1163, in emit
    stream.write(msg + self.terminator)
  File "C:\Users\banzo\AppData\Local\Programs\Python\Python312\Lib\encodings\cp1252.py", line 19, in encode
    return codecs.charmap_encode(input,self.errors,encoding_table)[0]
           ^^^^^^^^^^^^^^^^^^^^^^^^^^^^^^^^^^^^^^^^^^^^^^^^^^^^^^^
UnicodeEncodeError: 'charmap' codec can't encode characters in position 36-37: character maps to <undefined>
Call stack:
2026-02-16 20:52:19,223 - WARNING - ΓÜá∩╕Å     UTC time: 2026-02-03 21:28:00 UTC
  File "E:\prog fold\Drunken cookies\real-time-inventory\vm_inventory_updater_fixed.py", line 2606, in <module>
    success = main()
  File "E:\prog fold\Drunken cookies\real-time-inventory\vm_inventory_updater_fixed.py", line 162, in main
    sales_data = fetch_sales_data(clover_creds, shopify_creds, target_date)
  File "E:\prog fold\Drunken cookies\real-time-inventory\vm_inventory_updater_fixed.py", line 537, in fetch_sales_data
    location_sales = fetch_clover_sales(creds, target_date)
  File "E:\prog fold\Drunken cookies\real-time-inventory\vm_inventory_updater_fixed.py", line 905, in 
fetch_clover_sales
    logging.warning(f"ΓÜá∩╕Å     UTC time: {order_info['order_time_utc']}")
Message: 'ΓÜá∩╕Å     UTC time: 2026-02-03 21:28:00 UTC'
Arguments: ()
--- Logging error ---
Traceback (most recent call last):
  File "C:\Users\banzo\AppData\Local\Programs\Python\Python312\Lib\logging\__init__.py", line 1163, in emit
    stream.write(msg + self.terminator)
  File "C:\Users\banzo\AppData\Local\Programs\Python\Python312\Lib\encodings\cp1252.py", line 19, in encode
    return codecs.charmap_encode(input,self.errors,encoding_table)[0]
           ^^^^^^^^^^^^^^^^^^^^^^^^^^^^^^^^^^^^^^^^^^^^^^^^^^^^^^^
UnicodeEncodeError: 'charmap' codec can't encode characters in position 36-37: character maps to <undefined>
Call stack:
  File "E:\prog fold\Drunken cookies\real-time-inventory\vm_inventory_updater_fixed.py", line 2606, in <module>
    success = main()
  File "E:\prog fold\Drunken cookies\real-time-inventory\vm_inventory_updater_fixed.py", line 162, in main
    sales_data = fetch_sales_data(clover_creds, shopify_creds, target_date)
  File "E:\prog fold\Drunken cookies\real-time-inventory\vm_inventory_updater_fixed.py", line 537, in fetch_sales_data
    location_sales = fetch_clover_sales(creds, target_date)
  File "E:\prog fold\Drunken cookies\real-time-inventory\vm_inventory_updater_fixed.py", line 906, in 
fetch_clover_sales
    logging.warning(f"ΓÜá∩╕Å     PR time: {order_info['order_time_pr']}")
Message: 'ΓÜá∩╕Å     PR time: 2026-02-03 17:28:00 AST'
Arguments: ()
--- Logging error ---
Traceback (most recent call last):
  File "C:\Users\banzo\AppData\Local\Programs\Python\Python312\Lib\logging\__init__.py", line 1163, in emit
    stream.write(msg + self.terminator)
  File "C:\Users\banzo\AppData\Local\Programs\Python\Python312\Lib\encodings\cp1252.py", line 19, in encode
    return codecs.charmap_encode(input,self.errors,encoding_table)[0]
           ^^^^^^^^^^^^^^^^^^^^^^^^^^^^^^^^^^^^^^^^^^^^^^^^^^^^^^^
UnicodeEncodeError: 'charmap' codec can't encode characters in position 36-37: character maps to <undefined>
Call stack:
  File "E:\prog fold\Drunken cookies\real-time-inventory\vm_inventory_updater_fixed.py", line 2606, in <module>
    success = main()
  File "E:\prog fold\Drunken cookies\real-time-inventory\vm_inventory_updater_fixed.py", line 162, in main
    sales_data = fetch_sales_data(clover_creds, shopify_creds, target_date)
  File "E:\prog fold\Drunken cookies\real-time-inventory\vm_inventory_updater_fixed.py", line 537, in fetch_sales_data
    location_sales = fetch_clover_sales(creds, target_date)
  File "E:\prog fold\Drunken cookies\real-time-inventory\vm_inventory_updater_fixed.py", line 907, in 
fetch_clover_sales
    logging.warning(f"ΓÜá∩╕Å     PR date: {order_info['order_date_pr']} (target: {order_info['target_date']})")
Message: 'ΓÜá∩╕Å     PR date: 2026-02-03 (target: 2026-01-17)'
Arguments: ()
--- Logging error ---
Traceback (most recent call last):
  File "C:\Users\banzo\AppData\Local\Programs\Python\Python312\Lib\logging\__init__.py", line 1163, in emit
    stream.write(msg + self.terminator)
  File "C:\Users\banzo\AppData\Local\Programs\Python\Python312\Lib\encodings\cp1252.py", line 19, in encode
    return codecs.charmap_encode(input,self.errors,encoding_table)[0]
           ^^^^^^^^^^^^^^^^^^^^^^^^^^^^^^^^^^^^^^^^^^^^^^^^^^^^^^^
2026-02-16 20:52:19,228 - WARNING - ΓÜá∩╕Å     PR time: 2026-02-03 17:28:00 AST
2026-02-16 20:52:19,229 - WARNING - ΓÜá∩╕Å     PR date: 2026-02-03 (target: 2026-01-17)
2026-02-16 20:52:19,229 - WARNING - ΓÜá∩╕Å   Order 5BDYH849RN6FE:
2026-02-16 20:52:19,235 - WARNING - ΓÜá∩╕Å     UTC time: 2026-02-03 20:09:26 UTC
2026-02-16 20:52:19,236 - WARNING - ΓÜá∩╕Å     PR time: 2026-02-03 16:09:26 AST
UnicodeEncodeError: 'charmap' codec can't encode characters in position 36-37: character maps to <undefined>
Call stack:
  File "E:\prog fold\Drunken cookies\real-time-inventory\vm_inventory_updater_fixed.py", line 2606, in <module>
    success = main()
  File "E:\prog fold\Drunken cookies\real-time-inventory\vm_inventory_updater_fixed.py", line 162, in main
    sales_data = fetch_sales_data(clover_creds, shopify_creds, target_date)
  File "E:\prog fold\Drunken cookies\real-time-inventory\vm_inventory_updater_fixed.py", line 537, in fetch_sales_data
    location_sales = fetch_clover_sales(creds, target_date)
  File "E:\prog fold\Drunken cookies\real-time-inventory\vm_inventory_updater_fixed.py", line 904, in 
fetch_clover_sales
    logging.warning(f"ΓÜá∩╕Å   Order {order_info['order_id']}:")
Message: 'ΓÜá∩╕Å   Order 5BDYH849RN6FE:'
Arguments: ()
--- Logging error ---
Traceback (most recent call last):
  File "C:\Users\banzo\AppData\Local\Programs\Python\Python312\Lib\logging\__init__.py", line 1163, in emit
    stream.write(msg + self.terminator)
  File "C:\Users\banzo\AppData\Local\Programs\Python\Python312\Lib\encodings\cp1252.py", line 19, in encode
    return codecs.charmap_encode(input,self.errors,encoding_table)[0]
           ^^^^^^^^^^^^^^^^^^^^^^^^^^^^^^^^^^^^^^^^^^^^^^^^^^^^^^^
UnicodeEncodeError: 'charmap' codec can't encode characters in position 36-37: character maps to <undefined>
Call stack:
  File "E:\prog fold\Drunken cookies\real-time-inventory\vm_inventory_updater_fixed.py", line 2606, in <module>
    success = main()
  File "E:\prog fold\Drunken cookies\real-time-inventory\vm_inventory_updater_fixed.py", line 162, in main
    sales_data = fetch_sales_data(clover_creds, shopify_creds, target_date)
  File "E:\prog fold\Drunken cookies\real-time-inventory\vm_inventory_updater_fixed.py", line 537, in fetch_sales_data
    location_sales = fetch_clover_sales(creds, target_date)
  File "E:\prog fold\Drunken cookies\real-time-inventory\vm_inventory_updater_fixed.py", line 905, in 
fetch_clover_sales
    logging.warning(f"ΓÜá∩╕Å     UTC time: {order_info['order_time_utc']}")
Message: 'ΓÜá∩╕Å     UTC time: 2026-02-03 20:09:26 UTC'
Arguments: ()
--- Logging error ---
Traceback (most recent call last):
  File "C:\Users\banzo\AppData\Local\Programs\Python\Python312\Lib\logging\__init__.py", line 1163, in emit
    stream.write(msg + self.terminator)
  File "C:\Users\banzo\AppData\Local\Programs\Python\Python312\Lib\encodings\cp1252.py", line 19, in encode
    return codecs.charmap_encode(input,self.errors,encoding_table)[0]
           ^^^^^^^^^^^^^^^^^^^^^^^^^^^^^^^^^^^^^^^^^^^^^^^^^^^^^^^
UnicodeEncodeError: 'charmap' codec can't encode characters in position 36-37: character maps to <undefined>
Call stack:
  File "E:\prog fold\Drunken cookies\real-time-inventory\vm_inventory_updater_fixed.py", line 2606, in <module>
    success = main()
  File "E:\prog fold\Drunken cookies\real-time-inventory\vm_inventory_updater_fixed.py", line 162, in main
    sales_data = fetch_sales_data(clover_creds, shopify_creds, target_date)
  File "E:\prog fold\Drunken cookies\real-time-inventory\vm_inventory_updater_fixed.py", line 537, in fetch_sales_data
    location_sales = fetch_clover_sales(creds, target_date)
  File "E:\prog fold\Drunken cookies\real-time-inventory\vm_inventory_updater_fixed.py", line 906, in 
fetch_clover_sales
    logging.warning(f"ΓÜá∩╕Å     PR time: {order_info['order_time_pr']}")
Message: 'ΓÜá∩╕Å     PR time: 2026-02-03 16:09:26 AST'
Arguments: ()
--- Logging error ---
Traceback (most recent call last):
  File "C:\Users\banzo\AppData\Local\Programs\Python\Python312\Lib\logging\__init__.py", line 1163, in emit
    stream.write(msg + self.terminator)
  File "C:\Users\banzo\AppData\Local\Programs\Python\Python312\Lib\encodings\cp1252.py", line 19, in encode
    return codecs.charmap_encode(input,self.errors,encoding_table)[0]
           ^^^^^^^^^^^^^^^^^^^^^^^^^^^^^^^^^^^^^^^^^^^^^^^^^^^^^^^
UnicodeEncodeError: 'charmap' codec can't encode characters in position 36-37: character maps to <undefined>
Call stack:
  File "E:\prog fold\Drunken cookies\real-time-inventory\vm_inventory_updater_fixed.py", line 2606, in <module>
    success = main()
2026-02-16 20:52:19,236 - WARNING - ΓÜá∩╕Å     PR date: 2026-02-03 (target: 2026-01-17)
2026-02-16 20:52:19,243 - WARNING - ΓÜá∩╕Å   Order ZSMNA8BGPR4NJ:
2026-02-16 20:52:19,244 - WARNING - ΓÜá∩╕Å     UTC time: 2026-02-03 19:11:27 UTC
2026-02-16 20:52:19,244 - WARNING - ΓÜá∩╕Å     PR time: 2026-02-03 15:11:27 AST
2026-02-16 20:52:19,250 - WARNING - ΓÜá∩╕Å     PR date: 2026-02-03 (target: 2026-01-17)
2026-02-16 20:52:19,250 - WARNING - ΓÜá∩╕Å   Order XXT67TGYTT8XR:
  File "E:\prog fold\Drunken cookies\real-time-inventory\vm_inventory_updater_fixed.py", line 162, in main
    sales_data = fetch_sales_data(clover_creds, shopify_creds, target_date)
  File "E:\prog fold\Drunken cookies\real-time-inventory\vm_inventory_updater_fixed.py", line 537, in fetch_sales_data
    location_sales = fetch_clover_sales(creds, target_date)
  File "E:\prog fold\Drunken cookies\real-time-inventory\vm_inventory_updater_fixed.py", line 907, in 
fetch_clover_sales
    logging.warning(f"ΓÜá∩╕Å     PR date: {order_info['order_date_pr']} (target: {order_info['target_date']})")
Message: 'ΓÜá∩╕Å     PR date: 2026-02-03 (target: 2026-01-17)'
Arguments: ()
--- Logging error ---
Traceback (most recent call last):
  File "C:\Users\banzo\AppData\Local\Programs\Python\Python312\Lib\logging\__init__.py", line 1163, in emit
    stream.write(msg + self.terminator)
  File "C:\Users\banzo\AppData\Local\Programs\Python\Python312\Lib\encodings\cp1252.py", line 19, in encode
    return codecs.charmap_encode(input,self.errors,encoding_table)[0]
           ^^^^^^^^^^^^^^^^^^^^^^^^^^^^^^^^^^^^^^^^^^^^^^^^^^^^^^^
UnicodeEncodeError: 'charmap' codec can't encode characters in position 36-37: character maps to <undefined>
Call stack:
  File "E:\prog fold\Drunken cookies\real-time-inventory\vm_inventory_updater_fixed.py", line 2606, in <module>
    success = main()
  File "E:\prog fold\Drunken cookies\real-time-inventory\vm_inventory_updater_fixed.py", line 162, in main
    sales_data = fetch_sales_data(clover_creds, shopify_creds, target_date)
  File "E:\prog fold\Drunken cookies\real-time-inventory\vm_inventory_updater_fixed.py", line 537, in fetch_sales_data
    location_sales = fetch_clover_sales(creds, target_date)
  File "E:\prog fold\Drunken cookies\real-time-inventory\vm_inventory_updater_fixed.py", line 904, in 
fetch_clover_sales
    logging.warning(f"ΓÜá∩╕Å   Order {order_info['order_id']}:")
Message: 'ΓÜá∩╕Å   Order ZSMNA8BGPR4NJ:'
Arguments: ()
--- Logging error ---
Traceback (most recent call last):
  File "C:\Users\banzo\AppData\Local\Programs\Python\Python312\Lib\logging\__init__.py", line 1163, in emit
    stream.write(msg + self.terminator)
  File "C:\Users\banzo\AppData\Local\Programs\Python\Python312\Lib\encodings\cp1252.py", line 19, in encode
    return codecs.charmap_encode(input,self.errors,encoding_table)[0]
           ^^^^^^^^^^^^^^^^^^^^^^^^^^^^^^^^^^^^^^^^^^^^^^^^^^^^^^^
UnicodeEncodeError: 'charmap' codec can't encode characters in position 36-37: character maps to <undefined>
Call stack:
  File "E:\prog fold\Drunken cookies\real-time-inventory\vm_inventory_updater_fixed.py", line 2606, in <module>
    success = main()
  File "E:\prog fold\Drunken cookies\real-time-inventory\vm_inventory_updater_fixed.py", line 162, in main
    sales_data = fetch_sales_data(clover_creds, shopify_creds, target_date)
  File "E:\prog fold\Drunken cookies\real-time-inventory\vm_inventory_updater_fixed.py", line 537, in fetch_sales_data
    location_sales = fetch_clover_sales(creds, target_date)
  File "E:\prog fold\Drunken cookies\real-time-inventory\vm_inventory_updater_fixed.py", line 905, in 
fetch_clover_sales
    logging.warning(f"ΓÜá∩╕Å     UTC time: {order_info['order_time_utc']}")
Message: 'ΓÜá∩╕Å     UTC time: 2026-02-03 19:11:27 UTC'
Arguments: ()
--- Logging error ---
Traceback (most recent call last):
  File "C:\Users\banzo\AppData\Local\Programs\Python\Python312\Lib\logging\__init__.py", line 1163, in emit
    stream.write(msg + self.terminator)
  File "C:\Users\banzo\AppData\Local\Programs\Python\Python312\Lib\encodings\cp1252.py", line 19, in encode
    return codecs.charmap_encode(input,self.errors,encoding_table)[0]
           ^^^^^^^^^^^^^^^^^^^^^^^^^^^^^^^^^^^^^^^^^^^^^^^^^^^^^^^
UnicodeEncodeError: 'charmap' codec can't encode characters in position 36-37: character maps to <undefined>
Call stack:
  File "E:\prog fold\Drunken cookies\real-time-inventory\vm_inventory_updater_fixed.py", line 2606, in <module>
    success = main()
  File "E:\prog fold\Drunken cookies\real-time-inventory\vm_inventory_updater_fixed.py", line 162, in main
    sales_data = fetch_sales_data(clover_creds, shopify_creds, target_date)
  File "E:\prog fold\Drunken cookies\real-time-inventory\vm_inventory_updater_fixed.py", line 537, in fetch_sales_data
    location_sales = fetch_clover_sales(creds, target_date)
  File "E:\prog fold\Drunken cookies\real-time-inventory\vm_inventory_updater_fixed.py", line 906, in 
fetch_clover_sales
    logging.warning(f"ΓÜá∩╕Å     PR time: {order_info['order_time_pr']}")
Message: 'ΓÜá∩╕Å     PR time: 2026-02-03 15:11:27 AST'
Arguments: ()
--- Logging error ---
Traceback (most recent call last):
  File "C:\Users\banzo\AppData\Local\Programs\Python\Python312\Lib\logging\__init__.py", line 1163, in emit
    stream.write(msg + self.terminator)
  File "C:\Users\banzo\AppData\Local\Programs\Python\Python312\Lib\encodings\cp1252.py", line 19, in encode
    return codecs.charmap_encode(input,self.errors,encoding_table)[0]
           ^^^^^^^^^^^^^^^^^^^^^^^^^^^^^^^^^^^^^^^^^^^^^^^^^^^^^^^
UnicodeEncodeError: 'charmap' codec can't encode characters in position 36-37: character maps to <undefined>
Call stack:
  File "E:\prog fold\Drunken cookies\real-time-inventory\vm_inventory_updater_fixed.py", line 2606, in <module>
    success = main()
  File "E:\prog fold\Drunken cookies\real-time-inventory\vm_inventory_updater_fixed.py", line 162, in main
    sales_data = fetch_sales_data(clover_creds, shopify_creds, target_date)
  File "E:\prog fold\Drunken cookies\real-time-inventory\vm_inventory_updater_fixed.py", line 537, in fetch_sales_data
    location_sales = fetch_clover_sales(creds, target_date)
  File "E:\prog fold\Drunken cookies\real-time-inventory\vm_inventory_updater_fixed.py", line 907, in 
fetch_clover_sales
    logging.warning(f"ΓÜá∩╕Å     PR date: {order_info['order_date_pr']} (target: {order_info['target_date']})")
Message: 'ΓÜá∩╕Å     PR date: 2026-02-03 (target: 2026-01-17)'
Arguments: ()
--- Logging error ---
Traceback (most recent call last):
  File "C:\Users\banzo\AppData\Local\Programs\Python\Python312\Lib\logging\__init__.py", line 1163, in emit
    stream.write(msg + self.terminator)
  File "C:\Users\banzo\AppData\Local\Programs\Python\Python312\Lib\encodings\cp1252.py", line 19, in encode
    return codecs.charmap_encode(input,self.errors,encoding_table)[0]
           ^^^^^^^^^^^^^^^^^^^^^^^^^^^^^^^^^^^^^^^^^^^^^^^^^^^^^^^
UnicodeEncodeError: 'charmap' codec can't encode characters in position 36-37: character maps to <undefined>
Call stack:
  File "E:\prog fold\Drunken cookies\real-time-inventory\vm_inventory_updater_fixed.py", line 2606, in <module>
    success = main()
  File "E:\prog fold\Drunken cookies\real-time-inventory\vm_inventory_updater_fixed.py", line 162, in main
    sales_data = fetch_sales_data(clover_creds, shopify_creds, target_date)
  File "E:\prog fold\Drunken cookies\real-time-inventory\vm_inventory_updater_fixed.py", line 537, in fetch_sales_data
    location_sales = fetch_clover_sales(creds, target_date)
  File "E:\prog fold\Drunken cookies\real-time-inventory\vm_inventory_updater_fixed.py", line 904, in 
fetch_clover_sales
    logging.warning(f"ΓÜá∩╕Å   Order {order_info['order_id']}:")
Message: 'ΓÜá∩╕Å   Order XXT67TGYTT8XR:'
Arguments: ()
--- Logging error ---
Traceback (most recent call last):
  File "C:\Users\banzo\AppData\Local\Programs\Python\Python312\Lib\logging\__init__.py", line 1163, in emit
    stream.write(msg + self.terminator)
  File "C:\Users\banzo\AppData\Local\Programs\Python\Python312\Lib\encodings\cp1252.py", line 19, in encode
    return codecs.charmap_encode(input,self.errors,encoding_table)[0]
           ^^^^^^^^^^^^^^^^^^^^^^^^^^^^^^^^^^^^^^^^^^^^^^^^^^^^^^^
2026-02-16 20:52:19,251 - WARNING - ΓÜá∩╕Å     UTC time: 2026-02-02 17:56:31 UTC
2026-02-16 20:52:19,258 - WARNING - ΓÜá∩╕Å     PR time: 2026-02-02 13:56:31 AST
2026-02-16 20:52:19,259 - WARNING - ΓÜá∩╕Å     PR date: 2026-02-02 (target: 2026-01-17)
UnicodeEncodeError: 'charmap' codec can't encode characters in position 36-37: character maps to <undefined>
Call stack:
  File "E:\prog fold\Drunken cookies\real-time-inventory\vm_inventory_updater_fixed.py", line 2606, in <module>
    success = main()
  File "E:\prog fold\Drunken cookies\real-time-inventory\vm_inventory_updater_fixed.py", line 162, in main
    sales_data = fetch_sales_data(clover_creds, shopify_creds, target_date)
  File "E:\prog fold\Drunken cookies\real-time-inventory\vm_inventory_updater_fixed.py", line 537, in fetch_sales_data
    location_sales = fetch_clover_sales(creds, target_date)
  File "E:\prog fold\Drunken cookies\real-time-inventory\vm_inventory_updater_fixed.py", line 905, in 
fetch_clover_sales
    logging.warning(f"ΓÜá∩╕Å     UTC time: {order_info['order_time_utc']}")
Message: 'ΓÜá∩╕Å     UTC time: 2026-02-02 17:56:31 UTC'
Arguments: ()
--- Logging error ---
Traceback (most recent call last):
  File "C:\Users\banzo\AppData\Local\Programs\Python\Python312\Lib\logging\__init__.py", line 1163, in emit
    stream.write(msg + self.terminator)
  File "C:\Users\banzo\AppData\Local\Programs\Python\Python312\Lib\encodings\cp1252.py", line 19, in encode
    return codecs.charmap_encode(input,self.errors,encoding_table)[0]
           ^^^^^^^^^^^^^^^^^^^^^^^^^^^^^^^^^^^^^^^^^^^^^^^^^^^^^^^
UnicodeEncodeError: 'charmap' codec can't encode characters in position 36-37: character maps to <undefined>
Call stack:
  File "E:\prog fold\Drunken cookies\real-time-inventory\vm_inventory_updater_fixed.py", line 2606, in <module>
    success = main()
  File "E:\prog fold\Drunken cookies\real-time-inventory\vm_inventory_updater_fixed.py", line 162, in main
    sales_data = fetch_sales_data(clover_creds, shopify_creds, target_date)
  File "E:\prog fold\Drunken cookies\real-time-inventory\vm_inventory_updater_fixed.py", line 537, in fetch_sales_data
    location_sales = fetch_clover_sales(creds, target_date)
  File "E:\prog fold\Drunken cookies\real-time-inventory\vm_inventory_updater_fixed.py", line 906, in 
fetch_clover_sales
    logging.warning(f"ΓÜá∩╕Å     PR time: {order_info['order_time_pr']}")
Message: 'ΓÜá∩╕Å     PR time: 2026-02-02 13:56:31 AST'
Arguments: ()
--- Logging error ---
Traceback (most recent call last):
  File "C:\Users\banzo\AppData\Local\Programs\Python\Python312\Lib\logging\__init__.py", line 1163, in emit
    stream.write(msg + self.terminator)
  File "C:\Users\banzo\AppData\Local\Programs\Python\Python312\Lib\encodings\cp1252.py", line 19, in encode
    return codecs.charmap_encode(input,self.errors,encoding_table)[0]
           ^^^^^^^^^^^^^^^^^^^^^^^^^^^^^^^^^^^^^^^^^^^^^^^^^^^^^^^
UnicodeEncodeError: 'charmap' codec can't encode characters in position 36-37: character maps to <undefined>
Call stack:
  File "E:\prog fold\Drunken cookies\real-time-inventory\vm_inventory_updater_fixed.py", line 2606, in <module>
    success = main()
  File "E:\prog fold\Drunken cookies\real-time-inventory\vm_inventory_updater_fixed.py", line 162, in main
    sales_data = fetch_sales_data(clover_creds, shopify_creds, target_date)
  File "E:\prog fold\Drunken cookies\real-time-inventory\vm_inventory_updater_fixed.py", line 537, in fetch_sales_data
    location_sales = fetch_clover_sales(creds, target_date)
  File "E:\prog fold\Drunken cookies\real-time-inventory\vm_inventory_updater_fixed.py", line 907, in 
fetch_clover_sales
    logging.warning(f"ΓÜá∩╕Å     PR date: {order_info['order_date_pr']} (target: {order_info['target_date']})")
Message: 'ΓÜá∩╕Å     PR date: 2026-02-02 (target: 2026-01-17)'
Arguments: ()
--- Logging error ---
Traceback (most recent call last):
  File "C:\Users\banzo\AppData\Local\Programs\Python\Python312\Lib\logging\__init__.py", line 1163, in emit
    stream.write(msg + self.terminator)
  File "C:\Users\banzo\AppData\Local\Programs\Python\Python312\Lib\encodings\cp1252.py", line 19, in encode
    return codecs.charmap_encode(input,self.errors,encoding_table)[0]
2026-02-16 20:52:19,259 - WARNING - ΓÜá∩╕Å   Order ZVQGSNYEX20AT:
2026-02-16 20:52:19,265 - WARNING - ΓÜá∩╕Å     UTC time: 2026-02-02 14:49:32 UTC
2026-02-16 20:52:19,266 - WARNING - ΓÜá∩╕Å     PR time: 2026-02-02 10:49:32 AST
           ^^^^^^^^^^^^^^^^^^^^^^^^^^^^^^^^^^^^^^^^^^^^^^^^^^^^^^^
UnicodeEncodeError: 'charmap' codec can't encode characters in position 36-37: character maps to <undefined>
Call stack:
  File "E:\prog fold\Drunken cookies\real-time-inventory\vm_inventory_updater_fixed.py", line 2606, in <module>
    success = main()
  File "E:\prog fold\Drunken cookies\real-time-inventory\vm_inventory_updater_fixed.py", line 162, in main
    sales_data = fetch_sales_data(clover_creds, shopify_creds, target_date)
  File "E:\prog fold\Drunken cookies\real-time-inventory\vm_inventory_updater_fixed.py", line 537, in fetch_sales_data
    location_sales = fetch_clover_sales(creds, target_date)
  File "E:\prog fold\Drunken cookies\real-time-inventory\vm_inventory_updater_fixed.py", line 904, in 
fetch_clover_sales
    logging.warning(f"ΓÜá∩╕Å   Order {order_info['order_id']}:")
Message: 'ΓÜá∩╕Å   Order ZVQGSNYEX20AT:'
Arguments: ()
--- Logging error ---
Traceback (most recent call last):
  File "C:\Users\banzo\AppData\Local\Programs\Python\Python312\Lib\logging\__init__.py", line 1163, in emit
    stream.write(msg + self.terminator)
  File "C:\Users\banzo\AppData\Local\Programs\Python\Python312\Lib\encodings\cp1252.py", line 19, in encode
    return codecs.charmap_encode(input,self.errors,encoding_table)[0]
           ^^^^^^^^^^^^^^^^^^^^^^^^^^^^^^^^^^^^^^^^^^^^^^^^^^^^^^^
UnicodeEncodeError: 'charmap' codec can't encode characters in position 36-37: character maps to <undefined>
Call stack:
  File "E:\prog fold\Drunken cookies\real-time-inventory\vm_inventory_updater_fixed.py", line 2606, in <module>
    success = main()
  File "E:\prog fold\Drunken cookies\real-time-inventory\vm_inventory_updater_fixed.py", line 162, in main
    sales_data = fetch_sales_data(clover_creds, shopify_creds, target_date)
  File "E:\prog fold\Drunken cookies\real-time-inventory\vm_inventory_updater_fixed.py", line 537, in fetch_sales_data
    location_sales = fetch_clover_sales(creds, target_date)
  File "E:\prog fold\Drunken cookies\real-time-inventory\vm_inventory_updater_fixed.py", line 905, in 
fetch_clover_sales
    logging.warning(f"ΓÜá∩╕Å     UTC time: {order_info['order_time_utc']}")
Message: 'ΓÜá∩╕Å     UTC time: 2026-02-02 14:49:32 UTC'
Arguments: ()
--- Logging error ---
Traceback (most recent call last):
  File "C:\Users\banzo\AppData\Local\Programs\Python\Python312\Lib\logging\__init__.py", line 1163, in emit
    stream.write(msg + self.terminator)
  File "C:\Users\banzo\AppData\Local\Programs\Python\Python312\Lib\encodings\cp1252.py", line 19, in encode
    return codecs.charmap_encode(input,self.errors,encoding_table)[0]
           ^^^^^^^^^^^^^^^^^^^^^^^^^^^^^^^^^^^^^^^^^^^^^^^^^^^^^^^
UnicodeEncodeError: 'charmap' codec can't encode characters in position 36-37: character maps to <undefined>
Call stack:
  File "E:\prog fold\Drunken cookies\real-time-inventory\vm_inventory_updater_fixed.py", line 2606, in <module>
    success = main()
  File "E:\prog fold\Drunken cookies\real-time-inventory\vm_inventory_updater_fixed.py", line 162, in main
    sales_data = fetch_sales_data(clover_creds, shopify_creds, target_date)
  File "E:\prog fold\Drunken cookies\real-time-inventory\vm_inventory_updater_fixed.py", line 537, in fetch_sales_data
    location_sales = fetch_clover_sales(creds, target_date)
  File "E:\prog fold\Drunken cookies\real-time-inventory\vm_inventory_updater_fixed.py", line 906, in 
fetch_clover_sales
    logging.warning(f"ΓÜá∩╕Å     PR time: {order_info['order_time_pr']}")
Message: 'ΓÜá∩╕Å     PR time: 2026-02-02 10:49:32 AST'
Arguments: ()
--- Logging error ---
Traceback (most recent call last):
  File "C:\Users\banzo\AppData\Local\Programs\Python\Python312\Lib\logging\__init__.py", line 1163, in emit
    stream.write(msg + self.terminator)
  File "C:\Users\banzo\AppData\Local\Programs\Python\Python312\Lib\encodings\cp1252.py", line 19, in encode
    return codecs.charmap_encode(input,self.errors,encoding_table)[0]
           ^^^^^^^^^^^^^^^^^^^^^^^^^^^^^^^^^^^^^^^^^^^^^^^^^^^^^^^
UnicodeEncodeError: 'charmap' codec can't encode characters in position 36-37: character maps to <undefined>
Call stack:
  File "E:\prog fold\Drunken cookies\real-time-inventory\vm_inventory_updater_fixed.py", line 2606, in <module>
    success = main()
2026-02-16 20:52:19,266 - WARNING - ΓÜá∩╕Å     PR date: 2026-02-02 (target: 2026-01-17)
2026-02-16 20:52:19,272 - WARNING - ΓÜá∩╕Å   Order 924088CWX8PKY:
2026-02-16 20:52:19,272 - WARNING - ΓÜá∩╕Å     UTC time: 2026-02-01 22:00:05 UTC
2026-02-16 20:52:19,273 - WARNING - ΓÜá∩╕Å     PR time: 2026-02-01 18:00:05 AST
  File "E:\prog fold\Drunken cookies\real-time-inventory\vm_inventory_updater_fixed.py", line 162, in main
    sales_data = fetch_sales_data(clover_creds, shopify_creds, target_date)
  File "E:\prog fold\Drunken cookies\real-time-inventory\vm_inventory_updater_fixed.py", line 537, in fetch_sales_data
    location_sales = fetch_clover_sales(creds, target_date)
  File "E:\prog fold\Drunken cookies\real-time-inventory\vm_inventory_updater_fixed.py", line 907, in 
fetch_clover_sales
    logging.warning(f"ΓÜá∩╕Å     PR date: {order_info['order_date_pr']} (target: {order_info['target_date']})")
Message: 'ΓÜá∩╕Å     PR date: 2026-02-02 (target: 2026-01-17)'
Arguments: ()
--- Logging error ---
Traceback (most recent call last):
  File "C:\Users\banzo\AppData\Local\Programs\Python\Python312\Lib\logging\__init__.py", line 1163, in emit
    stream.write(msg + self.terminator)
  File "C:\Users\banzo\AppData\Local\Programs\Python\Python312\Lib\encodings\cp1252.py", line 19, in encode
    return codecs.charmap_encode(input,self.errors,encoding_table)[0]
           ^^^^^^^^^^^^^^^^^^^^^^^^^^^^^^^^^^^^^^^^^^^^^^^^^^^^^^^
UnicodeEncodeError: 'charmap' codec can't encode characters in position 36-37: character maps to <undefined>
Call stack:
  File "E:\prog fold\Drunken cookies\real-time-inventory\vm_inventory_updater_fixed.py", line 2606, in <module>
    success = main()
  File "E:\prog fold\Drunken cookies\real-time-inventory\vm_inventory_updater_fixed.py", line 162, in main
    sales_data = fetch_sales_data(clover_creds, shopify_creds, target_date)
  File "E:\prog fold\Drunken cookies\real-time-inventory\vm_inventory_updater_fixed.py", line 537, in fetch_sales_data
    location_sales = fetch_clover_sales(creds, target_date)
  File "E:\prog fold\Drunken cookies\real-time-inventory\vm_inventory_updater_fixed.py", line 904, in 
fetch_clover_sales
    logging.warning(f"ΓÜá∩╕Å   Order {order_info['order_id']}:")
Message: 'ΓÜá∩╕Å   Order 924088CWX8PKY:'
Arguments: ()
--- Logging error ---
Traceback (most recent call last):
  File "C:\Users\banzo\AppData\Local\Programs\Python\Python312\Lib\logging\__init__.py", line 1163, in emit
    stream.write(msg + self.terminator)
  File "C:\Users\banzo\AppData\Local\Programs\Python\Python312\Lib\encodings\cp1252.py", line 19, in encode
2026-02-16 20:52:19,278 - WARNING - ΓÜá∩╕Å     PR date: 2026-02-01 (target: 2026-01-17)
2026-02-16 20:52:19,279 - WARNING - ΓÜá∩╕Å   Order K0T9AMMEHF68M:
    return codecs.charmap_encode(input,self.errors,encoding_table)[0]
           ^^^^^^^^^^^^^^^^^^^^^^^^^^^^^^^^^^^^^^^^^^^^^^^^^^^^^^^
UnicodeEncodeError: 'charmap' codec can't encode characters in position 36-37: character maps to <undefined>
Call stack:
  File "E:\prog fold\Drunken cookies\real-time-inventory\vm_inventory_updater_fixed.py", line 2606, in <module>
    success = main()
  File "E:\prog fold\Drunken cookies\real-time-inventory\vm_inventory_updater_fixed.py", line 162, in main
    sales_data = fetch_sales_data(clover_creds, shopify_creds, target_date)
  File "E:\prog fold\Drunken cookies\real-time-inventory\vm_inventory_updater_fixed.py", line 537, in fetch_sales_data
    location_sales = fetch_clover_sales(creds, target_date)
  File "E:\prog fold\Drunken cookies\real-time-inventory\vm_inventory_updater_fixed.py", line 905, in 
fetch_clover_sales
    logging.warning(f"ΓÜá∩╕Å     UTC time: {order_info['order_time_utc']}")
Message: 'ΓÜá∩╕Å     UTC time: 2026-02-01 22:00:05 UTC'
Arguments: ()
--- Logging error ---
Traceback (most recent call last):
  File "C:\Users\banzo\AppData\Local\Programs\Python\Python312\Lib\logging\__init__.py", line 1163, in emit
    stream.write(msg + self.terminator)
  File "C:\Users\banzo\AppData\Local\Programs\Python\Python312\Lib\encodings\cp1252.py", line 19, in encode
    return codecs.charmap_encode(input,self.errors,encoding_table)[0]
           ^^^^^^^^^^^^^^^^^^^^^^^^^^^^^^^^^^^^^^^^^^^^^^^^^^^^^^^
UnicodeEncodeError: 'charmap' codec can't encode characters in position 36-37: character maps to <undefined>
Call stack:
  File "E:\prog fold\Drunken cookies\real-time-inventory\vm_inventory_updater_fixed.py", line 2606, in <module>
    success = main()
  File "E:\prog fold\Drunken cookies\real-time-inventory\vm_inventory_updater_fixed.py", line 162, in main
    sales_data = fetch_sales_data(clover_creds, shopify_creds, target_date)
  File "E:\prog fold\Drunken cookies\real-time-inventory\vm_inventory_updater_fixed.py", line 537, in fetch_sales_data
    location_sales = fetch_clover_sales(creds, target_date)
  File "E:\prog fold\Drunken cookies\real-time-inventory\vm_inventory_updater_fixed.py", line 906, in 
fetch_clover_sales
    logging.warning(f"ΓÜá∩╕Å     PR time: {order_info['order_time_pr']}")
Message: 'ΓÜá∩╕Å     PR time: 2026-02-01 18:00:05 AST'
Arguments: ()
--- Logging error ---
Traceback (most recent call last):
  File "C:\Users\banzo\AppData\Local\Programs\Python\Python312\Lib\logging\__init__.py", line 1163, in emit
    stream.write(msg + self.terminator)
  File "C:\Users\banzo\AppData\Local\Programs\Python\Python312\Lib\encodings\cp1252.py", line 19, in encode
    return codecs.charmap_encode(input,self.errors,encoding_table)[0]
           ^^^^^^^^^^^^^^^^^^^^^^^^^^^^^^^^^^^^^^^^^^^^^^^^^^^^^^^
UnicodeEncodeError: 'charmap' codec can't encode characters in position 36-37: character maps to <undefined>
Call stack:
  File "E:\prog fold\Drunken cookies\real-time-inventory\vm_inventory_updater_fixed.py", line 2606, in <module>
    success = main()
  File "E:\prog fold\Drunken cookies\real-time-inventory\vm_inventory_updater_fixed.py", line 162, in main
    sales_data = fetch_sales_data(clover_creds, shopify_creds, target_date)
  File "E:\prog fold\Drunken cookies\real-time-inventory\vm_inventory_updater_fixed.py", line 537, in fetch_sales_data
    location_sales = fetch_clover_sales(creds, target_date)
  File "E:\prog fold\Drunken cookies\real-time-inventory\vm_inventory_updater_fixed.py", line 907, in 
fetch_clover_sales
    logging.warning(f"ΓÜá∩╕Å     PR date: {order_info['order_date_pr']} (target: {order_info['target_date']})")
Message: 'ΓÜá∩╕Å     PR date: 2026-02-01 (target: 2026-01-17)'
Arguments: ()
--- Logging error ---
Traceback (most recent call last):
  File "C:\Users\banzo\AppData\Local\Programs\Python\Python312\Lib\logging\__init__.py", line 1163, in emit
    stream.write(msg + self.terminator)
  File "C:\Users\banzo\AppData\Local\Programs\Python\Python312\Lib\encodings\cp1252.py", line 19, in encode
    return codecs.charmap_encode(input,self.errors,encoding_table)[0]
           ^^^^^^^^^^^^^^^^^^^^^^^^^^^^^^^^^^^^^^^^^^^^^^^^^^^^^^^
UnicodeEncodeError: 'charmap' codec can't encode characters in position 36-37: character maps to <undefined>
Call stack:
  File "E:\prog fold\Drunken cookies\real-time-inventory\vm_inventory_updater_fixed.py", line 2606, in <module>
    success = main()
  File "E:\prog fold\Drunken cookies\real-time-inventory\vm_inventory_updater_fixed.py", line 162, in main
    sales_data = fetch_sales_data(clover_creds, shopify_creds, target_date)
  File "E:\prog fold\Drunken cookies\real-time-inventory\vm_inventory_updater_fixed.py", line 537, in fetch_sales_data
    location_sales = fetch_clover_sales(creds, target_date)
  File "E:\prog fold\Drunken cookies\real-time-inventory\vm_inventory_updater_fixed.py", line 904, in 
fetch_clover_sales
    logging.warning(f"ΓÜá∩╕Å   Order {order_info['order_id']}:")
Message: 'ΓÜá∩╕Å   Order K0T9AMMEHF68M:'
Arguments: ()
--- Logging error ---
Traceback (most recent call last):
  File "C:\Users\banzo\AppData\Local\Programs\Python\Python312\Lib\logging\__init__.py", line 1163, in emit
    stream.write(msg + self.terminator)
  File "C:\Users\banzo\AppData\Local\Programs\Python\Python312\Lib\encodings\cp1252.py", line 19, in encode
    return codecs.charmap_encode(input,self.errors,encoding_table)[0]
           ^^^^^^^^^^^^^^^^^^^^^^^^^^^^^^^^^^^^^^^^^^^^^^^^^^^^^^^
UnicodeEncodeError: 'charmap' codec can't encode characters in position 36-37: character maps to <undefined>
2026-02-16 20:52:19,279 - WARNING - ΓÜá∩╕Å     UTC time: 2026-02-01 19:32:43 UTC
2026-02-16 20:52:19,285 - WARNING - ΓÜá∩╕Å     PR time: 2026-02-01 15:32:43 AST
2026-02-16 20:52:19,286 - WARNING - ΓÜá∩╕Å     PR date: 2026-02-01 (target: 2026-01-17)
Call stack:
  File "E:\prog fold\Drunken cookies\real-time-inventory\vm_inventory_updater_fixed.py", line 2606, in <module>
    success = main()
  File "E:\prog fold\Drunken cookies\real-time-inventory\vm_inventory_updater_fixed.py", line 162, in main
    sales_data = fetch_sales_data(clover_creds, shopify_creds, target_date)
  File "E:\prog fold\Drunken cookies\real-time-inventory\vm_inventory_updater_fixed.py", line 537, in fetch_sales_data
    location_sales = fetch_clover_sales(creds, target_date)
  File "E:\prog fold\Drunken cookies\real-time-inventory\vm_inventory_updater_fixed.py", line 905, in 
fetch_clover_sales
    logging.warning(f"ΓÜá∩╕Å     UTC time: {order_info['order_time_utc']}")
Message: 'ΓÜá∩╕Å     UTC time: 2026-02-01 19:32:43 UTC'
Arguments: ()
--- Logging error ---
Traceback (most recent call last):
  File "C:\Users\banzo\AppData\Local\Programs\Python\Python312\Lib\logging\__init__.py", line 1163, in emit
    stream.write(msg + self.terminator)
  File "C:\Users\banzo\AppData\Local\Programs\Python\Python312\Lib\encodings\cp1252.py", line 19, in encode
    return codecs.charmap_encode(input,self.errors,encoding_table)[0]
           ^^^^^^^^^^^^^^^^^^^^^^^^^^^^^^^^^^^^^^^^^^^^^^^^^^^^^^^
UnicodeEncodeError: 'charmap' codec can't encode characters in position 36-37: character maps to <undefined>
Call stack:
  File "E:\prog fold\Drunken cookies\real-time-inventory\vm_inventory_updater_fixed.py", line 2606, in <module>
    success = main()
  File "E:\prog fold\Drunken cookies\real-time-inventory\vm_inventory_updater_fixed.py", line 162, in main
    sales_data = fetch_sales_data(clover_creds, shopify_creds, target_date)
  File "E:\prog fold\Drunken cookies\real-time-inventory\vm_inventory_updater_fixed.py", line 537, in fetch_sales_data
    location_sales = fetch_clover_sales(creds, target_date)
  File "E:\prog fold\Drunken cookies\real-time-inventory\vm_inventory_updater_fixed.py", line 906, in 
fetch_clover_sales
    logging.warning(f"ΓÜá∩╕Å     PR time: {order_info['order_time_pr']}")
Message: 'ΓÜá∩╕Å     PR time: 2026-02-01 15:32:43 AST'
Arguments: ()
--- Logging error ---
Traceback (most recent call last):
  File "C:\Users\banzo\AppData\Local\Programs\Python\Python312\Lib\logging\__init__.py", line 1163, in emit
    stream.write(msg + self.terminator)
  File "C:\Users\banzo\AppData\Local\Programs\Python\Python312\Lib\encodings\cp1252.py", line 19, in encode
    return codecs.charmap_encode(input,self.errors,encoding_table)[0]
           ^^^^^^^^^^^^^^^^^^^^^^^^^^^^^^^^^^^^^^^^^^^^^^^^^^^^^^^
UnicodeEncodeError: 'charmap' codec can't encode characters in position 36-37: character maps to <undefined>
Call stack:
  File "E:\prog fold\Drunken cookies\real-time-inventory\vm_inventory_updater_fixed.py", line 2606, in <module>
    success = main()
  File "E:\prog fold\Drunken cookies\real-time-inventory\vm_inventory_updater_fixed.py", line 162, in main
    sales_data = fetch_sales_data(clover_creds, shopify_creds, target_date)
  File "E:\prog fold\Drunken cookies\real-time-inventory\vm_inventory_updater_fixed.py", line 537, in fetch_sales_data
    location_sales = fetch_clover_sales(creds, target_date)
  File "E:\prog fold\Drunken cookies\real-time-inventory\vm_inventory_updater_fixed.py", line 907, in 
fetch_clover_sales
    logging.warning(f"ΓÜá∩╕Å     PR date: {order_info['order_date_pr']} (target: {order_info['target_date']})")
Message: 'ΓÜá∩╕Å     PR date: 2026-02-01 (target: 2026-01-17)'
Arguments: ()
--- Logging error ---
2026-02-16 20:52:19,286 - WARNING - ΓÜá∩╕Å   Order K1790GJKR55YJ:
2026-02-16 20:52:19,293 - WARNING - ΓÜá∩╕Å     UTC time: 2026-02-01 19:14:20 UTC
2026-02-16 20:52:19,293 - WARNING - ΓÜá∩╕Å     PR time: 2026-02-01 15:14:20 AST
Traceback (most recent call last):
  File "C:\Users\banzo\AppData\Local\Programs\Python\Python312\Lib\logging\__init__.py", line 1163, in emit
    stream.write(msg + self.terminator)
  File "C:\Users\banzo\AppData\Local\Programs\Python\Python312\Lib\encodings\cp1252.py", line 19, in encode
    return codecs.charmap_encode(input,self.errors,encoding_table)[0]
           ^^^^^^^^^^^^^^^^^^^^^^^^^^^^^^^^^^^^^^^^^^^^^^^^^^^^^^^
UnicodeEncodeError: 'charmap' codec can't encode characters in position 36-37: character maps to <undefined>
Call stack:
  File "E:\prog fold\Drunken cookies\real-time-inventory\vm_inventory_updater_fixed.py", line 2606, in <module>
    success = main()
  File "E:\prog fold\Drunken cookies\real-time-inventory\vm_inventory_updater_fixed.py", line 162, in main
    sales_data = fetch_sales_data(clover_creds, shopify_creds, target_date)
  File "E:\prog fold\Drunken cookies\real-time-inventory\vm_inventory_updater_fixed.py", line 537, in fetch_sales_data
    location_sales = fetch_clover_sales(creds, target_date)
  File "E:\prog fold\Drunken cookies\real-time-inventory\vm_inventory_updater_fixed.py", line 904, in 
fetch_clover_sales
    logging.warning(f"ΓÜá∩╕Å   Order {order_info['order_id']}:")
Message: 'ΓÜá∩╕Å   Order K1790GJKR55YJ:'
Arguments: ()
--- Logging error ---
Traceback (most recent call last):
  File "C:\Users\banzo\AppData\Local\Programs\Python\Python312\Lib\logging\__init__.py", line 1163, in emit
    stream.write(msg + self.terminator)
  File "C:\Users\banzo\AppData\Local\Programs\Python\Python312\Lib\encodings\cp1252.py", line 19, in encode
    return codecs.charmap_encode(input,self.errors,encoding_table)[0]
           ^^^^^^^^^^^^^^^^^^^^^^^^^^^^^^^^^^^^^^^^^^^^^^^^^^^^^^^
UnicodeEncodeError: 'charmap' codec can't encode characters in position 36-37: character maps to <undefined>
Call stack:
  File "E:\prog fold\Drunken cookies\real-time-inventory\vm_inventory_updater_fixed.py", line 2606, in <module>
    success = main()
  File "E:\prog fold\Drunken cookies\real-time-inventory\vm_inventory_updater_fixed.py", line 162, in main
    sales_data = fetch_sales_data(clover_creds, shopify_creds, target_date)
  File "E:\prog fold\Drunken cookies\real-time-inventory\vm_inventory_updater_fixed.py", line 537, in fetch_sales_data
    location_sales = fetch_clover_sales(creds, target_date)
  File "E:\prog fold\Drunken cookies\real-time-inventory\vm_inventory_updater_fixed.py", line 905, in 
fetch_clover_sales
    logging.warning(f"ΓÜá∩╕Å     UTC time: {order_info['order_time_utc']}")
Message: 'ΓÜá∩╕Å     UTC time: 2026-02-01 19:14:20 UTC'
Arguments: ()
--- Logging error ---
Traceback (most recent call last):
  File "C:\Users\banzo\AppData\Local\Programs\Python\Python312\Lib\logging\__init__.py", line 1163, in emit
    stream.write(msg + self.terminator)
  File "C:\Users\banzo\AppData\Local\Programs\Python\Python312\Lib\encodings\cp1252.py", line 19, in encode
    return codecs.charmap_encode(input,self.errors,encoding_table)[0]
           ^^^^^^^^^^^^^^^^^^^^^^^^^^^^^^^^^^^^^^^^^^^^^^^^^^^^^^^
UnicodeEncodeError: 'charmap' codec can't encode characters in position 36-37: character maps to <undefined>
Call stack:
  File "E:\prog fold\Drunken cookies\real-time-inventory\vm_inventory_updater_fixed.py", line 2606, in <module>
    success = main()
  File "E:\prog fold\Drunken cookies\real-time-inventory\vm_inventory_updater_fixed.py", line 162, in main
    sales_data = fetch_sales_data(clover_creds, shopify_creds, target_date)
  File "E:\prog fold\Drunken cookies\real-time-inventory\vm_inventory_updater_fixed.py", line 537, in fetch_sales_data
    location_sales = fetch_clover_sales(creds, target_date)
  File "E:\prog fold\Drunken cookies\real-time-inventory\vm_inventory_updater_fixed.py", line 906, in 
fetch_clover_sales
    logging.warning(f"ΓÜá∩╕Å     PR time: {order_info['order_time_pr']}")
Message: 'ΓÜá∩╕Å     PR time: 2026-02-01 15:14:20 AST'
Arguments: ()
--- Logging error ---
Traceback (most recent call last):
  File "C:\Users\banzo\AppData\Local\Programs\Python\Python312\Lib\logging\__init__.py", line 1163, in emit
    stream.write(msg + self.terminator)
  File "C:\Users\banzo\AppData\Local\Programs\Python\Python312\Lib\encodings\cp1252.py", line 19, in encode
    return codecs.charmap_encode(input,self.errors,encoding_table)[0]
           ^^^^^^^^^^^^^^^^^^^^^^^^^^^^^^^^^^^^^^^^^^^^^^^^^^^^^^^
UnicodeEncodeError: 'charmap' codec can't encode characters in position 36-37: character maps to <undefined>
Call stack:
  File "E:\prog fold\Drunken cookies\real-time-inventory\vm_inventory_updater_fixed.py", line 2606, in <module>
    success = main()
  File "E:\prog fold\Drunken cookies\real-time-inventory\vm_inventory_updater_fixed.py", line 162, in main
    sales_data = fetch_sales_data(clover_creds, shopify_creds, target_date)
  File "E:\prog fold\Drunken cookies\real-time-inventory\vm_inventory_updater_fixed.py", line 537, in fetch_sales_data
2026-02-16 20:52:19,294 - WARNING - ΓÜá∩╕Å     PR date: 2026-02-01 (target: 2026-01-17)
2026-02-16 20:52:19,303 - WARNING - ΓÜá∩╕Å   Order 2BV53WHD2FWJ6:
2026-02-16 20:52:19,304 - WARNING - ΓÜá∩╕Å     UTC time: 2026-02-01 18:38:18 UTC
2026-02-16 20:52:19,304 - WARNING - ΓÜá∩╕Å     PR time: 2026-02-01 14:38:18 AST
    location_sales = fetch_clover_sales(creds, target_date)
  File "E:\prog fold\Drunken cookies\real-time-inventory\vm_inventory_updater_fixed.py", line 907, in 
fetch_clover_sales
    logging.warning(f"ΓÜá∩╕Å     PR date: {order_info['order_date_pr']} (target: {order_info['target_date']})")
Message: 'ΓÜá∩╕Å     PR date: 2026-02-01 (target: 2026-01-17)'
Arguments: ()
--- Logging error ---
Traceback (most recent call last):
  File "C:\Users\banzo\AppData\Local\Programs\Python\Python312\Lib\logging\__init__.py", line 1163, in emit
    stream.write(msg + self.terminator)
  File "C:\Users\banzo\AppData\Local\Programs\Python\Python312\Lib\encodings\cp1252.py", line 19, in encode
    return codecs.charmap_encode(input,self.errors,encoding_table)[0]
           ^^^^^^^^^^^^^^^^^^^^^^^^^^^^^^^^^^^^^^^^^^^^^^^^^^^^^^^
UnicodeEncodeError: 'charmap' codec can't encode characters in position 36-37: character maps to <undefined>
Call stack:
  File "E:\prog fold\Drunken cookies\real-time-inventory\vm_inventory_updater_fixed.py", line 2606, in <module>
    success = main()
  File "E:\prog fold\Drunken cookies\real-time-inventory\vm_inventory_updater_fixed.py", line 162, in main
    sales_data = fetch_sales_data(clover_creds, shopify_creds, target_date)
  File "E:\prog fold\Drunken cookies\real-time-inventory\vm_inventory_updater_fixed.py", line 537, in fetch_sales_data
    location_sales = fetch_clover_sales(creds, target_date)
  File "E:\prog fold\Drunken cookies\real-time-inventory\vm_inventory_updater_fixed.py", line 904, in 
fetch_clover_sales
    logging.warning(f"ΓÜá∩╕Å   Order {order_info['order_id']}:")
Message: 'ΓÜá∩╕Å   Order 2BV53WHD2FWJ6:'
Arguments: ()
--- Logging error ---
Traceback (most recent call last):
  File "C:\Users\banzo\AppData\Local\Programs\Python\Python312\Lib\logging\__init__.py", line 1163, in emit
    stream.write(msg + self.terminator)
  File "C:\Users\banzo\AppData\Local\Programs\Python\Python312\Lib\encodings\cp1252.py", line 19, in encode
    return codecs.charmap_encode(input,self.errors,encoding_table)[0]
           ^^^^^^^^^^^^^^^^^^^^^^^^^^^^^^^^^^^^^^^^^^^^^^^^^^^^^^^
UnicodeEncodeError: 'charmap' codec can't encode characters in position 36-37: character maps to <undefined>
Call stack:
  File "E:\prog fold\Drunken cookies\real-time-inventory\vm_inventory_updater_fixed.py", line 2606, in <module>
    success = main()
  File "E:\prog fold\Drunken cookies\real-time-inventory\vm_inventory_updater_fixed.py", line 162, in main
    sales_data = fetch_sales_data(clover_creds, shopify_creds, target_date)
  File "E:\prog fold\Drunken cookies\real-time-inventory\vm_inventory_updater_fixed.py", line 537, in fetch_sales_data
    location_sales = fetch_clover_sales(creds, target_date)
  File "E:\prog fold\Drunken cookies\real-time-inventory\vm_inventory_updater_fixed.py", line 905, in 
fetch_clover_sales
    logging.warning(f"ΓÜá∩╕Å     UTC time: {order_info['order_time_utc']}")
Message: 'ΓÜá∩╕Å     UTC time: 2026-02-01 18:38:18 UTC'
Arguments: ()
--- Logging error ---
Traceback (most recent call last):
  File "C:\Users\banzo\AppData\Local\Programs\Python\Python312\Lib\logging\__init__.py", line 1163, in emit
    stream.write(msg + self.terminator)
  File "C:\Users\banzo\AppData\Local\Programs\Python\Python312\Lib\encodings\cp1252.py", line 19, in encode
    return codecs.charmap_encode(input,self.errors,encoding_table)[0]
           ^^^^^^^^^^^^^^^^^^^^^^^^^^^^^^^^^^^^^^^^^^^^^^^^^^^^^^^
UnicodeEncodeError: 'charmap' codec can't encode characters in position 36-37: character maps to <undefined>
Call stack:
  File "E:\prog fold\Drunken cookies\real-time-inventory\vm_inventory_updater_fixed.py", line 2606, in <module>
    success = main()
  File "E:\prog fold\Drunken cookies\real-time-inventory\vm_inventory_updater_fixed.py", line 162, in main
    sales_data = fetch_sales_data(clover_creds, shopify_creds, target_date)
  File "E:\prog fold\Drunken cookies\real-time-inventory\vm_inventory_updater_fixed.py", line 537, in fetch_sales_data
    location_sales = fetch_clover_sales(creds, target_date)
  File "E:\prog fold\Drunken cookies\real-time-inventory\vm_inventory_updater_fixed.py", line 906, in 
fetch_clover_sales
2026-02-16 20:52:19,309 - WARNING - ΓÜá∩╕Å     PR date: 2026-02-01 (target: 2026-01-17)
2026-02-16 20:52:19,310 - WARNING - ΓÜá∩╕Å   Order RDJWE7YWBSDZC:
2026-02-16 20:52:19,311 - WARNING - ΓÜá∩╕Å     UTC time: 2026-02-01 18:08:49 UTC
2026-02-16 20:52:19,316 - WARNING - ΓÜá∩╕Å     PR time: 2026-02-01 14:08:49 AST
2026-02-16 20:52:19,317 - WARNING - ΓÜá∩╕Å     PR date: 2026-02-01 (target: 2026-01-17)
    logging.warning(f"ΓÜá∩╕Å     PR time: {order_info['order_time_pr']}")
Message: 'ΓÜá∩╕Å     PR time: 2026-02-01 14:38:18 AST'
Arguments: ()
--- Logging error ---
Traceback (most recent call last):
  File "C:\Users\banzo\AppData\Local\Programs\Python\Python312\Lib\logging\__init__.py", line 1163, in emit
    stream.write(msg + self.terminator)
  File "C:\Users\banzo\AppData\Local\Programs\Python\Python312\Lib\encodings\cp1252.py", line 19, in encode
    return codecs.charmap_encode(input,self.errors,encoding_table)[0]
           ^^^^^^^^^^^^^^^^^^^^^^^^^^^^^^^^^^^^^^^^^^^^^^^^^^^^^^^
UnicodeEncodeError: 'charmap' codec can't encode characters in position 36-37: character maps to <undefined>
Call stack:
  File "E:\prog fold\Drunken cookies\real-time-inventory\vm_inventory_updater_fixed.py", line 2606, in <module>
    success = main()
  File "E:\prog fold\Drunken cookies\real-time-inventory\vm_inventory_updater_fixed.py", line 162, in main
    sales_data = fetch_sales_data(clover_creds, shopify_creds, target_date)
  File "E:\prog fold\Drunken cookies\real-time-inventory\vm_inventory_updater_fixed.py", line 537, in fetch_sales_data
    location_sales = fetch_clover_sales(creds, target_date)
  File "E:\prog fold\Drunken cookies\real-time-inventory\vm_inventory_updater_fixed.py", line 907, in 
fetch_clover_sales
    logging.warning(f"ΓÜá∩╕Å     PR date: {order_info['order_date_pr']} (target: {order_info['target_date']})")
Message: 'ΓÜá∩╕Å     PR date: 2026-02-01 (target: 2026-01-17)'
Arguments: ()
--- Logging error ---
Traceback (most recent call last):
  File "C:\Users\banzo\AppData\Local\Programs\Python\Python312\Lib\logging\__init__.py", line 1163, in emit
    stream.write(msg + self.terminator)
  File "C:\Users\banzo\AppData\Local\Programs\Python\Python312\Lib\encodings\cp1252.py", line 19, in encode
    return codecs.charmap_encode(input,self.errors,encoding_table)[0]
           ^^^^^^^^^^^^^^^^^^^^^^^^^^^^^^^^^^^^^^^^^^^^^^^^^^^^^^^
UnicodeEncodeError: 'charmap' codec can't encode characters in position 36-37: character maps to <undefined>
Call stack:
  File "E:\prog fold\Drunken cookies\real-time-inventory\vm_inventory_updater_fixed.py", line 2606, in <module>
    success = main()
  File "E:\prog fold\Drunken cookies\real-time-inventory\vm_inventory_updater_fixed.py", line 162, in main
    sales_data = fetch_sales_data(clover_creds, shopify_creds, target_date)
  File "E:\prog fold\Drunken cookies\real-time-inventory\vm_inventory_updater_fixed.py", line 537, in fetch_sales_data
    location_sales = fetch_clover_sales(creds, target_date)
  File "E:\prog fold\Drunken cookies\real-time-inventory\vm_inventory_updater_fixed.py", line 904, in 
fetch_clover_sales
    logging.warning(f"ΓÜá∩╕Å   Order {order_info['order_id']}:")
Message: 'ΓÜá∩╕Å   Order RDJWE7YWBSDZC:'
Arguments: ()
--- Logging error ---
Traceback (most recent call last):
  File "C:\Users\banzo\AppData\Local\Programs\Python\Python312\Lib\logging\__init__.py", line 1163, in emit
    stream.write(msg + self.terminator)
  File "C:\Users\banzo\AppData\Local\Programs\Python\Python312\Lib\encodings\cp1252.py", line 19, in encode
    return codecs.charmap_encode(input,self.errors,encoding_table)[0]
           ^^^^^^^^^^^^^^^^^^^^^^^^^^^^^^^^^^^^^^^^^^^^^^^^^^^^^^^
UnicodeEncodeError: 'charmap' codec can't encode characters in position 36-37: character maps to <undefined>
Call stack:
  File "E:\prog fold\Drunken cookies\real-time-inventory\vm_inventory_updater_fixed.py", line 2606, in <module>
    success = main()
  File "E:\prog fold\Drunken cookies\real-time-inventory\vm_inventory_updater_fixed.py", line 162, in main
    sales_data = fetch_sales_data(clover_creds, shopify_creds, target_date)
  File "E:\prog fold\Drunken cookies\real-time-inventory\vm_inventory_updater_fixed.py", line 537, in fetch_sales_data
    location_sales = fetch_clover_sales(creds, target_date)
  File "E:\prog fold\Drunken cookies\real-time-inventory\vm_inventory_updater_fixed.py", line 905, in 
fetch_clover_sales
    logging.warning(f"ΓÜá∩╕Å     UTC time: {order_info['order_time_utc']}")
Message: 'ΓÜá∩╕Å     UTC time: 2026-02-01 18:08:49 UTC'
Arguments: ()
--- Logging error ---
Traceback (most recent call last):
  File "C:\Users\banzo\AppData\Local\Programs\Python\Python312\Lib\logging\__init__.py", line 1163, in emit
    stream.write(msg + self.terminator)
  File "C:\Users\banzo\AppData\Local\Programs\Python\Python312\Lib\encodings\cp1252.py", line 19, in encode
    return codecs.charmap_encode(input,self.errors,encoding_table)[0]
           ^^^^^^^^^^^^^^^^^^^^^^^^^^^^^^^^^^^^^^^^^^^^^^^^^^^^^^^
UnicodeEncodeError: 'charmap' codec can't encode characters in position 36-37: character maps to <undefined>
Call stack:
  File "E:\prog fold\Drunken cookies\real-time-inventory\vm_inventory_updater_fixed.py", line 2606, in <module>
    success = main()
  File "E:\prog fold\Drunken cookies\real-time-inventory\vm_inventory_updater_fixed.py", line 162, in main
    sales_data = fetch_sales_data(clover_creds, shopify_creds, target_date)
  File "E:\prog fold\Drunken cookies\real-time-inventory\vm_inventory_updater_fixed.py", line 537, in fetch_sales_data
    location_sales = fetch_clover_sales(creds, target_date)
  File "E:\prog fold\Drunken cookies\real-time-inventory\vm_inventory_updater_fixed.py", line 906, in 
fetch_clover_sales
    logging.warning(f"ΓÜá∩╕Å     PR time: {order_info['order_time_pr']}")
Message: 'ΓÜá∩╕Å     PR time: 2026-02-01 14:08:49 AST'
Arguments: ()
--- Logging error ---
Traceback (most recent call last):
  File "C:\Users\banzo\AppData\Local\Programs\Python\Python312\Lib\logging\__init__.py", line 1163, in emit
    stream.write(msg + self.terminator)
  File "C:\Users\banzo\AppData\Local\Programs\Python\Python312\Lib\encodings\cp1252.py", line 19, in encode
    return codecs.charmap_encode(input,self.errors,encoding_table)[0]
           ^^^^^^^^^^^^^^^^^^^^^^^^^^^^^^^^^^^^^^^^^^^^^^^^^^^^^^^
UnicodeEncodeError: 'charmap' codec can't encode characters in position 36-37: character maps to <undefined>
Call stack:
  File "E:\prog fold\Drunken cookies\real-time-inventory\vm_inventory_updater_fixed.py", line 2606, in <module>
    success = main()
  File "E:\prog fold\Drunken cookies\real-time-inventory\vm_inventory_updater_fixed.py", line 162, in main
    sales_data = fetch_sales_data(clover_creds, shopify_creds, target_date)
  File "E:\prog fold\Drunken cookies\real-time-inventory\vm_inventory_updater_fixed.py", line 537, in fetch_sales_data
    location_sales = fetch_clover_sales(creds, target_date)
  File "E:\prog fold\Drunken cookies\real-time-inventory\vm_inventory_updater_fixed.py", line 907, in 
fetch_clover_sales
    logging.warning(f"ΓÜá∩╕Å     PR date: {order_info['order_date_pr']} (target: {order_info['target_date']})")
Message: 'ΓÜá∩╕Å     PR date: 2026-02-01 (target: 2026-01-17)'
Arguments: ()
--- Logging error ---
Traceback (most recent call last):
  File "C:\Users\banzo\AppData\Local\Programs\Python\Python312\Lib\logging\__init__.py", line 1163, in emit
    stream.write(msg + self.terminator)
  File "C:\Users\banzo\AppData\Local\Programs\Python\Python312\Lib\encodings\cp1252.py", line 19, in encode
    return codecs.charmap_encode(input,self.errors,encoding_table)[0]
           ^^^^^^^^^^^^^^^^^^^^^^^^^^^^^^^^^^^^^^^^^^^^^^^^^^^^^^^
UnicodeEncodeError: 'charmap' codec can't encode characters in position 36-37: character maps to <undefined>
Call stack:
  File "E:\prog fold\Drunken cookies\real-time-inventory\vm_inventory_updater_fixed.py", line 2606, in <module>
    success = main()
  File "E:\prog fold\Drunken cookies\real-time-inventory\vm_inventory_updater_fixed.py", line 162, in main
    sales_data = fetch_sales_data(clover_creds, shopify_creds, target_date)
2026-02-16 20:52:19,318 - WARNING - ΓÜá∩╕Å   Order Q9RWZXTT50PER:
  File "E:\prog fold\Drunken cookies\real-time-inventory\vm_inventory_updater_fixed.py", line 537, in fetch_sales_data
    location_sales = fetch_clover_sales(creds, target_date)
  File "E:\prog fold\Drunken cookies\real-time-inventory\vm_inventory_updater_fixed.py", line 904, in 
fetch_clover_sales
    logging.warning(f"ΓÜá∩╕Å   Order {order_info['order_id']}:")
Message: 'ΓÜá∩╕Å   Order Q9RWZXTT50PER:'
Arguments: ()
--- Logging error ---
Traceback (most recent call last):
  File "C:\Users\banzo\AppData\Local\Programs\Python\Python312\Lib\logging\__init__.py", line 1163, in emit
    stream.write(msg + self.terminator)
  File "C:\Users\banzo\AppData\Local\Programs\Python\Python312\Lib\encodings\cp1252.py", line 19, in encode
    return codecs.charmap_encode(input,self.errors,encoding_table)[0]
           ^^^^^^^^^^^^^^^^^^^^^^^^^^^^^^^^^^^^^^^^^^^^^^^^^^^^^^^
UnicodeEncodeError: 'charmap' codec can't encode characters in position 36-37: character maps to <undefined>
Call stack:
  File "E:\prog fold\Drunken cookies\real-time-inventory\vm_inventory_updater_fixed.py", line 2606, in <module>
    success = main()
  File "E:\prog fold\Drunken cookies\real-time-inventory\vm_inventory_updater_fixed.py", line 162, in main
    sales_data = fetch_sales_data(clover_creds, shopify_creds, target_date)
  File "E:\prog fold\Drunken cookies\real-time-inventory\vm_inventory_updater_fixed.py", line 537, in fetch_sales_data
    location_sales = fetch_clover_sales(creds, target_date)
  File "E:\prog fold\Drunken cookies\real-time-inventory\vm_inventory_updater_fixed.py", line 905, in 
fetch_clover_sales
    logging.warning(f"ΓÜá∩╕Å     UTC time: {order_info['order_time_utc']}")
Message: 'ΓÜá∩╕Å     UTC time: 2026-02-01 16:19:41 UTC'
Arguments: ()
--- Logging error ---
Traceback (most recent call last):
  File "C:\Users\banzo\AppData\Local\Programs\Python\Python312\Lib\logging\__init__.py", line 1163, in emit
    stream.write(msg + self.terminator)
  File "C:\Users\banzo\AppData\Local\Programs\Python\Python312\Lib\encodings\cp1252.py", line 19, in encode
    return codecs.charmap_encode(input,self.errors,encoding_table)[0]
           ^^^^^^^^^^^^^^^^^^^^^^^^^^^^^^^^^^^^^^^^^^^^^^^^^^^^^^^
UnicodeEncodeError: 'charmap' codec can't encode characters in position 36-37: character maps to <undefined>
Call stack:
  File "E:\prog fold\Drunken cookies\real-time-inventory\vm_inventory_updater_fixed.py", line 2606, in <module>
    success = main()
  File "E:\prog fold\Drunken cookies\real-time-inventory\vm_inventory_updater_fixed.py", line 162, in main
    sales_data = fetch_sales_data(clover_creds, shopify_creds, target_date)
  File "E:\prog fold\Drunken cookies\real-time-inventory\vm_inventory_updater_fixed.py", line 537, in fetch_sales_data
    location_sales = fetch_clover_sales(creds, target_date)
  File "E:\prog fold\Drunken cookies\real-time-inventory\vm_inventory_updater_fixed.py", line 906, in 
fetch_clover_sales
    logging.warning(f"ΓÜá∩╕Å     PR time: {order_info['order_time_pr']}")
Message: 'ΓÜá∩╕Å     PR time: 2026-02-01 12:19:41 AST'
Arguments: ()
--- Logging error ---
Traceback (most recent call last):
  File "C:\Users\banzo\AppData\Local\Programs\Python\Python312\Lib\logging\__init__.py", line 1163, in emit
    stream.write(msg + self.terminator)
  File "C:\Users\banzo\AppData\Local\Programs\Python\Python312\Lib\encodings\cp1252.py", line 19, in encode
    return codecs.charmap_encode(input,self.errors,encoding_table)[0]
           ^^^^^^^^^^^^^^^^^^^^^^^^^^^^^^^^^^^^^^^^^^^^^^^^^^^^^^^
UnicodeEncodeError: 'charmap' codec can't encode characters in position 36-37: character maps to <undefined>
Call stack:
  File "E:\prog fold\Drunken cookies\real-time-inventory\vm_inventory_updater_fixed.py", line 2606, in <module>
    success = main()
  File "E:\prog fold\Drunken cookies\real-time-inventory\vm_inventory_updater_fixed.py", line 162, in main
    sales_data = fetch_sales_data(clover_creds, shopify_creds, target_date)
2026-02-16 20:52:19,326 - WARNING - ΓÜá∩╕Å     UTC time: 2026-02-01 16:19:41 UTC
2026-02-16 20:52:19,327 - WARNING - ΓÜá∩╕Å     PR time: 2026-02-01 12:19:41 AST
2026-02-16 20:52:19,328 - WARNING - ΓÜá∩╕Å     PR date: 2026-02-01 (target: 2026-01-17)
2026-02-16 20:52:19,332 - WARNING - ΓÜá∩╕Å   Order 20SENDVX159ZA:
2026-02-16 20:52:19,333 - WARNING - ΓÜá∩╕Å     UTC time: 2026-01-31 22:44:27 UTC
2026-02-16 20:52:19,333 - WARNING - ΓÜá∩╕Å     PR time: 2026-01-31 18:44:27 AST
2026-02-16 20:52:19,338 - WARNING - ΓÜá∩╕Å     PR date: 2026-01-31 (target: 2026-01-17)
  File "E:\prog fold\Drunken cookies\real-time-inventory\vm_inventory_updater_fixed.py", line 537, in fetch_sales_data
    location_sales = fetch_clover_sales(creds, target_date)
  File "E:\prog fold\Drunken cookies\real-time-inventory\vm_inventory_updater_fixed.py", line 907, in 
fetch_clover_sales
    logging.warning(f"ΓÜá∩╕Å     PR date: {order_info['order_date_pr']} (target: {order_info['target_date']})")
Message: 'ΓÜá∩╕Å     PR date: 2026-02-01 (target: 2026-01-17)'
Arguments: ()
--- Logging error ---
Traceback (most recent call last):
  File "C:\Users\banzo\AppData\Local\Programs\Python\Python312\Lib\logging\__init__.py", line 1163, in emit
    stream.write(msg + self.terminator)
  File "C:\Users\banzo\AppData\Local\Programs\Python\Python312\Lib\encodings\cp1252.py", line 19, in encode
    return codecs.charmap_encode(input,self.errors,encoding_table)[0]
           ^^^^^^^^^^^^^^^^^^^^^^^^^^^^^^^^^^^^^^^^^^^^^^^^^^^^^^^
UnicodeEncodeError: 'charmap' codec can't encode characters in position 36-37: character maps to <undefined>
Call stack:
  File "E:\prog fold\Drunken cookies\real-time-inventory\vm_inventory_updater_fixed.py", line 2606, in <module>
    success = main()
  File "E:\prog fold\Drunken cookies\real-time-inventory\vm_inventory_updater_fixed.py", line 162, in main
    sales_data = fetch_sales_data(clover_creds, shopify_creds, target_date)
  File "E:\prog fold\Drunken cookies\real-time-inventory\vm_inventory_updater_fixed.py", line 537, in fetch_sales_data
    location_sales = fetch_clover_sales(creds, target_date)
  File "E:\prog fold\Drunken cookies\real-time-inventory\vm_inventory_updater_fixed.py", line 904, in 
fetch_clover_sales
    logging.warning(f"ΓÜá∩╕Å   Order {order_info['order_id']}:")
Message: 'ΓÜá∩╕Å   Order 20SENDVX159ZA:'
Arguments: ()
--- Logging error ---
Traceback (most recent call last):
  File "C:\Users\banzo\AppData\Local\Programs\Python\Python312\Lib\logging\__init__.py", line 1163, in emit
    stream.write(msg + self.terminator)
  File "C:\Users\banzo\AppData\Local\Programs\Python\Python312\Lib\encodings\cp1252.py", line 19, in encode
    return codecs.charmap_encode(input,self.errors,encoding_table)[0]
           ^^^^^^^^^^^^^^^^^^^^^^^^^^^^^^^^^^^^^^^^^^^^^^^^^^^^^^^
UnicodeEncodeError: 'charmap' codec can't encode characters in position 36-37: character maps to <undefined>
Call stack:
  File "E:\prog fold\Drunken cookies\real-time-inventory\vm_inventory_updater_fixed.py", line 2606, in <module>
    success = main()
  File "E:\prog fold\Drunken cookies\real-time-inventory\vm_inventory_updater_fixed.py", line 162, in main
    sales_data = fetch_sales_data(clover_creds, shopify_creds, target_date)
  File "E:\prog fold\Drunken cookies\real-time-inventory\vm_inventory_updater_fixed.py", line 537, in fetch_sales_data
    location_sales = fetch_clover_sales(creds, target_date)
  File "E:\prog fold\Drunken cookies\real-time-inventory\vm_inventory_updater_fixed.py", line 905, in 
fetch_clover_sales
    logging.warning(f"ΓÜá∩╕Å     UTC time: {order_info['order_time_utc']}")
Message: 'ΓÜá∩╕Å     UTC time: 2026-01-31 22:44:27 UTC'
Arguments: ()
--- Logging error ---
Traceback (most recent call last):
  File "C:\Users\banzo\AppData\Local\Programs\Python\Python312\Lib\logging\__init__.py", line 1163, in emit
    stream.write(msg + self.terminator)
  File "C:\Users\banzo\AppData\Local\Programs\Python\Python312\Lib\encodings\cp1252.py", line 19, in encode
    return codecs.charmap_encode(input,self.errors,encoding_table)[0]
           ^^^^^^^^^^^^^^^^^^^^^^^^^^^^^^^^^^^^^^^^^^^^^^^^^^^^^^^
UnicodeEncodeError: 'charmap' codec can't encode characters in position 36-37: character maps to <undefined>
Call stack:
  File "E:\prog fold\Drunken cookies\real-time-inventory\vm_inventory_updater_fixed.py", line 2606, in <module>
    success = main()
  File "E:\prog fold\Drunken cookies\real-time-inventory\vm_inventory_updater_fixed.py", line 162, in main
    sales_data = fetch_sales_data(clover_creds, shopify_creds, target_date)
  File "E:\prog fold\Drunken cookies\real-time-inventory\vm_inventory_updater_fixed.py", line 537, in fetch_sales_data
    location_sales = fetch_clover_sales(creds, target_date)
  File "E:\prog fold\Drunken cookies\real-time-inventory\vm_inventory_updater_fixed.py", line 906, in 
fetch_clover_sales
    logging.warning(f"ΓÜá∩╕Å     PR time: {order_info['order_time_pr']}")
Message: 'ΓÜá∩╕Å     PR time: 2026-01-31 18:44:27 AST'
Arguments: ()
2026-02-16 20:52:19,338 - WARNING - ΓÜá∩╕Å   Order WZDQBBW5QHTDE:
2026-02-16 20:52:19,340 - WARNING - ΓÜá∩╕Å     UTC time: 2026-01-31 22:24:22 UTC
2026-02-16 20:52:19,346 - WARNING - ΓÜá∩╕Å     PR time: 2026-01-31 18:24:22 AST
2026-02-16 20:52:19,347 - WARNING - ΓÜá∩╕Å     PR date: 2026-01-31 (target: 2026-01-17)
--- Logging error ---
Traceback (most recent call last):
  File "C:\Users\banzo\AppData\Local\Programs\Python\Python312\Lib\logging\__init__.py", line 1163, in emit
    stream.write(msg + self.terminator)
  File "C:\Users\banzo\AppData\Local\Programs\Python\Python312\Lib\encodings\cp1252.py", line 19, in encode
    return codecs.charmap_encode(input,self.errors,encoding_table)[0]
           ^^^^^^^^^^^^^^^^^^^^^^^^^^^^^^^^^^^^^^^^^^^^^^^^^^^^^^^
UnicodeEncodeError: 'charmap' codec can't encode characters in position 36-37: character maps to <undefined>
Call stack:
  File "E:\prog fold\Drunken cookies\real-time-inventory\vm_inventory_updater_fixed.py", line 2606, in <module>
    success = main()
  File "E:\prog fold\Drunken cookies\real-time-inventory\vm_inventory_updater_fixed.py", line 162, in main
    sales_data = fetch_sales_data(clover_creds, shopify_creds, target_date)
  File "E:\prog fold\Drunken cookies\real-time-inventory\vm_inventory_updater_fixed.py", line 537, in fetch_sales_data
    location_sales = fetch_clover_sales(creds, target_date)
  File "E:\prog fold\Drunken cookies\real-time-inventory\vm_inventory_updater_fixed.py", line 907, in 
fetch_clover_sales
    logging.warning(f"ΓÜá∩╕Å     PR date: {order_info['order_date_pr']} (target: {order_info['target_date']})")
Message: 'ΓÜá∩╕Å     PR date: 2026-01-31 (target: 2026-01-17)'
Arguments: ()
--- Logging error ---
Traceback (most recent call last):
  File "C:\Users\banzo\AppData\Local\Programs\Python\Python312\Lib\logging\__init__.py", line 1163, in emit
    stream.write(msg + self.terminator)
  File "C:\Users\banzo\AppData\Local\Programs\Python\Python312\Lib\encodings\cp1252.py", line 19, in encode
    return codecs.charmap_encode(input,self.errors,encoding_table)[0]
           ^^^^^^^^^^^^^^^^^^^^^^^^^^^^^^^^^^^^^^^^^^^^^^^^^^^^^^^
UnicodeEncodeError: 'charmap' codec can't encode characters in position 36-37: character maps to <undefined>
Call stack:
  File "E:\prog fold\Drunken cookies\real-time-inventory\vm_inventory_updater_fixed.py", line 2606, in <module>
    success = main()
  File "E:\prog fold\Drunken cookies\real-time-inventory\vm_inventory_updater_fixed.py", line 162, in main
    sales_data = fetch_sales_data(clover_creds, shopify_creds, target_date)
  File "E:\prog fold\Drunken cookies\real-time-inventory\vm_inventory_updater_fixed.py", line 537, in fetch_sales_data
    location_sales = fetch_clover_sales(creds, target_date)
  File "E:\prog fold\Drunken cookies\real-time-inventory\vm_inventory_updater_fixed.py", line 904, in 
fetch_clover_sales
    logging.warning(f"ΓÜá∩╕Å   Order {order_info['order_id']}:")
Message: 'ΓÜá∩╕Å   Order WZDQBBW5QHTDE:'
Arguments: ()
--- Logging error ---
Traceback (most recent call last):
  File "C:\Users\banzo\AppData\Local\Programs\Python\Python312\Lib\logging\__init__.py", line 1163, in emit
    stream.write(msg + self.terminator)
  File "C:\Users\banzo\AppData\Local\Programs\Python\Python312\Lib\encodings\cp1252.py", line 19, in encode
    return codecs.charmap_encode(input,self.errors,encoding_table)[0]
           ^^^^^^^^^^^^^^^^^^^^^^^^^^^^^^^^^^^^^^^^^^^^^^^^^^^^^^^
UnicodeEncodeError: 'charmap' codec can't encode characters in position 36-37: character maps to <undefined>
Call stack:
  File "E:\prog fold\Drunken cookies\real-time-inventory\vm_inventory_updater_fixed.py", line 2606, in <module>
    success = main()
  File "E:\prog fold\Drunken cookies\real-time-inventory\vm_inventory_updater_fixed.py", line 162, in main
    sales_data = fetch_sales_data(clover_creds, shopify_creds, target_date)
  File "E:\prog fold\Drunken cookies\real-time-inventory\vm_inventory_updater_fixed.py", line 537, in fetch_sales_data
    location_sales = fetch_clover_sales(creds, target_date)
  File "E:\prog fold\Drunken cookies\real-time-inventory\vm_inventory_updater_fixed.py", line 905, in 
fetch_clover_sales
    logging.warning(f"ΓÜá∩╕Å     UTC time: {order_info['order_time_utc']}")
Message: 'ΓÜá∩╕Å     UTC time: 2026-01-31 22:24:22 UTC'
Arguments: ()
--- Logging error ---
Traceback (most recent call last):
  File "C:\Users\banzo\AppData\Local\Programs\Python\Python312\Lib\logging\__init__.py", line 1163, in emit
    stream.write(msg + self.terminator)
  File "C:\Users\banzo\AppData\Local\Programs\Python\Python312\Lib\encodings\cp1252.py", line 19, in encode
    return codecs.charmap_encode(input,self.errors,encoding_table)[0]
           ^^^^^^^^^^^^^^^^^^^^^^^^^^^^^^^^^^^^^^^^^^^^^^^^^^^^^^^
UnicodeEncodeError: 'charmap' codec can't encode characters in position 36-37: character maps to <undefined>
Call stack:
  File "E:\prog fold\Drunken cookies\real-time-inventory\vm_inventory_updater_fixed.py", line 2606, in <module>
    success = main()
  File "E:\prog fold\Drunken cookies\real-time-inventory\vm_inventory_updater_fixed.py", line 162, in main
    sales_data = fetch_sales_data(clover_creds, shopify_creds, target_date)
  File "E:\prog fold\Drunken cookies\real-time-inventory\vm_inventory_updater_fixed.py", line 537, in fetch_sales_data
    location_sales = fetch_clover_sales(creds, target_date)
  File "E:\prog fold\Drunken cookies\real-time-inventory\vm_inventory_updater_fixed.py", line 906, in 
fetch_clover_sales
    logging.warning(f"ΓÜá∩╕Å     PR time: {order_info['order_time_pr']}")
Message: 'ΓÜá∩╕Å     PR time: 2026-01-31 18:24:22 AST'
Arguments: ()
--- Logging error ---
Traceback (most recent call last):
  File "C:\Users\banzo\AppData\Local\Programs\Python\Python312\Lib\logging\__init__.py", line 1163, in emit
    stream.write(msg + self.terminator)
  File "C:\Users\banzo\AppData\Local\Programs\Python\Python312\Lib\encodings\cp1252.py", line 19, in encode
    return codecs.charmap_encode(input,self.errors,encoding_table)[0]
           ^^^^^^^^^^^^^^^^^^^^^^^^^^^^^^^^^^^^^^^^^^^^^^^^^^^^^^^
UnicodeEncodeError: 'charmap' codec can't encode characters in position 36-37: character maps to <undefined>
Call stack:
  File "E:\prog fold\Drunken cookies\real-time-inventory\vm_inventory_updater_fixed.py", line 2606, in <module>
    success = main()
  File "E:\prog fold\Drunken cookies\real-time-inventory\vm_inventory_updater_fixed.py", line 162, in main
    sales_data = fetch_sales_data(clover_creds, shopify_creds, target_date)
  File "E:\prog fold\Drunken cookies\real-time-inventory\vm_inventory_updater_fixed.py", line 537, in fetch_sales_data
    location_sales = fetch_clover_sales(creds, target_date)
  File "E:\prog fold\Drunken cookies\real-time-inventory\vm_inventory_updater_fixed.py", line 907, in 
fetch_clover_sales
    logging.warning(f"ΓÜá∩╕Å     PR date: {order_info['order_date_pr']} (target: {order_info['target_date']})")
Message: 'ΓÜá∩╕Å     PR date: 2026-01-31 (target: 2026-01-17)'
Arguments: ()
--- Logging error ---
Traceback (most recent call last):
  File "C:\Users\banzo\AppData\Local\Programs\Python\Python312\Lib\logging\__init__.py", line 1163, in emit
    stream.write(msg + self.terminator)
  File "C:\Users\banzo\AppData\Local\Programs\Python\Python312\Lib\encodings\cp1252.py", line 19, in encode
    return codecs.charmap_encode(input,self.errors,encoding_table)[0]
           ^^^^^^^^^^^^^^^^^^^^^^^^^^^^^^^^^^^^^^^^^^^^^^^^^^^^^^^
UnicodeEncodeError: 'charmap' codec can't encode characters in position 36-37: character maps to <undefined>
Call stack:
  File "E:\prog fold\Drunken cookies\real-time-inventory\vm_inventory_updater_fixed.py", line 2606, in <module>
    success = main()
2026-02-16 20:52:19,347 - WARNING - ΓÜá∩╕Å   Order 45M77KPZ5J9G2:
2026-02-16 20:52:19,353 - WARNING - ΓÜá∩╕Å     UTC time: 2026-01-31 21:39:54 UTC
2026-02-16 20:52:19,354 - WARNING - ΓÜá∩╕Å     PR time: 2026-01-31 17:39:54 AST
  File "E:\prog fold\Drunken cookies\real-time-inventory\vm_inventory_updater_fixed.py", line 162, in main
    sales_data = fetch_sales_data(clover_creds, shopify_creds, target_date)
  File "E:\prog fold\Drunken cookies\real-time-inventory\vm_inventory_updater_fixed.py", line 537, in fetch_sales_data
    location_sales = fetch_clover_sales(creds, target_date)
  File "E:\prog fold\Drunken cookies\real-time-inventory\vm_inventory_updater_fixed.py", line 904, in 
fetch_clover_sales
    logging.warning(f"ΓÜá∩╕Å   Order {order_info['order_id']}:")
Message: 'ΓÜá∩╕Å   Order 45M77KPZ5J9G2:'
Arguments: ()
--- Logging error ---
Traceback (most recent call last):
  File "C:\Users\banzo\AppData\Local\Programs\Python\Python312\Lib\logging\__init__.py", line 1163, in emit
    stream.write(msg + self.terminator)
  File "C:\Users\banzo\AppData\Local\Programs\Python\Python312\Lib\encodings\cp1252.py", line 19, in encode
    return codecs.charmap_encode(input,self.errors,encoding_table)[0]
           ^^^^^^^^^^^^^^^^^^^^^^^^^^^^^^^^^^^^^^^^^^^^^^^^^^^^^^^
UnicodeEncodeError: 'charmap' codec can't encode characters in position 36-37: character maps to <undefined>
Call stack:
  File "E:\prog fold\Drunken cookies\real-time-inventory\vm_inventory_updater_fixed.py", line 2606, in <module>
    success = main()
  File "E:\prog fold\Drunken cookies\real-time-inventory\vm_inventory_updater_fixed.py", line 162, in main
    sales_data = fetch_sales_data(clover_creds, shopify_creds, target_date)
  File "E:\prog fold\Drunken cookies\real-time-inventory\vm_inventory_updater_fixed.py", line 537, in fetch_sales_data
    location_sales = fetch_clover_sales(creds, target_date)
  File "E:\prog fold\Drunken cookies\real-time-inventory\vm_inventory_updater_fixed.py", line 905, in 
fetch_clover_sales
    logging.warning(f"ΓÜá∩╕Å     UTC time: {order_info['order_time_utc']}")
Message: 'ΓÜá∩╕Å     UTC time: 2026-01-31 21:39:54 UTC'
Arguments: ()
--- Logging error ---
Traceback (most recent call last):
  File "C:\Users\banzo\AppData\Local\Programs\Python\Python312\Lib\logging\__init__.py", line 1163, in emit
    stream.write(msg + self.terminator)
  File "C:\Users\banzo\AppData\Local\Programs\Python\Python312\Lib\encodings\cp1252.py", line 19, in encode
    return codecs.charmap_encode(input,self.errors,encoding_table)[0]
           ^^^^^^^^^^^^^^^^^^^^^^^^^^^^^^^^^^^^^^^^^^^^^^^^^^^^^^^
UnicodeEncodeError: 'charmap' codec can't encode characters in position 36-37: character maps to <undefined>
Call stack:
  File "E:\prog fold\Drunken cookies\real-time-inventory\vm_inventory_updater_fixed.py", line 2606, in <module>
    success = main()
  File "E:\prog fold\Drunken cookies\real-time-inventory\vm_inventory_updater_fixed.py", line 162, in main
    sales_data = fetch_sales_data(clover_creds, shopify_creds, target_date)
  File "E:\prog fold\Drunken cookies\real-time-inventory\vm_inventory_updater_fixed.py", line 537, in fetch_sales_data
    location_sales = fetch_clover_sales(creds, target_date)
  File "E:\prog fold\Drunken cookies\real-time-inventory\vm_inventory_updater_fixed.py", line 906, in 
fetch_clover_sales
    logging.warning(f"ΓÜá∩╕Å     PR time: {order_info['order_time_pr']}")
Message: 'ΓÜá∩╕Å     PR time: 2026-01-31 17:39:54 AST'
Arguments: ()
--- Logging error ---
Traceback (most recent call last):
  File "C:\Users\banzo\AppData\Local\Programs\Python\Python312\Lib\logging\__init__.py", line 1163, in emit
    stream.write(msg + self.terminator)
  File "C:\Users\banzo\AppData\Local\Programs\Python\Python312\Lib\encodings\cp1252.py", line 19, in encode
    return codecs.charmap_encode(input,self.errors,encoding_table)[0]
           ^^^^^^^^^^^^^^^^^^^^^^^^^^^^^^^^^^^^^^^^^^^^^^^^^^^^^^^
UnicodeEncodeError: 'charmap' codec can't encode characters in position 36-37: character maps to <undefined>
Call stack:
  File "E:\prog fold\Drunken cookies\real-time-inventory\vm_inventory_updater_fixed.py", line 2606, in <module>
    success = main()
  File "E:\prog fold\Drunken cookies\real-time-inventory\vm_inventory_updater_fixed.py", line 162, in main
    sales_data = fetch_sales_data(clover_creds, shopify_creds, target_date)
  File "E:\prog fold\Drunken cookies\real-time-inventory\vm_inventory_updater_fixed.py", line 537, in fetch_sales_data
    location_sales = fetch_clover_sales(creds, target_date)
  File "E:\prog fold\Drunken cookies\real-time-inventory\vm_inventory_updater_fixed.py", line 907, in 
fetch_clover_sales
    logging.warning(f"ΓÜá∩╕Å     PR date: {order_info['order_date_pr']} (target: {order_info['target_date']})")
Message: 'ΓÜá∩╕Å     PR date: 2026-01-31 (target: 2026-01-17)'
2026-02-16 20:52:19,354 - WARNING - ΓÜá∩╕Å     PR date: 2026-01-31 (target: 2026-01-17)
2026-02-16 20:52:19,362 - WARNING - ΓÜá∩╕Å   Order 74BG4DP44ZD0R:
2026-02-16 20:52:19,362 - WARNING - ΓÜá∩╕Å     UTC time: 2026-01-31 21:32:37 UTC
2026-02-16 20:52:19,363 - WARNING - ΓÜá∩╕Å     PR time: 2026-01-31 17:32:37 AST
2026-02-16 20:52:19,368 - WARNING - ΓÜá∩╕Å     PR date: 2026-01-31 (target: 2026-01-17)
Arguments: ()
--- Logging error ---
Traceback (most recent call last):
  File "C:\Users\banzo\AppData\Local\Programs\Python\Python312\Lib\logging\__init__.py", line 1163, in emit
    stream.write(msg + self.terminator)
  File "C:\Users\banzo\AppData\Local\Programs\Python\Python312\Lib\encodings\cp1252.py", line 19, in encode
    return codecs.charmap_encode(input,self.errors,encoding_table)[0]
           ^^^^^^^^^^^^^^^^^^^^^^^^^^^^^^^^^^^^^^^^^^^^^^^^^^^^^^^
UnicodeEncodeError: 'charmap' codec can't encode characters in position 36-37: character maps to <undefined>
Call stack:
  File "E:\prog fold\Drunken cookies\real-time-inventory\vm_inventory_updater_fixed.py", line 2606, in <module>
    success = main()
  File "E:\prog fold\Drunken cookies\real-time-inventory\vm_inventory_updater_fixed.py", line 162, in main
    sales_data = fetch_sales_data(clover_creds, shopify_creds, target_date)
  File "E:\prog fold\Drunken cookies\real-time-inventory\vm_inventory_updater_fixed.py", line 537, in fetch_sales_data
    location_sales = fetch_clover_sales(creds, target_date)
  File "E:\prog fold\Drunken cookies\real-time-inventory\vm_inventory_updater_fixed.py", line 904, in 
fetch_clover_sales
    logging.warning(f"ΓÜá∩╕Å   Order {order_info['order_id']}:")
Message: 'ΓÜá∩╕Å   Order 74BG4DP44ZD0R:'
Arguments: ()
--- Logging error ---
Traceback (most recent call last):
  File "C:\Users\banzo\AppData\Local\Programs\Python\Python312\Lib\logging\__init__.py", line 1163, in emit
    stream.write(msg + self.terminator)
  File "C:\Users\banzo\AppData\Local\Programs\Python\Python312\Lib\encodings\cp1252.py", line 19, in encode
    return codecs.charmap_encode(input,self.errors,encoding_table)[0]
           ^^^^^^^^^^^^^^^^^^^^^^^^^^^^^^^^^^^^^^^^^^^^^^^^^^^^^^^
UnicodeEncodeError: 'charmap' codec can't encode characters in position 36-37: character maps to <undefined>
Call stack:
  File "E:\prog fold\Drunken cookies\real-time-inventory\vm_inventory_updater_fixed.py", line 2606, in <module>
    success = main()
  File "E:\prog fold\Drunken cookies\real-time-inventory\vm_inventory_updater_fixed.py", line 162, in main
    sales_data = fetch_sales_data(clover_creds, shopify_creds, target_date)
  File "E:\prog fold\Drunken cookies\real-time-inventory\vm_inventory_updater_fixed.py", line 537, in fetch_sales_data
    location_sales = fetch_clover_sales(creds, target_date)
  File "E:\prog fold\Drunken cookies\real-time-inventory\vm_inventory_updater_fixed.py", line 905, in 
fetch_clover_sales
    logging.warning(f"ΓÜá∩╕Å     UTC time: {order_info['order_time_utc']}")
Message: 'ΓÜá∩╕Å     UTC time: 2026-01-31 21:32:37 UTC'
Arguments: ()
--- Logging error ---
Traceback (most recent call last):
  File "C:\Users\banzo\AppData\Local\Programs\Python\Python312\Lib\logging\__init__.py", line 1163, in emit
    stream.write(msg + self.terminator)
  File "C:\Users\banzo\AppData\Local\Programs\Python\Python312\Lib\encodings\cp1252.py", line 19, in encode
    return codecs.charmap_encode(input,self.errors,encoding_table)[0]
           ^^^^^^^^^^^^^^^^^^^^^^^^^^^^^^^^^^^^^^^^^^^^^^^^^^^^^^^
UnicodeEncodeError: 'charmap' codec can't encode characters in position 36-37: character maps to <undefined>
Call stack:
  File "E:\prog fold\Drunken cookies\real-time-inventory\vm_inventory_updater_fixed.py", line 2606, in <module>
    success = main()
  File "E:\prog fold\Drunken cookies\real-time-inventory\vm_inventory_updater_fixed.py", line 162, in main
    sales_data = fetch_sales_data(clover_creds, shopify_creds, target_date)
  File "E:\prog fold\Drunken cookies\real-time-inventory\vm_inventory_updater_fixed.py", line 537, in fetch_sales_data
    location_sales = fetch_clover_sales(creds, target_date)
  File "E:\prog fold\Drunken cookies\real-time-inventory\vm_inventory_updater_fixed.py", line 906, in 
fetch_clover_sales
    logging.warning(f"ΓÜá∩╕Å     PR time: {order_info['order_time_pr']}")
Message: 'ΓÜá∩╕Å     PR time: 2026-01-31 17:32:37 AST'
Arguments: ()
--- Logging error ---
2026-02-16 20:52:19,369 - WARNING - ΓÜá∩╕Å   Order SE7947YWZ8V9R:
2026-02-16 20:52:19,369 - WARNING - ΓÜá∩╕Å     UTC time: 2026-01-31 20:12:41 UTC
Traceback (most recent call last):
  File "C:\Users\banzo\AppData\Local\Programs\Python\Python312\Lib\logging\__init__.py", line 1163, in emit
    stream.write(msg + self.terminator)
  File "C:\Users\banzo\AppData\Local\Programs\Python\Python312\Lib\encodings\cp1252.py", line 19, in encode
    return codecs.charmap_encode(input,self.errors,encoding_table)[0]
           ^^^^^^^^^^^^^^^^^^^^^^^^^^^^^^^^^^^^^^^^^^^^^^^^^^^^^^^
UnicodeEncodeError: 'charmap' codec can't encode characters in position 36-37: character maps to <undefined>
Call stack:
  File "E:\prog fold\Drunken cookies\real-time-inventory\vm_inventory_updater_fixed.py", line 2606, in <module>
    success = main()
  File "E:\prog fold\Drunken cookies\real-time-inventory\vm_inventory_updater_fixed.py", line 162, in main
    sales_data = fetch_sales_data(clover_creds, shopify_creds, target_date)
  File "E:\prog fold\Drunken cookies\real-time-inventory\vm_inventory_updater_fixed.py", line 537, in fetch_sales_data
    location_sales = fetch_clover_sales(creds, target_date)
  File "E:\prog fold\Drunken cookies\real-time-inventory\vm_inventory_updater_fixed.py", line 907, in 
fetch_clover_sales
    logging.warning(f"ΓÜá∩╕Å     PR date: {order_info['order_date_pr']} (target: {order_info['target_date']})")
Message: 'ΓÜá∩╕Å     PR date: 2026-01-31 (target: 2026-01-17)'
Arguments: ()
--- Logging error ---
Traceback (most recent call last):
  File "C:\Users\banzo\AppData\Local\Programs\Python\Python312\Lib\logging\__init__.py", line 1163, in emit
    stream.write(msg + self.terminator)
  File "C:\Users\banzo\AppData\Local\Programs\Python\Python312\Lib\encodings\cp1252.py", line 19, in encode
    return codecs.charmap_encode(input,self.errors,encoding_table)[0]
           ^^^^^^^^^^^^^^^^^^^^^^^^^^^^^^^^^^^^^^^^^^^^^^^^^^^^^^^
UnicodeEncodeError: 'charmap' codec can't encode characters in position 36-37: character maps to <undefined>
Call stack:
  File "E:\prog fold\Drunken cookies\real-time-inventory\vm_inventory_updater_fixed.py", line 2606, in <module>
    success = main()
  File "E:\prog fold\Drunken cookies\real-time-inventory\vm_inventory_updater_fixed.py", line 162, in main
    sales_data = fetch_sales_data(clover_creds, shopify_creds, target_date)
  File "E:\prog fold\Drunken cookies\real-time-inventory\vm_inventory_updater_fixed.py", line 537, in fetch_sales_data
    location_sales = fetch_clover_sales(creds, target_date)
  File "E:\prog fold\Drunken cookies\real-time-inventory\vm_inventory_updater_fixed.py", line 904, in 
fetch_clover_sales
    logging.warning(f"ΓÜá∩╕Å   Order {order_info['order_id']}:")
Message: 'ΓÜá∩╕Å   Order SE7947YWZ8V9R:'
Arguments: ()
--- Logging error ---
Traceback (most recent call last):
  File "C:\Users\banzo\AppData\Local\Programs\Python\Python312\Lib\logging\__init__.py", line 1163, in emit
    stream.write(msg + self.terminator)
  File "C:\Users\banzo\AppData\Local\Programs\Python\Python312\Lib\encodings\cp1252.py", line 19, in encode
    return codecs.charmap_encode(input,self.errors,encoding_table)[0]
           ^^^^^^^^^^^^^^^^^^^^^^^^^^^^^^^^^^^^^^^^^^^^^^^^^^^^^^^
UnicodeEncodeError: 'charmap' codec can't encode characters in position 36-37: character maps to <undefined>
Call stack:
  File "E:\prog fold\Drunken cookies\real-time-inventory\vm_inventory_updater_fixed.py", line 2606, in <module>
    success = main()
  File "E:\prog fold\Drunken cookies\real-time-inventory\vm_inventory_updater_fixed.py", line 162, in main
    sales_data = fetch_sales_data(clover_creds, shopify_creds, target_date)
  File "E:\prog fold\Drunken cookies\real-time-inventory\vm_inventory_updater_fixed.py", line 537, in fetch_sales_data
    location_sales = fetch_clover_sales(creds, target_date)
  File "E:\prog fold\Drunken cookies\real-time-inventory\vm_inventory_updater_fixed.py", line 905, in 
fetch_clover_sales
    logging.warning(f"ΓÜá∩╕Å     UTC time: {order_info['order_time_utc']}")
2026-02-16 20:52:19,375 - WARNING - ΓÜá∩╕Å     PR time: 2026-01-31 16:12:41 AST
2026-02-16 20:52:19,376 - WARNING - ΓÜá∩╕Å     PR date: 2026-01-31 (target: 2026-01-17)
2026-02-16 20:52:19,376 - WARNING - ΓÜá∩╕Å   Order Q6ERYVR0CWE7M:
Message: 'ΓÜá∩╕Å     UTC time: 2026-01-31 20:12:41 UTC'
Arguments: ()
--- Logging error ---
Traceback (most recent call last):
  File "C:\Users\banzo\AppData\Local\Programs\Python\Python312\Lib\logging\__init__.py", line 1163, in emit
    stream.write(msg + self.terminator)
  File "C:\Users\banzo\AppData\Local\Programs\Python\Python312\Lib\encodings\cp1252.py", line 19, in encode
    return codecs.charmap_encode(input,self.errors,encoding_table)[0]
           ^^^^^^^^^^^^^^^^^^^^^^^^^^^^^^^^^^^^^^^^^^^^^^^^^^^^^^^
UnicodeEncodeError: 'charmap' codec can't encode characters in position 36-37: character maps to <undefined>
Call stack:
  File "E:\prog fold\Drunken cookies\real-time-inventory\vm_inventory_updater_fixed.py", line 2606, in <module>
    success = main()
  File "E:\prog fold\Drunken cookies\real-time-inventory\vm_inventory_updater_fixed.py", line 162, in main
    sales_data = fetch_sales_data(clover_creds, shopify_creds, target_date)
  File "E:\prog fold\Drunken cookies\real-time-inventory\vm_inventory_updater_fixed.py", line 537, in fetch_sales_data
    location_sales = fetch_clover_sales(creds, target_date)
  File "E:\prog fold\Drunken cookies\real-time-inventory\vm_inventory_updater_fixed.py", line 906, in 
fetch_clover_sales
    logging.warning(f"ΓÜá∩╕Å     PR time: {order_info['order_time_pr']}")
Message: 'ΓÜá∩╕Å     PR time: 2026-01-31 16:12:41 AST'
Arguments: ()
--- Logging error ---
Traceback (most recent call last):
  File "C:\Users\banzo\AppData\Local\Programs\Python\Python312\Lib\logging\__init__.py", line 1163, in emit
    stream.write(msg + self.terminator)
  File "C:\Users\banzo\AppData\Local\Programs\Python\Python312\Lib\encodings\cp1252.py", line 19, in encode
    return codecs.charmap_encode(input,self.errors,encoding_table)[0]
           ^^^^^^^^^^^^^^^^^^^^^^^^^^^^^^^^^^^^^^^^^^^^^^^^^^^^^^^
UnicodeEncodeError: 'charmap' codec can't encode characters in position 36-37: character maps to <undefined>
Call stack:
  File "E:\prog fold\Drunken cookies\real-time-inventory\vm_inventory_updater_fixed.py", line 2606, in <module>
    success = main()
  File "E:\prog fold\Drunken cookies\real-time-inventory\vm_inventory_updater_fixed.py", line 162, in main
    sales_data = fetch_sales_data(clover_creds, shopify_creds, target_date)
  File "E:\prog fold\Drunken cookies\real-time-inventory\vm_inventory_updater_fixed.py", line 537, in fetch_sales_data
    location_sales = fetch_clover_sales(creds, target_date)
  File "E:\prog fold\Drunken cookies\real-time-inventory\vm_inventory_updater_fixed.py", line 907, in 
fetch_clover_sales
    logging.warning(f"ΓÜá∩╕Å     PR date: {order_info['order_date_pr']} (target: {order_info['target_date']})")
Message: 'ΓÜá∩╕Å     PR date: 2026-01-31 (target: 2026-01-17)'
Arguments: ()
--- Logging error ---
Traceback (most recent call last):
  File "C:\Users\banzo\AppData\Local\Programs\Python\Python312\Lib\logging\__init__.py", line 1163, in emit
    stream.write(msg + self.terminator)
  File "C:\Users\banzo\AppData\Local\Programs\Python\Python312\Lib\encodings\cp1252.py", line 19, in encode
    return codecs.charmap_encode(input,self.errors,encoding_table)[0]
           ^^^^^^^^^^^^^^^^^^^^^^^^^^^^^^^^^^^^^^^^^^^^^^^^^^^^^^^
UnicodeEncodeError: 'charmap' codec can't encode characters in position 36-37: character maps to <undefined>
Call stack:
  File "E:\prog fold\Drunken cookies\real-time-inventory\vm_inventory_updater_fixed.py", line 2606, in <module>
    success = main()
  File "E:\prog fold\Drunken cookies\real-time-inventory\vm_inventory_updater_fixed.py", line 162, in main
    sales_data = fetch_sales_data(clover_creds, shopify_creds, target_date)
  File "E:\prog fold\Drunken cookies\real-time-inventory\vm_inventory_updater_fixed.py", line 537, in fetch_sales_data
    location_sales = fetch_clover_sales(creds, target_date)
2026-02-16 20:52:19,382 - WARNING - ΓÜá∩╕Å     UTC time: 2026-01-31 19:15:34 UTC
2026-02-16 20:52:19,383 - WARNING - ΓÜá∩╕Å     PR time: 2026-01-31 15:15:34 AST
2026-02-16 20:52:19,383 - WARNING - ΓÜá∩╕Å     PR date: 2026-01-31 (target: 2026-01-17)
  File "E:\prog fold\Drunken cookies\real-time-inventory\vm_inventory_updater_fixed.py", line 904, in 
fetch_clover_sales
    logging.warning(f"ΓÜá∩╕Å   Order {order_info['order_id']}:")
Message: 'ΓÜá∩╕Å   Order Q6ERYVR0CWE7M:'
Arguments: ()
--- Logging error ---
Traceback (most recent call last):
  File "C:\Users\banzo\AppData\Local\Programs\Python\Python312\Lib\logging\__init__.py", line 1163, in emit
    stream.write(msg + self.terminator)
  File "C:\Users\banzo\AppData\Local\Programs\Python\Python312\Lib\encodings\cp1252.py", line 19, in encode
    return codecs.charmap_encode(input,self.errors,encoding_table)[0]
           ^^^^^^^^^^^^^^^^^^^^^^^^^^^^^^^^^^^^^^^^^^^^^^^^^^^^^^^
UnicodeEncodeError: 'charmap' codec can't encode characters in position 36-37: character maps to <undefined>
Call stack:
  File "E:\prog fold\Drunken cookies\real-time-inventory\vm_inventory_updater_fixed.py", line 2606, in <module>
    success = main()
  File "E:\prog fold\Drunken cookies\real-time-inventory\vm_inventory_updater_fixed.py", line 162, in main
    sales_data = fetch_sales_data(clover_creds, shopify_creds, target_date)
  File "E:\prog fold\Drunken cookies\real-time-inventory\vm_inventory_updater_fixed.py", line 537, in fetch_sales_data
    location_sales = fetch_clover_sales(creds, target_date)
  File "E:\prog fold\Drunken cookies\real-time-inventory\vm_inventory_updater_fixed.py", line 905, in 
fetch_clover_sales
    logging.warning(f"ΓÜá∩╕Å     UTC time: {order_info['order_time_utc']}")
Message: 'ΓÜá∩╕Å     UTC time: 2026-01-31 19:15:34 UTC'
Arguments: ()
--- Logging error ---
Traceback (most recent call last):
  File "C:\Users\banzo\AppData\Local\Programs\Python\Python312\Lib\logging\__init__.py", line 1163, in emit
    stream.write(msg + self.terminator)
  File "C:\Users\banzo\AppData\Local\Programs\Python\Python312\Lib\encodings\cp1252.py", line 19, in encode
    return codecs.charmap_encode(input,self.errors,encoding_table)[0]
           ^^^^^^^^^^^^^^^^^^^^^^^^^^^^^^^^^^^^^^^^^^^^^^^^^^^^^^^
UnicodeEncodeError: 'charmap' codec can't encode characters in position 36-37: character maps to <undefined>
Call stack:
  File "E:\prog fold\Drunken cookies\real-time-inventory\vm_inventory_updater_fixed.py", line 2606, in <module>
    success = main()
  File "E:\prog fold\Drunken cookies\real-time-inventory\vm_inventory_updater_fixed.py", line 162, in main
    sales_data = fetch_sales_data(clover_creds, shopify_creds, target_date)
  File "E:\prog fold\Drunken cookies\real-time-inventory\vm_inventory_updater_fixed.py", line 537, in fetch_sales_data
    location_sales = fetch_clover_sales(creds, target_date)
  File "E:\prog fold\Drunken cookies\real-time-inventory\vm_inventory_updater_fixed.py", line 906, in 
fetch_clover_sales
    logging.warning(f"ΓÜá∩╕Å     PR time: {order_info['order_time_pr']}")
Message: 'ΓÜá∩╕Å     PR time: 2026-01-31 15:15:34 AST'
Arguments: ()
--- Logging error ---
Traceback (most recent call last):
2026-02-16 20:52:19,390 - WARNING - ΓÜá∩╕Å   Order G4B84SNW7M9F4:
2026-02-16 20:52:19,390 - WARNING - ΓÜá∩╕Å     UTC time: 2026-01-31 17:50:16 UTC
  File "C:\Users\banzo\AppData\Local\Programs\Python\Python312\Lib\logging\__init__.py", line 1163, in emit
    stream.write(msg + self.terminator)
  File "C:\Users\banzo\AppData\Local\Programs\Python\Python312\Lib\encodings\cp1252.py", line 19, in encode
    return codecs.charmap_encode(input,self.errors,encoding_table)[0]
           ^^^^^^^^^^^^^^^^^^^^^^^^^^^^^^^^^^^^^^^^^^^^^^^^^^^^^^^
UnicodeEncodeError: 'charmap' codec can't encode characters in position 36-37: character maps to <undefined>
Call stack:
  File "E:\prog fold\Drunken cookies\real-time-inventory\vm_inventory_updater_fixed.py", line 2606, in <module>
    success = main()
  File "E:\prog fold\Drunken cookies\real-time-inventory\vm_inventory_updater_fixed.py", line 162, in main
    sales_data = fetch_sales_data(clover_creds, shopify_creds, target_date)
  File "E:\prog fold\Drunken cookies\real-time-inventory\vm_inventory_updater_fixed.py", line 537, in fetch_sales_data
    location_sales = fetch_clover_sales(creds, target_date)
  File "E:\prog fold\Drunken cookies\real-time-inventory\vm_inventory_updater_fixed.py", line 907, in 
fetch_clover_sales
    logging.warning(f"ΓÜá∩╕Å     PR date: {order_info['order_date_pr']} (target: {order_info['target_date']})")
Message: 'ΓÜá∩╕Å     PR date: 2026-01-31 (target: 2026-01-17)'
Arguments: ()
--- Logging error ---
Traceback (most recent call last):
  File "C:\Users\banzo\AppData\Local\Programs\Python\Python312\Lib\logging\__init__.py", line 1163, in emit
    stream.write(msg + self.terminator)
  File "C:\Users\banzo\AppData\Local\Programs\Python\Python312\Lib\encodings\cp1252.py", line 19, in encode
    return codecs.charmap_encode(input,self.errors,encoding_table)[0]
           ^^^^^^^^^^^^^^^^^^^^^^^^^^^^^^^^^^^^^^^^^^^^^^^^^^^^^^^
UnicodeEncodeError: 'charmap' codec can't encode characters in position 36-37: character maps to <undefined>
Call stack:
  File "E:\prog fold\Drunken cookies\real-time-inventory\vm_inventory_updater_fixed.py", line 2606, in <module>
    success = main()
  File "E:\prog fold\Drunken cookies\real-time-inventory\vm_inventory_updater_fixed.py", line 162, in main
    sales_data = fetch_sales_data(clover_creds, shopify_creds, target_date)
  File "E:\prog fold\Drunken cookies\real-time-inventory\vm_inventory_updater_fixed.py", line 537, in fetch_sales_data
    location_sales = fetch_clover_sales(creds, target_date)
  File "E:\prog fold\Drunken cookies\real-time-inventory\vm_inventory_updater_fixed.py", line 904, in 
fetch_clover_sales
    logging.warning(f"ΓÜá∩╕Å   Order {order_info['order_id']}:")
Message: 'ΓÜá∩╕Å   Order G4B84SNW7M9F4:'
Arguments: ()
--- Logging error ---
Traceback (most recent call last):
  File "C:\Users\banzo\AppData\Local\Programs\Python\Python312\Lib\logging\__init__.py", line 1163, in emit
    stream.write(msg + self.terminator)
  File "C:\Users\banzo\AppData\Local\Programs\Python\Python312\Lib\encodings\cp1252.py", line 19, in encode
    return codecs.charmap_encode(input,self.errors,encoding_table)[0]
           ^^^^^^^^^^^^^^^^^^^^^^^^^^^^^^^^^^^^^^^^^^^^^^^^^^^^^^^
UnicodeEncodeError: 'charmap' codec can't encode characters in position 36-37: character maps to <undefined>
Call stack:
  File "E:\prog fold\Drunken cookies\real-time-inventory\vm_inventory_updater_fixed.py", line 2606, in <module>
    success = main()
  File "E:\prog fold\Drunken cookies\real-time-inventory\vm_inventory_updater_fixed.py", line 162, in main
    sales_data = fetch_sales_data(clover_creds, shopify_creds, target_date)
  File "E:\prog fold\Drunken cookies\real-time-inventory\vm_inventory_updater_fixed.py", line 537, in fetch_sales_data
    location_sales = fetch_clover_sales(creds, target_date)
  File "E:\prog fold\Drunken cookies\real-time-inventory\vm_inventory_updater_fixed.py", line 905, in 
fetch_clover_sales
    logging.warning(f"ΓÜá∩╕Å     UTC time: {order_info['order_time_utc']}")
Message: 'ΓÜá∩╕Å     UTC time: 2026-01-31 17:50:16 UTC'
Arguments: ()
--- Logging error ---
Traceback (most recent call last):
  File "C:\Users\banzo\AppData\Local\Programs\Python\Python312\Lib\logging\__init__.py", line 1163, in emit
    stream.write(msg + self.terminator)
  File "C:\Users\banzo\AppData\Local\Programs\Python\Python312\Lib\encodings\cp1252.py", line 19, in encode
    return codecs.charmap_encode(input,self.errors,encoding_table)[0]
           ^^^^^^^^^^^^^^^^^^^^^^^^^^^^^^^^^^^^^^^^^^^^^^^^^^^^^^^
UnicodeEncodeError: 'charmap' codec can't encode characters in position 36-37: character maps to <undefined>
Call stack:
  File "E:\prog fold\Drunken cookies\real-time-inventory\vm_inventory_updater_fixed.py", line 2606, in <module>
    success = main()
  File "E:\prog fold\Drunken cookies\real-time-inventory\vm_inventory_updater_fixed.py", line 162, in main
    sales_data = fetch_sales_data(clover_creds, shopify_creds, target_date)
2026-02-16 20:52:19,391 - WARNING - ΓÜá∩╕Å     PR time: 2026-01-31 13:50:16 AST
2026-02-16 20:52:19,398 - WARNING - ΓÜá∩╕Å     PR date: 2026-01-31 (target: 2026-01-17)
2026-02-16 20:52:19,400 - WARNING - ΓÜá∩╕Å   Order X496MDW75NDBG:
  File "E:\prog fold\Drunken cookies\real-time-inventory\vm_inventory_updater_fixed.py", line 537, in fetch_sales_data
    location_sales = fetch_clover_sales(creds, target_date)
  File "E:\prog fold\Drunken cookies\real-time-inventory\vm_inventory_updater_fixed.py", line 906, in 
fetch_clover_sales
    logging.warning(f"ΓÜá∩╕Å     PR time: {order_info['order_time_pr']}")
Message: 'ΓÜá∩╕Å     PR time: 2026-01-31 13:50:16 AST'
Arguments: ()
--- Logging error ---
Traceback (most recent call last):
  File "C:\Users\banzo\AppData\Local\Programs\Python\Python312\Lib\logging\__init__.py", line 1163, in emit
    stream.write(msg + self.terminator)
  File "C:\Users\banzo\AppData\Local\Programs\Python\Python312\Lib\encodings\cp1252.py", line 19, in encode
    return codecs.charmap_encode(input,self.errors,encoding_table)[0]
           ^^^^^^^^^^^^^^^^^^^^^^^^^^^^^^^^^^^^^^^^^^^^^^^^^^^^^^^
UnicodeEncodeError: 'charmap' codec can't encode characters in position 36-37: character maps to <undefined>
Call stack:
  File "E:\prog fold\Drunken cookies\real-time-inventory\vm_inventory_updater_fixed.py", line 2606, in <module>
    success = main()
  File "E:\prog fold\Drunken cookies\real-time-inventory\vm_inventory_updater_fixed.py", line 162, in main
    sales_data = fetch_sales_data(clover_creds, shopify_creds, target_date)
  File "E:\prog fold\Drunken cookies\real-time-inventory\vm_inventory_updater_fixed.py", line 537, in fetch_sales_data
    location_sales = fetch_clover_sales(creds, target_date)
  File "E:\prog fold\Drunken cookies\real-time-inventory\vm_inventory_updater_fixed.py", line 907, in 
fetch_clover_sales
    logging.warning(f"ΓÜá∩╕Å     PR date: {order_info['order_date_pr']} (target: {order_info['target_date']})")
Message: 'ΓÜá∩╕Å     PR date: 2026-01-31 (target: 2026-01-17)'
Arguments: ()
--- Logging error ---
Traceback (most recent call last):
  File "C:\Users\banzo\AppData\Local\Programs\Python\Python312\Lib\logging\__init__.py", line 1163, in emit
    stream.write(msg + self.terminator)
  File "C:\Users\banzo\AppData\Local\Programs\Python\Python312\Lib\encodings\cp1252.py", line 19, in encode
    return codecs.charmap_encode(input,self.errors,encoding_table)[0]
           ^^^^^^^^^^^^^^^^^^^^^^^^^^^^^^^^^^^^^^^^^^^^^^^^^^^^^^^
UnicodeEncodeError: 'charmap' codec can't encode characters in position 36-37: character maps to <undefined>
Call stack:
  File "E:\prog fold\Drunken cookies\real-time-inventory\vm_inventory_updater_fixed.py", line 2606, in <module>
    success = main()
  File "E:\prog fold\Drunken cookies\real-time-inventory\vm_inventory_updater_fixed.py", line 162, in main
    sales_data = fetch_sales_data(clover_creds, shopify_creds, target_date)
  File "E:\prog fold\Drunken cookies\real-time-inventory\vm_inventory_updater_fixed.py", line 537, in fetch_sales_data
    location_sales = fetch_clover_sales(creds, target_date)
  File "E:\prog fold\Drunken cookies\real-time-inventory\vm_inventory_updater_fixed.py", line 904, in 
fetch_clover_sales
    logging.warning(f"ΓÜá∩╕Å   Order {order_info['order_id']}:")
Message: 'ΓÜá∩╕Å   Order X496MDW75NDBG:'
Arguments: ()
--- Logging error ---
Traceback (most recent call last):
  File "C:\Users\banzo\AppData\Local\Programs\Python\Python312\Lib\logging\__init__.py", line 1163, in emit
    stream.write(msg + self.terminator)
  File "C:\Users\banzo\AppData\Local\Programs\Python\Python312\Lib\encodings\cp1252.py", line 19, in encode
    return codecs.charmap_encode(input,self.errors,encoding_table)[0]
           ^^^^^^^^^^^^^^^^^^^^^^^^^^^^^^^^^^^^^^^^^^^^^^^^^^^^^^^
UnicodeEncodeError: 'charmap' codec can't encode characters in position 36-37: character maps to <undefined>
Call stack:
  File "E:\prog fold\Drunken cookies\real-time-inventory\vm_inventory_updater_fixed.py", line 2606, in <module>
    success = main()
  File "E:\prog fold\Drunken cookies\real-time-inventory\vm_inventory_updater_fixed.py", line 162, in main
2026-02-16 20:52:19,401 - WARNING - ΓÜá∩╕Å     UTC time: 2026-01-31 17:31:50 UTC
2026-02-16 20:52:19,407 - WARNING - ΓÜá∩╕Å     PR time: 2026-01-31 13:31:50 AST
2026-02-16 20:52:19,408 - WARNING - ΓÜá∩╕Å     PR date: 2026-01-31 (target: 2026-01-17)
    sales_data = fetch_sales_data(clover_creds, shopify_creds, target_date)
  File "E:\prog fold\Drunken cookies\real-time-inventory\vm_inventory_updater_fixed.py", line 537, in fetch_sales_data
    location_sales = fetch_clover_sales(creds, target_date)
  File "E:\prog fold\Drunken cookies\real-time-inventory\vm_inventory_updater_fixed.py", line 905, in 
fetch_clover_sales
    logging.warning(f"ΓÜá∩╕Å     UTC time: {order_info['order_time_utc']}")
Message: 'ΓÜá∩╕Å     UTC time: 2026-01-31 17:31:50 UTC'
Arguments: ()
--- Logging error ---
Traceback (most recent call last):
  File "C:\Users\banzo\AppData\Local\Programs\Python\Python312\Lib\logging\__init__.py", line 1163, in emit
    stream.write(msg + self.terminator)
  File "C:\Users\banzo\AppData\Local\Programs\Python\Python312\Lib\encodings\cp1252.py", line 19, in encode
    return codecs.charmap_encode(input,self.errors,encoding_table)[0]
           ^^^^^^^^^^^^^^^^^^^^^^^^^^^^^^^^^^^^^^^^^^^^^^^^^^^^^^^
UnicodeEncodeError: 'charmap' codec can't encode characters in position 36-37: character maps to <undefined>
Call stack:
  File "E:\prog fold\Drunken cookies\real-time-inventory\vm_inventory_updater_fixed.py", line 2606, in <module>
    success = main()
  File "E:\prog fold\Drunken cookies\real-time-inventory\vm_inventory_updater_fixed.py", line 162, in main
    sales_data = fetch_sales_data(clover_creds, shopify_creds, target_date)
  File "E:\prog fold\Drunken cookies\real-time-inventory\vm_inventory_updater_fixed.py", line 537, in fetch_sales_data
    location_sales = fetch_clover_sales(creds, target_date)
  File "E:\prog fold\Drunken cookies\real-time-inventory\vm_inventory_updater_fixed.py", line 906, in 
fetch_clover_sales
    logging.warning(f"ΓÜá∩╕Å     PR time: {order_info['order_time_pr']}")
Message: 'ΓÜá∩╕Å     PR time: 2026-01-31 13:31:50 AST'
Arguments: ()
--- Logging error ---
Traceback (most recent call last):
  File "C:\Users\banzo\AppData\Local\Programs\Python\Python312\Lib\logging\__init__.py", line 1163, in emit
    stream.write(msg + self.terminator)
  File "C:\Users\banzo\AppData\Local\Programs\Python\Python312\Lib\encodings\cp1252.py", line 19, in encode
    return codecs.charmap_encode(input,self.errors,encoding_table)[0]
           ^^^^^^^^^^^^^^^^^^^^^^^^^^^^^^^^^^^^^^^^^^^^^^^^^^^^^^^
2026-02-16 20:52:19,408 - WARNING - ΓÜá∩╕Å   Order 59A2BDB7JG4Z6:
2026-02-16 20:52:19,414 - WARNING - ΓÜá∩╕Å     UTC time: 2026-01-31 16:53:57 UTC
2026-02-16 20:52:19,415 - WARNING - ΓÜá∩╕Å     PR time: 2026-01-31 12:53:57 AST
UnicodeEncodeError: 'charmap' codec can't encode characters in position 36-37: character maps to <undefined>
Call stack:
  File "E:\prog fold\Drunken cookies\real-time-inventory\vm_inventory_updater_fixed.py", line 2606, in <module>
    success = main()
  File "E:\prog fold\Drunken cookies\real-time-inventory\vm_inventory_updater_fixed.py", line 162, in main
    sales_data = fetch_sales_data(clover_creds, shopify_creds, target_date)
  File "E:\prog fold\Drunken cookies\real-time-inventory\vm_inventory_updater_fixed.py", line 537, in fetch_sales_data
    location_sales = fetch_clover_sales(creds, target_date)
  File "E:\prog fold\Drunken cookies\real-time-inventory\vm_inventory_updater_fixed.py", line 907, in 
fetch_clover_sales
    logging.warning(f"ΓÜá∩╕Å     PR date: {order_info['order_date_pr']} (target: {order_info['target_date']})")
Message: 'ΓÜá∩╕Å     PR date: 2026-01-31 (target: 2026-01-17)'
Arguments: ()
--- Logging error ---
Traceback (most recent call last):
  File "C:\Users\banzo\AppData\Local\Programs\Python\Python312\Lib\logging\__init__.py", line 1163, in emit
    stream.write(msg + self.terminator)
  File "C:\Users\banzo\AppData\Local\Programs\Python\Python312\Lib\encodings\cp1252.py", line 19, in encode
    return codecs.charmap_encode(input,self.errors,encoding_table)[0]
           ^^^^^^^^^^^^^^^^^^^^^^^^^^^^^^^^^^^^^^^^^^^^^^^^^^^^^^^
UnicodeEncodeError: 'charmap' codec can't encode characters in position 36-37: character maps to <undefined>
Call stack:
  File "E:\prog fold\Drunken cookies\real-time-inventory\vm_inventory_updater_fixed.py", line 2606, in <module>
    success = main()
  File "E:\prog fold\Drunken cookies\real-time-inventory\vm_inventory_updater_fixed.py", line 162, in main
    sales_data = fetch_sales_data(clover_creds, shopify_creds, target_date)
  File "E:\prog fold\Drunken cookies\real-time-inventory\vm_inventory_updater_fixed.py", line 537, in fetch_sales_data
    location_sales = fetch_clover_sales(creds, target_date)
  File "E:\prog fold\Drunken cookies\real-time-inventory\vm_inventory_updater_fixed.py", line 904, in 
fetch_clover_sales
    logging.warning(f"ΓÜá∩╕Å   Order {order_info['order_id']}:")
Message: 'ΓÜá∩╕Å   Order 59A2BDB7JG4Z6:'
Arguments: ()
--- Logging error ---
Traceback (most recent call last):
  File "C:\Users\banzo\AppData\Local\Programs\Python\Python312\Lib\logging\__init__.py", line 1163, in emit
    stream.write(msg + self.terminator)
  File "C:\Users\banzo\AppData\Local\Programs\Python\Python312\Lib\encodings\cp1252.py", line 19, in encode
    return codecs.charmap_encode(input,self.errors,encoding_table)[0]
           ^^^^^^^^^^^^^^^^^^^^^^^^^^^^^^^^^^^^^^^^^^^^^^^^^^^^^^^
UnicodeEncodeError: 'charmap' codec can't encode characters in position 36-37: character maps to <undefined>
Call stack:
  File "E:\prog fold\Drunken cookies\real-time-inventory\vm_inventory_updater_fixed.py", line 2606, in <module>
    success = main()
  File "E:\prog fold\Drunken cookies\real-time-inventory\vm_inventory_updater_fixed.py", line 162, in main
    sales_data = fetch_sales_data(clover_creds, shopify_creds, target_date)
  File "E:\prog fold\Drunken cookies\real-time-inventory\vm_inventory_updater_fixed.py", line 537, in fetch_sales_data
    location_sales = fetch_clover_sales(creds, target_date)
  File "E:\prog fold\Drunken cookies\real-time-inventory\vm_inventory_updater_fixed.py", line 905, in 
fetch_clover_sales
    logging.warning(f"ΓÜá∩╕Å     UTC time: {order_info['order_time_utc']}")
Message: 'ΓÜá∩╕Å     UTC time: 2026-01-31 16:53:57 UTC'
Arguments: ()
--- Logging error ---
Traceback (most recent call last):
  File "C:\Users\banzo\AppData\Local\Programs\Python\Python312\Lib\logging\__init__.py", line 1163, in emit
    stream.write(msg + self.terminator)
  File "C:\Users\banzo\AppData\Local\Programs\Python\Python312\Lib\encodings\cp1252.py", line 19, in encode
    return codecs.charmap_encode(input,self.errors,encoding_table)[0]
           ^^^^^^^^^^^^^^^^^^^^^^^^^^^^^^^^^^^^^^^^^^^^^^^^^^^^^^^
UnicodeEncodeError: 'charmap' codec can't encode characters in position 36-37: character maps to <undefined>
Call stack:
  File "E:\prog fold\Drunken cookies\real-time-inventory\vm_inventory_updater_fixed.py", line 2606, in <module>
    success = main()
  File "E:\prog fold\Drunken cookies\real-time-inventory\vm_inventory_updater_fixed.py", line 162, in main
    sales_data = fetch_sales_data(clover_creds, shopify_creds, target_date)
  File "E:\prog fold\Drunken cookies\real-time-inventory\vm_inventory_updater_fixed.py", line 537, in fetch_sales_data
    location_sales = fetch_clover_sales(creds, target_date)
  File "E:\prog fold\Drunken cookies\real-time-inventory\vm_inventory_updater_fixed.py", line 906, in 
fetch_clover_sales
    logging.warning(f"ΓÜá∩╕Å     PR time: {order_info['order_time_pr']}")
Message: 'ΓÜá∩╕Å     PR time: 2026-01-31 12:53:57 AST'
Arguments: ()
--- Logging error ---
Traceback (most recent call last):
  File "C:\Users\banzo\AppData\Local\Programs\Python\Python312\Lib\logging\__init__.py", line 1163, in emit
    stream.write(msg + self.terminator)
  File "C:\Users\banzo\AppData\Local\Programs\Python\Python312\Lib\encodings\cp1252.py", line 19, in encode
    return codecs.charmap_encode(input,self.errors,encoding_table)[0]
           ^^^^^^^^^^^^^^^^^^^^^^^^^^^^^^^^^^^^^^^^^^^^^^^^^^^^^^^
UnicodeEncodeError: 'charmap' codec can't encode characters in position 36-37: character maps to <undefined>
Call stack:
  File "E:\prog fold\Drunken cookies\real-time-inventory\vm_inventory_updater_fixed.py", line 2606, in <module>
    success = main()
  File "E:\prog fold\Drunken cookies\real-time-inventory\vm_inventory_updater_fixed.py", line 162, in main
    sales_data = fetch_sales_data(clover_creds, shopify_creds, target_date)
  File "E:\prog fold\Drunken cookies\real-time-inventory\vm_inventory_updater_fixed.py", line 537, in fetch_sales_data
    location_sales = fetch_clover_sales(creds, target_date)
2026-02-16 20:52:19,416 - WARNING - ΓÜá∩╕Å     PR date: 2026-01-31 (target: 2026-01-17)
2026-02-16 20:52:19,422 - WARNING - ΓÜá∩╕Å   Order MB5YDQ1R5T62J:
2026-02-16 20:52:19,423 - WARNING - ΓÜá∩╕Å     UTC time: 2026-01-31 16:04:17 UTC
2026-02-16 20:52:19,423 - WARNING - ΓÜá∩╕Å     PR time: 2026-01-31 12:04:17 AST
  File "E:\prog fold\Drunken cookies\real-time-inventory\vm_inventory_updater_fixed.py", line 907, in 
fetch_clover_sales
    logging.warning(f"ΓÜá∩╕Å     PR date: {order_info['order_date_pr']} (target: {order_info['target_date']})")
Message: 'ΓÜá∩╕Å     PR date: 2026-01-31 (target: 2026-01-17)'
Arguments: ()
--- Logging error ---
Traceback (most recent call last):
  File "C:\Users\banzo\AppData\Local\Programs\Python\Python312\Lib\logging\__init__.py", line 1163, in emit
    stream.write(msg + self.terminator)
  File "C:\Users\banzo\AppData\Local\Programs\Python\Python312\Lib\encodings\cp1252.py", line 19, in encode
    return codecs.charmap_encode(input,self.errors,encoding_table)[0]
           ^^^^^^^^^^^^^^^^^^^^^^^^^^^^^^^^^^^^^^^^^^^^^^^^^^^^^^^
UnicodeEncodeError: 'charmap' codec can't encode characters in position 36-37: character maps to <undefined>
Call stack:
  File "E:\prog fold\Drunken cookies\real-time-inventory\vm_inventory_updater_fixed.py", line 2606, in <module>
    success = main()
  File "E:\prog fold\Drunken cookies\real-time-inventory\vm_inventory_updater_fixed.py", line 162, in main
    sales_data = fetch_sales_data(clover_creds, shopify_creds, target_date)
  File "E:\prog fold\Drunken cookies\real-time-inventory\vm_inventory_updater_fixed.py", line 537, in fetch_sales_data
    location_sales = fetch_clover_sales(creds, target_date)
  File "E:\prog fold\Drunken cookies\real-time-inventory\vm_inventory_updater_fixed.py", line 904, in 
fetch_clover_sales
    logging.warning(f"ΓÜá∩╕Å   Order {order_info['order_id']}:")
Message: 'ΓÜá∩╕Å   Order MB5YDQ1R5T62J:'
Arguments: ()
--- Logging error ---
Traceback (most recent call last):
  File "C:\Users\banzo\AppData\Local\Programs\Python\Python312\Lib\logging\__init__.py", line 1163, in emit
    stream.write(msg + self.terminator)
  File "C:\Users\banzo\AppData\Local\Programs\Python\Python312\Lib\encodings\cp1252.py", line 19, in encode
    return codecs.charmap_encode(input,self.errors,encoding_table)[0]
           ^^^^^^^^^^^^^^^^^^^^^^^^^^^^^^^^^^^^^^^^^^^^^^^^^^^^^^^
UnicodeEncodeError: 'charmap' codec can't encode characters in position 36-37: character maps to <undefined>
Call stack:
  File "E:\prog fold\Drunken cookies\real-time-inventory\vm_inventory_updater_fixed.py", line 2606, in <module>
    success = main()
  File "E:\prog fold\Drunken cookies\real-time-inventory\vm_inventory_updater_fixed.py", line 162, in main
    sales_data = fetch_sales_data(clover_creds, shopify_creds, target_date)
  File "E:\prog fold\Drunken cookies\real-time-inventory\vm_inventory_updater_fixed.py", line 537, in fetch_sales_data
    location_sales = fetch_clover_sales(creds, target_date)
  File "E:\prog fold\Drunken cookies\real-time-inventory\vm_inventory_updater_fixed.py", line 905, in 
fetch_clover_sales
    logging.warning(f"ΓÜá∩╕Å     UTC time: {order_info['order_time_utc']}")
Message: 'ΓÜá∩╕Å     UTC time: 2026-01-31 16:04:17 UTC'
Arguments: ()
--- Logging error ---
Traceback (most recent call last):
  File "C:\Users\banzo\AppData\Local\Programs\Python\Python312\Lib\logging\__init__.py", line 1163, in emit
    stream.write(msg + self.terminator)
  File "C:\Users\banzo\AppData\Local\Programs\Python\Python312\Lib\encodings\cp1252.py", line 19, in encode
    return codecs.charmap_encode(input,self.errors,encoding_table)[0]
           ^^^^^^^^^^^^^^^^^^^^^^^^^^^^^^^^^^^^^^^^^^^^^^^^^^^^^^^
UnicodeEncodeError: 'charmap' codec can't encode characters in position 36-37: character maps to <undefined>
Call stack:
  File "E:\prog fold\Drunken cookies\real-time-inventory\vm_inventory_updater_fixed.py", line 2606, in <module>
    success = main()
  File "E:\prog fold\Drunken cookies\real-time-inventory\vm_inventory_updater_fixed.py", line 162, in main
    sales_data = fetch_sales_data(clover_creds, shopify_creds, target_date)
  File "E:\prog fold\Drunken cookies\real-time-inventory\vm_inventory_updater_fixed.py", line 537, in fetch_sales_data
    location_sales = fetch_clover_sales(creds, target_date)
  File "E:\prog fold\Drunken cookies\real-time-inventory\vm_inventory_updater_fixed.py", line 906, in 
fetch_clover_sales
    logging.warning(f"ΓÜá∩╕Å     PR time: {order_info['order_time_pr']}")
Message: 'ΓÜá∩╕Å     PR time: 2026-01-31 12:04:17 AST'
Arguments: ()
--- Logging error ---
2026-02-16 20:52:19,424 - WARNING - ΓÜá∩╕Å     PR date: 2026-01-31 (target: 2026-01-17)
2026-02-16 20:52:19,430 - WARNING - ΓÜá∩╕Å   Order S2GAKSCHVT9GC:
2026-02-16 20:52:19,431 - WARNING - ΓÜá∩╕Å     UTC time: 2026-01-31 13:55:46 UTC
2026-02-16 20:52:19,431 - WARNING - ΓÜá∩╕Å     PR time: 2026-01-31 09:55:46 AST
Traceback (most recent call last):
  File "C:\Users\banzo\AppData\Local\Programs\Python\Python312\Lib\logging\__init__.py", line 1163, in emit
    stream.write(msg + self.terminator)
  File "C:\Users\banzo\AppData\Local\Programs\Python\Python312\Lib\encodings\cp1252.py", line 19, in encode
    return codecs.charmap_encode(input,self.errors,encoding_table)[0]
           ^^^^^^^^^^^^^^^^^^^^^^^^^^^^^^^^^^^^^^^^^^^^^^^^^^^^^^^
UnicodeEncodeError: 'charmap' codec can't encode characters in position 36-37: character maps to <undefined>
Call stack:
  File "E:\prog fold\Drunken cookies\real-time-inventory\vm_inventory_updater_fixed.py", line 2606, in <module>
    success = main()
  File "E:\prog fold\Drunken cookies\real-time-inventory\vm_inventory_updater_fixed.py", line 162, in main
    sales_data = fetch_sales_data(clover_creds, shopify_creds, target_date)
  File "E:\prog fold\Drunken cookies\real-time-inventory\vm_inventory_updater_fixed.py", line 537, in fetch_sales_data
    location_sales = fetch_clover_sales(creds, target_date)
  File "E:\prog fold\Drunken cookies\real-time-inventory\vm_inventory_updater_fixed.py", line 907, in 
fetch_clover_sales
    logging.warning(f"ΓÜá∩╕Å     PR date: {order_info['order_date_pr']} (target: {order_info['target_date']})")
Message: 'ΓÜá∩╕Å     PR date: 2026-01-31 (target: 2026-01-17)'
Arguments: ()
--- Logging error ---
Traceback (most recent call last):
  File "C:\Users\banzo\AppData\Local\Programs\Python\Python312\Lib\logging\__init__.py", line 1163, in emit
    stream.write(msg + self.terminator)
  File "C:\Users\banzo\AppData\Local\Programs\Python\Python312\Lib\encodings\cp1252.py", line 19, in encode
    return codecs.charmap_encode(input,self.errors,encoding_table)[0]
           ^^^^^^^^^^^^^^^^^^^^^^^^^^^^^^^^^^^^^^^^^^^^^^^^^^^^^^^
UnicodeEncodeError: 'charmap' codec can't encode characters in position 36-37: character maps to <undefined>
Call stack:
  File "E:\prog fold\Drunken cookies\real-time-inventory\vm_inventory_updater_fixed.py", line 2606, in <module>
    success = main()
  File "E:\prog fold\Drunken cookies\real-time-inventory\vm_inventory_updater_fixed.py", line 162, in main
    sales_data = fetch_sales_data(clover_creds, shopify_creds, target_date)
  File "E:\prog fold\Drunken cookies\real-time-inventory\vm_inventory_updater_fixed.py", line 537, in fetch_sales_data
    location_sales = fetch_clover_sales(creds, target_date)
  File "E:\prog fold\Drunken cookies\real-time-inventory\vm_inventory_updater_fixed.py", line 904, in 
fetch_clover_sales
    logging.warning(f"ΓÜá∩╕Å   Order {order_info['order_id']}:")
Message: 'ΓÜá∩╕Å   Order S2GAKSCHVT9GC:'
Arguments: ()
--- Logging error ---
Traceback (most recent call last):
  File "C:\Users\banzo\AppData\Local\Programs\Python\Python312\Lib\logging\__init__.py", line 1163, in emit
    stream.write(msg + self.terminator)
  File "C:\Users\banzo\AppData\Local\Programs\Python\Python312\Lib\encodings\cp1252.py", line 19, in encode
    return codecs.charmap_encode(input,self.errors,encoding_table)[0]
           ^^^^^^^^^^^^^^^^^^^^^^^^^^^^^^^^^^^^^^^^^^^^^^^^^^^^^^^
UnicodeEncodeError: 'charmap' codec can't encode characters in position 36-37: character maps to <undefined>
Call stack:
  File "E:\prog fold\Drunken cookies\real-time-inventory\vm_inventory_updater_fixed.py", line 2606, in <module>
    success = main()
  File "E:\prog fold\Drunken cookies\real-time-inventory\vm_inventory_updater_fixed.py", line 162, in main
    sales_data = fetch_sales_data(clover_creds, shopify_creds, target_date)
  File "E:\prog fold\Drunken cookies\real-time-inventory\vm_inventory_updater_fixed.py", line 537, in fetch_sales_data
    location_sales = fetch_clover_sales(creds, target_date)
  File "E:\prog fold\Drunken cookies\real-time-inventory\vm_inventory_updater_fixed.py", line 905, in 
fetch_clover_sales
    logging.warning(f"ΓÜá∩╕Å     UTC time: {order_info['order_time_utc']}")
Message: 'ΓÜá∩╕Å     UTC time: 2026-01-31 13:55:46 UTC'
Arguments: ()
--- Logging error ---
Traceback (most recent call last):
  File "C:\Users\banzo\AppData\Local\Programs\Python\Python312\Lib\logging\__init__.py", line 1163, in emit
    stream.write(msg + self.terminator)
  File "C:\Users\banzo\AppData\Local\Programs\Python\Python312\Lib\encodings\cp1252.py", line 19, in encode
    return codecs.charmap_encode(input,self.errors,encoding_table)[0]
           ^^^^^^^^^^^^^^^^^^^^^^^^^^^^^^^^^^^^^^^^^^^^^^^^^^^^^^^
UnicodeEncodeError: 'charmap' codec can't encode characters in position 36-37: character maps to <undefined>
Call stack:
  File "E:\prog fold\Drunken cookies\real-time-inventory\vm_inventory_updater_fixed.py", line 2606, in <module>
    success = main()
  File "E:\prog fold\Drunken cookies\real-time-inventory\vm_inventory_updater_fixed.py", line 162, in main
    sales_data = fetch_sales_data(clover_creds, shopify_creds, target_date)
  File "E:\prog fold\Drunken cookies\real-time-inventory\vm_inventory_updater_fixed.py", line 537, in fetch_sales_data
    location_sales = fetch_clover_sales(creds, target_date)
2026-02-16 20:52:19,436 - WARNING - ΓÜá∩╕Å     PR date: 2026-01-31 (target: 2026-01-17)
2026-02-16 20:52:19,436 - WARNING - ΓÜá∩╕Å   Order PCW579CRRND1J:
2026-02-16 20:52:19,437 - WARNING - ΓÜá∩╕Å     UTC time: 2026-01-30 20:04:28 UTC
2026-02-16 20:52:19,442 - WARNING - ΓÜá∩╕Å     PR time: 2026-01-30 16:04:28 AST
2026-02-16 20:52:19,442 - WARNING - ΓÜá∩╕Å     PR date: 2026-01-30 (target: 2026-01-17)
  File "E:\prog fold\Drunken cookies\real-time-inventory\vm_inventory_updater_fixed.py", line 906, in 
fetch_clover_sales
    logging.warning(f"ΓÜá∩╕Å     PR time: {order_info['order_time_pr']}")
Message: 'ΓÜá∩╕Å     PR time: 2026-01-31 09:55:46 AST'
Arguments: ()
--- Logging error ---
Traceback (most recent call last):
  File "C:\Users\banzo\AppData\Local\Programs\Python\Python312\Lib\logging\__init__.py", line 1163, in emit
    stream.write(msg + self.terminator)
  File "C:\Users\banzo\AppData\Local\Programs\Python\Python312\Lib\encodings\cp1252.py", line 19, in encode
    return codecs.charmap_encode(input,self.errors,encoding_table)[0]
           ^^^^^^^^^^^^^^^^^^^^^^^^^^^^^^^^^^^^^^^^^^^^^^^^^^^^^^^
UnicodeEncodeError: 'charmap' codec can't encode characters in position 36-37: character maps to <undefined>
Call stack:
  File "E:\prog fold\Drunken cookies\real-time-inventory\vm_inventory_updater_fixed.py", line 2606, in <module>
    success = main()
  File "E:\prog fold\Drunken cookies\real-time-inventory\vm_inventory_updater_fixed.py", line 162, in main
    sales_data = fetch_sales_data(clover_creds, shopify_creds, target_date)
  File "E:\prog fold\Drunken cookies\real-time-inventory\vm_inventory_updater_fixed.py", line 537, in fetch_sales_data
    location_sales = fetch_clover_sales(creds, target_date)
  File "E:\prog fold\Drunken cookies\real-time-inventory\vm_inventory_updater_fixed.py", line 907, in 
fetch_clover_sales
    logging.warning(f"ΓÜá∩╕Å     PR date: {order_info['order_date_pr']} (target: {order_info['target_date']})")
Message: 'ΓÜá∩╕Å     PR date: 2026-01-31 (target: 2026-01-17)'
Arguments: ()
--- Logging error ---
Traceback (most recent call last):
  File "C:\Users\banzo\AppData\Local\Programs\Python\Python312\Lib\logging\__init__.py", line 1163, in emit
    stream.write(msg + self.terminator)
  File "C:\Users\banzo\AppData\Local\Programs\Python\Python312\Lib\encodings\cp1252.py", line 19, in encode
    return codecs.charmap_encode(input,self.errors,encoding_table)[0]
           ^^^^^^^^^^^^^^^^^^^^^^^^^^^^^^^^^^^^^^^^^^^^^^^^^^^^^^^
UnicodeEncodeError: 'charmap' codec can't encode characters in position 36-37: character maps to <undefined>
Call stack:
  File "E:\prog fold\Drunken cookies\real-time-inventory\vm_inventory_updater_fixed.py", line 2606, in <module>
    success = main()
  File "E:\prog fold\Drunken cookies\real-time-inventory\vm_inventory_updater_fixed.py", line 162, in main
    sales_data = fetch_sales_data(clover_creds, shopify_creds, target_date)
  File "E:\prog fold\Drunken cookies\real-time-inventory\vm_inventory_updater_fixed.py", line 537, in fetch_sales_data
    location_sales = fetch_clover_sales(creds, target_date)
  File "E:\prog fold\Drunken cookies\real-time-inventory\vm_inventory_updater_fixed.py", line 904, in 
fetch_clover_sales
    logging.warning(f"ΓÜá∩╕Å   Order {order_info['order_id']}:")
Message: 'ΓÜá∩╕Å   Order PCW579CRRND1J:'
Arguments: ()
--- Logging error ---
Traceback (most recent call last):
  File "C:\Users\banzo\AppData\Local\Programs\Python\Python312\Lib\logging\__init__.py", line 1163, in emit
    stream.write(msg + self.terminator)
  File "C:\Users\banzo\AppData\Local\Programs\Python\Python312\Lib\encodings\cp1252.py", line 19, in encode
    return codecs.charmap_encode(input,self.errors,encoding_table)[0]
           ^^^^^^^^^^^^^^^^^^^^^^^^^^^^^^^^^^^^^^^^^^^^^^^^^^^^^^^
UnicodeEncodeError: 'charmap' codec can't encode characters in position 36-37: character maps to <undefined>
Call stack:
  File "E:\prog fold\Drunken cookies\real-time-inventory\vm_inventory_updater_fixed.py", line 2606, in <module>
    success = main()
  File "E:\prog fold\Drunken cookies\real-time-inventory\vm_inventory_updater_fixed.py", line 162, in main
    sales_data = fetch_sales_data(clover_creds, shopify_creds, target_date)
  File "E:\prog fold\Drunken cookies\real-time-inventory\vm_inventory_updater_fixed.py", line 537, in fetch_sales_data
    location_sales = fetch_clover_sales(creds, target_date)
  File "E:\prog fold\Drunken cookies\real-time-inventory\vm_inventory_updater_fixed.py", line 905, in 
fetch_clover_sales
    logging.warning(f"ΓÜá∩╕Å     UTC time: {order_info['order_time_utc']}")
Message: 'ΓÜá∩╕Å     UTC time: 2026-01-30 20:04:28 UTC'
Arguments: ()
--- Logging error ---
Traceback (most recent call last):
  File "C:\Users\banzo\AppData\Local\Programs\Python\Python312\Lib\logging\__init__.py", line 1163, in emit
    stream.write(msg + self.terminator)
  File "C:\Users\banzo\AppData\Local\Programs\Python\Python312\Lib\encodings\cp1252.py", line 19, in encode
    return codecs.charmap_encode(input,self.errors,encoding_table)[0]
           ^^^^^^^^^^^^^^^^^^^^^^^^^^^^^^^^^^^^^^^^^^^^^^^^^^^^^^^
UnicodeEncodeError: 'charmap' codec can't encode characters in position 36-37: character maps to <undefined>
Call stack:
  File "E:\prog fold\Drunken cookies\real-time-inventory\vm_inventory_updater_fixed.py", line 2606, in <module>
    success = main()
  File "E:\prog fold\Drunken cookies\real-time-inventory\vm_inventory_updater_fixed.py", line 162, in main
    sales_data = fetch_sales_data(clover_creds, shopify_creds, target_date)
  File "E:\prog fold\Drunken cookies\real-time-inventory\vm_inventory_updater_fixed.py", line 537, in fetch_sales_data
    location_sales = fetch_clover_sales(creds, target_date)
  File "E:\prog fold\Drunken cookies\real-time-inventory\vm_inventory_updater_fixed.py", line 906, in 
fetch_clover_sales
    logging.warning(f"ΓÜá∩╕Å     PR time: {order_info['order_time_pr']}")
Message: 'ΓÜá∩╕Å     PR time: 2026-01-30 16:04:28 AST'
Arguments: ()
--- Logging error ---
Traceback (most recent call last):
  File "C:\Users\banzo\AppData\Local\Programs\Python\Python312\Lib\logging\__init__.py", line 1163, in emit
    stream.write(msg + self.terminator)
  File "C:\Users\banzo\AppData\Local\Programs\Python\Python312\Lib\encodings\cp1252.py", line 19, in encode
    return codecs.charmap_encode(input,self.errors,encoding_table)[0]
           ^^^^^^^^^^^^^^^^^^^^^^^^^^^^^^^^^^^^^^^^^^^^^^^^^^^^^^^
UnicodeEncodeError: 'charmap' codec can't encode characters in position 36-37: character maps to <undefined>
Call stack:
  File "E:\prog fold\Drunken cookies\real-time-inventory\vm_inventory_updater_fixed.py", line 2606, in <module>
    success = main()
  File "E:\prog fold\Drunken cookies\real-time-inventory\vm_inventory_updater_fixed.py", line 162, in main
    sales_data = fetch_sales_data(clover_creds, shopify_creds, target_date)
  File "E:\prog fold\Drunken cookies\real-time-inventory\vm_inventory_updater_fixed.py", line 537, in fetch_sales_data
    location_sales = fetch_clover_sales(creds, target_date)
  File "E:\prog fold\Drunken cookies\real-time-inventory\vm_inventory_updater_fixed.py", line 907, in 
fetch_clover_sales
    logging.warning(f"ΓÜá∩╕Å     PR date: {order_info['order_date_pr']} (target: {order_info['target_date']})")
Message: 'ΓÜá∩╕Å     PR date: 2026-01-30 (target: 2026-01-17)'
Arguments: ()
--- Logging error ---
Traceback (most recent call last):
  File "C:\Users\banzo\AppData\Local\Programs\Python\Python312\Lib\logging\__init__.py", line 1163, in emit
    stream.write(msg + self.terminator)
2026-02-16 20:52:19,443 - WARNING - ΓÜá∩╕Å   Order SZZ77230B666W:
2026-02-16 20:52:19,449 - WARNING - ΓÜá∩╕Å     UTC time: 2026-01-30 19:40:55 UTC
2026-02-16 20:52:19,449 - WARNING - ΓÜá∩╕Å     PR time: 2026-01-30 15:40:55 AST
2026-02-16 20:52:19,449 - WARNING - ΓÜá∩╕Å     PR date: 2026-01-30 (target: 2026-01-17)
  File "C:\Users\banzo\AppData\Local\Programs\Python\Python312\Lib\encodings\cp1252.py", line 19, in encode
    return codecs.charmap_encode(input,self.errors,encoding_table)[0]
           ^^^^^^^^^^^^^^^^^^^^^^^^^^^^^^^^^^^^^^^^^^^^^^^^^^^^^^^
UnicodeEncodeError: 'charmap' codec can't encode characters in position 36-37: character maps to <undefined>
Call stack:
  File "E:\prog fold\Drunken cookies\real-time-inventory\vm_inventory_updater_fixed.py", line 2606, in <module>
    success = main()
  File "E:\prog fold\Drunken cookies\real-time-inventory\vm_inventory_updater_fixed.py", line 162, in main
    sales_data = fetch_sales_data(clover_creds, shopify_creds, target_date)
  File "E:\prog fold\Drunken cookies\real-time-inventory\vm_inventory_updater_fixed.py", line 537, in fetch_sales_data
    location_sales = fetch_clover_sales(creds, target_date)
  File "E:\prog fold\Drunken cookies\real-time-inventory\vm_inventory_updater_fixed.py", line 904, in 
fetch_clover_sales
    logging.warning(f"ΓÜá∩╕Å   Order {order_info['order_id']}:")
Message: 'ΓÜá∩╕Å   Order SZZ77230B666W:'
Arguments: ()
--- Logging error ---
Traceback (most recent call last):
  File "C:\Users\banzo\AppData\Local\Programs\Python\Python312\Lib\logging\__init__.py", line 1163, in emit
    stream.write(msg + self.terminator)
  File "C:\Users\banzo\AppData\Local\Programs\Python\Python312\Lib\encodings\cp1252.py", line 19, in encode
    return codecs.charmap_encode(input,self.errors,encoding_table)[0]
           ^^^^^^^^^^^^^^^^^^^^^^^^^^^^^^^^^^^^^^^^^^^^^^^^^^^^^^^
UnicodeEncodeError: 'charmap' codec can't encode characters in position 36-37: character maps to <undefined>
Call stack:
  File "E:\prog fold\Drunken cookies\real-time-inventory\vm_inventory_updater_fixed.py", line 2606, in <module>
    success = main()
  File "E:\prog fold\Drunken cookies\real-time-inventory\vm_inventory_updater_fixed.py", line 162, in main
    sales_data = fetch_sales_data(clover_creds, shopify_creds, target_date)
  File "E:\prog fold\Drunken cookies\real-time-inventory\vm_inventory_updater_fixed.py", line 537, in fetch_sales_data
    location_sales = fetch_clover_sales(creds, target_date)
  File "E:\prog fold\Drunken cookies\real-time-inventory\vm_inventory_updater_fixed.py", line 905, in 
fetch_clover_sales
    logging.warning(f"ΓÜá∩╕Å     UTC time: {order_info['order_time_utc']}")
Message: 'ΓÜá∩╕Å     UTC time: 2026-01-30 19:40:55 UTC'
Arguments: ()
--- Logging error ---
Traceback (most recent call last):
  File "C:\Users\banzo\AppData\Local\Programs\Python\Python312\Lib\logging\__init__.py", line 1163, in emit
    stream.write(msg + self.terminator)
  File "C:\Users\banzo\AppData\Local\Programs\Python\Python312\Lib\encodings\cp1252.py", line 19, in encode
    return codecs.charmap_encode(input,self.errors,encoding_table)[0]
           ^^^^^^^^^^^^^^^^^^^^^^^^^^^^^^^^^^^^^^^^^^^^^^^^^^^^^^^
UnicodeEncodeError: 'charmap' codec can't encode characters in position 36-37: character maps to <undefined>
Call stack:
  File "E:\prog fold\Drunken cookies\real-time-inventory\vm_inventory_updater_fixed.py", line 2606, in <module>
    success = main()
  File "E:\prog fold\Drunken cookies\real-time-inventory\vm_inventory_updater_fixed.py", line 162, in main
    sales_data = fetch_sales_data(clover_creds, shopify_creds, target_date)
  File "E:\prog fold\Drunken cookies\real-time-inventory\vm_inventory_updater_fixed.py", line 537, in fetch_sales_data
    location_sales = fetch_clover_sales(creds, target_date)
  File "E:\prog fold\Drunken cookies\real-time-inventory\vm_inventory_updater_fixed.py", line 906, in 
fetch_clover_sales
    logging.warning(f"ΓÜá∩╕Å     PR time: {order_info['order_time_pr']}")
Message: 'ΓÜá∩╕Å     PR time: 2026-01-30 15:40:55 AST'
Arguments: ()
--- Logging error ---
Traceback (most recent call last):
  File "C:\Users\banzo\AppData\Local\Programs\Python\Python312\Lib\logging\__init__.py", line 1163, in emit
    stream.write(msg + self.terminator)
  File "C:\Users\banzo\AppData\Local\Programs\Python\Python312\Lib\encodings\cp1252.py", line 19, in encode
    return codecs.charmap_encode(input,self.errors,encoding_table)[0]
           ^^^^^^^^^^^^^^^^^^^^^^^^^^^^^^^^^^^^^^^^^^^^^^^^^^^^^^^
UnicodeEncodeError: 'charmap' codec can't encode characters in position 36-37: character maps to <undefined>
Call stack:
2026-02-16 20:52:19,455 - WARNING - ΓÜá∩╕Å   Order FGPS7DEK0AVTG:
2026-02-16 20:52:19,456 - WARNING - ΓÜá∩╕Å     UTC time: 2026-01-30 18:23:11 UTC
2026-02-16 20:52:19,457 - WARNING - ΓÜá∩╕Å     PR time: 2026-01-30 14:23:11 AST
2026-02-16 20:52:19,463 - WARNING - ΓÜá∩╕Å     PR date: 2026-01-30 (target: 2026-01-17)
2026-02-16 20:52:19,463 - WARNING - ΓÜá∩╕Å   Order 44N4GVCD8S9H0:
  File "E:\prog fold\Drunken cookies\real-time-inventory\vm_inventory_updater_fixed.py", line 2606, in <module>
    success = main()
  File "E:\prog fold\Drunken cookies\real-time-inventory\vm_inventory_updater_fixed.py", line 162, in main
    sales_data = fetch_sales_data(clover_creds, shopify_creds, target_date)
  File "E:\prog fold\Drunken cookies\real-time-inventory\vm_inventory_updater_fixed.py", line 537, in fetch_sales_data
    location_sales = fetch_clover_sales(creds, target_date)
  File "E:\prog fold\Drunken cookies\real-time-inventory\vm_inventory_updater_fixed.py", line 907, in 
fetch_clover_sales
    logging.warning(f"ΓÜá∩╕Å     PR date: {order_info['order_date_pr']} (target: {order_info['target_date']})")
Message: 'ΓÜá∩╕Å     PR date: 2026-01-30 (target: 2026-01-17)'
Arguments: ()
--- Logging error ---
Traceback (most recent call last):
  File "C:\Users\banzo\AppData\Local\Programs\Python\Python312\Lib\logging\__init__.py", line 1163, in emit
    stream.write(msg + self.terminator)
  File "C:\Users\banzo\AppData\Local\Programs\Python\Python312\Lib\encodings\cp1252.py", line 19, in encode
    return codecs.charmap_encode(input,self.errors,encoding_table)[0]
           ^^^^^^^^^^^^^^^^^^^^^^^^^^^^^^^^^^^^^^^^^^^^^^^^^^^^^^^
UnicodeEncodeError: 'charmap' codec can't encode characters in position 36-37: character maps to <undefined>
Call stack:
  File "E:\prog fold\Drunken cookies\real-time-inventory\vm_inventory_updater_fixed.py", line 2606, in <module>
    success = main()
  File "E:\prog fold\Drunken cookies\real-time-inventory\vm_inventory_updater_fixed.py", line 162, in main
    sales_data = fetch_sales_data(clover_creds, shopify_creds, target_date)
  File "E:\prog fold\Drunken cookies\real-time-inventory\vm_inventory_updater_fixed.py", line 537, in fetch_sales_data
    location_sales = fetch_clover_sales(creds, target_date)
  File "E:\prog fold\Drunken cookies\real-time-inventory\vm_inventory_updater_fixed.py", line 904, in 
fetch_clover_sales
    logging.warning(f"ΓÜá∩╕Å   Order {order_info['order_id']}:")
Message: 'ΓÜá∩╕Å   Order FGPS7DEK0AVTG:'
Arguments: ()
--- Logging error ---
Traceback (most recent call last):
  File "C:\Users\banzo\AppData\Local\Programs\Python\Python312\Lib\logging\__init__.py", line 1163, in emit
    stream.write(msg + self.terminator)
  File "C:\Users\banzo\AppData\Local\Programs\Python\Python312\Lib\encodings\cp1252.py", line 19, in encode
    return codecs.charmap_encode(input,self.errors,encoding_table)[0]
           ^^^^^^^^^^^^^^^^^^^^^^^^^^^^^^^^^^^^^^^^^^^^^^^^^^^^^^^
UnicodeEncodeError: 'charmap' codec can't encode characters in position 36-37: character maps to <undefined>
Call stack:
  File "E:\prog fold\Drunken cookies\real-time-inventory\vm_inventory_updater_fixed.py", line 2606, in <module>
    success = main()
  File "E:\prog fold\Drunken cookies\real-time-inventory\vm_inventory_updater_fixed.py", line 162, in main
    sales_data = fetch_sales_data(clover_creds, shopify_creds, target_date)
  File "E:\prog fold\Drunken cookies\real-time-inventory\vm_inventory_updater_fixed.py", line 537, in fetch_sales_data
    location_sales = fetch_clover_sales(creds, target_date)
  File "E:\prog fold\Drunken cookies\real-time-inventory\vm_inventory_updater_fixed.py", line 905, in 
fetch_clover_sales
    logging.warning(f"ΓÜá∩╕Å     UTC time: {order_info['order_time_utc']}")
Message: 'ΓÜá∩╕Å     UTC time: 2026-01-30 18:23:11 UTC'
Arguments: ()
--- Logging error ---
Traceback (most recent call last):
  File "C:\Users\banzo\AppData\Local\Programs\Python\Python312\Lib\logging\__init__.py", line 1163, in emit
    stream.write(msg + self.terminator)
  File "C:\Users\banzo\AppData\Local\Programs\Python\Python312\Lib\encodings\cp1252.py", line 19, in encode
    return codecs.charmap_encode(input,self.errors,encoding_table)[0]
           ^^^^^^^^^^^^^^^^^^^^^^^^^^^^^^^^^^^^^^^^^^^^^^^^^^^^^^^
UnicodeEncodeError: 'charmap' codec can't encode characters in position 36-37: character maps to <undefined>
Call stack:
  File "E:\prog fold\Drunken cookies\real-time-inventory\vm_inventory_updater_fixed.py", line 2606, in <module>
    success = main()
  File "E:\prog fold\Drunken cookies\real-time-inventory\vm_inventory_updater_fixed.py", line 162, in main
    sales_data = fetch_sales_data(clover_creds, shopify_creds, target_date)
  File "E:\prog fold\Drunken cookies\real-time-inventory\vm_inventory_updater_fixed.py", line 537, in fetch_sales_data
    location_sales = fetch_clover_sales(creds, target_date)
  File "E:\prog fold\Drunken cookies\real-time-inventory\vm_inventory_updater_fixed.py", line 906, in 
fetch_clover_sales
    logging.warning(f"ΓÜá∩╕Å     PR time: {order_info['order_time_pr']}")
Message: 'ΓÜá∩╕Å     PR time: 2026-01-30 14:23:11 AST'
Arguments: ()
--- Logging error ---
Traceback (most recent call last):
  File "C:\Users\banzo\AppData\Local\Programs\Python\Python312\Lib\logging\__init__.py", line 1163, in emit
    stream.write(msg + self.terminator)
  File "C:\Users\banzo\AppData\Local\Programs\Python\Python312\Lib\encodings\cp1252.py", line 19, in encode
    return codecs.charmap_encode(input,self.errors,encoding_table)[0]
           ^^^^^^^^^^^^^^^^^^^^^^^^^^^^^^^^^^^^^^^^^^^^^^^^^^^^^^^
UnicodeEncodeError: 'charmap' codec can't encode characters in position 36-37: character maps to <undefined>
Call stack:
  File "E:\prog fold\Drunken cookies\real-time-inventory\vm_inventory_updater_fixed.py", line 2606, in <module>
    success = main()
  File "E:\prog fold\Drunken cookies\real-time-inventory\vm_inventory_updater_fixed.py", line 162, in main
    sales_data = fetch_sales_data(clover_creds, shopify_creds, target_date)
  File "E:\prog fold\Drunken cookies\real-time-inventory\vm_inventory_updater_fixed.py", line 537, in fetch_sales_data
    location_sales = fetch_clover_sales(creds, target_date)
  File "E:\prog fold\Drunken cookies\real-time-inventory\vm_inventory_updater_fixed.py", line 907, in 
fetch_clover_sales
    logging.warning(f"ΓÜá∩╕Å     PR date: {order_info['order_date_pr']} (target: {order_info['target_date']})")
Message: 'ΓÜá∩╕Å     PR date: 2026-01-30 (target: 2026-01-17)'
Arguments: ()
--- Logging error ---
Traceback (most recent call last):
  File "C:\Users\banzo\AppData\Local\Programs\Python\Python312\Lib\logging\__init__.py", line 1163, in emit
    stream.write(msg + self.terminator)
  File "C:\Users\banzo\AppData\Local\Programs\Python\Python312\Lib\encodings\cp1252.py", line 19, in encode
    return codecs.charmap_encode(input,self.errors,encoding_table)[0]
           ^^^^^^^^^^^^^^^^^^^^^^^^^^^^^^^^^^^^^^^^^^^^^^^^^^^^^^^
UnicodeEncodeError: 'charmap' codec can't encode characters in position 36-37: character maps to <undefined>
Call stack:
  File "E:\prog fold\Drunken cookies\real-time-inventory\vm_inventory_updater_fixed.py", line 2606, in <module>
    success = main()
  File "E:\prog fold\Drunken cookies\real-time-inventory\vm_inventory_updater_fixed.py", line 162, in main
    sales_data = fetch_sales_data(clover_creds, shopify_creds, target_date)
  File "E:\prog fold\Drunken cookies\real-time-inventory\vm_inventory_updater_fixed.py", line 537, in fetch_sales_data
    location_sales = fetch_clover_sales(creds, target_date)
  File "E:\prog fold\Drunken cookies\real-time-inventory\vm_inventory_updater_fixed.py", line 904, in 
fetch_clover_sales
    logging.warning(f"ΓÜá∩╕Å   Order {order_info['order_id']}:")
Message: 'ΓÜá∩╕Å   Order 44N4GVCD8S9H0:'
Arguments: ()
--- Logging error ---
Traceback (most recent call last):
  File "C:\Users\banzo\AppData\Local\Programs\Python\Python312\Lib\logging\__init__.py", line 1163, in emit
    stream.write(msg + self.terminator)
  File "C:\Users\banzo\AppData\Local\Programs\Python\Python312\Lib\encodings\cp1252.py", line 19, in encode
    return codecs.charmap_encode(input,self.errors,encoding_table)[0]
2026-02-16 20:52:19,464 - WARNING - ΓÜá∩╕Å     UTC time: 2026-01-30 17:53:29 UTC
2026-02-16 20:52:19,469 - WARNING - ΓÜá∩╕Å     PR time: 2026-01-30 13:53:29 AST
2026-02-16 20:52:19,470 - WARNING - ΓÜá∩╕Å     PR date: 2026-01-30 (target: 2026-01-17)
2026-02-16 20:52:19,470 - WARNING - ΓÜá∩╕Å   Order RQ2B9HV4V30Z0:
2026-02-16 20:52:19,475 - WARNING - ΓÜá∩╕Å     UTC time: 2026-01-30 17:32:56 UTC
           ^^^^^^^^^^^^^^^^^^^^^^^^^^^^^^^^^^^^^^^^^^^^^^^^^^^^^^^
UnicodeEncodeError: 'charmap' codec can't encode characters in position 36-37: character maps to <undefined>
Call stack:
  File "E:\prog fold\Drunken cookies\real-time-inventory\vm_inventory_updater_fixed.py", line 2606, in <module>
    success = main()
  File "E:\prog fold\Drunken cookies\real-time-inventory\vm_inventory_updater_fixed.py", line 162, in main
    sales_data = fetch_sales_data(clover_creds, shopify_creds, target_date)
  File "E:\prog fold\Drunken cookies\real-time-inventory\vm_inventory_updater_fixed.py", line 537, in fetch_sales_data
    location_sales = fetch_clover_sales(creds, target_date)
  File "E:\prog fold\Drunken cookies\real-time-inventory\vm_inventory_updater_fixed.py", line 905, in 
fetch_clover_sales
    logging.warning(f"ΓÜá∩╕Å     UTC time: {order_info['order_time_utc']}")
Message: 'ΓÜá∩╕Å     UTC time: 2026-01-30 17:53:29 UTC'
Arguments: ()
--- Logging error ---
Traceback (most recent call last):
  File "C:\Users\banzo\AppData\Local\Programs\Python\Python312\Lib\logging\__init__.py", line 1163, in emit
    stream.write(msg + self.terminator)
  File "C:\Users\banzo\AppData\Local\Programs\Python\Python312\Lib\encodings\cp1252.py", line 19, in encode
    return codecs.charmap_encode(input,self.errors,encoding_table)[0]
           ^^^^^^^^^^^^^^^^^^^^^^^^^^^^^^^^^^^^^^^^^^^^^^^^^^^^^^^
UnicodeEncodeError: 'charmap' codec can't encode characters in position 36-37: character maps to <undefined>
Call stack:
  File "E:\prog fold\Drunken cookies\real-time-inventory\vm_inventory_updater_fixed.py", line 2606, in <module>
    success = main()
  File "E:\prog fold\Drunken cookies\real-time-inventory\vm_inventory_updater_fixed.py", line 162, in main
    sales_data = fetch_sales_data(clover_creds, shopify_creds, target_date)
  File "E:\prog fold\Drunken cookies\real-time-inventory\vm_inventory_updater_fixed.py", line 537, in fetch_sales_data
    location_sales = fetch_clover_sales(creds, target_date)
  File "E:\prog fold\Drunken cookies\real-time-inventory\vm_inventory_updater_fixed.py", line 906, in 
fetch_clover_sales
    logging.warning(f"ΓÜá∩╕Å     PR time: {order_info['order_time_pr']}")
Message: 'ΓÜá∩╕Å     PR time: 2026-01-30 13:53:29 AST'
Arguments: ()
--- Logging error ---
Traceback (most recent call last):
  File "C:\Users\banzo\AppData\Local\Programs\Python\Python312\Lib\logging\__init__.py", line 1163, in emit
    stream.write(msg + self.terminator)
  File "C:\Users\banzo\AppData\Local\Programs\Python\Python312\Lib\encodings\cp1252.py", line 19, in encode
    return codecs.charmap_encode(input,self.errors,encoding_table)[0]
           ^^^^^^^^^^^^^^^^^^^^^^^^^^^^^^^^^^^^^^^^^^^^^^^^^^^^^^^
UnicodeEncodeError: 'charmap' codec can't encode characters in position 36-37: character maps to <undefined>
Call stack:
  File "E:\prog fold\Drunken cookies\real-time-inventory\vm_inventory_updater_fixed.py", line 2606, in <module>
    success = main()
  File "E:\prog fold\Drunken cookies\real-time-inventory\vm_inventory_updater_fixed.py", line 162, in main
    sales_data = fetch_sales_data(clover_creds, shopify_creds, target_date)
  File "E:\prog fold\Drunken cookies\real-time-inventory\vm_inventory_updater_fixed.py", line 537, in fetch_sales_data
    location_sales = fetch_clover_sales(creds, target_date)
  File "E:\prog fold\Drunken cookies\real-time-inventory\vm_inventory_updater_fixed.py", line 907, in 
fetch_clover_sales
    logging.warning(f"ΓÜá∩╕Å     PR date: {order_info['order_date_pr']} (target: {order_info['target_date']})")
Message: 'ΓÜá∩╕Å     PR date: 2026-01-30 (target: 2026-01-17)'
Arguments: ()
--- Logging error ---
Traceback (most recent call last):
  File "C:\Users\banzo\AppData\Local\Programs\Python\Python312\Lib\logging\__init__.py", line 1163, in emit
2026-02-16 20:52:19,476 - WARNING - ΓÜá∩╕Å     PR time: 2026-01-30 13:32:56 AST
    stream.write(msg + self.terminator)
  File "C:\Users\banzo\AppData\Local\Programs\Python\Python312\Lib\encodings\cp1252.py", line 19, in encode
    return codecs.charmap_encode(input,self.errors,encoding_table)[0]
           ^^^^^^^^^^^^^^^^^^^^^^^^^^^^^^^^^^^^^^^^^^^^^^^^^^^^^^^
UnicodeEncodeError: 'charmap' codec can't encode characters in position 36-37: character maps to <undefined>
Call stack:
  File "E:\prog fold\Drunken cookies\real-time-inventory\vm_inventory_updater_fixed.py", line 2606, in <module>
    success = main()
  File "E:\prog fold\Drunken cookies\real-time-inventory\vm_inventory_updater_fixed.py", line 162, in main
    sales_data = fetch_sales_data(clover_creds, shopify_creds, target_date)
  File "E:\prog fold\Drunken cookies\real-time-inventory\vm_inventory_updater_fixed.py", line 537, in fetch_sales_data
    location_sales = fetch_clover_sales(creds, target_date)
  File "E:\prog fold\Drunken cookies\real-time-inventory\vm_inventory_updater_fixed.py", line 904, in 
fetch_clover_sales
    logging.warning(f"ΓÜá∩╕Å   Order {order_info['order_id']}:")
Message: 'ΓÜá∩╕Å   Order RQ2B9HV4V30Z0:'
Arguments: ()
--- Logging error ---
Traceback (most recent call last):
  File "C:\Users\banzo\AppData\Local\Programs\Python\Python312\Lib\logging\__init__.py", line 1163, in emit
    stream.write(msg + self.terminator)
  File "C:\Users\banzo\AppData\Local\Programs\Python\Python312\Lib\encodings\cp1252.py", line 19, in encode
    return codecs.charmap_encode(input,self.errors,encoding_table)[0]
           ^^^^^^^^^^^^^^^^^^^^^^^^^^^^^^^^^^^^^^^^^^^^^^^^^^^^^^^
UnicodeEncodeError: 'charmap' codec can't encode characters in position 36-37: character maps to <undefined>
Call stack:
  File "E:\prog fold\Drunken cookies\real-time-inventory\vm_inventory_updater_fixed.py", line 2606, in <module>
    success = main()
  File "E:\prog fold\Drunken cookies\real-time-inventory\vm_inventory_updater_fixed.py", line 162, in main
    sales_data = fetch_sales_data(clover_creds, shopify_creds, target_date)
  File "E:\prog fold\Drunken cookies\real-time-inventory\vm_inventory_updater_fixed.py", line 537, in fetch_sales_data
    location_sales = fetch_clover_sales(creds, target_date)
  File "E:\prog fold\Drunken cookies\real-time-inventory\vm_inventory_updater_fixed.py", line 905, in 
fetch_clover_sales
    logging.warning(f"ΓÜá∩╕Å     UTC time: {order_info['order_time_utc']}")
Message: 'ΓÜá∩╕Å     UTC time: 2026-01-30 17:32:56 UTC'
Arguments: ()
--- Logging error ---
Traceback (most recent call last):
  File "C:\Users\banzo\AppData\Local\Programs\Python\Python312\Lib\logging\__init__.py", line 1163, in emit
    stream.write(msg + self.terminator)
  File "C:\Users\banzo\AppData\Local\Programs\Python\Python312\Lib\encodings\cp1252.py", line 19, in encode
    return codecs.charmap_encode(input,self.errors,encoding_table)[0]
           ^^^^^^^^^^^^^^^^^^^^^^^^^^^^^^^^^^^^^^^^^^^^^^^^^^^^^^^
UnicodeEncodeError: 'charmap' codec can't encode characters in position 36-37: character maps to <undefined>
Call stack:
  File "E:\prog fold\Drunken cookies\real-time-inventory\vm_inventory_updater_fixed.py", line 2606, in <module>
    success = main()
  File "E:\prog fold\Drunken cookies\real-time-inventory\vm_inventory_updater_fixed.py", line 162, in main
    sales_data = fetch_sales_data(clover_creds, shopify_creds, target_date)
  File "E:\prog fold\Drunken cookies\real-time-inventory\vm_inventory_updater_fixed.py", line 537, in fetch_sales_data
    location_sales = fetch_clover_sales(creds, target_date)
  File "E:\prog fold\Drunken cookies\real-time-inventory\vm_inventory_updater_fixed.py", line 906, in 
fetch_clover_sales
    logging.warning(f"ΓÜá∩╕Å     PR time: {order_info['order_time_pr']}")
Message: 'ΓÜá∩╕Å     PR time: 2026-01-30 13:32:56 AST'
Arguments: ()
--- Logging error ---
Traceback (most recent call last):
  File "C:\Users\banzo\AppData\Local\Programs\Python\Python312\Lib\logging\__init__.py", line 1163, in emit
    stream.write(msg + self.terminator)
  File "C:\Users\banzo\AppData\Local\Programs\Python\Python312\Lib\encodings\cp1252.py", line 19, in encode
    return codecs.charmap_encode(input,self.errors,encoding_table)[0]
           ^^^^^^^^^^^^^^^^^^^^^^^^^^^^^^^^^^^^^^^^^^^^^^^^^^^^^^^
UnicodeEncodeError: 'charmap' codec can't encode characters in position 36-37: character maps to <undefined>
Call stack:
  File "E:\prog fold\Drunken cookies\real-time-inventory\vm_inventory_updater_fixed.py", line 2606, in <module>
    success = main()
  File "E:\prog fold\Drunken cookies\real-time-inventory\vm_inventory_updater_fixed.py", line 162, in main
2026-02-16 20:52:19,476 - WARNING - ΓÜá∩╕Å     PR date: 2026-01-30 (target: 2026-01-17)
2026-02-16 20:52:19,482 - WARNING - ΓÜá∩╕Å   Order 8HS8CEY35A37M:
2026-02-16 20:52:19,482 - WARNING - ΓÜá∩╕Å     UTC time: 2026-01-30 16:45:55 UTC
2026-02-16 20:52:19,483 - WARNING - ΓÜá∩╕Å     PR time: 2026-01-30 12:45:55 AST
2026-02-16 20:52:19,488 - WARNING - ΓÜá∩╕Å     PR date: 2026-01-30 (target: 2026-01-17)
2026-02-16 20:52:19,489 - WARNING - ΓÜá∩╕Å   Order BPPXQTY0ZVGBT:
    sales_data = fetch_sales_data(clover_creds, shopify_creds, target_date)
  File "E:\prog fold\Drunken cookies\real-time-inventory\vm_inventory_updater_fixed.py", line 537, in fetch_sales_data
    location_sales = fetch_clover_sales(creds, target_date)
  File "E:\prog fold\Drunken cookies\real-time-inventory\vm_inventory_updater_fixed.py", line 907, in 
fetch_clover_sales
    logging.warning(f"ΓÜá∩╕Å     PR date: {order_info['order_date_pr']} (target: {order_info['target_date']})")
Message: 'ΓÜá∩╕Å     PR date: 2026-01-30 (target: 2026-01-17)'
Arguments: ()
--- Logging error ---
Traceback (most recent call last):
  File "C:\Users\banzo\AppData\Local\Programs\Python\Python312\Lib\logging\__init__.py", line 1163, in emit
    stream.write(msg + self.terminator)
  File "C:\Users\banzo\AppData\Local\Programs\Python\Python312\Lib\encodings\cp1252.py", line 19, in encode
    return codecs.charmap_encode(input,self.errors,encoding_table)[0]
           ^^^^^^^^^^^^^^^^^^^^^^^^^^^^^^^^^^^^^^^^^^^^^^^^^^^^^^^
UnicodeEncodeError: 'charmap' codec can't encode characters in position 36-37: character maps to <undefined>
Call stack:
  File "E:\prog fold\Drunken cookies\real-time-inventory\vm_inventory_updater_fixed.py", line 2606, in <module>
    success = main()
  File "E:\prog fold\Drunken cookies\real-time-inventory\vm_inventory_updater_fixed.py", line 162, in main
    sales_data = fetch_sales_data(clover_creds, shopify_creds, target_date)
  File "E:\prog fold\Drunken cookies\real-time-inventory\vm_inventory_updater_fixed.py", line 537, in fetch_sales_data
    location_sales = fetch_clover_sales(creds, target_date)
  File "E:\prog fold\Drunken cookies\real-time-inventory\vm_inventory_updater_fixed.py", line 904, in 
fetch_clover_sales
    logging.warning(f"ΓÜá∩╕Å   Order {order_info['order_id']}:")
Message: 'ΓÜá∩╕Å   Order 8HS8CEY35A37M:'
Arguments: ()
--- Logging error ---
Traceback (most recent call last):
  File "C:\Users\banzo\AppData\Local\Programs\Python\Python312\Lib\logging\__init__.py", line 1163, in emit
    stream.write(msg + self.terminator)
  File "C:\Users\banzo\AppData\Local\Programs\Python\Python312\Lib\encodings\cp1252.py", line 19, in encode
    return codecs.charmap_encode(input,self.errors,encoding_table)[0]
           ^^^^^^^^^^^^^^^^^^^^^^^^^^^^^^^^^^^^^^^^^^^^^^^^^^^^^^^
UnicodeEncodeError: 'charmap' codec can't encode characters in position 36-37: character maps to <undefined>
Call stack:
  File "E:\prog fold\Drunken cookies\real-time-inventory\vm_inventory_updater_fixed.py", line 2606, in <module>
    success = main()
  File "E:\prog fold\Drunken cookies\real-time-inventory\vm_inventory_updater_fixed.py", line 162, in main
    sales_data = fetch_sales_data(clover_creds, shopify_creds, target_date)
  File "E:\prog fold\Drunken cookies\real-time-inventory\vm_inventory_updater_fixed.py", line 537, in fetch_sales_data
    location_sales = fetch_clover_sales(creds, target_date)
  File "E:\prog fold\Drunken cookies\real-time-inventory\vm_inventory_updater_fixed.py", line 905, in 
fetch_clover_sales
    logging.warning(f"ΓÜá∩╕Å     UTC time: {order_info['order_time_utc']}")
Message: 'ΓÜá∩╕Å     UTC time: 2026-01-30 16:45:55 UTC'
Arguments: ()
--- Logging error ---
Traceback (most recent call last):
  File "C:\Users\banzo\AppData\Local\Programs\Python\Python312\Lib\logging\__init__.py", line 1163, in emit
    stream.write(msg + self.terminator)
  File "C:\Users\banzo\AppData\Local\Programs\Python\Python312\Lib\encodings\cp1252.py", line 19, in encode
    return codecs.charmap_encode(input,self.errors,encoding_table)[0]
           ^^^^^^^^^^^^^^^^^^^^^^^^^^^^^^^^^^^^^^^^^^^^^^^^^^^^^^^
UnicodeEncodeError: 'charmap' codec can't encode characters in position 36-37: character maps to <undefined>
Call stack:
  File "E:\prog fold\Drunken cookies\real-time-inventory\vm_inventory_updater_fixed.py", line 2606, in <module>
    success = main()
  File "E:\prog fold\Drunken cookies\real-time-inventory\vm_inventory_updater_fixed.py", line 162, in main
    sales_data = fetch_sales_data(clover_creds, shopify_creds, target_date)
  File "E:\prog fold\Drunken cookies\real-time-inventory\vm_inventory_updater_fixed.py", line 537, in fetch_sales_data
    location_sales = fetch_clover_sales(creds, target_date)
  File "E:\prog fold\Drunken cookies\real-time-inventory\vm_inventory_updater_fixed.py", line 906, in 
fetch_clover_sales
    logging.warning(f"ΓÜá∩╕Å     PR time: {order_info['order_time_pr']}")
Message: 'ΓÜá∩╕Å     PR time: 2026-01-30 12:45:55 AST'
Arguments: ()
--- Logging error ---
Traceback (most recent call last):
  File "C:\Users\banzo\AppData\Local\Programs\Python\Python312\Lib\logging\__init__.py", line 1163, in emit
    stream.write(msg + self.terminator)
  File "C:\Users\banzo\AppData\Local\Programs\Python\Python312\Lib\encodings\cp1252.py", line 19, in encode
    return codecs.charmap_encode(input,self.errors,encoding_table)[0]
           ^^^^^^^^^^^^^^^^^^^^^^^^^^^^^^^^^^^^^^^^^^^^^^^^^^^^^^^
UnicodeEncodeError: 'charmap' codec can't encode characters in position 36-37: character maps to <undefined>
Call stack:
  File "E:\prog fold\Drunken cookies\real-time-inventory\vm_inventory_updater_fixed.py", line 2606, in <module>
    success = main()
  File "E:\prog fold\Drunken cookies\real-time-inventory\vm_inventory_updater_fixed.py", line 162, in main
    sales_data = fetch_sales_data(clover_creds, shopify_creds, target_date)
  File "E:\prog fold\Drunken cookies\real-time-inventory\vm_inventory_updater_fixed.py", line 537, in fetch_sales_data
    location_sales = fetch_clover_sales(creds, target_date)
  File "E:\prog fold\Drunken cookies\real-time-inventory\vm_inventory_updater_fixed.py", line 907, in 
fetch_clover_sales
    logging.warning(f"ΓÜá∩╕Å     PR date: {order_info['order_date_pr']} (target: {order_info['target_date']})")
Message: 'ΓÜá∩╕Å     PR date: 2026-01-30 (target: 2026-01-17)'
Arguments: ()
--- Logging error ---
Traceback (most recent call last):
  File "C:\Users\banzo\AppData\Local\Programs\Python\Python312\Lib\logging\__init__.py", line 1163, in emit
    stream.write(msg + self.terminator)
  File "C:\Users\banzo\AppData\Local\Programs\Python\Python312\Lib\encodings\cp1252.py", line 19, in encode
2026-02-16 20:52:19,489 - WARNING - ΓÜá∩╕Å     UTC time: 2026-01-30 16:27:20 UTC
2026-02-16 20:52:19,497 - WARNING - ΓÜá∩╕Å     PR time: 2026-01-30 12:27:20 AST
2026-02-16 20:52:19,498 - WARNING - ΓÜá∩╕Å     PR date: 2026-01-30 (target: 2026-01-17)
    return codecs.charmap_encode(input,self.errors,encoding_table)[0]
           ^^^^^^^^^^^^^^^^^^^^^^^^^^^^^^^^^^^^^^^^^^^^^^^^^^^^^^^
UnicodeEncodeError: 'charmap' codec can't encode characters in position 36-37: character maps to <undefined>
Call stack:
  File "E:\prog fold\Drunken cookies\real-time-inventory\vm_inventory_updater_fixed.py", line 2606, in <module>
    success = main()
  File "E:\prog fold\Drunken cookies\real-time-inventory\vm_inventory_updater_fixed.py", line 162, in main
    sales_data = fetch_sales_data(clover_creds, shopify_creds, target_date)
  File "E:\prog fold\Drunken cookies\real-time-inventory\vm_inventory_updater_fixed.py", line 537, in fetch_sales_data
    location_sales = fetch_clover_sales(creds, target_date)
  File "E:\prog fold\Drunken cookies\real-time-inventory\vm_inventory_updater_fixed.py", line 904, in 
fetch_clover_sales
    logging.warning(f"ΓÜá∩╕Å   Order {order_info['order_id']}:")
Message: 'ΓÜá∩╕Å   Order BPPXQTY0ZVGBT:'
Arguments: ()
--- Logging error ---
Traceback (most recent call last):
  File "C:\Users\banzo\AppData\Local\Programs\Python\Python312\Lib\logging\__init__.py", line 1163, in emit
    stream.write(msg + self.terminator)
  File "C:\Users\banzo\AppData\Local\Programs\Python\Python312\Lib\encodings\cp1252.py", line 19, in encode
    return codecs.charmap_encode(input,self.errors,encoding_table)[0]
           ^^^^^^^^^^^^^^^^^^^^^^^^^^^^^^^^^^^^^^^^^^^^^^^^^^^^^^^
UnicodeEncodeError: 'charmap' codec can't encode characters in position 36-37: character maps to <undefined>
Call stack:
  File "E:\prog fold\Drunken cookies\real-time-inventory\vm_inventory_updater_fixed.py", line 2606, in <module>
    success = main()
  File "E:\prog fold\Drunken cookies\real-time-inventory\vm_inventory_updater_fixed.py", line 162, in main
    sales_data = fetch_sales_data(clover_creds, shopify_creds, target_date)
  File "E:\prog fold\Drunken cookies\real-time-inventory\vm_inventory_updater_fixed.py", line 537, in fetch_sales_data
    location_sales = fetch_clover_sales(creds, target_date)
  File "E:\prog fold\Drunken cookies\real-time-inventory\vm_inventory_updater_fixed.py", line 905, in 
fetch_clover_sales
2026-02-16 20:52:19,498 - WARNING - ΓÜá∩╕Å   Order PKWYBNBM73626:
2026-02-16 20:52:19,504 - WARNING - ΓÜá∩╕Å     UTC time: 2026-01-30 16:13:36 UTC
2026-02-16 20:52:19,505 - WARNING - ΓÜá∩╕Å     PR time: 2026-01-30 12:13:36 AST
    logging.warning(f"ΓÜá∩╕Å     UTC time: {order_info['order_time_utc']}")
Message: 'ΓÜá∩╕Å     UTC time: 2026-01-30 16:27:20 UTC'
Arguments: ()
--- Logging error ---
Traceback (most recent call last):
  File "C:\Users\banzo\AppData\Local\Programs\Python\Python312\Lib\logging\__init__.py", line 1163, in emit
    stream.write(msg + self.terminator)
  File "C:\Users\banzo\AppData\Local\Programs\Python\Python312\Lib\encodings\cp1252.py", line 19, in encode
    return codecs.charmap_encode(input,self.errors,encoding_table)[0]
           ^^^^^^^^^^^^^^^^^^^^^^^^^^^^^^^^^^^^^^^^^^^^^^^^^^^^^^^
UnicodeEncodeError: 'charmap' codec can't encode characters in position 36-37: character maps to <undefined>
Call stack:
  File "E:\prog fold\Drunken cookies\real-time-inventory\vm_inventory_updater_fixed.py", line 2606, in <module>
    success = main()
  File "E:\prog fold\Drunken cookies\real-time-inventory\vm_inventory_updater_fixed.py", line 162, in main
    sales_data = fetch_sales_data(clover_creds, shopify_creds, target_date)
  File "E:\prog fold\Drunken cookies\real-time-inventory\vm_inventory_updater_fixed.py", line 537, in fetch_sales_data
    location_sales = fetch_clover_sales(creds, target_date)
  File "E:\prog fold\Drunken cookies\real-time-inventory\vm_inventory_updater_fixed.py", line 906, in 
fetch_clover_sales
    logging.warning(f"ΓÜá∩╕Å     PR time: {order_info['order_time_pr']}")
Message: 'ΓÜá∩╕Å     PR time: 2026-01-30 12:27:20 AST'
Arguments: ()
--- Logging error ---
Traceback (most recent call last):
  File "C:\Users\banzo\AppData\Local\Programs\Python\Python312\Lib\logging\__init__.py", line 1163, in emit
    stream.write(msg + self.terminator)
  File "C:\Users\banzo\AppData\Local\Programs\Python\Python312\Lib\encodings\cp1252.py", line 19, in encode
    return codecs.charmap_encode(input,self.errors,encoding_table)[0]
           ^^^^^^^^^^^^^^^^^^^^^^^^^^^^^^^^^^^^^^^^^^^^^^^^^^^^^^^
UnicodeEncodeError: 'charmap' codec can't encode characters in position 36-37: character maps to <undefined>
Call stack:
  File "E:\prog fold\Drunken cookies\real-time-inventory\vm_inventory_updater_fixed.py", line 2606, in <module>
    success = main()
  File "E:\prog fold\Drunken cookies\real-time-inventory\vm_inventory_updater_fixed.py", line 162, in main
    sales_data = fetch_sales_data(clover_creds, shopify_creds, target_date)
  File "E:\prog fold\Drunken cookies\real-time-inventory\vm_inventory_updater_fixed.py", line 537, in fetch_sales_data
    location_sales = fetch_clover_sales(creds, target_date)
  File "E:\prog fold\Drunken cookies\real-time-inventory\vm_inventory_updater_fixed.py", line 907, in 
fetch_clover_sales
    logging.warning(f"ΓÜá∩╕Å     PR date: {order_info['order_date_pr']} (target: {order_info['target_date']})")
Message: 'ΓÜá∩╕Å     PR date: 2026-01-30 (target: 2026-01-17)'
Arguments: ()
--- Logging error ---
Traceback (most recent call last):
  File "C:\Users\banzo\AppData\Local\Programs\Python\Python312\Lib\logging\__init__.py", line 1163, in emit
    stream.write(msg + self.terminator)
  File "C:\Users\banzo\AppData\Local\Programs\Python\Python312\Lib\encodings\cp1252.py", line 19, in encode
    return codecs.charmap_encode(input,self.errors,encoding_table)[0]
           ^^^^^^^^^^^^^^^^^^^^^^^^^^^^^^^^^^^^^^^^^^^^^^^^^^^^^^^
UnicodeEncodeError: 'charmap' codec can't encode characters in position 36-37: character maps to <undefined>
Call stack:
  File "E:\prog fold\Drunken cookies\real-time-inventory\vm_inventory_updater_fixed.py", line 2606, in <module>
    success = main()
  File "E:\prog fold\Drunken cookies\real-time-inventory\vm_inventory_updater_fixed.py", line 162, in main
    sales_data = fetch_sales_data(clover_creds, shopify_creds, target_date)
  File "E:\prog fold\Drunken cookies\real-time-inventory\vm_inventory_updater_fixed.py", line 537, in fetch_sales_data
    location_sales = fetch_clover_sales(creds, target_date)
  File "E:\prog fold\Drunken cookies\real-time-inventory\vm_inventory_updater_fixed.py", line 904, in 
fetch_clover_sales
    logging.warning(f"ΓÜá∩╕Å   Order {order_info['order_id']}:")
Message: 'ΓÜá∩╕Å   Order PKWYBNBM73626:'
Arguments: ()
--- Logging error ---
Traceback (most recent call last):
  File "C:\Users\banzo\AppData\Local\Programs\Python\Python312\Lib\logging\__init__.py", line 1163, in emit
    stream.write(msg + self.terminator)
  File "C:\Users\banzo\AppData\Local\Programs\Python\Python312\Lib\encodings\cp1252.py", line 19, in encode
    return codecs.charmap_encode(input,self.errors,encoding_table)[0]
           ^^^^^^^^^^^^^^^^^^^^^^^^^^^^^^^^^^^^^^^^^^^^^^^^^^^^^^^
UnicodeEncodeError: 'charmap' codec can't encode characters in position 36-37: character maps to <undefined>
Call stack:
  File "E:\prog fold\Drunken cookies\real-time-inventory\vm_inventory_updater_fixed.py", line 2606, in <module>
    success = main()
  File "E:\prog fold\Drunken cookies\real-time-inventory\vm_inventory_updater_fixed.py", line 162, in main
    sales_data = fetch_sales_data(clover_creds, shopify_creds, target_date)
  File "E:\prog fold\Drunken cookies\real-time-inventory\vm_inventory_updater_fixed.py", line 537, in fetch_sales_data
    location_sales = fetch_clover_sales(creds, target_date)
  File "E:\prog fold\Drunken cookies\real-time-inventory\vm_inventory_updater_fixed.py", line 905, in 
fetch_clover_sales
    logging.warning(f"ΓÜá∩╕Å     UTC time: {order_info['order_time_utc']}")
Message: 'ΓÜá∩╕Å     UTC time: 2026-01-30 16:13:36 UTC'
Arguments: ()
--- Logging error ---
Traceback (most recent call last):
  File "C:\Users\banzo\AppData\Local\Programs\Python\Python312\Lib\logging\__init__.py", line 1163, in emit
    stream.write(msg + self.terminator)
  File "C:\Users\banzo\AppData\Local\Programs\Python\Python312\Lib\encodings\cp1252.py", line 19, in encode
    return codecs.charmap_encode(input,self.errors,encoding_table)[0]
           ^^^^^^^^^^^^^^^^^^^^^^^^^^^^^^^^^^^^^^^^^^^^^^^^^^^^^^^
UnicodeEncodeError: 'charmap' codec can't encode characters in position 36-37: character maps to <undefined>
Call stack:
  File "E:\prog fold\Drunken cookies\real-time-inventory\vm_inventory_updater_fixed.py", line 2606, in <module>
    success = main()
  File "E:\prog fold\Drunken cookies\real-time-inventory\vm_inventory_updater_fixed.py", line 162, in main
    sales_data = fetch_sales_data(clover_creds, shopify_creds, target_date)
  File "E:\prog fold\Drunken cookies\real-time-inventory\vm_inventory_updater_fixed.py", line 537, in fetch_sales_data
    location_sales = fetch_clover_sales(creds, target_date)
  File "E:\prog fold\Drunken cookies\real-time-inventory\vm_inventory_updater_fixed.py", line 906, in 
fetch_clover_sales
    logging.warning(f"ΓÜá∩╕Å     PR time: {order_info['order_time_pr']}")
Message: 'ΓÜá∩╕Å     PR time: 2026-01-30 12:13:36 AST'
Arguments: ()
--- Logging error ---
2026-02-16 20:52:19,506 - WARNING - ΓÜá∩╕Å     PR date: 2026-01-30 (target: 2026-01-17)
2026-02-16 20:52:19,512 - WARNING - ΓÜá∩╕Å   Order 780E2DM3AXBMJ:
2026-02-16 20:52:19,512 - WARNING - ΓÜá∩╕Å     UTC time: 2026-01-29 21:58:52 UTC
Traceback (most recent call last):
  File "C:\Users\banzo\AppData\Local\Programs\Python\Python312\Lib\logging\__init__.py", line 1163, in emit
    stream.write(msg + self.terminator)
  File "C:\Users\banzo\AppData\Local\Programs\Python\Python312\Lib\encodings\cp1252.py", line 19, in encode
    return codecs.charmap_encode(input,self.errors,encoding_table)[0]
           ^^^^^^^^^^^^^^^^^^^^^^^^^^^^^^^^^^^^^^^^^^^^^^^^^^^^^^^
UnicodeEncodeError: 'charmap' codec can't encode characters in position 36-37: character maps to <undefined>
Call stack:
  File "E:\prog fold\Drunken cookies\real-time-inventory\vm_inventory_updater_fixed.py", line 2606, in <module>
    success = main()
  File "E:\prog fold\Drunken cookies\real-time-inventory\vm_inventory_updater_fixed.py", line 162, in main
    sales_data = fetch_sales_data(clover_creds, shopify_creds, target_date)
  File "E:\prog fold\Drunken cookies\real-time-inventory\vm_inventory_updater_fixed.py", line 537, in fetch_sales_data
    location_sales = fetch_clover_sales(creds, target_date)
  File "E:\prog fold\Drunken cookies\real-time-inventory\vm_inventory_updater_fixed.py", line 907, in 
fetch_clover_sales
    logging.warning(f"ΓÜá∩╕Å     PR date: {order_info['order_date_pr']} (target: {order_info['target_date']})")
Message: 'ΓÜá∩╕Å     PR date: 2026-01-30 (target: 2026-01-17)'
Arguments: ()
--- Logging error ---
Traceback (most recent call last):
  File "C:\Users\banzo\AppData\Local\Programs\Python\Python312\Lib\logging\__init__.py", line 1163, in emit
    stream.write(msg + self.terminator)
  File "C:\Users\banzo\AppData\Local\Programs\Python\Python312\Lib\encodings\cp1252.py", line 19, in encode
    return codecs.charmap_encode(input,self.errors,encoding_table)[0]
           ^^^^^^^^^^^^^^^^^^^^^^^^^^^^^^^^^^^^^^^^^^^^^^^^^^^^^^^
UnicodeEncodeError: 'charmap' codec can't encode characters in position 36-37: character maps to <undefined>
Call stack:
  File "E:\prog fold\Drunken cookies\real-time-inventory\vm_inventory_updater_fixed.py", line 2606, in <module>
    success = main()
  File "E:\prog fold\Drunken cookies\real-time-inventory\vm_inventory_updater_fixed.py", line 162, in main
    sales_data = fetch_sales_data(clover_creds, shopify_creds, target_date)
  File "E:\prog fold\Drunken cookies\real-time-inventory\vm_inventory_updater_fixed.py", line 537, in fetch_sales_data
    location_sales = fetch_clover_sales(creds, target_date)
  File "E:\prog fold\Drunken cookies\real-time-inventory\vm_inventory_updater_fixed.py", line 904, in 
fetch_clover_sales
    logging.warning(f"ΓÜá∩╕Å   Order {order_info['order_id']}:")
Message: 'ΓÜá∩╕Å   Order 780E2DM3AXBMJ:'
Arguments: ()
--- Logging error ---
Traceback (most recent call last):
  File "C:\Users\banzo\AppData\Local\Programs\Python\Python312\Lib\logging\__init__.py", line 1163, in emit
    stream.write(msg + self.terminator)
  File "C:\Users\banzo\AppData\Local\Programs\Python\Python312\Lib\encodings\cp1252.py", line 19, in encode
    return codecs.charmap_encode(input,self.errors,encoding_table)[0]
           ^^^^^^^^^^^^^^^^^^^^^^^^^^^^^^^^^^^^^^^^^^^^^^^^^^^^^^^
UnicodeEncodeError: 'charmap' codec can't encode characters in position 36-37: character maps to <undefined>
Call stack:
  File "E:\prog fold\Drunken cookies\real-time-inventory\vm_inventory_updater_fixed.py", line 2606, in <module>
    success = main()
  File "E:\prog fold\Drunken cookies\real-time-inventory\vm_inventory_updater_fixed.py", line 162, in main
    sales_data = fetch_sales_data(clover_creds, shopify_creds, target_date)
  File "E:\prog fold\Drunken cookies\real-time-inventory\vm_inventory_updater_fixed.py", line 537, in fetch_sales_data
    location_sales = fetch_clover_sales(creds, target_date)
  File "E:\prog fold\Drunken cookies\real-time-inventory\vm_inventory_updater_fixed.py", line 905, in 
fetch_clover_sales
    logging.warning(f"ΓÜá∩╕Å     UTC time: {order_info['order_time_utc']}")
Message: 'ΓÜá∩╕Å     UTC time: 2026-01-29 21:58:52 UTC'
Arguments: ()
--- Logging error ---
Traceback (most recent call last):
  File "C:\Users\banzo\AppData\Local\Programs\Python\Python312\Lib\logging\__init__.py", line 1163, in emit
    stream.write(msg + self.terminator)
  File "C:\Users\banzo\AppData\Local\Programs\Python\Python312\Lib\encodings\cp1252.py", line 19, in encode
    return codecs.charmap_encode(input,self.errors,encoding_table)[0]
           ^^^^^^^^^^^^^^^^^^^^^^^^^^^^^^^^^^^^^^^^^^^^^^^^^^^^^^^
UnicodeEncodeError: 'charmap' codec can't encode characters in position 36-37: character maps to <undefined>
Call stack:
  File "E:\prog fold\Drunken cookies\real-time-inventory\vm_inventory_updater_fixed.py", line 2606, in <module>
    success = main()
  File "E:\prog fold\Drunken cookies\real-time-inventory\vm_inventory_updater_fixed.py", line 162, in main
    sales_data = fetch_sales_data(clover_creds, shopify_creds, target_date)
2026-02-16 20:52:19,513 - WARNING - ΓÜá∩╕Å     PR time: 2026-01-29 17:58:52 AST
2026-02-16 20:52:19,520 - WARNING - ΓÜá∩╕Å     PR date: 2026-01-29 (target: 2026-01-17)
2026-02-16 20:52:19,520 - WARNING - ΓÜá∩╕Å   Order 9XMS3ST5HNYXJ:
2026-02-16 20:52:19,521 - WARNING - ΓÜá∩╕Å     UTC time: 2026-01-29 19:16:35 UTC
2026-02-16 20:52:19,526 - WARNING - ΓÜá∩╕Å     PR time: 2026-01-29 15:16:35 AST
2026-02-16 20:52:19,527 - WARNING - ΓÜá∩╕Å     PR date: 2026-01-29 (target: 2026-01-17)
  File "E:\prog fold\Drunken cookies\real-time-inventory\vm_inventory_updater_fixed.py", line 537, in fetch_sales_data
    location_sales = fetch_clover_sales(creds, target_date)
  File "E:\prog fold\Drunken cookies\real-time-inventory\vm_inventory_updater_fixed.py", line 906, in 
fetch_clover_sales
    logging.warning(f"ΓÜá∩╕Å     PR time: {order_info['order_time_pr']}")
Message: 'ΓÜá∩╕Å     PR time: 2026-01-29 17:58:52 AST'
Arguments: ()
--- Logging error ---
Traceback (most recent call last):
  File "C:\Users\banzo\AppData\Local\Programs\Python\Python312\Lib\logging\__init__.py", line 1163, in emit
    stream.write(msg + self.terminator)
  File "C:\Users\banzo\AppData\Local\Programs\Python\Python312\Lib\encodings\cp1252.py", line 19, in encode
    return codecs.charmap_encode(input,self.errors,encoding_table)[0]
           ^^^^^^^^^^^^^^^^^^^^^^^^^^^^^^^^^^^^^^^^^^^^^^^^^^^^^^^
UnicodeEncodeError: 'charmap' codec can't encode characters in position 36-37: character maps to <undefined>
Call stack:
  File "E:\prog fold\Drunken cookies\real-time-inventory\vm_inventory_updater_fixed.py", line 2606, in <module>
    success = main()
  File "E:\prog fold\Drunken cookies\real-time-inventory\vm_inventory_updater_fixed.py", line 162, in main
    sales_data = fetch_sales_data(clover_creds, shopify_creds, target_date)
  File "E:\prog fold\Drunken cookies\real-time-inventory\vm_inventory_updater_fixed.py", line 537, in fetch_sales_data
    location_sales = fetch_clover_sales(creds, target_date)
  File "E:\prog fold\Drunken cookies\real-time-inventory\vm_inventory_updater_fixed.py", line 907, in 
fetch_clover_sales
    logging.warning(f"ΓÜá∩╕Å     PR date: {order_info['order_date_pr']} (target: {order_info['target_date']})")
Message: 'ΓÜá∩╕Å     PR date: 2026-01-29 (target: 2026-01-17)'
Arguments: ()
--- Logging error ---
Traceback (most recent call last):
  File "C:\Users\banzo\AppData\Local\Programs\Python\Python312\Lib\logging\__init__.py", line 1163, in emit
    stream.write(msg + self.terminator)
  File "C:\Users\banzo\AppData\Local\Programs\Python\Python312\Lib\encodings\cp1252.py", line 19, in encode
    return codecs.charmap_encode(input,self.errors,encoding_table)[0]
           ^^^^^^^^^^^^^^^^^^^^^^^^^^^^^^^^^^^^^^^^^^^^^^^^^^^^^^^
UnicodeEncodeError: 'charmap' codec can't encode characters in position 36-37: character maps to <undefined>
Call stack:
  File "E:\prog fold\Drunken cookies\real-time-inventory\vm_inventory_updater_fixed.py", line 2606, in <module>
    success = main()
  File "E:\prog fold\Drunken cookies\real-time-inventory\vm_inventory_updater_fixed.py", line 162, in main
    sales_data = fetch_sales_data(clover_creds, shopify_creds, target_date)
  File "E:\prog fold\Drunken cookies\real-time-inventory\vm_inventory_updater_fixed.py", line 537, in fetch_sales_data
    location_sales = fetch_clover_sales(creds, target_date)
  File "E:\prog fold\Drunken cookies\real-time-inventory\vm_inventory_updater_fixed.py", line 904, in 
fetch_clover_sales
    logging.warning(f"ΓÜá∩╕Å   Order {order_info['order_id']}:")
Message: 'ΓÜá∩╕Å   Order 9XMS3ST5HNYXJ:'
Arguments: ()
--- Logging error ---
Traceback (most recent call last):
  File "C:\Users\banzo\AppData\Local\Programs\Python\Python312\Lib\logging\__init__.py", line 1163, in emit
    stream.write(msg + self.terminator)
  File "C:\Users\banzo\AppData\Local\Programs\Python\Python312\Lib\encodings\cp1252.py", line 19, in encode
    return codecs.charmap_encode(input,self.errors,encoding_table)[0]
           ^^^^^^^^^^^^^^^^^^^^^^^^^^^^^^^^^^^^^^^^^^^^^^^^^^^^^^^
UnicodeEncodeError: 'charmap' codec can't encode characters in position 36-37: character maps to <undefined>
Call stack:
  File "E:\prog fold\Drunken cookies\real-time-inventory\vm_inventory_updater_fixed.py", line 2606, in <module>
    success = main()
  File "E:\prog fold\Drunken cookies\real-time-inventory\vm_inventory_updater_fixed.py", line 162, in main
    sales_data = fetch_sales_data(clover_creds, shopify_creds, target_date)
  File "E:\prog fold\Drunken cookies\real-time-inventory\vm_inventory_updater_fixed.py", line 537, in fetch_sales_data
    location_sales = fetch_clover_sales(creds, target_date)
  File "E:\prog fold\Drunken cookies\real-time-inventory\vm_inventory_updater_fixed.py", line 905, in 
fetch_clover_sales
    logging.warning(f"ΓÜá∩╕Å     UTC time: {order_info['order_time_utc']}")
Message: 'ΓÜá∩╕Å     UTC time: 2026-01-29 19:16:35 UTC'
Arguments: ()
--- Logging error ---
Traceback (most recent call last):
  File "C:\Users\banzo\AppData\Local\Programs\Python\Python312\Lib\logging\__init__.py", line 1163, in emit
    stream.write(msg + self.terminator)
  File "C:\Users\banzo\AppData\Local\Programs\Python\Python312\Lib\encodings\cp1252.py", line 19, in encode
    return codecs.charmap_encode(input,self.errors,encoding_table)[0]
           ^^^^^^^^^^^^^^^^^^^^^^^^^^^^^^^^^^^^^^^^^^^^^^^^^^^^^^^
UnicodeEncodeError: 'charmap' codec can't encode characters in position 36-37: character maps to <undefined>
Call stack:
  File "E:\prog fold\Drunken cookies\real-time-inventory\vm_inventory_updater_fixed.py", line 2606, in <module>
    success = main()
  File "E:\prog fold\Drunken cookies\real-time-inventory\vm_inventory_updater_fixed.py", line 162, in main
    sales_data = fetch_sales_data(clover_creds, shopify_creds, target_date)
  File "E:\prog fold\Drunken cookies\real-time-inventory\vm_inventory_updater_fixed.py", line 537, in fetch_sales_data
    location_sales = fetch_clover_sales(creds, target_date)
  File "E:\prog fold\Drunken cookies\real-time-inventory\vm_inventory_updater_fixed.py", line 906, in 
fetch_clover_sales
    logging.warning(f"ΓÜá∩╕Å     PR time: {order_info['order_time_pr']}")
Message: 'ΓÜá∩╕Å     PR time: 2026-01-29 15:16:35 AST'
Arguments: ()
--- Logging error ---
Traceback (most recent call last):
  File "C:\Users\banzo\AppData\Local\Programs\Python\Python312\Lib\logging\__init__.py", line 1163, in emit
    stream.write(msg + self.terminator)
  File "C:\Users\banzo\AppData\Local\Programs\Python\Python312\Lib\encodings\cp1252.py", line 19, in encode
    return codecs.charmap_encode(input,self.errors,encoding_table)[0]
           ^^^^^^^^^^^^^^^^^^^^^^^^^^^^^^^^^^^^^^^^^^^^^^^^^^^^^^^
UnicodeEncodeError: 'charmap' codec can't encode characters in position 36-37: character maps to <undefined>
Call stack:
  File "E:\prog fold\Drunken cookies\real-time-inventory\vm_inventory_updater_fixed.py", line 2606, in <module>
    success = main()
  File "E:\prog fold\Drunken cookies\real-time-inventory\vm_inventory_updater_fixed.py", line 162, in main
    sales_data = fetch_sales_data(clover_creds, shopify_creds, target_date)
  File "E:\prog fold\Drunken cookies\real-time-inventory\vm_inventory_updater_fixed.py", line 537, in fetch_sales_data
    location_sales = fetch_clover_sales(creds, target_date)
  File "E:\prog fold\Drunken cookies\real-time-inventory\vm_inventory_updater_fixed.py", line 907, in 
fetch_clover_sales
    logging.warning(f"ΓÜá∩╕Å     PR date: {order_info['order_date_pr']} (target: {order_info['target_date']})")
Message: 'ΓÜá∩╕Å     PR date: 2026-01-29 (target: 2026-01-17)'
Arguments: ()
--- Logging error ---
Traceback (most recent call last):
  File "C:\Users\banzo\AppData\Local\Programs\Python\Python312\Lib\logging\__init__.py", line 1163, in emit
    stream.write(msg + self.terminator)
  File "C:\Users\banzo\AppData\Local\Programs\Python\Python312\Lib\encodings\cp1252.py", line 19, in encode
    return codecs.charmap_encode(input,self.errors,encoding_table)[0]
2026-02-16 20:52:19,527 - WARNING - ΓÜá∩╕Å   Order RCRD740M9RDPJ:
           ^^^^^^^^^^^^^^^^^^^^^^^^^^^^^^^^^^^^^^^^^^^^^^^^^^^^^^^
UnicodeEncodeError: 'charmap' codec can't encode characters in position 36-37: character maps to <undefined>
Call stack:
  File "E:\prog fold\Drunken cookies\real-time-inventory\vm_inventory_updater_fixed.py", line 2606, in <module>
    success = main()
  File "E:\prog fold\Drunken cookies\real-time-inventory\vm_inventory_updater_fixed.py", line 162, in main
    sales_data = fetch_sales_data(clover_creds, shopify_creds, target_date)
  File "E:\prog fold\Drunken cookies\real-time-inventory\vm_inventory_updater_fixed.py", line 537, in fetch_sales_data
    location_sales = fetch_clover_sales(creds, target_date)
  File "E:\prog fold\Drunken cookies\real-time-inventory\vm_inventory_updater_fixed.py", line 904, in 
fetch_clover_sales
    logging.warning(f"ΓÜá∩╕Å   Order {order_info['order_id']}:")
Message: 'ΓÜá∩╕Å   Order RCRD740M9RDPJ:'
Arguments: ()
--- Logging error ---
Traceback (most recent call last):
  File "C:\Users\banzo\AppData\Local\Programs\Python\Python312\Lib\logging\__init__.py", line 1163, in emit
    stream.write(msg + self.terminator)
  File "C:\Users\banzo\AppData\Local\Programs\Python\Python312\Lib\encodings\cp1252.py", line 19, in encode
    return codecs.charmap_encode(input,self.errors,encoding_table)[0]
           ^^^^^^^^^^^^^^^^^^^^^^^^^^^^^^^^^^^^^^^^^^^^^^^^^^^^^^^
UnicodeEncodeError: 'charmap' codec can't encode characters in position 36-37: character maps to <undefined>
Call stack:
  File "E:\prog fold\Drunken cookies\real-time-inventory\vm_inventory_updater_fixed.py", line 2606, in <module>
    success = main()
  File "E:\prog fold\Drunken cookies\real-time-inventory\vm_inventory_updater_fixed.py", line 162, in main
    sales_data = fetch_sales_data(clover_creds, shopify_creds, target_date)
  File "E:\prog fold\Drunken cookies\real-time-inventory\vm_inventory_updater_fixed.py", line 537, in fetch_sales_data
    location_sales = fetch_clover_sales(creds, target_date)
  File "E:\prog fold\Drunken cookies\real-time-inventory\vm_inventory_updater_fixed.py", line 905, in 
fetch_clover_sales
    logging.warning(f"ΓÜá∩╕Å     UTC time: {order_info['order_time_utc']}")
Message: 'ΓÜá∩╕Å     UTC time: 2026-01-29 17:54:30 UTC'
Arguments: ()
--- Logging error ---
Traceback (most recent call last):
  File "C:\Users\banzo\AppData\Local\Programs\Python\Python312\Lib\logging\__init__.py", line 1163, in emit
    stream.write(msg + self.terminator)
  File "C:\Users\banzo\AppData\Local\Programs\Python\Python312\Lib\encodings\cp1252.py", line 19, in encode
    return codecs.charmap_encode(input,self.errors,encoding_table)[0]
           ^^^^^^^^^^^^^^^^^^^^^^^^^^^^^^^^^^^^^^^^^^^^^^^^^^^^^^^
UnicodeEncodeError: 'charmap' codec can't encode characters in position 36-37: character maps to <undefined>
Call stack:
  File "E:\prog fold\Drunken cookies\real-time-inventory\vm_inventory_updater_fixed.py", line 2606, in <module>
    success = main()
  File "E:\prog fold\Drunken cookies\real-time-inventory\vm_inventory_updater_fixed.py", line 162, in main
    sales_data = fetch_sales_data(clover_creds, shopify_creds, target_date)
  File "E:\prog fold\Drunken cookies\real-time-inventory\vm_inventory_updater_fixed.py", line 537, in fetch_sales_data
    location_sales = fetch_clover_sales(creds, target_date)
  File "E:\prog fold\Drunken cookies\real-time-inventory\vm_inventory_updater_fixed.py", line 906, in 
fetch_clover_sales
    logging.warning(f"ΓÜá∩╕Å     PR time: {order_info['order_time_pr']}")
Message: 'ΓÜá∩╕Å     PR time: 2026-01-29 13:54:30 AST'
Arguments: ()
--- Logging error ---
Traceback (most recent call last):
  File "C:\Users\banzo\AppData\Local\Programs\Python\Python312\Lib\logging\__init__.py", line 1163, in emit
    stream.write(msg + self.terminator)
  File "C:\Users\banzo\AppData\Local\Programs\Python\Python312\Lib\encodings\cp1252.py", line 19, in encode
    return codecs.charmap_encode(input,self.errors,encoding_table)[0]
           ^^^^^^^^^^^^^^^^^^^^^^^^^^^^^^^^^^^^^^^^^^^^^^^^^^^^^^^
UnicodeEncodeError: 'charmap' codec can't encode characters in position 36-37: character maps to <undefined>
Call stack:
  File "E:\prog fold\Drunken cookies\real-time-inventory\vm_inventory_updater_fixed.py", line 2606, in <module>
    success = main()
  File "E:\prog fold\Drunken cookies\real-time-inventory\vm_inventory_updater_fixed.py", line 162, in main
    sales_data = fetch_sales_data(clover_creds, shopify_creds, target_date)
  File "E:\prog fold\Drunken cookies\real-time-inventory\vm_inventory_updater_fixed.py", line 537, in fetch_sales_data
2026-02-16 20:52:19,533 - WARNING - ΓÜá∩╕Å     UTC time: 2026-01-29 17:54:30 UTC
2026-02-16 20:52:19,534 - WARNING - ΓÜá∩╕Å     PR time: 2026-01-29 13:54:30 AST
2026-02-16 20:52:19,535 - WARNING - ΓÜá∩╕Å     PR date: 2026-01-29 (target: 2026-01-17)
2026-02-16 20:52:19,541 - WARNING - ΓÜá∩╕Å   Order XYE06YG7WVEHM:
2026-02-16 20:52:19,541 - WARNING - ΓÜá∩╕Å     UTC time: 2026-01-29 17:23:15 UTC
2026-02-16 20:52:19,542 - WARNING - ΓÜá∩╕Å     PR time: 2026-01-29 13:23:15 AST
2026-02-16 20:52:19,546 - WARNING - ΓÜá∩╕Å     PR date: 2026-01-29 (target: 2026-01-17)
2026-02-16 20:52:19,547 - WARNING - ΓÜá∩╕Å   Order WFEFQYQMKWB96:
    location_sales = fetch_clover_sales(creds, target_date)
  File "E:\prog fold\Drunken cookies\real-time-inventory\vm_inventory_updater_fixed.py", line 907, in 
fetch_clover_sales
    logging.warning(f"ΓÜá∩╕Å     PR date: {order_info['order_date_pr']} (target: {order_info['target_date']})")
Message: 'ΓÜá∩╕Å     PR date: 2026-01-29 (target: 2026-01-17)'
Arguments: ()
--- Logging error ---
Traceback (most recent call last):
  File "C:\Users\banzo\AppData\Local\Programs\Python\Python312\Lib\logging\__init__.py", line 1163, in emit
    stream.write(msg + self.terminator)
  File "C:\Users\banzo\AppData\Local\Programs\Python\Python312\Lib\encodings\cp1252.py", line 19, in encode
    return codecs.charmap_encode(input,self.errors,encoding_table)[0]
           ^^^^^^^^^^^^^^^^^^^^^^^^^^^^^^^^^^^^^^^^^^^^^^^^^^^^^^^
UnicodeEncodeError: 'charmap' codec can't encode characters in position 36-37: character maps to <undefined>
Call stack:
  File "E:\prog fold\Drunken cookies\real-time-inventory\vm_inventory_updater_fixed.py", line 2606, in <module>
    success = main()
  File "E:\prog fold\Drunken cookies\real-time-inventory\vm_inventory_updater_fixed.py", line 162, in main
    sales_data = fetch_sales_data(clover_creds, shopify_creds, target_date)
  File "E:\prog fold\Drunken cookies\real-time-inventory\vm_inventory_updater_fixed.py", line 537, in fetch_sales_data
    location_sales = fetch_clover_sales(creds, target_date)
  File "E:\prog fold\Drunken cookies\real-time-inventory\vm_inventory_updater_fixed.py", line 904, in 
fetch_clover_sales
    logging.warning(f"ΓÜá∩╕Å   Order {order_info['order_id']}:")
Message: 'ΓÜá∩╕Å   Order XYE06YG7WVEHM:'
Arguments: ()
--- Logging error ---
Traceback (most recent call last):
  File "C:\Users\banzo\AppData\Local\Programs\Python\Python312\Lib\logging\__init__.py", line 1163, in emit
    stream.write(msg + self.terminator)
  File "C:\Users\banzo\AppData\Local\Programs\Python\Python312\Lib\encodings\cp1252.py", line 19, in encode
    return codecs.charmap_encode(input,self.errors,encoding_table)[0]
           ^^^^^^^^^^^^^^^^^^^^^^^^^^^^^^^^^^^^^^^^^^^^^^^^^^^^^^^
UnicodeEncodeError: 'charmap' codec can't encode characters in position 36-37: character maps to <undefined>
Call stack:
  File "E:\prog fold\Drunken cookies\real-time-inventory\vm_inventory_updater_fixed.py", line 2606, in <module>
    success = main()
  File "E:\prog fold\Drunken cookies\real-time-inventory\vm_inventory_updater_fixed.py", line 162, in main
    sales_data = fetch_sales_data(clover_creds, shopify_creds, target_date)
  File "E:\prog fold\Drunken cookies\real-time-inventory\vm_inventory_updater_fixed.py", line 537, in fetch_sales_data
    location_sales = fetch_clover_sales(creds, target_date)
  File "E:\prog fold\Drunken cookies\real-time-inventory\vm_inventory_updater_fixed.py", line 905, in 
fetch_clover_sales
    logging.warning(f"ΓÜá∩╕Å     UTC time: {order_info['order_time_utc']}")
Message: 'ΓÜá∩╕Å     UTC time: 2026-01-29 17:23:15 UTC'
Arguments: ()
--- Logging error ---
Traceback (most recent call last):
  File "C:\Users\banzo\AppData\Local\Programs\Python\Python312\Lib\logging\__init__.py", line 1163, in emit
    stream.write(msg + self.terminator)
  File "C:\Users\banzo\AppData\Local\Programs\Python\Python312\Lib\encodings\cp1252.py", line 19, in encode
    return codecs.charmap_encode(input,self.errors,encoding_table)[0]
           ^^^^^^^^^^^^^^^^^^^^^^^^^^^^^^^^^^^^^^^^^^^^^^^^^^^^^^^
UnicodeEncodeError: 'charmap' codec can't encode characters in position 36-37: character maps to <undefined>
Call stack:
  File "E:\prog fold\Drunken cookies\real-time-inventory\vm_inventory_updater_fixed.py", line 2606, in <module>
    success = main()
  File "E:\prog fold\Drunken cookies\real-time-inventory\vm_inventory_updater_fixed.py", line 162, in main
    sales_data = fetch_sales_data(clover_creds, shopify_creds, target_date)
  File "E:\prog fold\Drunken cookies\real-time-inventory\vm_inventory_updater_fixed.py", line 537, in fetch_sales_data
    location_sales = fetch_clover_sales(creds, target_date)
  File "E:\prog fold\Drunken cookies\real-time-inventory\vm_inventory_updater_fixed.py", line 906, in 
fetch_clover_sales
    logging.warning(f"ΓÜá∩╕Å     PR time: {order_info['order_time_pr']}")
Message: 'ΓÜá∩╕Å     PR time: 2026-01-29 13:23:15 AST'
Arguments: ()
--- Logging error ---
Traceback (most recent call last):
  File "C:\Users\banzo\AppData\Local\Programs\Python\Python312\Lib\logging\__init__.py", line 1163, in emit
    stream.write(msg + self.terminator)
  File "C:\Users\banzo\AppData\Local\Programs\Python\Python312\Lib\encodings\cp1252.py", line 19, in encode
    return codecs.charmap_encode(input,self.errors,encoding_table)[0]
           ^^^^^^^^^^^^^^^^^^^^^^^^^^^^^^^^^^^^^^^^^^^^^^^^^^^^^^^
UnicodeEncodeError: 'charmap' codec can't encode characters in position 36-37: character maps to <undefined>
Call stack:
  File "E:\prog fold\Drunken cookies\real-time-inventory\vm_inventory_updater_fixed.py", line 2606, in <module>
    success = main()
  File "E:\prog fold\Drunken cookies\real-time-inventory\vm_inventory_updater_fixed.py", line 162, in main
    sales_data = fetch_sales_data(clover_creds, shopify_creds, target_date)
  File "E:\prog fold\Drunken cookies\real-time-inventory\vm_inventory_updater_fixed.py", line 537, in fetch_sales_data
    location_sales = fetch_clover_sales(creds, target_date)
  File "E:\prog fold\Drunken cookies\real-time-inventory\vm_inventory_updater_fixed.py", line 907, in 
fetch_clover_sales
    logging.warning(f"ΓÜá∩╕Å     PR date: {order_info['order_date_pr']} (target: {order_info['target_date']})")
Message: 'ΓÜá∩╕Å     PR date: 2026-01-29 (target: 2026-01-17)'
Arguments: ()
--- Logging error ---
Traceback (most recent call last):
  File "C:\Users\banzo\AppData\Local\Programs\Python\Python312\Lib\logging\__init__.py", line 1163, in emit
    stream.write(msg + self.terminator)
  File "C:\Users\banzo\AppData\Local\Programs\Python\Python312\Lib\encodings\cp1252.py", line 19, in encode
    return codecs.charmap_encode(input,self.errors,encoding_table)[0]
           ^^^^^^^^^^^^^^^^^^^^^^^^^^^^^^^^^^^^^^^^^^^^^^^^^^^^^^^
UnicodeEncodeError: 'charmap' codec can't encode characters in position 36-37: character maps to <undefined>
Call stack:
  File "E:\prog fold\Drunken cookies\real-time-inventory\vm_inventory_updater_fixed.py", line 2606, in <module>
    success = main()
  File "E:\prog fold\Drunken cookies\real-time-inventory\vm_inventory_updater_fixed.py", line 162, in main
    sales_data = fetch_sales_data(clover_creds, shopify_creds, target_date)
  File "E:\prog fold\Drunken cookies\real-time-inventory\vm_inventory_updater_fixed.py", line 537, in fetch_sales_data
    location_sales = fetch_clover_sales(creds, target_date)
  File "E:\prog fold\Drunken cookies\real-time-inventory\vm_inventory_updater_fixed.py", line 904, in 
fetch_clover_sales
    logging.warning(f"ΓÜá∩╕Å   Order {order_info['order_id']}:")
Message: 'ΓÜá∩╕Å   Order WFEFQYQMKWB96:'
Arguments: ()
--- Logging error ---
Traceback (most recent call last):
  File "C:\Users\banzo\AppData\Local\Programs\Python\Python312\Lib\logging\__init__.py", line 1163, in emit
    stream.write(msg + self.terminator)
  File "C:\Users\banzo\AppData\Local\Programs\Python\Python312\Lib\encodings\cp1252.py", line 19, in encode
    return codecs.charmap_encode(input,self.errors,encoding_table)[0]
           ^^^^^^^^^^^^^^^^^^^^^^^^^^^^^^^^^^^^^^^^^^^^^^^^^^^^^^^
UnicodeEncodeError: 'charmap' codec can't encode characters in position 36-37: character maps to <undefined>
Call stack:
  File "E:\prog fold\Drunken cookies\real-time-inventory\vm_inventory_updater_fixed.py", line 2606, in <module>
    success = main()
  File "E:\prog fold\Drunken cookies\real-time-inventory\vm_inventory_updater_fixed.py", line 162, in main
    sales_data = fetch_sales_data(clover_creds, shopify_creds, target_date)
2026-02-16 20:52:19,547 - WARNING - ΓÜá∩╕Å     UTC time: 2026-01-29 15:54:44 UTC
2026-02-16 20:52:19,555 - WARNING - ΓÜá∩╕Å     PR time: 2026-01-29 11:54:44 AST
2026-02-16 20:52:19,556 - WARNING - ΓÜá∩╕Å     PR date: 2026-01-29 (target: 2026-01-17)
2026-02-16 20:52:19,556 - WARNING - ΓÜá∩╕Å   Order TRW5R3JF7H8MR:
  File "E:\prog fold\Drunken cookies\real-time-inventory\vm_inventory_updater_fixed.py", line 537, in fetch_sales_data
    location_sales = fetch_clover_sales(creds, target_date)
  File "E:\prog fold\Drunken cookies\real-time-inventory\vm_inventory_updater_fixed.py", line 905, in 
fetch_clover_sales
    logging.warning(f"ΓÜá∩╕Å     UTC time: {order_info['order_time_utc']}")
Message: 'ΓÜá∩╕Å     UTC time: 2026-01-29 15:54:44 UTC'
Arguments: ()
--- Logging error ---
Traceback (most recent call last):
  File "C:\Users\banzo\AppData\Local\Programs\Python\Python312\Lib\logging\__init__.py", line 1163, in emit
    stream.write(msg + self.terminator)
  File "C:\Users\banzo\AppData\Local\Programs\Python\Python312\Lib\encodings\cp1252.py", line 19, in encode
    return codecs.charmap_encode(input,self.errors,encoding_table)[0]
           ^^^^^^^^^^^^^^^^^^^^^^^^^^^^^^^^^^^^^^^^^^^^^^^^^^^^^^^
UnicodeEncodeError: 'charmap' codec can't encode characters in position 36-37: character maps to <undefined>
Call stack:
  File "E:\prog fold\Drunken cookies\real-time-inventory\vm_inventory_updater_fixed.py", line 2606, in <module>
    success = main()
  File "E:\prog fold\Drunken cookies\real-time-inventory\vm_inventory_updater_fixed.py", line 162, in main
    sales_data = fetch_sales_data(clover_creds, shopify_creds, target_date)
  File "E:\prog fold\Drunken cookies\real-time-inventory\vm_inventory_updater_fixed.py", line 537, in fetch_sales_data
    location_sales = fetch_clover_sales(creds, target_date)
  File "E:\prog fold\Drunken cookies\real-time-inventory\vm_inventory_updater_fixed.py", line 906, in 
fetch_clover_sales
    logging.warning(f"ΓÜá∩╕Å     PR time: {order_info['order_time_pr']}")
Message: 'ΓÜá∩╕Å     PR time: 2026-01-29 11:54:44 AST'
Arguments: ()
--- Logging error ---
Traceback (most recent call last):
  File "C:\Users\banzo\AppData\Local\Programs\Python\Python312\Lib\logging\__init__.py", line 1163, in emit
    stream.write(msg + self.terminator)
  File "C:\Users\banzo\AppData\Local\Programs\Python\Python312\Lib\encodings\cp1252.py", line 19, in encode
    return codecs.charmap_encode(input,self.errors,encoding_table)[0]
           ^^^^^^^^^^^^^^^^^^^^^^^^^^^^^^^^^^^^^^^^^^^^^^^^^^^^^^^
UnicodeEncodeError: 'charmap' codec can't encode characters in position 36-37: character maps to <undefined>
Call stack:
  File "E:\prog fold\Drunken cookies\real-time-inventory\vm_inventory_updater_fixed.py", line 2606, in <module>
    success = main()
  File "E:\prog fold\Drunken cookies\real-time-inventory\vm_inventory_updater_fixed.py", line 162, in main
    sales_data = fetch_sales_data(clover_creds, shopify_creds, target_date)
  File "E:\prog fold\Drunken cookies\real-time-inventory\vm_inventory_updater_fixed.py", line 537, in fetch_sales_data
    location_sales = fetch_clover_sales(creds, target_date)
  File "E:\prog fold\Drunken cookies\real-time-inventory\vm_inventory_updater_fixed.py", line 907, in 
fetch_clover_sales
    logging.warning(f"ΓÜá∩╕Å     PR date: {order_info['order_date_pr']} (target: {order_info['target_date']})")
Message: 'ΓÜá∩╕Å     PR date: 2026-01-29 (target: 2026-01-17)'
Arguments: ()
--- Logging error ---
Traceback (most recent call last):
  File "C:\Users\banzo\AppData\Local\Programs\Python\Python312\Lib\logging\__init__.py", line 1163, in emit
    stream.write(msg + self.terminator)
  File "C:\Users\banzo\AppData\Local\Programs\Python\Python312\Lib\encodings\cp1252.py", line 19, in encode
    return codecs.charmap_encode(input,self.errors,encoding_table)[0]
           ^^^^^^^^^^^^^^^^^^^^^^^^^^^^^^^^^^^^^^^^^^^^^^^^^^^^^^^
UnicodeEncodeError: 'charmap' codec can't encode characters in position 36-37: character maps to <undefined>
Call stack:
  File "E:\prog fold\Drunken cookies\real-time-inventory\vm_inventory_updater_fixed.py", line 2606, in <module>
    success = main()
  File "E:\prog fold\Drunken cookies\real-time-inventory\vm_inventory_updater_fixed.py", line 162, in main
    sales_data = fetch_sales_data(clover_creds, shopify_creds, target_date)
  File "E:\prog fold\Drunken cookies\real-time-inventory\vm_inventory_updater_fixed.py", line 537, in fetch_sales_data
    location_sales = fetch_clover_sales(creds, target_date)
2026-02-16 20:52:19,561 - WARNING - ΓÜá∩╕Å     UTC time: 2026-01-29 14:56:18 UTC
2026-02-16 20:52:19,562 - WARNING - ΓÜá∩╕Å     PR time: 2026-01-29 10:56:18 AST
2026-02-16 20:52:19,562 - WARNING - ΓÜá∩╕Å     PR date: 2026-01-29 (target: 2026-01-17)
2026-02-16 20:52:19,568 - WARNING - ΓÜá∩╕Å   Order XQFWPQ0VRXANW:
2026-02-16 20:52:19,568 - WARNING - ΓÜá∩╕Å     UTC time: 2026-01-27 17:02:57 UTC
  File "E:\prog fold\Drunken cookies\real-time-inventory\vm_inventory_updater_fixed.py", line 904, in 
fetch_clover_sales
    logging.warning(f"ΓÜá∩╕Å   Order {order_info['order_id']}:")
Message: 'ΓÜá∩╕Å   Order TRW5R3JF7H8MR:'
Arguments: ()
--- Logging error ---
Traceback (most recent call last):
  File "C:\Users\banzo\AppData\Local\Programs\Python\Python312\Lib\logging\__init__.py", line 1163, in emit
    stream.write(msg + self.terminator)
  File "C:\Users\banzo\AppData\Local\Programs\Python\Python312\Lib\encodings\cp1252.py", line 19, in encode
    return codecs.charmap_encode(input,self.errors,encoding_table)[0]
           ^^^^^^^^^^^^^^^^^^^^^^^^^^^^^^^^^^^^^^^^^^^^^^^^^^^^^^^
UnicodeEncodeError: 'charmap' codec can't encode characters in position 36-37: character maps to <undefined>
Call stack:
  File "E:\prog fold\Drunken cookies\real-time-inventory\vm_inventory_updater_fixed.py", line 2606, in <module>
    success = main()
  File "E:\prog fold\Drunken cookies\real-time-inventory\vm_inventory_updater_fixed.py", line 162, in main
    sales_data = fetch_sales_data(clover_creds, shopify_creds, target_date)
  File "E:\prog fold\Drunken cookies\real-time-inventory\vm_inventory_updater_fixed.py", line 537, in fetch_sales_data
    location_sales = fetch_clover_sales(creds, target_date)
  File "E:\prog fold\Drunken cookies\real-time-inventory\vm_inventory_updater_fixed.py", line 905, in 
fetch_clover_sales
    logging.warning(f"ΓÜá∩╕Å     UTC time: {order_info['order_time_utc']}")
Message: 'ΓÜá∩╕Å     UTC time: 2026-01-29 14:56:18 UTC'
Arguments: ()
--- Logging error ---
Traceback (most recent call last):
  File "C:\Users\banzo\AppData\Local\Programs\Python\Python312\Lib\logging\__init__.py", line 1163, in emit
    stream.write(msg + self.terminator)
  File "C:\Users\banzo\AppData\Local\Programs\Python\Python312\Lib\encodings\cp1252.py", line 19, in encode
    return codecs.charmap_encode(input,self.errors,encoding_table)[0]
           ^^^^^^^^^^^^^^^^^^^^^^^^^^^^^^^^^^^^^^^^^^^^^^^^^^^^^^^
UnicodeEncodeError: 'charmap' codec can't encode characters in position 36-37: character maps to <undefined>
Call stack:
  File "E:\prog fold\Drunken cookies\real-time-inventory\vm_inventory_updater_fixed.py", line 2606, in <module>
    success = main()
  File "E:\prog fold\Drunken cookies\real-time-inventory\vm_inventory_updater_fixed.py", line 162, in main
    sales_data = fetch_sales_data(clover_creds, shopify_creds, target_date)
  File "E:\prog fold\Drunken cookies\real-time-inventory\vm_inventory_updater_fixed.py", line 537, in fetch_sales_data
    location_sales = fetch_clover_sales(creds, target_date)
  File "E:\prog fold\Drunken cookies\real-time-inventory\vm_inventory_updater_fixed.py", line 906, in 
fetch_clover_sales
    logging.warning(f"ΓÜá∩╕Å     PR time: {order_info['order_time_pr']}")
Message: 'ΓÜá∩╕Å     PR time: 2026-01-29 10:56:18 AST'
Arguments: ()
--- Logging error ---
Traceback (most recent call last):
  File "C:\Users\banzo\AppData\Local\Programs\Python\Python312\Lib\logging\__init__.py", line 1163, in emit
    stream.write(msg + self.terminator)
  File "C:\Users\banzo\AppData\Local\Programs\Python\Python312\Lib\encodings\cp1252.py", line 19, in encode
    return codecs.charmap_encode(input,self.errors,encoding_table)[0]
           ^^^^^^^^^^^^^^^^^^^^^^^^^^^^^^^^^^^^^^^^^^^^^^^^^^^^^^^
UnicodeEncodeError: 'charmap' codec can't encode characters in position 36-37: character maps to <undefined>
Call stack:
  File "E:\prog fold\Drunken cookies\real-time-inventory\vm_inventory_updater_fixed.py", line 2606, in <module>
    success = main()
  File "E:\prog fold\Drunken cookies\real-time-inventory\vm_inventory_updater_fixed.py", line 162, in main
    sales_data = fetch_sales_data(clover_creds, shopify_creds, target_date)
  File "E:\prog fold\Drunken cookies\real-time-inventory\vm_inventory_updater_fixed.py", line 537, in fetch_sales_data
    location_sales = fetch_clover_sales(creds, target_date)
  File "E:\prog fold\Drunken cookies\real-time-inventory\vm_inventory_updater_fixed.py", line 907, in 
fetch_clover_sales
    logging.warning(f"ΓÜá∩╕Å     PR date: {order_info['order_date_pr']} (target: {order_info['target_date']})")
Message: 'ΓÜá∩╕Å     PR date: 2026-01-29 (target: 2026-01-17)'
Arguments: ()
--- Logging error ---
Traceback (most recent call last):
  File "C:\Users\banzo\AppData\Local\Programs\Python\Python312\Lib\logging\__init__.py", line 1163, in emit
    stream.write(msg + self.terminator)
  File "C:\Users\banzo\AppData\Local\Programs\Python\Python312\Lib\encodings\cp1252.py", line 19, in encode
    return codecs.charmap_encode(input,self.errors,encoding_table)[0]
           ^^^^^^^^^^^^^^^^^^^^^^^^^^^^^^^^^^^^^^^^^^^^^^^^^^^^^^^
UnicodeEncodeError: 'charmap' codec can't encode characters in position 36-37: character maps to <undefined>
Call stack:
  File "E:\prog fold\Drunken cookies\real-time-inventory\vm_inventory_updater_fixed.py", line 2606, in <module>
    success = main()
  File "E:\prog fold\Drunken cookies\real-time-inventory\vm_inventory_updater_fixed.py", line 162, in main
    sales_data = fetch_sales_data(clover_creds, shopify_creds, target_date)
  File "E:\prog fold\Drunken cookies\real-time-inventory\vm_inventory_updater_fixed.py", line 537, in fetch_sales_data
    location_sales = fetch_clover_sales(creds, target_date)
  File "E:\prog fold\Drunken cookies\real-time-inventory\vm_inventory_updater_fixed.py", line 904, in 
fetch_clover_sales
    logging.warning(f"ΓÜá∩╕Å   Order {order_info['order_id']}:")
Message: 'ΓÜá∩╕Å   Order XQFWPQ0VRXANW:'
Arguments: ()
--- Logging error ---
Traceback (most recent call last):
  File "C:\Users\banzo\AppData\Local\Programs\Python\Python312\Lib\logging\__init__.py", line 1163, in emit
2026-02-16 20:52:19,570 - WARNING - ΓÜá∩╕Å     PR time: 2026-01-27 13:02:57 AST
2026-02-16 20:52:19,576 - WARNING - ΓÜá∩╕Å     PR date: 2026-01-27 (target: 2026-01-17)
2026-02-16 20:52:19,576 - WARNING - ΓÜá∩╕Å   Order AWAM1Y12AHSN2:
    stream.write(msg + self.terminator)
  File "C:\Users\banzo\AppData\Local\Programs\Python\Python312\Lib\encodings\cp1252.py", line 19, in encode
    return codecs.charmap_encode(input,self.errors,encoding_table)[0]
           ^^^^^^^^^^^^^^^^^^^^^^^^^^^^^^^^^^^^^^^^^^^^^^^^^^^^^^^
UnicodeEncodeError: 'charmap' codec can't encode characters in position 36-37: character maps to <undefined>
Call stack:
  File "E:\prog fold\Drunken cookies\real-time-inventory\vm_inventory_updater_fixed.py", line 2606, in <module>
    success = main()
  File "E:\prog fold\Drunken cookies\real-time-inventory\vm_inventory_updater_fixed.py", line 162, in main
    sales_data = fetch_sales_data(clover_creds, shopify_creds, target_date)
  File "E:\prog fold\Drunken cookies\real-time-inventory\vm_inventory_updater_fixed.py", line 537, in fetch_sales_data
    location_sales = fetch_clover_sales(creds, target_date)
  File "E:\prog fold\Drunken cookies\real-time-inventory\vm_inventory_updater_fixed.py", line 905, in 
fetch_clover_sales
    logging.warning(f"ΓÜá∩╕Å     UTC time: {order_info['order_time_utc']}")
Message: 'ΓÜá∩╕Å     UTC time: 2026-01-27 17:02:57 UTC'
Arguments: ()
--- Logging error ---
Traceback (most recent call last):
  File "C:\Users\banzo\AppData\Local\Programs\Python\Python312\Lib\logging\__init__.py", line 1163, in emit
    stream.write(msg + self.terminator)
  File "C:\Users\banzo\AppData\Local\Programs\Python\Python312\Lib\encodings\cp1252.py", line 19, in encode
    return codecs.charmap_encode(input,self.errors,encoding_table)[0]
           ^^^^^^^^^^^^^^^^^^^^^^^^^^^^^^^^^^^^^^^^^^^^^^^^^^^^^^^
UnicodeEncodeError: 'charmap' codec can't encode characters in position 36-37: character maps to <undefined>
Call stack:
  File "E:\prog fold\Drunken cookies\real-time-inventory\vm_inventory_updater_fixed.py", line 2606, in <module>
    success = main()
  File "E:\prog fold\Drunken cookies\real-time-inventory\vm_inventory_updater_fixed.py", line 162, in main
    sales_data = fetch_sales_data(clover_creds, shopify_creds, target_date)
  File "E:\prog fold\Drunken cookies\real-time-inventory\vm_inventory_updater_fixed.py", line 537, in fetch_sales_data
    location_sales = fetch_clover_sales(creds, target_date)
  File "E:\prog fold\Drunken cookies\real-time-inventory\vm_inventory_updater_fixed.py", line 906, in 
fetch_clover_sales
    logging.warning(f"ΓÜá∩╕Å     PR time: {order_info['order_time_pr']}")
Message: 'ΓÜá∩╕Å     PR time: 2026-01-27 13:02:57 AST'
Arguments: ()
--- Logging error ---
Traceback (most recent call last):
  File "C:\Users\banzo\AppData\Local\Programs\Python\Python312\Lib\logging\__init__.py", line 1163, in emit
    stream.write(msg + self.terminator)
  File "C:\Users\banzo\AppData\Local\Programs\Python\Python312\Lib\encodings\cp1252.py", line 19, in encode
    return codecs.charmap_encode(input,self.errors,encoding_table)[0]
           ^^^^^^^^^^^^^^^^^^^^^^^^^^^^^^^^^^^^^^^^^^^^^^^^^^^^^^^
UnicodeEncodeError: 'charmap' codec can't encode characters in position 36-37: character maps to <undefined>
Call stack:
  File "E:\prog fold\Drunken cookies\real-time-inventory\vm_inventory_updater_fixed.py", line 2606, in <module>
    success = main()
  File "E:\prog fold\Drunken cookies\real-time-inventory\vm_inventory_updater_fixed.py", line 162, in main
    sales_data = fetch_sales_data(clover_creds, shopify_creds, target_date)
  File "E:\prog fold\Drunken cookies\real-time-inventory\vm_inventory_updater_fixed.py", line 537, in fetch_sales_data
    location_sales = fetch_clover_sales(creds, target_date)
  File "E:\prog fold\Drunken cookies\real-time-inventory\vm_inventory_updater_fixed.py", line 907, in 
fetch_clover_sales
    logging.warning(f"ΓÜá∩╕Å     PR date: {order_info['order_date_pr']} (target: {order_info['target_date']})")
Message: 'ΓÜá∩╕Å     PR date: 2026-01-27 (target: 2026-01-17)'
Arguments: ()
--- Logging error ---
Traceback (most recent call last):
  File "C:\Users\banzo\AppData\Local\Programs\Python\Python312\Lib\logging\__init__.py", line 1163, in emit
    stream.write(msg + self.terminator)
  File "C:\Users\banzo\AppData\Local\Programs\Python\Python312\Lib\encodings\cp1252.py", line 19, in encode
    return codecs.charmap_encode(input,self.errors,encoding_table)[0]
           ^^^^^^^^^^^^^^^^^^^^^^^^^^^^^^^^^^^^^^^^^^^^^^^^^^^^^^^
UnicodeEncodeError: 'charmap' codec can't encode characters in position 36-37: character maps to <undefined>
Call stack:
  File "E:\prog fold\Drunken cookies\real-time-inventory\vm_inventory_updater_fixed.py", line 2606, in <module>
    success = main()
  File "E:\prog fold\Drunken cookies\real-time-inventory\vm_inventory_updater_fixed.py", line 162, in main
    sales_data = fetch_sales_data(clover_creds, shopify_creds, target_date)
  File "E:\prog fold\Drunken cookies\real-time-inventory\vm_inventory_updater_fixed.py", line 537, in fetch_sales_data
    location_sales = fetch_clover_sales(creds, target_date)
  File "E:\prog fold\Drunken cookies\real-time-inventory\vm_inventory_updater_fixed.py", line 904, in 
fetch_clover_sales
    logging.warning(f"ΓÜá∩╕Å   Order {order_info['order_id']}:")
Message: 'ΓÜá∩╕Å   Order AWAM1Y12AHSN2:'
Arguments: ()
--- Logging error ---
Traceback (most recent call last):
  File "C:\Users\banzo\AppData\Local\Programs\Python\Python312\Lib\logging\__init__.py", line 1163, in emit
    stream.write(msg + self.terminator)
  File "C:\Users\banzo\AppData\Local\Programs\Python\Python312\Lib\encodings\cp1252.py", line 19, in encode
    return codecs.charmap_encode(input,self.errors,encoding_table)[0]
2026-02-16 20:52:19,577 - WARNING - ΓÜá∩╕Å     UTC time: 2026-01-26 22:26:34 UTC
2026-02-16 20:52:19,583 - WARNING - ΓÜá∩╕Å     PR time: 2026-01-26 18:26:34 AST
2026-02-16 20:52:19,584 - WARNING - ΓÜá∩╕Å     PR date: 2026-01-26 (target: 2026-01-17)
           ^^^^^^^^^^^^^^^^^^^^^^^^^^^^^^^^^^^^^^^^^^^^^^^^^^^^^^^
UnicodeEncodeError: 'charmap' codec can't encode characters in position 36-37: character maps to <undefined>
Call stack:
  File "E:\prog fold\Drunken cookies\real-time-inventory\vm_inventory_updater_fixed.py", line 2606, in <module>
    success = main()
  File "E:\prog fold\Drunken cookies\real-time-inventory\vm_inventory_updater_fixed.py", line 162, in main
    sales_data = fetch_sales_data(clover_creds, shopify_creds, target_date)
  File "E:\prog fold\Drunken cookies\real-time-inventory\vm_inventory_updater_fixed.py", line 537, in fetch_sales_data
    location_sales = fetch_clover_sales(creds, target_date)
  File "E:\prog fold\Drunken cookies\real-time-inventory\vm_inventory_updater_fixed.py", line 905, in 
fetch_clover_sales
    logging.warning(f"ΓÜá∩╕Å     UTC time: {order_info['order_time_utc']}")
Message: 'ΓÜá∩╕Å     UTC time: 2026-01-26 22:26:34 UTC'
Arguments: ()
--- Logging error ---
Traceback (most recent call last):
  File "C:\Users\banzo\AppData\Local\Programs\Python\Python312\Lib\logging\__init__.py", line 1163, in emit
    stream.write(msg + self.terminator)
  File "C:\Users\banzo\AppData\Local\Programs\Python\Python312\Lib\encodings\cp1252.py", line 19, in encode
    return codecs.charmap_encode(input,self.errors,encoding_table)[0]
           ^^^^^^^^^^^^^^^^^^^^^^^^^^^^^^^^^^^^^^^^^^^^^^^^^^^^^^^
UnicodeEncodeError: 'charmap' codec can't encode characters in position 36-37: character maps to <undefined>
Call stack:
  File "E:\prog fold\Drunken cookies\real-time-inventory\vm_inventory_updater_fixed.py", line 2606, in <module>
    success = main()
  File "E:\prog fold\Drunken cookies\real-time-inventory\vm_inventory_updater_fixed.py", line 162, in main
    sales_data = fetch_sales_data(clover_creds, shopify_creds, target_date)
  File "E:\prog fold\Drunken cookies\real-time-inventory\vm_inventory_updater_fixed.py", line 537, in fetch_sales_data
    location_sales = fetch_clover_sales(creds, target_date)
  File "E:\prog fold\Drunken cookies\real-time-inventory\vm_inventory_updater_fixed.py", line 906, in 
fetch_clover_sales
    logging.warning(f"ΓÜá∩╕Å     PR time: {order_info['order_time_pr']}")
Message: 'ΓÜá∩╕Å     PR time: 2026-01-26 18:26:34 AST'
Arguments: ()
--- Logging error ---
Traceback (most recent call last):
  File "C:\Users\banzo\AppData\Local\Programs\Python\Python312\Lib\logging\__init__.py", line 1163, in emit
    stream.write(msg + self.terminator)
  File "C:\Users\banzo\AppData\Local\Programs\Python\Python312\Lib\encodings\cp1252.py", line 19, in encode
    return codecs.charmap_encode(input,self.errors,encoding_table)[0]
           ^^^^^^^^^^^^^^^^^^^^^^^^^^^^^^^^^^^^^^^^^^^^^^^^^^^^^^^
UnicodeEncodeError: 'charmap' codec can't encode characters in position 36-37: character maps to <undefined>
Call stack:
  File "E:\prog fold\Drunken cookies\real-time-inventory\vm_inventory_updater_fixed.py", line 2606, in <module>
    success = main()
  File "E:\prog fold\Drunken cookies\real-time-inventory\vm_inventory_updater_fixed.py", line 162, in main
    sales_data = fetch_sales_data(clover_creds, shopify_creds, target_date)
  File "E:\prog fold\Drunken cookies\real-time-inventory\vm_inventory_updater_fixed.py", line 537, in fetch_sales_data
    location_sales = fetch_clover_sales(creds, target_date)
  File "E:\prog fold\Drunken cookies\real-time-inventory\vm_inventory_updater_fixed.py", line 907, in 
fetch_clover_sales
    logging.warning(f"ΓÜá∩╕Å     PR date: {order_info['order_date_pr']} (target: {order_info['target_date']})")
Message: 'ΓÜá∩╕Å     PR date: 2026-01-26 (target: 2026-01-17)'
Arguments: ()
--- Logging error ---
Traceback (most recent call last):
  File "C:\Users\banzo\AppData\Local\Programs\Python\Python312\Lib\logging\__init__.py", line 1163, in emit
2026-02-16 20:52:19,585 - WARNING - ΓÜá∩╕Å   Order ST4RX491G8DE6:
2026-02-16 20:52:19,592 - WARNING - ΓÜá∩╕Å     UTC time: 2026-01-26 15:07:00 UTC
2026-02-16 20:52:19,593 - WARNING - ΓÜá∩╕Å     PR time: 2026-01-26 11:07:00 AST
    stream.write(msg + self.terminator)
  File "C:\Users\banzo\AppData\Local\Programs\Python\Python312\Lib\encodings\cp1252.py", line 19, in encode
    return codecs.charmap_encode(input,self.errors,encoding_table)[0]
           ^^^^^^^^^^^^^^^^^^^^^^^^^^^^^^^^^^^^^^^^^^^^^^^^^^^^^^^
UnicodeEncodeError: 'charmap' codec can't encode characters in position 36-37: character maps to <undefined>
Call stack:
  File "E:\prog fold\Drunken cookies\real-time-inventory\vm_inventory_updater_fixed.py", line 2606, in <module>
    success = main()
  File "E:\prog fold\Drunken cookies\real-time-inventory\vm_inventory_updater_fixed.py", line 162, in main
    sales_data = fetch_sales_data(clover_creds, shopify_creds, target_date)
  File "E:\prog fold\Drunken cookies\real-time-inventory\vm_inventory_updater_fixed.py", line 537, in fetch_sales_data
    location_sales = fetch_clover_sales(creds, target_date)
  File "E:\prog fold\Drunken cookies\real-time-inventory\vm_inventory_updater_fixed.py", line 904, in 
fetch_clover_sales
    logging.warning(f"ΓÜá∩╕Å   Order {order_info['order_id']}:")
Message: 'ΓÜá∩╕Å   Order ST4RX491G8DE6:'
Arguments: ()
--- Logging error ---
Traceback (most recent call last):
  File "C:\Users\banzo\AppData\Local\Programs\Python\Python312\Lib\logging\__init__.py", line 1163, in emit
    stream.write(msg + self.terminator)
  File "C:\Users\banzo\AppData\Local\Programs\Python\Python312\Lib\encodings\cp1252.py", line 19, in encode
    return codecs.charmap_encode(input,self.errors,encoding_table)[0]
           ^^^^^^^^^^^^^^^^^^^^^^^^^^^^^^^^^^^^^^^^^^^^^^^^^^^^^^^
UnicodeEncodeError: 'charmap' codec can't encode characters in position 36-37: character maps to <undefined>
2026-02-16 20:52:19,594 - WARNING - ΓÜá∩╕Å     PR date: 2026-01-26 (target: 2026-01-17)
2026-02-16 20:52:19,600 - WARNING - ΓÜá∩╕Å   Order PVMF8KY8T803E:
2026-02-16 20:52:19,601 - WARNING - ΓÜá∩╕Å     UTC time: 2026-01-25 19:43:40 UTC
Call stack:
  File "E:\prog fold\Drunken cookies\real-time-inventory\vm_inventory_updater_fixed.py", line 2606, in <module>
    success = main()
  File "E:\prog fold\Drunken cookies\real-time-inventory\vm_inventory_updater_fixed.py", line 162, in main
    sales_data = fetch_sales_data(clover_creds, shopify_creds, target_date)
  File "E:\prog fold\Drunken cookies\real-time-inventory\vm_inventory_updater_fixed.py", line 537, in fetch_sales_data
    location_sales = fetch_clover_sales(creds, target_date)
  File "E:\prog fold\Drunken cookies\real-time-inventory\vm_inventory_updater_fixed.py", line 905, in 
fetch_clover_sales
    logging.warning(f"ΓÜá∩╕Å     UTC time: {order_info['order_time_utc']}")
Message: 'ΓÜá∩╕Å     UTC time: 2026-01-26 15:07:00 UTC'
Arguments: ()
--- Logging error ---
Traceback (most recent call last):
  File "C:\Users\banzo\AppData\Local\Programs\Python\Python312\Lib\logging\__init__.py", line 1163, in emit
    stream.write(msg + self.terminator)
  File "C:\Users\banzo\AppData\Local\Programs\Python\Python312\Lib\encodings\cp1252.py", line 19, in encode
    return codecs.charmap_encode(input,self.errors,encoding_table)[0]
           ^^^^^^^^^^^^^^^^^^^^^^^^^^^^^^^^^^^^^^^^^^^^^^^^^^^^^^^
UnicodeEncodeError: 'charmap' codec can't encode characters in position 36-37: character maps to <undefined>
Call stack:
  File "E:\prog fold\Drunken cookies\real-time-inventory\vm_inventory_updater_fixed.py", line 2606, in <module>
    success = main()
  File "E:\prog fold\Drunken cookies\real-time-inventory\vm_inventory_updater_fixed.py", line 162, in main
    sales_data = fetch_sales_data(clover_creds, shopify_creds, target_date)
  File "E:\prog fold\Drunken cookies\real-time-inventory\vm_inventory_updater_fixed.py", line 537, in fetch_sales_data
    location_sales = fetch_clover_sales(creds, target_date)
  File "E:\prog fold\Drunken cookies\real-time-inventory\vm_inventory_updater_fixed.py", line 906, in 
fetch_clover_sales
    logging.warning(f"ΓÜá∩╕Å     PR time: {order_info['order_time_pr']}")
Message: 'ΓÜá∩╕Å     PR time: 2026-01-26 11:07:00 AST'
Arguments: ()
--- Logging error ---
Traceback (most recent call last):
  File "C:\Users\banzo\AppData\Local\Programs\Python\Python312\Lib\logging\__init__.py", line 1163, in emit
    stream.write(msg + self.terminator)
  File "C:\Users\banzo\AppData\Local\Programs\Python\Python312\Lib\encodings\cp1252.py", line 19, in encode
    return codecs.charmap_encode(input,self.errors,encoding_table)[0]
           ^^^^^^^^^^^^^^^^^^^^^^^^^^^^^^^^^^^^^^^^^^^^^^^^^^^^^^^
UnicodeEncodeError: 'charmap' codec can't encode characters in position 36-37: character maps to <undefined>
Call stack:
  File "E:\prog fold\Drunken cookies\real-time-inventory\vm_inventory_updater_fixed.py", line 2606, in <module>
    success = main()
  File "E:\prog fold\Drunken cookies\real-time-inventory\vm_inventory_updater_fixed.py", line 162, in main
    sales_data = fetch_sales_data(clover_creds, shopify_creds, target_date)
  File "E:\prog fold\Drunken cookies\real-time-inventory\vm_inventory_updater_fixed.py", line 537, in fetch_sales_data
    location_sales = fetch_clover_sales(creds, target_date)
  File "E:\prog fold\Drunken cookies\real-time-inventory\vm_inventory_updater_fixed.py", line 907, in 
fetch_clover_sales
    logging.warning(f"ΓÜá∩╕Å     PR date: {order_info['order_date_pr']} (target: {order_info['target_date']})")
Message: 'ΓÜá∩╕Å     PR date: 2026-01-26 (target: 2026-01-17)'
Arguments: ()
--- Logging error ---
Traceback (most recent call last):
  File "C:\Users\banzo\AppData\Local\Programs\Python\Python312\Lib\logging\__init__.py", line 1163, in emit
    stream.write(msg + self.terminator)
  File "C:\Users\banzo\AppData\Local\Programs\Python\Python312\Lib\encodings\cp1252.py", line 19, in encode
    return codecs.charmap_encode(input,self.errors,encoding_table)[0]
           ^^^^^^^^^^^^^^^^^^^^^^^^^^^^^^^^^^^^^^^^^^^^^^^^^^^^^^^
UnicodeEncodeError: 'charmap' codec can't encode characters in position 36-37: character maps to <undefined>
Call stack:
  File "E:\prog fold\Drunken cookies\real-time-inventory\vm_inventory_updater_fixed.py", line 2606, in <module>
    success = main()
  File "E:\prog fold\Drunken cookies\real-time-inventory\vm_inventory_updater_fixed.py", line 162, in main
    sales_data = fetch_sales_data(clover_creds, shopify_creds, target_date)
  File "E:\prog fold\Drunken cookies\real-time-inventory\vm_inventory_updater_fixed.py", line 537, in fetch_sales_data
    location_sales = fetch_clover_sales(creds, target_date)
  File "E:\prog fold\Drunken cookies\real-time-inventory\vm_inventory_updater_fixed.py", line 904, in 
fetch_clover_sales
    logging.warning(f"ΓÜá∩╕Å   Order {order_info['order_id']}:")
Message: 'ΓÜá∩╕Å   Order PVMF8KY8T803E:'
Arguments: ()
--- Logging error ---
Traceback (most recent call last):
  File "C:\Users\banzo\AppData\Local\Programs\Python\Python312\Lib\logging\__init__.py", line 1163, in emit
    stream.write(msg + self.terminator)
  File "C:\Users\banzo\AppData\Local\Programs\Python\Python312\Lib\encodings\cp1252.py", line 19, in encode
    return codecs.charmap_encode(input,self.errors,encoding_table)[0]
           ^^^^^^^^^^^^^^^^^^^^^^^^^^^^^^^^^^^^^^^^^^^^^^^^^^^^^^^
UnicodeEncodeError: 'charmap' codec can't encode characters in position 36-37: character maps to <undefined>
Call stack:
  File "E:\prog fold\Drunken cookies\real-time-inventory\vm_inventory_updater_fixed.py", line 2606, in <module>
    success = main()
  File "E:\prog fold\Drunken cookies\real-time-inventory\vm_inventory_updater_fixed.py", line 162, in main
    sales_data = fetch_sales_data(clover_creds, shopify_creds, target_date)
  File "E:\prog fold\Drunken cookies\real-time-inventory\vm_inventory_updater_fixed.py", line 537, in fetch_sales_data
    location_sales = fetch_clover_sales(creds, target_date)
  File "E:\prog fold\Drunken cookies\real-time-inventory\vm_inventory_updater_fixed.py", line 905, in 
fetch_clover_sales
    logging.warning(f"ΓÜá∩╕Å     UTC time: {order_info['order_time_utc']}")
Message: 'ΓÜá∩╕Å     UTC time: 2026-01-25 19:43:40 UTC'
2026-02-16 20:52:19,602 - WARNING - ΓÜá∩╕Å     PR time: 2026-01-25 15:43:40 AST
2026-02-16 20:52:19,608 - WARNING - ΓÜá∩╕Å     PR date: 2026-01-25 (target: 2026-01-17)
2026-02-16 20:52:19,608 - WARNING - ΓÜá∩╕Å   Order YPMW7W8J2N1H0:
Arguments: ()
--- Logging error ---
Traceback (most recent call last):
  File "C:\Users\banzo\AppData\Local\Programs\Python\Python312\Lib\logging\__init__.py", line 1163, in emit
    stream.write(msg + self.terminator)
  File "C:\Users\banzo\AppData\Local\Programs\Python\Python312\Lib\encodings\cp1252.py", line 19, in encode
    return codecs.charmap_encode(input,self.errors,encoding_table)[0]
           ^^^^^^^^^^^^^^^^^^^^^^^^^^^^^^^^^^^^^^^^^^^^^^^^^^^^^^^
UnicodeEncodeError: 'charmap' codec can't encode characters in position 36-37: character maps to <undefined>
Call stack:
  File "E:\prog fold\Drunken cookies\real-time-inventory\vm_inventory_updater_fixed.py", line 2606, in <module>
    success = main()
  File "E:\prog fold\Drunken cookies\real-time-inventory\vm_inventory_updater_fixed.py", line 162, in main
    sales_data = fetch_sales_data(clover_creds, shopify_creds, target_date)
  File "E:\prog fold\Drunken cookies\real-time-inventory\vm_inventory_updater_fixed.py", line 537, in fetch_sales_data
    location_sales = fetch_clover_sales(creds, target_date)
  File "E:\prog fold\Drunken cookies\real-time-inventory\vm_inventory_updater_fixed.py", line 906, in 
fetch_clover_sales
    logging.warning(f"ΓÜá∩╕Å     PR time: {order_info['order_time_pr']}")
Message: 'ΓÜá∩╕Å     PR time: 2026-01-25 15:43:40 AST'
Arguments: ()
--- Logging error ---
Traceback (most recent call last):
  File "C:\Users\banzo\AppData\Local\Programs\Python\Python312\Lib\logging\__init__.py", line 1163, in emit
    stream.write(msg + self.terminator)
  File "C:\Users\banzo\AppData\Local\Programs\Python\Python312\Lib\encodings\cp1252.py", line 19, in encode
    return codecs.charmap_encode(input,self.errors,encoding_table)[0]
           ^^^^^^^^^^^^^^^^^^^^^^^^^^^^^^^^^^^^^^^^^^^^^^^^^^^^^^^
UnicodeEncodeError: 'charmap' codec can't encode characters in position 36-37: character maps to <undefined>
Call stack:
  File "E:\prog fold\Drunken cookies\real-time-inventory\vm_inventory_updater_fixed.py", line 2606, in <module>
    success = main()
  File "E:\prog fold\Drunken cookies\real-time-inventory\vm_inventory_updater_fixed.py", line 162, in main
    sales_data = fetch_sales_data(clover_creds, shopify_creds, target_date)
  File "E:\prog fold\Drunken cookies\real-time-inventory\vm_inventory_updater_fixed.py", line 537, in fetch_sales_data
    location_sales = fetch_clover_sales(creds, target_date)
  File "E:\prog fold\Drunken cookies\real-time-inventory\vm_inventory_updater_fixed.py", line 907, in 
fetch_clover_sales
    logging.warning(f"ΓÜá∩╕Å     PR date: {order_info['order_date_pr']} (target: {order_info['target_date']})")
Message: 'ΓÜá∩╕Å     PR date: 2026-01-25 (target: 2026-01-17)'
Arguments: ()
--- Logging error ---
Traceback (most recent call last):
  File "C:\Users\banzo\AppData\Local\Programs\Python\Python312\Lib\logging\__init__.py", line 1163, in emit
    stream.write(msg + self.terminator)
  File "C:\Users\banzo\AppData\Local\Programs\Python\Python312\Lib\encodings\cp1252.py", line 19, in encode
    return codecs.charmap_encode(input,self.errors,encoding_table)[0]
           ^^^^^^^^^^^^^^^^^^^^^^^^^^^^^^^^^^^^^^^^^^^^^^^^^^^^^^^
UnicodeEncodeError: 'charmap' codec can't encode characters in position 36-37: character maps to <undefined>
Call stack:
  File "E:\prog fold\Drunken cookies\real-time-inventory\vm_inventory_updater_fixed.py", line 2606, in <module>
    success = main()
  File "E:\prog fold\Drunken cookies\real-time-inventory\vm_inventory_updater_fixed.py", line 162, in main
    sales_data = fetch_sales_data(clover_creds, shopify_creds, target_date)
  File "E:\prog fold\Drunken cookies\real-time-inventory\vm_inventory_updater_fixed.py", line 537, in fetch_sales_data
    location_sales = fetch_clover_sales(creds, target_date)
  File "E:\prog fold\Drunken cookies\real-time-inventory\vm_inventory_updater_fixed.py", line 904, in 
fetch_clover_sales
    logging.warning(f"ΓÜá∩╕Å   Order {order_info['order_id']}:")
Message: 'ΓÜá∩╕Å   Order YPMW7W8J2N1H0:'
Arguments: ()
--- Logging error ---
Traceback (most recent call last):
  File "C:\Users\banzo\AppData\Local\Programs\Python\Python312\Lib\logging\__init__.py", line 1163, in emit
    stream.write(msg + self.terminator)
  File "C:\Users\banzo\AppData\Local\Programs\Python\Python312\Lib\encodings\cp1252.py", line 19, in encode
    return codecs.charmap_encode(input,self.errors,encoding_table)[0]
           ^^^^^^^^^^^^^^^^^^^^^^^^^^^^^^^^^^^^^^^^^^^^^^^^^^^^^^^
UnicodeEncodeError: 'charmap' codec can't encode characters in position 36-37: character maps to <undefined>
Call stack:
  File "E:\prog fold\Drunken cookies\real-time-inventory\vm_inventory_updater_fixed.py", line 2606, in <module>
2026-02-16 20:52:19,610 - WARNING - ΓÜá∩╕Å     UTC time: 2026-01-25 19:26:56 UTC
2026-02-16 20:52:19,615 - WARNING - ΓÜá∩╕Å     PR time: 2026-01-25 15:26:56 AST
2026-02-16 20:52:19,616 - WARNING - ΓÜá∩╕Å     PR date: 2026-01-25 (target: 2026-01-17)
    success = main()
  File "E:\prog fold\Drunken cookies\real-time-inventory\vm_inventory_updater_fixed.py", line 162, in main
    sales_data = fetch_sales_data(clover_creds, shopify_creds, target_date)
  File "E:\prog fold\Drunken cookies\real-time-inventory\vm_inventory_updater_fixed.py", line 537, in fetch_sales_data
    location_sales = fetch_clover_sales(creds, target_date)
  File "E:\prog fold\Drunken cookies\real-time-inventory\vm_inventory_updater_fixed.py", line 905, in 
fetch_clover_sales
2026-02-16 20:52:19,616 - WARNING - ΓÜá∩╕Å   Order VRC9EKFRCC0WT:
2026-02-16 20:52:19,622 - WARNING - ΓÜá∩╕Å     UTC time: 2026-01-25 18:35:05 UTC
2026-02-16 20:52:19,623 - WARNING - ΓÜá∩╕Å     PR time: 2026-01-25 14:35:05 AST
    logging.warning(f"ΓÜá∩╕Å     UTC time: {order_info['order_time_utc']}")
Message: 'ΓÜá∩╕Å     UTC time: 2026-01-25 19:26:56 UTC'
Arguments: ()
--- Logging error ---
Traceback (most recent call last):
  File "C:\Users\banzo\AppData\Local\Programs\Python\Python312\Lib\logging\__init__.py", line 1163, in emit
    stream.write(msg + self.terminator)
  File "C:\Users\banzo\AppData\Local\Programs\Python\Python312\Lib\encodings\cp1252.py", line 19, in encode
    return codecs.charmap_encode(input,self.errors,encoding_table)[0]
           ^^^^^^^^^^^^^^^^^^^^^^^^^^^^^^^^^^^^^^^^^^^^^^^^^^^^^^^
UnicodeEncodeError: 'charmap' codec can't encode characters in position 36-37: character maps to <undefined>
Call stack:
  File "E:\prog fold\Drunken cookies\real-time-inventory\vm_inventory_updater_fixed.py", line 2606, in <module>
    success = main()
  File "E:\prog fold\Drunken cookies\real-time-inventory\vm_inventory_updater_fixed.py", line 162, in main
    sales_data = fetch_sales_data(clover_creds, shopify_creds, target_date)
  File "E:\prog fold\Drunken cookies\real-time-inventory\vm_inventory_updater_fixed.py", line 537, in fetch_sales_data
    location_sales = fetch_clover_sales(creds, target_date)
  File "E:\prog fold\Drunken cookies\real-time-inventory\vm_inventory_updater_fixed.py", line 906, in 
fetch_clover_sales
    logging.warning(f"ΓÜá∩╕Å     PR time: {order_info['order_time_pr']}")
Message: 'ΓÜá∩╕Å     PR time: 2026-01-25 15:26:56 AST'
Arguments: ()
--- Logging error ---
Traceback (most recent call last):
  File "C:\Users\banzo\AppData\Local\Programs\Python\Python312\Lib\logging\__init__.py", line 1163, in emit
    stream.write(msg + self.terminator)
  File "C:\Users\banzo\AppData\Local\Programs\Python\Python312\Lib\encodings\cp1252.py", line 19, in encode
    return codecs.charmap_encode(input,self.errors,encoding_table)[0]
           ^^^^^^^^^^^^^^^^^^^^^^^^^^^^^^^^^^^^^^^^^^^^^^^^^^^^^^^
UnicodeEncodeError: 'charmap' codec can't encode characters in position 36-37: character maps to <undefined>
Call stack:
  File "E:\prog fold\Drunken cookies\real-time-inventory\vm_inventory_updater_fixed.py", line 2606, in <module>
    success = main()
  File "E:\prog fold\Drunken cookies\real-time-inventory\vm_inventory_updater_fixed.py", line 162, in main
    sales_data = fetch_sales_data(clover_creds, shopify_creds, target_date)
  File "E:\prog fold\Drunken cookies\real-time-inventory\vm_inventory_updater_fixed.py", line 537, in fetch_sales_data
    location_sales = fetch_clover_sales(creds, target_date)
  File "E:\prog fold\Drunken cookies\real-time-inventory\vm_inventory_updater_fixed.py", line 907, in 
fetch_clover_sales
    logging.warning(f"ΓÜá∩╕Å     PR date: {order_info['order_date_pr']} (target: {order_info['target_date']})")
Message: 'ΓÜá∩╕Å     PR date: 2026-01-25 (target: 2026-01-17)'
Arguments: ()
--- Logging error ---
Traceback (most recent call last):
  File "C:\Users\banzo\AppData\Local\Programs\Python\Python312\Lib\logging\__init__.py", line 1163, in emit
    stream.write(msg + self.terminator)
  File "C:\Users\banzo\AppData\Local\Programs\Python\Python312\Lib\encodings\cp1252.py", line 19, in encode
    return codecs.charmap_encode(input,self.errors,encoding_table)[0]
           ^^^^^^^^^^^^^^^^^^^^^^^^^^^^^^^^^^^^^^^^^^^^^^^^^^^^^^^
UnicodeEncodeError: 'charmap' codec can't encode characters in position 36-37: character maps to <undefined>
Call stack:
  File "E:\prog fold\Drunken cookies\real-time-inventory\vm_inventory_updater_fixed.py", line 2606, in <module>
    success = main()
  File "E:\prog fold\Drunken cookies\real-time-inventory\vm_inventory_updater_fixed.py", line 162, in main
    sales_data = fetch_sales_data(clover_creds, shopify_creds, target_date)
  File "E:\prog fold\Drunken cookies\real-time-inventory\vm_inventory_updater_fixed.py", line 537, in fetch_sales_data
    location_sales = fetch_clover_sales(creds, target_date)
  File "E:\prog fold\Drunken cookies\real-time-inventory\vm_inventory_updater_fixed.py", line 904, in 
fetch_clover_sales
    logging.warning(f"ΓÜá∩╕Å   Order {order_info['order_id']}:")
Message: 'ΓÜá∩╕Å   Order VRC9EKFRCC0WT:'
Arguments: ()
--- Logging error ---
Traceback (most recent call last):
  File "C:\Users\banzo\AppData\Local\Programs\Python\Python312\Lib\logging\__init__.py", line 1163, in emit
    stream.write(msg + self.terminator)
  File "C:\Users\banzo\AppData\Local\Programs\Python\Python312\Lib\encodings\cp1252.py", line 19, in encode
    return codecs.charmap_encode(input,self.errors,encoding_table)[0]
           ^^^^^^^^^^^^^^^^^^^^^^^^^^^^^^^^^^^^^^^^^^^^^^^^^^^^^^^
UnicodeEncodeError: 'charmap' codec can't encode characters in position 36-37: character maps to <undefined>
Call stack:
  File "E:\prog fold\Drunken cookies\real-time-inventory\vm_inventory_updater_fixed.py", line 2606, in <module>
    success = main()
  File "E:\prog fold\Drunken cookies\real-time-inventory\vm_inventory_updater_fixed.py", line 162, in main
    sales_data = fetch_sales_data(clover_creds, shopify_creds, target_date)
  File "E:\prog fold\Drunken cookies\real-time-inventory\vm_inventory_updater_fixed.py", line 537, in fetch_sales_data
    location_sales = fetch_clover_sales(creds, target_date)
  File "E:\prog fold\Drunken cookies\real-time-inventory\vm_inventory_updater_fixed.py", line 905, in 
fetch_clover_sales
    logging.warning(f"ΓÜá∩╕Å     UTC time: {order_info['order_time_utc']}")
Message: 'ΓÜá∩╕Å     UTC time: 2026-01-25 18:35:05 UTC'
Arguments: ()
--- Logging error ---
Traceback (most recent call last):
  File "C:\Users\banzo\AppData\Local\Programs\Python\Python312\Lib\logging\__init__.py", line 1163, in emit
    stream.write(msg + self.terminator)
  File "C:\Users\banzo\AppData\Local\Programs\Python\Python312\Lib\encodings\cp1252.py", line 19, in encode
    return codecs.charmap_encode(input,self.errors,encoding_table)[0]
           ^^^^^^^^^^^^^^^^^^^^^^^^^^^^^^^^^^^^^^^^^^^^^^^^^^^^^^^
UnicodeEncodeError: 'charmap' codec can't encode characters in position 36-37: character maps to <undefined>
Call stack:
  File "E:\prog fold\Drunken cookies\real-time-inventory\vm_inventory_updater_fixed.py", line 2606, in <module>
    success = main()
  File "E:\prog fold\Drunken cookies\real-time-inventory\vm_inventory_updater_fixed.py", line 162, in main
    sales_data = fetch_sales_data(clover_creds, shopify_creds, target_date)
  File "E:\prog fold\Drunken cookies\real-time-inventory\vm_inventory_updater_fixed.py", line 537, in fetch_sales_data
    location_sales = fetch_clover_sales(creds, target_date)
  File "E:\prog fold\Drunken cookies\real-time-inventory\vm_inventory_updater_fixed.py", line 906, in 
fetch_clover_sales
    logging.warning(f"ΓÜá∩╕Å     PR time: {order_info['order_time_pr']}")
Message: 'ΓÜá∩╕Å     PR time: 2026-01-25 14:35:05 AST'
Arguments: ()
--- Logging error ---
Traceback (most recent call last):
  File "C:\Users\banzo\AppData\Local\Programs\Python\Python312\Lib\logging\__init__.py", line 1163, in emit
    stream.write(msg + self.terminator)
  File "C:\Users\banzo\AppData\Local\Programs\Python\Python312\Lib\encodings\cp1252.py", line 19, in encode
    return codecs.charmap_encode(input,self.errors,encoding_table)[0]
           ^^^^^^^^^^^^^^^^^^^^^^^^^^^^^^^^^^^^^^^^^^^^^^^^^^^^^^^
UnicodeEncodeError: 'charmap' codec can't encode characters in position 36-37: character maps to <undefined>
Call stack:
  File "E:\prog fold\Drunken cookies\real-time-inventory\vm_inventory_updater_fixed.py", line 2606, in <module>
    success = main()
  File "E:\prog fold\Drunken cookies\real-time-inventory\vm_inventory_updater_fixed.py", line 162, in main
    sales_data = fetch_sales_data(clover_creds, shopify_creds, target_date)
  File "E:\prog fold\Drunken cookies\real-time-inventory\vm_inventory_updater_fixed.py", line 537, in fetch_sales_data
    location_sales = fetch_clover_sales(creds, target_date)
  File "E:\prog fold\Drunken cookies\real-time-inventory\vm_inventory_updater_fixed.py", line 907, in 
fetch_clover_sales
    logging.warning(f"ΓÜá∩╕Å     PR date: {order_info['order_date_pr']} (target: {order_info['target_date']})")
2026-02-16 20:52:19,623 - WARNING - ΓÜá∩╕Å     PR date: 2026-01-25 (target: 2026-01-17)
2026-02-16 20:52:19,631 - WARNING - ΓÜá∩╕Å   Order SE17CM4WS6BR0:
2026-02-16 20:52:19,631 - WARNING - ΓÜá∩╕Å     UTC time: 2026-01-25 16:56:18 UTC
2026-02-16 20:52:19,632 - WARNING - ΓÜá∩╕Å     PR time: 2026-01-25 12:56:18 AST
2026-02-16 20:52:19,637 - WARNING - ΓÜá∩╕Å     PR date: 2026-01-25 (target: 2026-01-17)
Message: 'ΓÜá∩╕Å     PR date: 2026-01-25 (target: 2026-01-17)'
Arguments: ()
--- Logging error ---
Traceback (most recent call last):
  File "C:\Users\banzo\AppData\Local\Programs\Python\Python312\Lib\logging\__init__.py", line 1163, in emit
    stream.write(msg + self.terminator)
  File "C:\Users\banzo\AppData\Local\Programs\Python\Python312\Lib\encodings\cp1252.py", line 19, in encode
    return codecs.charmap_encode(input,self.errors,encoding_table)[0]
           ^^^^^^^^^^^^^^^^^^^^^^^^^^^^^^^^^^^^^^^^^^^^^^^^^^^^^^^
UnicodeEncodeError: 'charmap' codec can't encode characters in position 36-37: character maps to <undefined>
Call stack:
  File "E:\prog fold\Drunken cookies\real-time-inventory\vm_inventory_updater_fixed.py", line 2606, in <module>
    success = main()
  File "E:\prog fold\Drunken cookies\real-time-inventory\vm_inventory_updater_fixed.py", line 162, in main
    sales_data = fetch_sales_data(clover_creds, shopify_creds, target_date)
  File "E:\prog fold\Drunken cookies\real-time-inventory\vm_inventory_updater_fixed.py", line 537, in fetch_sales_data
    location_sales = fetch_clover_sales(creds, target_date)
  File "E:\prog fold\Drunken cookies\real-time-inventory\vm_inventory_updater_fixed.py", line 904, in 
fetch_clover_sales
    logging.warning(f"ΓÜá∩╕Å   Order {order_info['order_id']}:")
Message: 'ΓÜá∩╕Å   Order SE17CM4WS6BR0:'
Arguments: ()
--- Logging error ---
Traceback (most recent call last):
  File "C:\Users\banzo\AppData\Local\Programs\Python\Python312\Lib\logging\__init__.py", line 1163, in emit
    stream.write(msg + self.terminator)
  File "C:\Users\banzo\AppData\Local\Programs\Python\Python312\Lib\encodings\cp1252.py", line 19, in encode
    return codecs.charmap_encode(input,self.errors,encoding_table)[0]
           ^^^^^^^^^^^^^^^^^^^^^^^^^^^^^^^^^^^^^^^^^^^^^^^^^^^^^^^
UnicodeEncodeError: 'charmap' codec can't encode characters in position 36-37: character maps to <undefined>
Call stack:
  File "E:\prog fold\Drunken cookies\real-time-inventory\vm_inventory_updater_fixed.py", line 2606, in <module>
    success = main()
  File "E:\prog fold\Drunken cookies\real-time-inventory\vm_inventory_updater_fixed.py", line 162, in main
    sales_data = fetch_sales_data(clover_creds, shopify_creds, target_date)
  File "E:\prog fold\Drunken cookies\real-time-inventory\vm_inventory_updater_fixed.py", line 537, in fetch_sales_data
    location_sales = fetch_clover_sales(creds, target_date)
  File "E:\prog fold\Drunken cookies\real-time-inventory\vm_inventory_updater_fixed.py", line 905, in 
fetch_clover_sales
    logging.warning(f"ΓÜá∩╕Å     UTC time: {order_info['order_time_utc']}")
Message: 'ΓÜá∩╕Å     UTC time: 2026-01-25 16:56:18 UTC'
Arguments: ()
--- Logging error ---
Traceback (most recent call last):
  File "C:\Users\banzo\AppData\Local\Programs\Python\Python312\Lib\logging\__init__.py", line 1163, in emit
    stream.write(msg + self.terminator)
  File "C:\Users\banzo\AppData\Local\Programs\Python\Python312\Lib\encodings\cp1252.py", line 19, in encode
    return codecs.charmap_encode(input,self.errors,encoding_table)[0]
           ^^^^^^^^^^^^^^^^^^^^^^^^^^^^^^^^^^^^^^^^^^^^^^^^^^^^^^^
UnicodeEncodeError: 'charmap' codec can't encode characters in position 36-37: character maps to <undefined>
Call stack:
  File "E:\prog fold\Drunken cookies\real-time-inventory\vm_inventory_updater_fixed.py", line 2606, in <module>
    success = main()
  File "E:\prog fold\Drunken cookies\real-time-inventory\vm_inventory_updater_fixed.py", line 162, in main
    sales_data = fetch_sales_data(clover_creds, shopify_creds, target_date)
  File "E:\prog fold\Drunken cookies\real-time-inventory\vm_inventory_updater_fixed.py", line 537, in fetch_sales_data
    location_sales = fetch_clover_sales(creds, target_date)
  File "E:\prog fold\Drunken cookies\real-time-inventory\vm_inventory_updater_fixed.py", line 906, in 
fetch_clover_sales
    logging.warning(f"ΓÜá∩╕Å     PR time: {order_info['order_time_pr']}")
Message: 'ΓÜá∩╕Å     PR time: 2026-01-25 12:56:18 AST'
Arguments: ()
2026-02-16 20:52:19,637 - WARNING - ΓÜá∩╕Å   Order AERJAV8QZNTD4:
2026-02-16 20:52:19,638 - WARNING - ΓÜá∩╕Å     UTC time: 2026-01-25 16:51:30 UTC
2026-02-16 20:52:19,644 - WARNING - ΓÜá∩╕Å     PR time: 2026-01-25 12:51:30 AST
2026-02-16 20:52:19,644 - WARNING - ΓÜá∩╕Å     PR date: 2026-01-25 (target: 2026-01-17)
--- Logging error ---
Traceback (most recent call last):
  File "C:\Users\banzo\AppData\Local\Programs\Python\Python312\Lib\logging\__init__.py", line 1163, in emit
    stream.write(msg + self.terminator)
  File "C:\Users\banzo\AppData\Local\Programs\Python\Python312\Lib\encodings\cp1252.py", line 19, in encode
    return codecs.charmap_encode(input,self.errors,encoding_table)[0]
           ^^^^^^^^^^^^^^^^^^^^^^^^^^^^^^^^^^^^^^^^^^^^^^^^^^^^^^^
UnicodeEncodeError: 'charmap' codec can't encode characters in position 36-37: character maps to <undefined>
Call stack:
  File "E:\prog fold\Drunken cookies\real-time-inventory\vm_inventory_updater_fixed.py", line 2606, in <module>
    success = main()
  File "E:\prog fold\Drunken cookies\real-time-inventory\vm_inventory_updater_fixed.py", line 162, in main
    sales_data = fetch_sales_data(clover_creds, shopify_creds, target_date)
  File "E:\prog fold\Drunken cookies\real-time-inventory\vm_inventory_updater_fixed.py", line 537, in fetch_sales_data
    location_sales = fetch_clover_sales(creds, target_date)
  File "E:\prog fold\Drunken cookies\real-time-inventory\vm_inventory_updater_fixed.py", line 907, in 
fetch_clover_sales
    logging.warning(f"ΓÜá∩╕Å     PR date: {order_info['order_date_pr']} (target: {order_info['target_date']})")
Message: 'ΓÜá∩╕Å     PR date: 2026-01-25 (target: 2026-01-17)'
Arguments: ()
--- Logging error ---
Traceback (most recent call last):
  File "C:\Users\banzo\AppData\Local\Programs\Python\Python312\Lib\logging\__init__.py", line 1163, in emit
    stream.write(msg + self.terminator)
  File "C:\Users\banzo\AppData\Local\Programs\Python\Python312\Lib\encodings\cp1252.py", line 19, in encode
    return codecs.charmap_encode(input,self.errors,encoding_table)[0]
           ^^^^^^^^^^^^^^^^^^^^^^^^^^^^^^^^^^^^^^^^^^^^^^^^^^^^^^^
UnicodeEncodeError: 'charmap' codec can't encode characters in position 36-37: character maps to <undefined>
Call stack:
  File "E:\prog fold\Drunken cookies\real-time-inventory\vm_inventory_updater_fixed.py", line 2606, in <module>
    success = main()
  File "E:\prog fold\Drunken cookies\real-time-inventory\vm_inventory_updater_fixed.py", line 162, in main
    sales_data = fetch_sales_data(clover_creds, shopify_creds, target_date)
  File "E:\prog fold\Drunken cookies\real-time-inventory\vm_inventory_updater_fixed.py", line 537, in fetch_sales_data
    location_sales = fetch_clover_sales(creds, target_date)
  File "E:\prog fold\Drunken cookies\real-time-inventory\vm_inventory_updater_fixed.py", line 904, in 
fetch_clover_sales
    logging.warning(f"ΓÜá∩╕Å   Order {order_info['order_id']}:")
Message: 'ΓÜá∩╕Å   Order AERJAV8QZNTD4:'
Arguments: ()
--- Logging error ---
Traceback (most recent call last):
  File "C:\Users\banzo\AppData\Local\Programs\Python\Python312\Lib\logging\__init__.py", line 1163, in emit
    stream.write(msg + self.terminator)
  File "C:\Users\banzo\AppData\Local\Programs\Python\Python312\Lib\encodings\cp1252.py", line 19, in encode
    return codecs.charmap_encode(input,self.errors,encoding_table)[0]
           ^^^^^^^^^^^^^^^^^^^^^^^^^^^^^^^^^^^^^^^^^^^^^^^^^^^^^^^
UnicodeEncodeError: 'charmap' codec can't encode characters in position 36-37: character maps to <undefined>
Call stack:
  File "E:\prog fold\Drunken cookies\real-time-inventory\vm_inventory_updater_fixed.py", line 2606, in <module>
    success = main()
  File "E:\prog fold\Drunken cookies\real-time-inventory\vm_inventory_updater_fixed.py", line 162, in main
    sales_data = fetch_sales_data(clover_creds, shopify_creds, target_date)
  File "E:\prog fold\Drunken cookies\real-time-inventory\vm_inventory_updater_fixed.py", line 537, in fetch_sales_data
    location_sales = fetch_clover_sales(creds, target_date)
  File "E:\prog fold\Drunken cookies\real-time-inventory\vm_inventory_updater_fixed.py", line 905, in 
fetch_clover_sales
    logging.warning(f"ΓÜá∩╕Å     UTC time: {order_info['order_time_utc']}")
Message: 'ΓÜá∩╕Å     UTC time: 2026-01-25 16:51:30 UTC'
Arguments: ()
--- Logging error ---
Traceback (most recent call last):
  File "C:\Users\banzo\AppData\Local\Programs\Python\Python312\Lib\logging\__init__.py", line 1163, in emit
    stream.write(msg + self.terminator)
  File "C:\Users\banzo\AppData\Local\Programs\Python\Python312\Lib\encodings\cp1252.py", line 19, in encode
    return codecs.charmap_encode(input,self.errors,encoding_table)[0]
           ^^^^^^^^^^^^^^^^^^^^^^^^^^^^^^^^^^^^^^^^^^^^^^^^^^^^^^^
UnicodeEncodeError: 'charmap' codec can't encode characters in position 36-37: character maps to <undefined>
Call stack:
  File "E:\prog fold\Drunken cookies\real-time-inventory\vm_inventory_updater_fixed.py", line 2606, in <module>
    success = main()
  File "E:\prog fold\Drunken cookies\real-time-inventory\vm_inventory_updater_fixed.py", line 162, in main
    sales_data = fetch_sales_data(clover_creds, shopify_creds, target_date)
  File "E:\prog fold\Drunken cookies\real-time-inventory\vm_inventory_updater_fixed.py", line 537, in fetch_sales_data
    location_sales = fetch_clover_sales(creds, target_date)
  File "E:\prog fold\Drunken cookies\real-time-inventory\vm_inventory_updater_fixed.py", line 906, in 
fetch_clover_sales
    logging.warning(f"ΓÜá∩╕Å     PR time: {order_info['order_time_pr']}")
Message: 'ΓÜá∩╕Å     PR time: 2026-01-25 12:51:30 AST'
Arguments: ()
--- Logging error ---
Traceback (most recent call last):
  File "C:\Users\banzo\AppData\Local\Programs\Python\Python312\Lib\logging\__init__.py", line 1163, in emit
    stream.write(msg + self.terminator)
  File "C:\Users\banzo\AppData\Local\Programs\Python\Python312\Lib\encodings\cp1252.py", line 19, in encode
    return codecs.charmap_encode(input,self.errors,encoding_table)[0]
           ^^^^^^^^^^^^^^^^^^^^^^^^^^^^^^^^^^^^^^^^^^^^^^^^^^^^^^^
UnicodeEncodeError: 'charmap' codec can't encode characters in position 36-37: character maps to <undefined>
Call stack:
  File "E:\prog fold\Drunken cookies\real-time-inventory\vm_inventory_updater_fixed.py", line 2606, in <module>
    success = main()
  File "E:\prog fold\Drunken cookies\real-time-inventory\vm_inventory_updater_fixed.py", line 162, in main
    sales_data = fetch_sales_data(clover_creds, shopify_creds, target_date)
  File "E:\prog fold\Drunken cookies\real-time-inventory\vm_inventory_updater_fixed.py", line 537, in fetch_sales_data
    location_sales = fetch_clover_sales(creds, target_date)
  File "E:\prog fold\Drunken cookies\real-time-inventory\vm_inventory_updater_fixed.py", line 907, in 
fetch_clover_sales
    logging.warning(f"ΓÜá∩╕Å     PR date: {order_info['order_date_pr']} (target: {order_info['target_date']})")
Message: 'ΓÜá∩╕Å     PR date: 2026-01-25 (target: 2026-01-17)'
Arguments: ()
--- Logging error ---
Traceback (most recent call last):
  File "C:\Users\banzo\AppData\Local\Programs\Python\Python312\Lib\logging\__init__.py", line 1163, in emit
    stream.write(msg + self.terminator)
  File "C:\Users\banzo\AppData\Local\Programs\Python\Python312\Lib\encodings\cp1252.py", line 19, in encode
    return codecs.charmap_encode(input,self.errors,encoding_table)[0]
           ^^^^^^^^^^^^^^^^^^^^^^^^^^^^^^^^^^^^^^^^^^^^^^^^^^^^^^^
UnicodeEncodeError: 'charmap' codec can't encode characters in position 36-37: character maps to <undefined>
Call stack:
  File "E:\prog fold\Drunken cookies\real-time-inventory\vm_inventory_updater_fixed.py", line 2606, in <module>
    success = main()
  File "E:\prog fold\Drunken cookies\real-time-inventory\vm_inventory_updater_fixed.py", line 162, in main
    sales_data = fetch_sales_data(clover_creds, shopify_creds, target_date)
  File "E:\prog fold\Drunken cookies\real-time-inventory\vm_inventory_updater_fixed.py", line 537, in fetch_sales_data
    location_sales = fetch_clover_sales(creds, target_date)
  File "E:\prog fold\Drunken cookies\real-time-inventory\vm_inventory_updater_fixed.py", line 904, in 
fetch_clover_sales
    logging.warning(f"ΓÜá∩╕Å   Order {order_info['order_id']}:")
2026-02-16 20:52:19,646 - WARNING - ΓÜá∩╕Å   Order 1HPFR9QRWNFHG:
2026-02-16 20:52:19,652 - WARNING - ΓÜá∩╕Å     UTC time: 2026-01-25 15:52:20 UTC
2026-02-16 20:52:19,653 - WARNING - ΓÜá∩╕Å     PR time: 2026-01-25 11:52:20 AST
2026-02-16 20:52:19,653 - WARNING - ΓÜá∩╕Å     PR date: 2026-01-25 (target: 2026-01-17)
2026-02-16 20:52:19,658 - WARNING - ΓÜá∩╕Å   Order E51JYD8QF3SV0:
Message: 'ΓÜá∩╕Å   Order 1HPFR9QRWNFHG:'
Arguments: ()
--- Logging error ---
Traceback (most recent call last):
  File "C:\Users\banzo\AppData\Local\Programs\Python\Python312\Lib\logging\__init__.py", line 1163, in emit
    stream.write(msg + self.terminator)
  File "C:\Users\banzo\AppData\Local\Programs\Python\Python312\Lib\encodings\cp1252.py", line 19, in encode
    return codecs.charmap_encode(input,self.errors,encoding_table)[0]
           ^^^^^^^^^^^^^^^^^^^^^^^^^^^^^^^^^^^^^^^^^^^^^^^^^^^^^^^
UnicodeEncodeError: 'charmap' codec can't encode characters in position 36-37: character maps to <undefined>
Call stack:
  File "E:\prog fold\Drunken cookies\real-time-inventory\vm_inventory_updater_fixed.py", line 2606, in <module>
    success = main()
  File "E:\prog fold\Drunken cookies\real-time-inventory\vm_inventory_updater_fixed.py", line 162, in main
    sales_data = fetch_sales_data(clover_creds, shopify_creds, target_date)
  File "E:\prog fold\Drunken cookies\real-time-inventory\vm_inventory_updater_fixed.py", line 537, in fetch_sales_data
    location_sales = fetch_clover_sales(creds, target_date)
  File "E:\prog fold\Drunken cookies\real-time-inventory\vm_inventory_updater_fixed.py", line 905, in 
fetch_clover_sales
    logging.warning(f"ΓÜá∩╕Å     UTC time: {order_info['order_time_utc']}")
Message: 'ΓÜá∩╕Å     UTC time: 2026-01-25 15:52:20 UTC'
Arguments: ()
--- Logging error ---
Traceback (most recent call last):
  File "C:\Users\banzo\AppData\Local\Programs\Python\Python312\Lib\logging\__init__.py", line 1163, in emit
    stream.write(msg + self.terminator)
  File "C:\Users\banzo\AppData\Local\Programs\Python\Python312\Lib\encodings\cp1252.py", line 19, in encode
    return codecs.charmap_encode(input,self.errors,encoding_table)[0]
           ^^^^^^^^^^^^^^^^^^^^^^^^^^^^^^^^^^^^^^^^^^^^^^^^^^^^^^^
UnicodeEncodeError: 'charmap' codec can't encode characters in position 36-37: character maps to <undefined>
Call stack:
  File "E:\prog fold\Drunken cookies\real-time-inventory\vm_inventory_updater_fixed.py", line 2606, in <module>
    success = main()
  File "E:\prog fold\Drunken cookies\real-time-inventory\vm_inventory_updater_fixed.py", line 162, in main
    sales_data = fetch_sales_data(clover_creds, shopify_creds, target_date)
  File "E:\prog fold\Drunken cookies\real-time-inventory\vm_inventory_updater_fixed.py", line 537, in fetch_sales_data
    location_sales = fetch_clover_sales(creds, target_date)
  File "E:\prog fold\Drunken cookies\real-time-inventory\vm_inventory_updater_fixed.py", line 906, in 
fetch_clover_sales
    logging.warning(f"ΓÜá∩╕Å     PR time: {order_info['order_time_pr']}")
Message: 'ΓÜá∩╕Å     PR time: 2026-01-25 11:52:20 AST'
Arguments: ()
--- Logging error ---
Traceback (most recent call last):
  File "C:\Users\banzo\AppData\Local\Programs\Python\Python312\Lib\logging\__init__.py", line 1163, in emit
    stream.write(msg + self.terminator)
  File "C:\Users\banzo\AppData\Local\Programs\Python\Python312\Lib\encodings\cp1252.py", line 19, in encode
    return codecs.charmap_encode(input,self.errors,encoding_table)[0]
           ^^^^^^^^^^^^^^^^^^^^^^^^^^^^^^^^^^^^^^^^^^^^^^^^^^^^^^^
UnicodeEncodeError: 'charmap' codec can't encode characters in position 36-37: character maps to <undefined>
Call stack:
  File "E:\prog fold\Drunken cookies\real-time-inventory\vm_inventory_updater_fixed.py", line 2606, in <module>
    success = main()
  File "E:\prog fold\Drunken cookies\real-time-inventory\vm_inventory_updater_fixed.py", line 162, in main
    sales_data = fetch_sales_data(clover_creds, shopify_creds, target_date)
2026-02-16 20:52:19,659 - WARNING - ΓÜá∩╕Å     UTC time: 2026-01-24 23:46:28 UTC
2026-02-16 20:52:19,659 - WARNING - ΓÜá∩╕Å     PR time: 2026-01-24 19:46:28 AST
  File "E:\prog fold\Drunken cookies\real-time-inventory\vm_inventory_updater_fixed.py", line 537, in fetch_sales_data
    location_sales = fetch_clover_sales(creds, target_date)
  File "E:\prog fold\Drunken cookies\real-time-inventory\vm_inventory_updater_fixed.py", line 907, in 
fetch_clover_sales
    logging.warning(f"ΓÜá∩╕Å     PR date: {order_info['order_date_pr']} (target: {order_info['target_date']})")
Message: 'ΓÜá∩╕Å     PR date: 2026-01-25 (target: 2026-01-17)'
Arguments: ()
--- Logging error ---
Traceback (most recent call last):
  File "C:\Users\banzo\AppData\Local\Programs\Python\Python312\Lib\logging\__init__.py", line 1163, in emit
    stream.write(msg + self.terminator)
  File "C:\Users\banzo\AppData\Local\Programs\Python\Python312\Lib\encodings\cp1252.py", line 19, in encode
    return codecs.charmap_encode(input,self.errors,encoding_table)[0]
           ^^^^^^^^^^^^^^^^^^^^^^^^^^^^^^^^^^^^^^^^^^^^^^^^^^^^^^^
UnicodeEncodeError: 'charmap' codec can't encode characters in position 36-37: character maps to <undefined>
Call stack:
  File "E:\prog fold\Drunken cookies\real-time-inventory\vm_inventory_updater_fixed.py", line 2606, in <module>
    success = main()
  File "E:\prog fold\Drunken cookies\real-time-inventory\vm_inventory_updater_fixed.py", line 162, in main
    sales_data = fetch_sales_data(clover_creds, shopify_creds, target_date)
  File "E:\prog fold\Drunken cookies\real-time-inventory\vm_inventory_updater_fixed.py", line 537, in fetch_sales_data
    location_sales = fetch_clover_sales(creds, target_date)
  File "E:\prog fold\Drunken cookies\real-time-inventory\vm_inventory_updater_fixed.py", line 904, in 
fetch_clover_sales
    logging.warning(f"ΓÜá∩╕Å   Order {order_info['order_id']}:")
Message: 'ΓÜá∩╕Å   Order E51JYD8QF3SV0:'
Arguments: ()
--- Logging error ---
Traceback (most recent call last):
  File "C:\Users\banzo\AppData\Local\Programs\Python\Python312\Lib\logging\__init__.py", line 1163, in emit
    stream.write(msg + self.terminator)
  File "C:\Users\banzo\AppData\Local\Programs\Python\Python312\Lib\encodings\cp1252.py", line 19, in encode
    return codecs.charmap_encode(input,self.errors,encoding_table)[0]
           ^^^^^^^^^^^^^^^^^^^^^^^^^^^^^^^^^^^^^^^^^^^^^^^^^^^^^^^
UnicodeEncodeError: 'charmap' codec can't encode characters in position 36-37: character maps to <undefined>
Call stack:
  File "E:\prog fold\Drunken cookies\real-time-inventory\vm_inventory_updater_fixed.py", line 2606, in <module>
    success = main()
  File "E:\prog fold\Drunken cookies\real-time-inventory\vm_inventory_updater_fixed.py", line 162, in main
    sales_data = fetch_sales_data(clover_creds, shopify_creds, target_date)
  File "E:\prog fold\Drunken cookies\real-time-inventory\vm_inventory_updater_fixed.py", line 537, in fetch_sales_data
    location_sales = fetch_clover_sales(creds, target_date)
  File "E:\prog fold\Drunken cookies\real-time-inventory\vm_inventory_updater_fixed.py", line 905, in 
fetch_clover_sales
    logging.warning(f"ΓÜá∩╕Å     UTC time: {order_info['order_time_utc']}")
Message: 'ΓÜá∩╕Å     UTC time: 2026-01-24 23:46:28 UTC'
Arguments: ()
--- Logging error ---
Traceback (most recent call last):
  File "C:\Users\banzo\AppData\Local\Programs\Python\Python312\Lib\logging\__init__.py", line 1163, in emit
    stream.write(msg + self.terminator)
  File "C:\Users\banzo\AppData\Local\Programs\Python\Python312\Lib\encodings\cp1252.py", line 19, in encode
    return codecs.charmap_encode(input,self.errors,encoding_table)[0]
           ^^^^^^^^^^^^^^^^^^^^^^^^^^^^^^^^^^^^^^^^^^^^^^^^^^^^^^^
UnicodeEncodeError: 'charmap' codec can't encode characters in position 36-37: character maps to <undefined>
Call stack:
  File "E:\prog fold\Drunken cookies\real-time-inventory\vm_inventory_updater_fixed.py", line 2606, in <module>
    success = main()
  File "E:\prog fold\Drunken cookies\real-time-inventory\vm_inventory_updater_fixed.py", line 162, in main
    sales_data = fetch_sales_data(clover_creds, shopify_creds, target_date)
2026-02-16 20:52:19,665 - WARNING - ΓÜá∩╕Å     PR date: 2026-01-24 (target: 2026-01-17)
2026-02-16 20:52:19,666 - WARNING - ΓÜá∩╕Å   Order 8H5PD6S9YF9BC:
2026-02-16 20:52:19,666 - WARNING - ΓÜá∩╕Å     UTC time: 2026-01-24 23:18:32 UTC
2026-02-16 20:52:19,673 - WARNING - ΓÜá∩╕Å     PR time: 2026-01-24 19:18:32 AST
  File "E:\prog fold\Drunken cookies\real-time-inventory\vm_inventory_updater_fixed.py", line 537, in fetch_sales_data
    location_sales = fetch_clover_sales(creds, target_date)
  File "E:\prog fold\Drunken cookies\real-time-inventory\vm_inventory_updater_fixed.py", line 906, in 
fetch_clover_sales
    logging.warning(f"ΓÜá∩╕Å     PR time: {order_info['order_time_pr']}")
Message: 'ΓÜá∩╕Å     PR time: 2026-01-24 19:46:28 AST'
Arguments: ()
--- Logging error ---
Traceback (most recent call last):
  File "C:\Users\banzo\AppData\Local\Programs\Python\Python312\Lib\logging\__init__.py", line 1163, in emit
    stream.write(msg + self.terminator)
  File "C:\Users\banzo\AppData\Local\Programs\Python\Python312\Lib\encodings\cp1252.py", line 19, in encode
    return codecs.charmap_encode(input,self.errors,encoding_table)[0]
           ^^^^^^^^^^^^^^^^^^^^^^^^^^^^^^^^^^^^^^^^^^^^^^^^^^^^^^^
UnicodeEncodeError: 'charmap' codec can't encode characters in position 36-37: character maps to <undefined>
Call stack:
  File "E:\prog fold\Drunken cookies\real-time-inventory\vm_inventory_updater_fixed.py", line 2606, in <module>
    success = main()
  File "E:\prog fold\Drunken cookies\real-time-inventory\vm_inventory_updater_fixed.py", line 162, in main
    sales_data = fetch_sales_data(clover_creds, shopify_creds, target_date)
  File "E:\prog fold\Drunken cookies\real-time-inventory\vm_inventory_updater_fixed.py", line 537, in fetch_sales_data
    location_sales = fetch_clover_sales(creds, target_date)
  File "E:\prog fold\Drunken cookies\real-time-inventory\vm_inventory_updater_fixed.py", line 907, in 
fetch_clover_sales
    logging.warning(f"ΓÜá∩╕Å     PR date: {order_info['order_date_pr']} (target: {order_info['target_date']})")
Message: 'ΓÜá∩╕Å     PR date: 2026-01-24 (target: 2026-01-17)'
Arguments: ()
--- Logging error ---
Traceback (most recent call last):
  File "C:\Users\banzo\AppData\Local\Programs\Python\Python312\Lib\logging\__init__.py", line 1163, in emit
    stream.write(msg + self.terminator)
  File "C:\Users\banzo\AppData\Local\Programs\Python\Python312\Lib\encodings\cp1252.py", line 19, in encode
    return codecs.charmap_encode(input,self.errors,encoding_table)[0]
           ^^^^^^^^^^^^^^^^^^^^^^^^^^^^^^^^^^^^^^^^^^^^^^^^^^^^^^^
UnicodeEncodeError: 'charmap' codec can't encode characters in position 36-37: character maps to <undefined>
Call stack:
  File "E:\prog fold\Drunken cookies\real-time-inventory\vm_inventory_updater_fixed.py", line 2606, in <module>
    success = main()
  File "E:\prog fold\Drunken cookies\real-time-inventory\vm_inventory_updater_fixed.py", line 162, in main
    sales_data = fetch_sales_data(clover_creds, shopify_creds, target_date)
2026-02-16 20:52:19,673 - WARNING - ΓÜá∩╕Å     PR date: 2026-01-24 (target: 2026-01-17)
  File "E:\prog fold\Drunken cookies\real-time-inventory\vm_inventory_updater_fixed.py", line 537, in fetch_sales_data
    location_sales = fetch_clover_sales(creds, target_date)
  File "E:\prog fold\Drunken cookies\real-time-inventory\vm_inventory_updater_fixed.py", line 904, in 
fetch_clover_sales
    logging.warning(f"ΓÜá∩╕Å   Order {order_info['order_id']}:")
Message: 'ΓÜá∩╕Å   Order 8H5PD6S9YF9BC:'
Arguments: ()
--- Logging error ---
Traceback (most recent call last):
  File "C:\Users\banzo\AppData\Local\Programs\Python\Python312\Lib\logging\__init__.py", line 1163, in emit
    stream.write(msg + self.terminator)
  File "C:\Users\banzo\AppData\Local\Programs\Python\Python312\Lib\encodings\cp1252.py", line 19, in encode
    return codecs.charmap_encode(input,self.errors,encoding_table)[0]
           ^^^^^^^^^^^^^^^^^^^^^^^^^^^^^^^^^^^^^^^^^^^^^^^^^^^^^^^
UnicodeEncodeError: 'charmap' codec can't encode characters in position 36-37: character maps to <undefined>
Call stack:
  File "E:\prog fold\Drunken cookies\real-time-inventory\vm_inventory_updater_fixed.py", line 2606, in <module>
    success = main()
  File "E:\prog fold\Drunken cookies\real-time-inventory\vm_inventory_updater_fixed.py", line 162, in main
    sales_data = fetch_sales_data(clover_creds, shopify_creds, target_date)
  File "E:\prog fold\Drunken cookies\real-time-inventory\vm_inventory_updater_fixed.py", line 537, in fetch_sales_data
    location_sales = fetch_clover_sales(creds, target_date)
  File "E:\prog fold\Drunken cookies\real-time-inventory\vm_inventory_updater_fixed.py", line 905, in 
fetch_clover_sales
    logging.warning(f"ΓÜá∩╕Å     UTC time: {order_info['order_time_utc']}")
Message: 'ΓÜá∩╕Å     UTC time: 2026-01-24 23:18:32 UTC'
Arguments: ()
--- Logging error ---
Traceback (most recent call last):
  File "C:\Users\banzo\AppData\Local\Programs\Python\Python312\Lib\logging\__init__.py", line 1163, in emit
    stream.write(msg + self.terminator)
  File "C:\Users\banzo\AppData\Local\Programs\Python\Python312\Lib\encodings\cp1252.py", line 19, in encode
    return codecs.charmap_encode(input,self.errors,encoding_table)[0]
           ^^^^^^^^^^^^^^^^^^^^^^^^^^^^^^^^^^^^^^^^^^^^^^^^^^^^^^^
UnicodeEncodeError: 'charmap' codec can't encode characters in position 36-37: character maps to <undefined>
Call stack:
  File "E:\prog fold\Drunken cookies\real-time-inventory\vm_inventory_updater_fixed.py", line 2606, in <module>
    success = main()
  File "E:\prog fold\Drunken cookies\real-time-inventory\vm_inventory_updater_fixed.py", line 162, in main
    sales_data = fetch_sales_data(clover_creds, shopify_creds, target_date)
  File "E:\prog fold\Drunken cookies\real-time-inventory\vm_inventory_updater_fixed.py", line 537, in fetch_sales_data
    location_sales = fetch_clover_sales(creds, target_date)
  File "E:\prog fold\Drunken cookies\real-time-inventory\vm_inventory_updater_fixed.py", line 906, in 
fetch_clover_sales
    logging.warning(f"ΓÜá∩╕Å     PR time: {order_info['order_time_pr']}")
Message: 'ΓÜá∩╕Å     PR time: 2026-01-24 19:18:32 AST'
Arguments: ()
--- Logging error ---
Traceback (most recent call last):
  File "C:\Users\banzo\AppData\Local\Programs\Python\Python312\Lib\logging\__init__.py", line 1163, in emit
    stream.write(msg + self.terminator)
  File "C:\Users\banzo\AppData\Local\Programs\Python\Python312\Lib\encodings\cp1252.py", line 19, in encode
    return codecs.charmap_encode(input,self.errors,encoding_table)[0]
           ^^^^^^^^^^^^^^^^^^^^^^^^^^^^^^^^^^^^^^^^^^^^^^^^^^^^^^^
UnicodeEncodeError: 'charmap' codec can't encode characters in position 36-37: character maps to <undefined>
Call stack:
  File "E:\prog fold\Drunken cookies\real-time-inventory\vm_inventory_updater_fixed.py", line 2606, in <module>
    success = main()
  File "E:\prog fold\Drunken cookies\real-time-inventory\vm_inventory_updater_fixed.py", line 162, in main
    sales_data = fetch_sales_data(clover_creds, shopify_creds, target_date)
  File "E:\prog fold\Drunken cookies\real-time-inventory\vm_inventory_updater_fixed.py", line 537, in fetch_sales_data
    location_sales = fetch_clover_sales(creds, target_date)
  File "E:\prog fold\Drunken cookies\real-time-inventory\vm_inventory_updater_fixed.py", line 907, in 
fetch_clover_sales
    logging.warning(f"ΓÜá∩╕Å     PR date: {order_info['order_date_pr']} (target: {order_info['target_date']})")
Message: 'ΓÜá∩╕Å     PR date: 2026-01-24 (target: 2026-01-17)'
Arguments: ()
--- Logging error ---
Traceback (most recent call last):
2026-02-16 20:52:19,674 - WARNING - ΓÜá∩╕Å   Order QNZ95CJ7MFDN0:
2026-02-16 20:52:19,680 - WARNING - ΓÜá∩╕Å     UTC time: 2026-01-24 23:10:03 UTC
  File "C:\Users\banzo\AppData\Local\Programs\Python\Python312\Lib\logging\__init__.py", line 1163, in emit
    stream.write(msg + self.terminator)
  File "C:\Users\banzo\AppData\Local\Programs\Python\Python312\Lib\encodings\cp1252.py", line 19, in encode
    return codecs.charmap_encode(input,self.errors,encoding_table)[0]
           ^^^^^^^^^^^^^^^^^^^^^^^^^^^^^^^^^^^^^^^^^^^^^^^^^^^^^^^
UnicodeEncodeError: 'charmap' codec can't encode characters in position 36-37: character maps to <undefined>
Call stack:
  File "E:\prog fold\Drunken cookies\real-time-inventory\vm_inventory_updater_fixed.py", line 2606, in <module>
    success = main()
  File "E:\prog fold\Drunken cookies\real-time-inventory\vm_inventory_updater_fixed.py", line 162, in main
    sales_data = fetch_sales_data(clover_creds, shopify_creds, target_date)
  File "E:\prog fold\Drunken cookies\real-time-inventory\vm_inventory_updater_fixed.py", line 537, in fetch_sales_data
    location_sales = fetch_clover_sales(creds, target_date)
  File "E:\prog fold\Drunken cookies\real-time-inventory\vm_inventory_updater_fixed.py", line 904, in 
fetch_clover_sales
    logging.warning(f"ΓÜá∩╕Å   Order {order_info['order_id']}:")
Message: 'ΓÜá∩╕Å   Order QNZ95CJ7MFDN0:'
Arguments: ()
--- Logging error ---
Traceback (most recent call last):
  File "C:\Users\banzo\AppData\Local\Programs\Python\Python312\Lib\logging\__init__.py", line 1163, in emit
    stream.write(msg + self.terminator)
  File "C:\Users\banzo\AppData\Local\Programs\Python\Python312\Lib\encodings\cp1252.py", line 19, in encode
    return codecs.charmap_encode(input,self.errors,encoding_table)[0]
           ^^^^^^^^^^^^^^^^^^^^^^^^^^^^^^^^^^^^^^^^^^^^^^^^^^^^^^^
UnicodeEncodeError: 'charmap' codec can't encode characters in position 36-37: character maps to <undefined>
Call stack:
  File "E:\prog fold\Drunken cookies\real-time-inventory\vm_inventory_updater_fixed.py", line 2606, in <module>
    success = main()
  File "E:\prog fold\Drunken cookies\real-time-inventory\vm_inventory_updater_fixed.py", line 162, in main
    sales_data = fetch_sales_data(clover_creds, shopify_creds, target_date)
  File "E:\prog fold\Drunken cookies\real-time-inventory\vm_inventory_updater_fixed.py", line 537, in fetch_sales_data
    location_sales = fetch_clover_sales(creds, target_date)
  File "E:\prog fold\Drunken cookies\real-time-inventory\vm_inventory_updater_fixed.py", line 905, in 
fetch_clover_sales
    logging.warning(f"ΓÜá∩╕Å     UTC time: {order_info['order_time_utc']}")
Message: 'ΓÜá∩╕Å     UTC time: 2026-01-24 23:10:03 UTC'
Arguments: ()
--- Logging error ---
Traceback (most recent call last):
  File "C:\Users\banzo\AppData\Local\Programs\Python\Python312\Lib\logging\__init__.py", line 1163, in emit
    stream.write(msg + self.terminator)
  File "C:\Users\banzo\AppData\Local\Programs\Python\Python312\Lib\encodings\cp1252.py", line 19, in encode
    return codecs.charmap_encode(input,self.errors,encoding_table)[0]
           ^^^^^^^^^^^^^^^^^^^^^^^^^^^^^^^^^^^^^^^^^^^^^^^^^^^^^^^
UnicodeEncodeError: 'charmap' codec can't encode characters in position 36-37: character maps to <undefined>
Call stack:
  File "E:\prog fold\Drunken cookies\real-time-inventory\vm_inventory_updater_fixed.py", line 2606, in <module>
    success = main()
  File "E:\prog fold\Drunken cookies\real-time-inventory\vm_inventory_updater_fixed.py", line 162, in main
    sales_data = fetch_sales_data(clover_creds, shopify_creds, target_date)
  File "E:\prog fold\Drunken cookies\real-time-inventory\vm_inventory_updater_fixed.py", line 537, in fetch_sales_data
2026-02-16 20:52:19,681 - WARNING - ΓÜá∩╕Å     PR time: 2026-01-24 19:10:03 AST
2026-02-16 20:52:19,681 - WARNING - ΓÜá∩╕Å     PR date: 2026-01-24 (target: 2026-01-17)
2026-02-16 20:52:19,687 - WARNING - ΓÜá∩╕Å   Order DJ3S1DN5SDVDE:
2026-02-16 20:52:19,688 - WARNING - ΓÜá∩╕Å     UTC time: 2026-01-24 22:51:18 UTC
    location_sales = fetch_clover_sales(creds, target_date)
  File "E:\prog fold\Drunken cookies\real-time-inventory\vm_inventory_updater_fixed.py", line 906, in 
fetch_clover_sales
    logging.warning(f"ΓÜá∩╕Å     PR time: {order_info['order_time_pr']}")
Message: 'ΓÜá∩╕Å     PR time: 2026-01-24 19:10:03 AST'
Arguments: ()
--- Logging error ---
Traceback (most recent call last):
  File "C:\Users\banzo\AppData\Local\Programs\Python\Python312\Lib\logging\__init__.py", line 1163, in emit
    stream.write(msg + self.terminator)
  File "C:\Users\banzo\AppData\Local\Programs\Python\Python312\Lib\encodings\cp1252.py", line 19, in encode
    return codecs.charmap_encode(input,self.errors,encoding_table)[0]
           ^^^^^^^^^^^^^^^^^^^^^^^^^^^^^^^^^^^^^^^^^^^^^^^^^^^^^^^
UnicodeEncodeError: 'charmap' codec can't encode characters in position 36-37: character maps to <undefined>
Call stack:
  File "E:\prog fold\Drunken cookies\real-time-inventory\vm_inventory_updater_fixed.py", line 2606, in <module>
    success = main()
  File "E:\prog fold\Drunken cookies\real-time-inventory\vm_inventory_updater_fixed.py", line 162, in main
    sales_data = fetch_sales_data(clover_creds, shopify_creds, target_date)
  File "E:\prog fold\Drunken cookies\real-time-inventory\vm_inventory_updater_fixed.py", line 537, in fetch_sales_data
    location_sales = fetch_clover_sales(creds, target_date)
  File "E:\prog fold\Drunken cookies\real-time-inventory\vm_inventory_updater_fixed.py", line 907, in 
fetch_clover_sales
    logging.warning(f"ΓÜá∩╕Å     PR date: {order_info['order_date_pr']} (target: {order_info['target_date']})")
Message: 'ΓÜá∩╕Å     PR date: 2026-01-24 (target: 2026-01-17)'
Arguments: ()
--- Logging error ---
Traceback (most recent call last):
  File "C:\Users\banzo\AppData\Local\Programs\Python\Python312\Lib\logging\__init__.py", line 1163, in emit
    stream.write(msg + self.terminator)
  File "C:\Users\banzo\AppData\Local\Programs\Python\Python312\Lib\encodings\cp1252.py", line 19, in encode
    return codecs.charmap_encode(input,self.errors,encoding_table)[0]
           ^^^^^^^^^^^^^^^^^^^^^^^^^^^^^^^^^^^^^^^^^^^^^^^^^^^^^^^
UnicodeEncodeError: 'charmap' codec can't encode characters in position 36-37: character maps to <undefined>
Call stack:
  File "E:\prog fold\Drunken cookies\real-time-inventory\vm_inventory_updater_fixed.py", line 2606, in <module>
    success = main()
  File "E:\prog fold\Drunken cookies\real-time-inventory\vm_inventory_updater_fixed.py", line 162, in main
    sales_data = fetch_sales_data(clover_creds, shopify_creds, target_date)
  File "E:\prog fold\Drunken cookies\real-time-inventory\vm_inventory_updater_fixed.py", line 537, in fetch_sales_data
    location_sales = fetch_clover_sales(creds, target_date)
  File "E:\prog fold\Drunken cookies\real-time-inventory\vm_inventory_updater_fixed.py", line 904, in 
fetch_clover_sales
    logging.warning(f"ΓÜá∩╕Å   Order {order_info['order_id']}:")
Message: 'ΓÜá∩╕Å   Order DJ3S1DN5SDVDE:'
Arguments: ()
--- Logging error ---
Traceback (most recent call last):
  File "C:\Users\banzo\AppData\Local\Programs\Python\Python312\Lib\logging\__init__.py", line 1163, in emit
    stream.write(msg + self.terminator)
  File "C:\Users\banzo\AppData\Local\Programs\Python\Python312\Lib\encodings\cp1252.py", line 19, in encode
    return codecs.charmap_encode(input,self.errors,encoding_table)[0]
           ^^^^^^^^^^^^^^^^^^^^^^^^^^^^^^^^^^^^^^^^^^^^^^^^^^^^^^^
UnicodeEncodeError: 'charmap' codec can't encode characters in position 36-37: character maps to <undefined>
Call stack:
  File "E:\prog fold\Drunken cookies\real-time-inventory\vm_inventory_updater_fixed.py", line 2606, in <module>
    success = main()
  File "E:\prog fold\Drunken cookies\real-time-inventory\vm_inventory_updater_fixed.py", line 162, in main
    sales_data = fetch_sales_data(clover_creds, shopify_creds, target_date)
  File "E:\prog fold\Drunken cookies\real-time-inventory\vm_inventory_updater_fixed.py", line 537, in fetch_sales_data
    location_sales = fetch_clover_sales(creds, target_date)
  File "E:\prog fold\Drunken cookies\real-time-inventory\vm_inventory_updater_fixed.py", line 905, in 
fetch_clover_sales
    logging.warning(f"ΓÜá∩╕Å     UTC time: {order_info['order_time_utc']}")
Message: 'ΓÜá∩╕Å     UTC time: 2026-01-24 22:51:18 UTC'
Arguments: ()
--- Logging error ---
Traceback (most recent call last):
  File "C:\Users\banzo\AppData\Local\Programs\Python\Python312\Lib\logging\__init__.py", line 1163, in emit
    stream.write(msg + self.terminator)
  File "C:\Users\banzo\AppData\Local\Programs\Python\Python312\Lib\encodings\cp1252.py", line 19, in encode
    return codecs.charmap_encode(input,self.errors,encoding_table)[0]
           ^^^^^^^^^^^^^^^^^^^^^^^^^^^^^^^^^^^^^^^^^^^^^^^^^^^^^^^
UnicodeEncodeError: 'charmap' codec can't encode characters in position 36-37: character maps to <undefined>
Call stack:
  File "E:\prog fold\Drunken cookies\real-time-inventory\vm_inventory_updater_fixed.py", line 2606, in <module>
    success = main()
  File "E:\prog fold\Drunken cookies\real-time-inventory\vm_inventory_updater_fixed.py", line 162, in main
    sales_data = fetch_sales_data(clover_creds, shopify_creds, target_date)
  File "E:\prog fold\Drunken cookies\real-time-inventory\vm_inventory_updater_fixed.py", line 537, in fetch_sales_data
    location_sales = fetch_clover_sales(creds, target_date)
2026-02-16 20:52:19,690 - WARNING - ΓÜá∩╕Å     PR time: 2026-01-24 18:51:18 AST
2026-02-16 20:52:19,698 - WARNING - ΓÜá∩╕Å     PR date: 2026-01-24 (target: 2026-01-17)
2026-02-16 20:52:19,698 - WARNING - ΓÜá∩╕Å   Order AHH4QJEXV9W6Y:
2026-02-16 20:52:19,699 - WARNING - ΓÜá∩╕Å     UTC time: 2026-01-24 20:43:48 UTC
  File "E:\prog fold\Drunken cookies\real-time-inventory\vm_inventory_updater_fixed.py", line 906, in 
fetch_clover_sales
    logging.warning(f"ΓÜá∩╕Å     PR time: {order_info['order_time_pr']}")
Message: 'ΓÜá∩╕Å     PR time: 2026-01-24 18:51:18 AST'
Arguments: ()
--- Logging error ---
Traceback (most recent call last):
  File "C:\Users\banzo\AppData\Local\Programs\Python\Python312\Lib\logging\__init__.py", line 1163, in emit
    stream.write(msg + self.terminator)
  File "C:\Users\banzo\AppData\Local\Programs\Python\Python312\Lib\encodings\cp1252.py", line 19, in encode
    return codecs.charmap_encode(input,self.errors,encoding_table)[0]
           ^^^^^^^^^^^^^^^^^^^^^^^^^^^^^^^^^^^^^^^^^^^^^^^^^^^^^^^
UnicodeEncodeError: 'charmap' codec can't encode characters in position 36-37: character maps to <undefined>
Call stack:
  File "E:\prog fold\Drunken cookies\real-time-inventory\vm_inventory_updater_fixed.py", line 2606, in <module>
    success = main()
  File "E:\prog fold\Drunken cookies\real-time-inventory\vm_inventory_updater_fixed.py", line 162, in main
    sales_data = fetch_sales_data(clover_creds, shopify_creds, target_date)
  File "E:\prog fold\Drunken cookies\real-time-inventory\vm_inventory_updater_fixed.py", line 537, in fetch_sales_data
    location_sales = fetch_clover_sales(creds, target_date)
  File "E:\prog fold\Drunken cookies\real-time-inventory\vm_inventory_updater_fixed.py", line 907, in 
fetch_clover_sales
    logging.warning(f"ΓÜá∩╕Å     PR date: {order_info['order_date_pr']} (target: {order_info['target_date']})")
Message: 'ΓÜá∩╕Å     PR date: 2026-01-24 (target: 2026-01-17)'
Arguments: ()
--- Logging error ---
Traceback (most recent call last):
  File "C:\Users\banzo\AppData\Local\Programs\Python\Python312\Lib\logging\__init__.py", line 1163, in emit
    stream.write(msg + self.terminator)
  File "C:\Users\banzo\AppData\Local\Programs\Python\Python312\Lib\encodings\cp1252.py", line 19, in encode
    return codecs.charmap_encode(input,self.errors,encoding_table)[0]
           ^^^^^^^^^^^^^^^^^^^^^^^^^^^^^^^^^^^^^^^^^^^^^^^^^^^^^^^
UnicodeEncodeError: 'charmap' codec can't encode characters in position 36-37: character maps to <undefined>
Call stack:
  File "E:\prog fold\Drunken cookies\real-time-inventory\vm_inventory_updater_fixed.py", line 2606, in <module>
    success = main()
  File "E:\prog fold\Drunken cookies\real-time-inventory\vm_inventory_updater_fixed.py", line 162, in main
    sales_data = fetch_sales_data(clover_creds, shopify_creds, target_date)
  File "E:\prog fold\Drunken cookies\real-time-inventory\vm_inventory_updater_fixed.py", line 537, in fetch_sales_data
    location_sales = fetch_clover_sales(creds, target_date)
  File "E:\prog fold\Drunken cookies\real-time-inventory\vm_inventory_updater_fixed.py", line 904, in 
fetch_clover_sales
    logging.warning(f"ΓÜá∩╕Å   Order {order_info['order_id']}:")
Message: 'ΓÜá∩╕Å   Order AHH4QJEXV9W6Y:'
Arguments: ()
--- Logging error ---
Traceback (most recent call last):
  File "C:\Users\banzo\AppData\Local\Programs\Python\Python312\Lib\logging\__init__.py", line 1163, in emit
    stream.write(msg + self.terminator)
  File "C:\Users\banzo\AppData\Local\Programs\Python\Python312\Lib\encodings\cp1252.py", line 19, in encode
    return codecs.charmap_encode(input,self.errors,encoding_table)[0]
           ^^^^^^^^^^^^^^^^^^^^^^^^^^^^^^^^^^^^^^^^^^^^^^^^^^^^^^^
UnicodeEncodeError: 'charmap' codec can't encode characters in position 36-37: character maps to <undefined>
Call stack:
2026-02-16 20:52:19,704 - WARNING - ΓÜá∩╕Å     PR time: 2026-01-24 16:43:48 AST
2026-02-16 20:52:19,705 - WARNING - ΓÜá∩╕Å     PR date: 2026-01-24 (target: 2026-01-17)
  File "E:\prog fold\Drunken cookies\real-time-inventory\vm_inventory_updater_fixed.py", line 2606, in <module>
    success = main()
  File "E:\prog fold\Drunken cookies\real-time-inventory\vm_inventory_updater_fixed.py", line 162, in main
    sales_data = fetch_sales_data(clover_creds, shopify_creds, target_date)
  File "E:\prog fold\Drunken cookies\real-time-inventory\vm_inventory_updater_fixed.py", line 537, in fetch_sales_data
    location_sales = fetch_clover_sales(creds, target_date)
  File "E:\prog fold\Drunken cookies\real-time-inventory\vm_inventory_updater_fixed.py", line 905, in 
fetch_clover_sales
    logging.warning(f"ΓÜá∩╕Å     UTC time: {order_info['order_time_utc']}")
Message: 'ΓÜá∩╕Å     UTC time: 2026-01-24 20:43:48 UTC'
Arguments: ()
--- Logging error ---
Traceback (most recent call last):
  File "C:\Users\banzo\AppData\Local\Programs\Python\Python312\Lib\logging\__init__.py", line 1163, in emit
    stream.write(msg + self.terminator)
  File "C:\Users\banzo\AppData\Local\Programs\Python\Python312\Lib\encodings\cp1252.py", line 19, in encode
    return codecs.charmap_encode(input,self.errors,encoding_table)[0]
           ^^^^^^^^^^^^^^^^^^^^^^^^^^^^^^^^^^^^^^^^^^^^^^^^^^^^^^^
UnicodeEncodeError: 'charmap' codec can't encode characters in position 36-37: character maps to <undefined>
Call stack:
  File "E:\prog fold\Drunken cookies\real-time-inventory\vm_inventory_updater_fixed.py", line 2606, in <module>
    success = main()
  File "E:\prog fold\Drunken cookies\real-time-inventory\vm_inventory_updater_fixed.py", line 162, in main
    sales_data = fetch_sales_data(clover_creds, shopify_creds, target_date)
  File "E:\prog fold\Drunken cookies\real-time-inventory\vm_inventory_updater_fixed.py", line 537, in fetch_sales_data
    location_sales = fetch_clover_sales(creds, target_date)
  File "E:\prog fold\Drunken cookies\real-time-inventory\vm_inventory_updater_fixed.py", line 906, in 
fetch_clover_sales
    logging.warning(f"ΓÜá∩╕Å     PR time: {order_info['order_time_pr']}")
Message: 'ΓÜá∩╕Å     PR time: 2026-01-24 16:43:48 AST'
Arguments: ()
--- Logging error ---
Traceback (most recent call last):
  File "C:\Users\banzo\AppData\Local\Programs\Python\Python312\Lib\logging\__init__.py", line 1163, in emit
    stream.write(msg + self.terminator)
  File "C:\Users\banzo\AppData\Local\Programs\Python\Python312\Lib\encodings\cp1252.py", line 19, in encode
    return codecs.charmap_encode(input,self.errors,encoding_table)[0]
           ^^^^^^^^^^^^^^^^^^^^^^^^^^^^^^^^^^^^^^^^^^^^^^^^^^^^^^^
UnicodeEncodeError: 'charmap' codec can't encode characters in position 36-37: character maps to <undefined>
Call stack:
  File "E:\prog fold\Drunken cookies\real-time-inventory\vm_inventory_updater_fixed.py", line 2606, in <module>
    success = main()
  File "E:\prog fold\Drunken cookies\real-time-inventory\vm_inventory_updater_fixed.py", line 162, in main
    sales_data = fetch_sales_data(clover_creds, shopify_creds, target_date)
  File "E:\prog fold\Drunken cookies\real-time-inventory\vm_inventory_updater_fixed.py", line 537, in fetch_sales_data
    location_sales = fetch_clover_sales(creds, target_date)
  File "E:\prog fold\Drunken cookies\real-time-inventory\vm_inventory_updater_fixed.py", line 907, in 
fetch_clover_sales
    logging.warning(f"ΓÜá∩╕Å     PR date: {order_info['order_date_pr']} (target: {order_info['target_date']})")
Message: 'ΓÜá∩╕Å     PR date: 2026-01-24 (target: 2026-01-17)'
Arguments: ()
--- Logging error ---
Traceback (most recent call last):
  File "C:\Users\banzo\AppData\Local\Programs\Python\Python312\Lib\logging\__init__.py", line 1163, in emit
    stream.write(msg + self.terminator)
  File "C:\Users\banzo\AppData\Local\Programs\Python\Python312\Lib\encodings\cp1252.py", line 19, in encode
    return codecs.charmap_encode(input,self.errors,encoding_table)[0]
           ^^^^^^^^^^^^^^^^^^^^^^^^^^^^^^^^^^^^^^^^^^^^^^^^^^^^^^^
UnicodeEncodeError: 'charmap' codec can't encode characters in position 36-37: character maps to <undefined>
Call stack:
  File "E:\prog fold\Drunken cookies\real-time-inventory\vm_inventory_updater_fixed.py", line 2606, in <module>
    success = main()
2026-02-16 20:52:19,705 - WARNING - ΓÜá∩╕Å   Order VKJ41W91ACP7T:
2026-02-16 20:52:19,713 - WARNING - ΓÜá∩╕Å     UTC time: 2026-01-24 20:04:32 UTC
2026-02-16 20:52:19,714 - WARNING - ΓÜá∩╕Å     PR time: 2026-01-24 16:04:32 AST
  File "E:\prog fold\Drunken cookies\real-time-inventory\vm_inventory_updater_fixed.py", line 162, in main
    sales_data = fetch_sales_data(clover_creds, shopify_creds, target_date)
  File "E:\prog fold\Drunken cookies\real-time-inventory\vm_inventory_updater_fixed.py", line 537, in fetch_sales_data
    location_sales = fetch_clover_sales(creds, target_date)
  File "E:\prog fold\Drunken cookies\real-time-inventory\vm_inventory_updater_fixed.py", line 904, in 
fetch_clover_sales
    logging.warning(f"ΓÜá∩╕Å   Order {order_info['order_id']}:")
Message: 'ΓÜá∩╕Å   Order VKJ41W91ACP7T:'
Arguments: ()
--- Logging error ---
Traceback (most recent call last):
  File "C:\Users\banzo\AppData\Local\Programs\Python\Python312\Lib\logging\__init__.py", line 1163, in emit
    stream.write(msg + self.terminator)
  File "C:\Users\banzo\AppData\Local\Programs\Python\Python312\Lib\encodings\cp1252.py", line 19, in encode
    return codecs.charmap_encode(input,self.errors,encoding_table)[0]
           ^^^^^^^^^^^^^^^^^^^^^^^^^^^^^^^^^^^^^^^^^^^^^^^^^^^^^^^
UnicodeEncodeError: 'charmap' codec can't encode characters in position 36-37: character maps to <undefined>
Call stack:
  File "E:\prog fold\Drunken cookies\real-time-inventory\vm_inventory_updater_fixed.py", line 2606, in <module>
    success = main()
  File "E:\prog fold\Drunken cookies\real-time-inventory\vm_inventory_updater_fixed.py", line 162, in main
    sales_data = fetch_sales_data(clover_creds, shopify_creds, target_date)
  File "E:\prog fold\Drunken cookies\real-time-inventory\vm_inventory_updater_fixed.py", line 537, in fetch_sales_data
    location_sales = fetch_clover_sales(creds, target_date)
  File "E:\prog fold\Drunken cookies\real-time-inventory\vm_inventory_updater_fixed.py", line 905, in 
fetch_clover_sales
    logging.warning(f"ΓÜá∩╕Å     UTC time: {order_info['order_time_utc']}")
Message: 'ΓÜá∩╕Å     UTC time: 2026-01-24 20:04:32 UTC'
Arguments: ()
--- Logging error ---
Traceback (most recent call last):
  File "C:\Users\banzo\AppData\Local\Programs\Python\Python312\Lib\logging\__init__.py", line 1163, in emit
    stream.write(msg + self.terminator)
  File "C:\Users\banzo\AppData\Local\Programs\Python\Python312\Lib\encodings\cp1252.py", line 19, in encode
    return codecs.charmap_encode(input,self.errors,encoding_table)[0]
           ^^^^^^^^^^^^^^^^^^^^^^^^^^^^^^^^^^^^^^^^^^^^^^^^^^^^^^^
UnicodeEncodeError: 'charmap' codec can't encode characters in position 36-37: character maps to <undefined>
Call stack:
  File "E:\prog fold\Drunken cookies\real-time-inventory\vm_inventory_updater_fixed.py", line 2606, in <module>
    success = main()
  File "E:\prog fold\Drunken cookies\real-time-inventory\vm_inventory_updater_fixed.py", line 162, in main
    sales_data = fetch_sales_data(clover_creds, shopify_creds, target_date)
  File "E:\prog fold\Drunken cookies\real-time-inventory\vm_inventory_updater_fixed.py", line 537, in fetch_sales_data
    location_sales = fetch_clover_sales(creds, target_date)
  File "E:\prog fold\Drunken cookies\real-time-inventory\vm_inventory_updater_fixed.py", line 906, in 
fetch_clover_sales
    logging.warning(f"ΓÜá∩╕Å     PR time: {order_info['order_time_pr']}")
Message: 'ΓÜá∩╕Å     PR time: 2026-01-24 16:04:32 AST'
Arguments: ()
--- Logging error ---
Traceback (most recent call last):
  File "C:\Users\banzo\AppData\Local\Programs\Python\Python312\Lib\logging\__init__.py", line 1163, in emit
    stream.write(msg + self.terminator)
  File "C:\Users\banzo\AppData\Local\Programs\Python\Python312\Lib\encodings\cp1252.py", line 19, in encode
    return codecs.charmap_encode(input,self.errors,encoding_table)[0]
           ^^^^^^^^^^^^^^^^^^^^^^^^^^^^^^^^^^^^^^^^^^^^^^^^^^^^^^^
UnicodeEncodeError: 'charmap' codec can't encode characters in position 36-37: character maps to <undefined>
Call stack:
  File "E:\prog fold\Drunken cookies\real-time-inventory\vm_inventory_updater_fixed.py", line 2606, in <module>
    success = main()
  File "E:\prog fold\Drunken cookies\real-time-inventory\vm_inventory_updater_fixed.py", line 162, in main
    sales_data = fetch_sales_data(clover_creds, shopify_creds, target_date)
  File "E:\prog fold\Drunken cookies\real-time-inventory\vm_inventory_updater_fixed.py", line 537, in fetch_sales_data
    location_sales = fetch_clover_sales(creds, target_date)
  File "E:\prog fold\Drunken cookies\real-time-inventory\vm_inventory_updater_fixed.py", line 907, in 
fetch_clover_sales
    logging.warning(f"ΓÜá∩╕Å     PR date: {order_info['order_date_pr']} (target: {order_info['target_date']})")
Message: 'ΓÜá∩╕Å     PR date: 2026-01-24 (target: 2026-01-17)'
2026-02-16 20:52:19,715 - WARNING - ΓÜá∩╕Å     PR date: 2026-01-24 (target: 2026-01-17)
2026-02-16 20:52:19,720 - WARNING - ΓÜá∩╕Å   Order EAFM089W3ZYKP:
2026-02-16 20:52:19,721 - WARNING - ΓÜá∩╕Å     UTC time: 2026-01-24 18:02:48 UTC
2026-02-16 20:52:19,722 - WARNING - ΓÜá∩╕Å     PR time: 2026-01-24 14:02:48 AST
Arguments: ()
--- Logging error ---
Traceback (most recent call last):
  File "C:\Users\banzo\AppData\Local\Programs\Python\Python312\Lib\logging\__init__.py", line 1163, in emit
    stream.write(msg + self.terminator)
  File "C:\Users\banzo\AppData\Local\Programs\Python\Python312\Lib\encodings\cp1252.py", line 19, in encode
    return codecs.charmap_encode(input,self.errors,encoding_table)[0]
           ^^^^^^^^^^^^^^^^^^^^^^^^^^^^^^^^^^^^^^^^^^^^^^^^^^^^^^^
UnicodeEncodeError: 'charmap' codec can't encode characters in position 36-37: character maps to <undefined>
Call stack:
  File "E:\prog fold\Drunken cookies\real-time-inventory\vm_inventory_updater_fixed.py", line 2606, in <module>
    success = main()
  File "E:\prog fold\Drunken cookies\real-time-inventory\vm_inventory_updater_fixed.py", line 162, in main
    sales_data = fetch_sales_data(clover_creds, shopify_creds, target_date)
  File "E:\prog fold\Drunken cookies\real-time-inventory\vm_inventory_updater_fixed.py", line 537, in fetch_sales_data
    location_sales = fetch_clover_sales(creds, target_date)
  File "E:\prog fold\Drunken cookies\real-time-inventory\vm_inventory_updater_fixed.py", line 904, in 
fetch_clover_sales
    logging.warning(f"ΓÜá∩╕Å   Order {order_info['order_id']}:")
Message: 'ΓÜá∩╕Å   Order EAFM089W3ZYKP:'
Arguments: ()
--- Logging error ---
Traceback (most recent call last):
  File "C:\Users\banzo\AppData\Local\Programs\Python\Python312\Lib\logging\__init__.py", line 1163, in emit
    stream.write(msg + self.terminator)
  File "C:\Users\banzo\AppData\Local\Programs\Python\Python312\Lib\encodings\cp1252.py", line 19, in encode
    return codecs.charmap_encode(input,self.errors,encoding_table)[0]
           ^^^^^^^^^^^^^^^^^^^^^^^^^^^^^^^^^^^^^^^^^^^^^^^^^^^^^^^
UnicodeEncodeError: 'charmap' codec can't encode characters in position 36-37: character maps to <undefined>
Call stack:
  File "E:\prog fold\Drunken cookies\real-time-inventory\vm_inventory_updater_fixed.py", line 2606, in <module>
    success = main()
  File "E:\prog fold\Drunken cookies\real-time-inventory\vm_inventory_updater_fixed.py", line 162, in main
    sales_data = fetch_sales_data(clover_creds, shopify_creds, target_date)
  File "E:\prog fold\Drunken cookies\real-time-inventory\vm_inventory_updater_fixed.py", line 537, in fetch_sales_data
    location_sales = fetch_clover_sales(creds, target_date)
  File "E:\prog fold\Drunken cookies\real-time-inventory\vm_inventory_updater_fixed.py", line 905, in 
fetch_clover_sales
    logging.warning(f"ΓÜá∩╕Å     UTC time: {order_info['order_time_utc']}")
Message: 'ΓÜá∩╕Å     UTC time: 2026-01-24 18:02:48 UTC'
Arguments: ()
--- Logging error ---
Traceback (most recent call last):
  File "C:\Users\banzo\AppData\Local\Programs\Python\Python312\Lib\logging\__init__.py", line 1163, in emit
    stream.write(msg + self.terminator)
  File "C:\Users\banzo\AppData\Local\Programs\Python\Python312\Lib\encodings\cp1252.py", line 19, in encode
    return codecs.charmap_encode(input,self.errors,encoding_table)[0]
           ^^^^^^^^^^^^^^^^^^^^^^^^^^^^^^^^^^^^^^^^^^^^^^^^^^^^^^^
UnicodeEncodeError: 'charmap' codec can't encode characters in position 36-37: character maps to <undefined>
Call stack:
  File "E:\prog fold\Drunken cookies\real-time-inventory\vm_inventory_updater_fixed.py", line 2606, in <module>
    success = main()
  File "E:\prog fold\Drunken cookies\real-time-inventory\vm_inventory_updater_fixed.py", line 162, in main
    sales_data = fetch_sales_data(clover_creds, shopify_creds, target_date)
  File "E:\prog fold\Drunken cookies\real-time-inventory\vm_inventory_updater_fixed.py", line 537, in fetch_sales_data
    location_sales = fetch_clover_sales(creds, target_date)
  File "E:\prog fold\Drunken cookies\real-time-inventory\vm_inventory_updater_fixed.py", line 906, in 
fetch_clover_sales
    logging.warning(f"ΓÜá∩╕Å     PR time: {order_info['order_time_pr']}")
2026-02-16 20:52:19,727 - WARNING - ΓÜá∩╕Å     PR date: 2026-01-24 (target: 2026-01-17)
2026-02-16 20:52:19,728 - WARNING - ΓÜá∩╕Å   Order GTJR2S874TEM0:
2026-02-16 20:52:19,728 - WARNING - ΓÜá∩╕Å     UTC time: 2026-01-24 17:48:13 UTC
Message: 'ΓÜá∩╕Å     PR time: 2026-01-24 14:02:48 AST'
Arguments: ()
--- Logging error ---
Traceback (most recent call last):
  File "C:\Users\banzo\AppData\Local\Programs\Python\Python312\Lib\logging\__init__.py", line 1163, in emit
    stream.write(msg + self.terminator)
  File "C:\Users\banzo\AppData\Local\Programs\Python\Python312\Lib\encodings\cp1252.py", line 19, in encode
    return codecs.charmap_encode(input,self.errors,encoding_table)[0]
           ^^^^^^^^^^^^^^^^^^^^^^^^^^^^^^^^^^^^^^^^^^^^^^^^^^^^^^^
UnicodeEncodeError: 'charmap' codec can't encode characters in position 36-37: character maps to <undefined>
Call stack:
  File "E:\prog fold\Drunken cookies\real-time-inventory\vm_inventory_updater_fixed.py", line 2606, in <module>
    success = main()
  File "E:\prog fold\Drunken cookies\real-time-inventory\vm_inventory_updater_fixed.py", line 162, in main
    sales_data = fetch_sales_data(clover_creds, shopify_creds, target_date)
  File "E:\prog fold\Drunken cookies\real-time-inventory\vm_inventory_updater_fixed.py", line 537, in fetch_sales_data
    location_sales = fetch_clover_sales(creds, target_date)
  File "E:\prog fold\Drunken cookies\real-time-inventory\vm_inventory_updater_fixed.py", line 907, in 
fetch_clover_sales
    logging.warning(f"ΓÜá∩╕Å     PR date: {order_info['order_date_pr']} (target: {order_info['target_date']})")
Message: 'ΓÜá∩╕Å     PR date: 2026-01-24 (target: 2026-01-17)'
Arguments: ()
--- Logging error ---
Traceback (most recent call last):
  File "C:\Users\banzo\AppData\Local\Programs\Python\Python312\Lib\logging\__init__.py", line 1163, in emit
    stream.write(msg + self.terminator)
  File "C:\Users\banzo\AppData\Local\Programs\Python\Python312\Lib\encodings\cp1252.py", line 19, in encode
    return codecs.charmap_encode(input,self.errors,encoding_table)[0]
           ^^^^^^^^^^^^^^^^^^^^^^^^^^^^^^^^^^^^^^^^^^^^^^^^^^^^^^^
UnicodeEncodeError: 'charmap' codec can't encode characters in position 36-37: character maps to <undefined>
Call stack:
  File "E:\prog fold\Drunken cookies\real-time-inventory\vm_inventory_updater_fixed.py", line 2606, in <module>
    success = main()
  File "E:\prog fold\Drunken cookies\real-time-inventory\vm_inventory_updater_fixed.py", line 162, in main
    sales_data = fetch_sales_data(clover_creds, shopify_creds, target_date)
  File "E:\prog fold\Drunken cookies\real-time-inventory\vm_inventory_updater_fixed.py", line 537, in fetch_sales_data
    location_sales = fetch_clover_sales(creds, target_date)
  File "E:\prog fold\Drunken cookies\real-time-inventory\vm_inventory_updater_fixed.py", line 904, in 
fetch_clover_sales
    logging.warning(f"ΓÜá∩╕Å   Order {order_info['order_id']}:")
Message: 'ΓÜá∩╕Å   Order GTJR2S874TEM0:'
Arguments: ()
--- Logging error ---
Traceback (most recent call last):
  File "C:\Users\banzo\AppData\Local\Programs\Python\Python312\Lib\logging\__init__.py", line 1163, in emit
    stream.write(msg + self.terminator)
  File "C:\Users\banzo\AppData\Local\Programs\Python\Python312\Lib\encodings\cp1252.py", line 19, in encode
    return codecs.charmap_encode(input,self.errors,encoding_table)[0]
           ^^^^^^^^^^^^^^^^^^^^^^^^^^^^^^^^^^^^^^^^^^^^^^^^^^^^^^^
UnicodeEncodeError: 'charmap' codec can't encode characters in position 36-37: character maps to <undefined>
Call stack:
  File "E:\prog fold\Drunken cookies\real-time-inventory\vm_inventory_updater_fixed.py", line 2606, in <module>
    success = main()
  File "E:\prog fold\Drunken cookies\real-time-inventory\vm_inventory_updater_fixed.py", line 162, in main
    sales_data = fetch_sales_data(clover_creds, shopify_creds, target_date)
  File "E:\prog fold\Drunken cookies\real-time-inventory\vm_inventory_updater_fixed.py", line 537, in fetch_sales_data
    location_sales = fetch_clover_sales(creds, target_date)
  File "E:\prog fold\Drunken cookies\real-time-inventory\vm_inventory_updater_fixed.py", line 905, in 
fetch_clover_sales
2026-02-16 20:52:19,734 - WARNING - ΓÜá∩╕Å     PR time: 2026-01-24 13:48:13 AST
2026-02-16 20:52:19,735 - WARNING - ΓÜá∩╕Å     PR date: 2026-01-24 (target: 2026-01-17)
2026-02-16 20:52:19,735 - WARNING - ΓÜá∩╕Å   Order GS4HSVBMKV3WM:
    logging.warning(f"ΓÜá∩╕Å     UTC time: {order_info['order_time_utc']}")
Message: 'ΓÜá∩╕Å     UTC time: 2026-01-24 17:48:13 UTC'
Arguments: ()
--- Logging error ---
Traceback (most recent call last):
  File "C:\Users\banzo\AppData\Local\Programs\Python\Python312\Lib\logging\__init__.py", line 1163, in emit
    stream.write(msg + self.terminator)
  File "C:\Users\banzo\AppData\Local\Programs\Python\Python312\Lib\encodings\cp1252.py", line 19, in encode
    return codecs.charmap_encode(input,self.errors,encoding_table)[0]
           ^^^^^^^^^^^^^^^^^^^^^^^^^^^^^^^^^^^^^^^^^^^^^^^^^^^^^^^
UnicodeEncodeError: 'charmap' codec can't encode characters in position 36-37: character maps to <undefined>
Call stack:
  File "E:\prog fold\Drunken cookies\real-time-inventory\vm_inventory_updater_fixed.py", line 2606, in <module>
    success = main()
  File "E:\prog fold\Drunken cookies\real-time-inventory\vm_inventory_updater_fixed.py", line 162, in main
    sales_data = fetch_sales_data(clover_creds, shopify_creds, target_date)
  File "E:\prog fold\Drunken cookies\real-time-inventory\vm_inventory_updater_fixed.py", line 537, in fetch_sales_data
    location_sales = fetch_clover_sales(creds, target_date)
  File "E:\prog fold\Drunken cookies\real-time-inventory\vm_inventory_updater_fixed.py", line 906, in 
fetch_clover_sales
    logging.warning(f"ΓÜá∩╕Å     PR time: {order_info['order_time_pr']}")
Message: 'ΓÜá∩╕Å     PR time: 2026-01-24 13:48:13 AST'
Arguments: ()
--- Logging error ---
Traceback (most recent call last):
  File "C:\Users\banzo\AppData\Local\Programs\Python\Python312\Lib\logging\__init__.py", line 1163, in emit
    stream.write(msg + self.terminator)
  File "C:\Users\banzo\AppData\Local\Programs\Python\Python312\Lib\encodings\cp1252.py", line 19, in encode
    return codecs.charmap_encode(input,self.errors,encoding_table)[0]
           ^^^^^^^^^^^^^^^^^^^^^^^^^^^^^^^^^^^^^^^^^^^^^^^^^^^^^^^
UnicodeEncodeError: 'charmap' codec can't encode characters in position 36-37: character maps to <undefined>
Call stack:
  File "E:\prog fold\Drunken cookies\real-time-inventory\vm_inventory_updater_fixed.py", line 2606, in <module>
    success = main()
  File "E:\prog fold\Drunken cookies\real-time-inventory\vm_inventory_updater_fixed.py", line 162, in main
    sales_data = fetch_sales_data(clover_creds, shopify_creds, target_date)
  File "E:\prog fold\Drunken cookies\real-time-inventory\vm_inventory_updater_fixed.py", line 537, in fetch_sales_data
    location_sales = fetch_clover_sales(creds, target_date)
  File "E:\prog fold\Drunken cookies\real-time-inventory\vm_inventory_updater_fixed.py", line 907, in 
fetch_clover_sales
    logging.warning(f"ΓÜá∩╕Å     PR date: {order_info['order_date_pr']} (target: {order_info['target_date']})")
Message: 'ΓÜá∩╕Å     PR date: 2026-01-24 (target: 2026-01-17)'
Arguments: ()
--- Logging error ---
Traceback (most recent call last):
  File "C:\Users\banzo\AppData\Local\Programs\Python\Python312\Lib\logging\__init__.py", line 1163, in emit
    stream.write(msg + self.terminator)
  File "C:\Users\banzo\AppData\Local\Programs\Python\Python312\Lib\encodings\cp1252.py", line 19, in encode
    return codecs.charmap_encode(input,self.errors,encoding_table)[0]
           ^^^^^^^^^^^^^^^^^^^^^^^^^^^^^^^^^^^^^^^^^^^^^^^^^^^^^^^
UnicodeEncodeError: 'charmap' codec can't encode characters in position 36-37: character maps to <undefined>
Call stack:
  File "E:\prog fold\Drunken cookies\real-time-inventory\vm_inventory_updater_fixed.py", line 2606, in <module>
    success = main()
  File "E:\prog fold\Drunken cookies\real-time-inventory\vm_inventory_updater_fixed.py", line 162, in main
    sales_data = fetch_sales_data(clover_creds, shopify_creds, target_date)
  File "E:\prog fold\Drunken cookies\real-time-inventory\vm_inventory_updater_fixed.py", line 537, in fetch_sales_data
    location_sales = fetch_clover_sales(creds, target_date)
  File "E:\prog fold\Drunken cookies\real-time-inventory\vm_inventory_updater_fixed.py", line 904, in 
fetch_clover_sales
    logging.warning(f"ΓÜá∩╕Å   Order {order_info['order_id']}:")
Message: 'ΓÜá∩╕Å   Order GS4HSVBMKV3WM:'
Arguments: ()
--- Logging error ---
Traceback (most recent call last):
  File "C:\Users\banzo\AppData\Local\Programs\Python\Python312\Lib\logging\__init__.py", line 1163, in emit
    stream.write(msg + self.terminator)
  File "C:\Users\banzo\AppData\Local\Programs\Python\Python312\Lib\encodings\cp1252.py", line 19, in encode
    return codecs.charmap_encode(input,self.errors,encoding_table)[0]
           ^^^^^^^^^^^^^^^^^^^^^^^^^^^^^^^^^^^^^^^^^^^^^^^^^^^^^^^
UnicodeEncodeError: 'charmap' codec can't encode characters in position 36-37: character maps to <undefined>
Call stack:
  File "E:\prog fold\Drunken cookies\real-time-inventory\vm_inventory_updater_fixed.py", line 2606, in <module>
    success = main()
  File "E:\prog fold\Drunken cookies\real-time-inventory\vm_inventory_updater_fixed.py", line 162, in main
    sales_data = fetch_sales_data(clover_creds, shopify_creds, target_date)
2026-02-16 20:52:19,742 - WARNING - ΓÜá∩╕Å     UTC time: 2026-01-23 23:44:01 UTC
2026-02-16 20:52:19,742 - WARNING - ΓÜá∩╕Å     PR time: 2026-01-23 19:44:01 AST
2026-02-16 20:52:19,743 - WARNING - ΓÜá∩╕Å     PR date: 2026-01-23 (target: 2026-01-17)
2026-02-16 20:52:19,748 - WARNING - ΓÜá∩╕Å   Order 7WTWF3G80MSNJ:
2026-02-16 20:52:19,749 - WARNING - ΓÜá∩╕Å     UTC time: 2026-01-23 23:20:29 UTC
2026-02-16 20:52:19,749 - WARNING - ΓÜá∩╕Å     PR time: 2026-01-23 19:20:29 AST
  File "E:\prog fold\Drunken cookies\real-time-inventory\vm_inventory_updater_fixed.py", line 537, in fetch_sales_data
    location_sales = fetch_clover_sales(creds, target_date)
  File "E:\prog fold\Drunken cookies\real-time-inventory\vm_inventory_updater_fixed.py", line 905, in 
fetch_clover_sales
    logging.warning(f"ΓÜá∩╕Å     UTC time: {order_info['order_time_utc']}")
Message: 'ΓÜá∩╕Å     UTC time: 2026-01-23 23:44:01 UTC'
Arguments: ()
--- Logging error ---
Traceback (most recent call last):
  File "C:\Users\banzo\AppData\Local\Programs\Python\Python312\Lib\logging\__init__.py", line 1163, in emit
    stream.write(msg + self.terminator)
  File "C:\Users\banzo\AppData\Local\Programs\Python\Python312\Lib\encodings\cp1252.py", line 19, in encode
    return codecs.charmap_encode(input,self.errors,encoding_table)[0]
           ^^^^^^^^^^^^^^^^^^^^^^^^^^^^^^^^^^^^^^^^^^^^^^^^^^^^^^^
UnicodeEncodeError: 'charmap' codec can't encode characters in position 36-37: character maps to <undefined>
Call stack:
  File "E:\prog fold\Drunken cookies\real-time-inventory\vm_inventory_updater_fixed.py", line 2606, in <module>
    success = main()
  File "E:\prog fold\Drunken cookies\real-time-inventory\vm_inventory_updater_fixed.py", line 162, in main
    sales_data = fetch_sales_data(clover_creds, shopify_creds, target_date)
  File "E:\prog fold\Drunken cookies\real-time-inventory\vm_inventory_updater_fixed.py", line 537, in fetch_sales_data
    location_sales = fetch_clover_sales(creds, target_date)
  File "E:\prog fold\Drunken cookies\real-time-inventory\vm_inventory_updater_fixed.py", line 906, in 
fetch_clover_sales
    logging.warning(f"ΓÜá∩╕Å     PR time: {order_info['order_time_pr']}")
Message: 'ΓÜá∩╕Å     PR time: 2026-01-23 19:44:01 AST'
Arguments: ()
--- Logging error ---
Traceback (most recent call last):
  File "C:\Users\banzo\AppData\Local\Programs\Python\Python312\Lib\logging\__init__.py", line 1163, in emit
    stream.write(msg + self.terminator)
  File "C:\Users\banzo\AppData\Local\Programs\Python\Python312\Lib\encodings\cp1252.py", line 19, in encode
    return codecs.charmap_encode(input,self.errors,encoding_table)[0]
           ^^^^^^^^^^^^^^^^^^^^^^^^^^^^^^^^^^^^^^^^^^^^^^^^^^^^^^^
UnicodeEncodeError: 'charmap' codec can't encode characters in position 36-37: character maps to <undefined>
Call stack:
  File "E:\prog fold\Drunken cookies\real-time-inventory\vm_inventory_updater_fixed.py", line 2606, in <module>
    success = main()
  File "E:\prog fold\Drunken cookies\real-time-inventory\vm_inventory_updater_fixed.py", line 162, in main
    sales_data = fetch_sales_data(clover_creds, shopify_creds, target_date)
  File "E:\prog fold\Drunken cookies\real-time-inventory\vm_inventory_updater_fixed.py", line 537, in fetch_sales_data
    location_sales = fetch_clover_sales(creds, target_date)
  File "E:\prog fold\Drunken cookies\real-time-inventory\vm_inventory_updater_fixed.py", line 907, in 
fetch_clover_sales
    logging.warning(f"ΓÜá∩╕Å     PR date: {order_info['order_date_pr']} (target: {order_info['target_date']})")
Message: 'ΓÜá∩╕Å     PR date: 2026-01-23 (target: 2026-01-17)'
Arguments: ()
--- Logging error ---
Traceback (most recent call last):
  File "C:\Users\banzo\AppData\Local\Programs\Python\Python312\Lib\logging\__init__.py", line 1163, in emit
    stream.write(msg + self.terminator)
  File "C:\Users\banzo\AppData\Local\Programs\Python\Python312\Lib\encodings\cp1252.py", line 19, in encode
    return codecs.charmap_encode(input,self.errors,encoding_table)[0]
           ^^^^^^^^^^^^^^^^^^^^^^^^^^^^^^^^^^^^^^^^^^^^^^^^^^^^^^^
UnicodeEncodeError: 'charmap' codec can't encode characters in position 36-37: character maps to <undefined>
Call stack:
  File "E:\prog fold\Drunken cookies\real-time-inventory\vm_inventory_updater_fixed.py", line 2606, in <module>
    success = main()
  File "E:\prog fold\Drunken cookies\real-time-inventory\vm_inventory_updater_fixed.py", line 162, in main
    sales_data = fetch_sales_data(clover_creds, shopify_creds, target_date)
  File "E:\prog fold\Drunken cookies\real-time-inventory\vm_inventory_updater_fixed.py", line 537, in fetch_sales_data
    location_sales = fetch_clover_sales(creds, target_date)
  File "E:\prog fold\Drunken cookies\real-time-inventory\vm_inventory_updater_fixed.py", line 904, in 
fetch_clover_sales
    logging.warning(f"ΓÜá∩╕Å   Order {order_info['order_id']}:")
Message: 'ΓÜá∩╕Å   Order 7WTWF3G80MSNJ:'
Arguments: ()
--- Logging error ---
Traceback (most recent call last):
  File "C:\Users\banzo\AppData\Local\Programs\Python\Python312\Lib\logging\__init__.py", line 1163, in emit
    stream.write(msg + self.terminator)
  File "C:\Users\banzo\AppData\Local\Programs\Python\Python312\Lib\encodings\cp1252.py", line 19, in encode
    return codecs.charmap_encode(input,self.errors,encoding_table)[0]
           ^^^^^^^^^^^^^^^^^^^^^^^^^^^^^^^^^^^^^^^^^^^^^^^^^^^^^^^
UnicodeEncodeError: 'charmap' codec can't encode characters in position 36-37: character maps to <undefined>
Call stack:
  File "E:\prog fold\Drunken cookies\real-time-inventory\vm_inventory_updater_fixed.py", line 2606, in <module>
    success = main()
  File "E:\prog fold\Drunken cookies\real-time-inventory\vm_inventory_updater_fixed.py", line 162, in main
    sales_data = fetch_sales_data(clover_creds, shopify_creds, target_date)
  File "E:\prog fold\Drunken cookies\real-time-inventory\vm_inventory_updater_fixed.py", line 537, in fetch_sales_data
    location_sales = fetch_clover_sales(creds, target_date)
  File "E:\prog fold\Drunken cookies\real-time-inventory\vm_inventory_updater_fixed.py", line 905, in 
fetch_clover_sales
    logging.warning(f"ΓÜá∩╕Å     UTC time: {order_info['order_time_utc']}")
Message: 'ΓÜá∩╕Å     UTC time: 2026-01-23 23:20:29 UTC'
Arguments: ()
--- Logging error ---
Traceback (most recent call last):
  File "C:\Users\banzo\AppData\Local\Programs\Python\Python312\Lib\logging\__init__.py", line 1163, in emit
    stream.write(msg + self.terminator)
  File "C:\Users\banzo\AppData\Local\Programs\Python\Python312\Lib\encodings\cp1252.py", line 19, in encode
    return codecs.charmap_encode(input,self.errors,encoding_table)[0]
           ^^^^^^^^^^^^^^^^^^^^^^^^^^^^^^^^^^^^^^^^^^^^^^^^^^^^^^^
UnicodeEncodeError: 'charmap' codec can't encode characters in position 36-37: character maps to <undefined>
Call stack:
  File "E:\prog fold\Drunken cookies\real-time-inventory\vm_inventory_updater_fixed.py", line 2606, in <module>
    success = main()
  File "E:\prog fold\Drunken cookies\real-time-inventory\vm_inventory_updater_fixed.py", line 162, in main
    sales_data = fetch_sales_data(clover_creds, shopify_creds, target_date)
  File "E:\prog fold\Drunken cookies\real-time-inventory\vm_inventory_updater_fixed.py", line 537, in fetch_sales_data
    location_sales = fetch_clover_sales(creds, target_date)
  File "E:\prog fold\Drunken cookies\real-time-inventory\vm_inventory_updater_fixed.py", line 906, in 
fetch_clover_sales
    logging.warning(f"ΓÜá∩╕Å     PR time: {order_info['order_time_pr']}")
Message: 'ΓÜá∩╕Å     PR time: 2026-01-23 19:20:29 AST'
Arguments: ()
--- Logging error ---
Traceback (most recent call last):
  File "C:\Users\banzo\AppData\Local\Programs\Python\Python312\Lib\logging\__init__.py", line 1163, in emit
    stream.write(msg + self.terminator)
  File "C:\Users\banzo\AppData\Local\Programs\Python\Python312\Lib\encodings\cp1252.py", line 19, in encode
    return codecs.charmap_encode(input,self.errors,encoding_table)[0]
           ^^^^^^^^^^^^^^^^^^^^^^^^^^^^^^^^^^^^^^^^^^^^^^^^^^^^^^^
UnicodeEncodeError: 'charmap' codec can't encode characters in position 36-37: character maps to <undefined>
2026-02-16 20:52:19,749 - WARNING - ΓÜá∩╕Å     PR date: 2026-01-23 (target: 2026-01-17)
2026-02-16 20:52:19,756 - WARNING - ΓÜá∩╕Å   Order 685EY1D2M9MGY:
2026-02-16 20:52:19,756 - WARNING - ΓÜá∩╕Å     UTC time: 2026-01-23 22:54:57 UTC
2026-02-16 20:52:19,757 - WARNING - ΓÜá∩╕Å     PR time: 2026-01-23 18:54:57 AST
2026-02-16 20:52:19,763 - WARNING - ΓÜá∩╕Å     PR date: 2026-01-23 (target: 2026-01-17)
2026-02-16 20:52:19,763 - WARNING - ΓÜá∩╕Å   Order 9QGQ1JY4281EM:
Call stack:
  File "E:\prog fold\Drunken cookies\real-time-inventory\vm_inventory_updater_fixed.py", line 2606, in <module>
    success = main()
  File "E:\prog fold\Drunken cookies\real-time-inventory\vm_inventory_updater_fixed.py", line 162, in main
    sales_data = fetch_sales_data(clover_creds, shopify_creds, target_date)
  File "E:\prog fold\Drunken cookies\real-time-inventory\vm_inventory_updater_fixed.py", line 537, in fetch_sales_data
    location_sales = fetch_clover_sales(creds, target_date)
  File "E:\prog fold\Drunken cookies\real-time-inventory\vm_inventory_updater_fixed.py", line 907, in 
fetch_clover_sales
    logging.warning(f"ΓÜá∩╕Å     PR date: {order_info['order_date_pr']} (target: {order_info['target_date']})")
Message: 'ΓÜá∩╕Å     PR date: 2026-01-23 (target: 2026-01-17)'
Arguments: ()
--- Logging error ---
Traceback (most recent call last):
  File "C:\Users\banzo\AppData\Local\Programs\Python\Python312\Lib\logging\__init__.py", line 1163, in emit
    stream.write(msg + self.terminator)
  File "C:\Users\banzo\AppData\Local\Programs\Python\Python312\Lib\encodings\cp1252.py", line 19, in encode
    return codecs.charmap_encode(input,self.errors,encoding_table)[0]
           ^^^^^^^^^^^^^^^^^^^^^^^^^^^^^^^^^^^^^^^^^^^^^^^^^^^^^^^
UnicodeEncodeError: 'charmap' codec can't encode characters in position 36-37: character maps to <undefined>
Call stack:
  File "E:\prog fold\Drunken cookies\real-time-inventory\vm_inventory_updater_fixed.py", line 2606, in <module>
    success = main()
  File "E:\prog fold\Drunken cookies\real-time-inventory\vm_inventory_updater_fixed.py", line 162, in main
    sales_data = fetch_sales_data(clover_creds, shopify_creds, target_date)
  File "E:\prog fold\Drunken cookies\real-time-inventory\vm_inventory_updater_fixed.py", line 537, in fetch_sales_data
    location_sales = fetch_clover_sales(creds, target_date)
  File "E:\prog fold\Drunken cookies\real-time-inventory\vm_inventory_updater_fixed.py", line 904, in 
fetch_clover_sales
    logging.warning(f"ΓÜá∩╕Å   Order {order_info['order_id']}:")
Message: 'ΓÜá∩╕Å   Order 685EY1D2M9MGY:'
Arguments: ()
--- Logging error ---
Traceback (most recent call last):
  File "C:\Users\banzo\AppData\Local\Programs\Python\Python312\Lib\logging\__init__.py", line 1163, in emit
    stream.write(msg + self.terminator)
  File "C:\Users\banzo\AppData\Local\Programs\Python\Python312\Lib\encodings\cp1252.py", line 19, in encode
    return codecs.charmap_encode(input,self.errors,encoding_table)[0]
           ^^^^^^^^^^^^^^^^^^^^^^^^^^^^^^^^^^^^^^^^^^^^^^^^^^^^^^^
UnicodeEncodeError: 'charmap' codec can't encode characters in position 36-37: character maps to <undefined>
Call stack:
  File "E:\prog fold\Drunken cookies\real-time-inventory\vm_inventory_updater_fixed.py", line 2606, in <module>
    success = main()
  File "E:\prog fold\Drunken cookies\real-time-inventory\vm_inventory_updater_fixed.py", line 162, in main
    sales_data = fetch_sales_data(clover_creds, shopify_creds, target_date)
  File "E:\prog fold\Drunken cookies\real-time-inventory\vm_inventory_updater_fixed.py", line 537, in fetch_sales_data
    location_sales = fetch_clover_sales(creds, target_date)
  File "E:\prog fold\Drunken cookies\real-time-inventory\vm_inventory_updater_fixed.py", line 905, in 
fetch_clover_sales
    logging.warning(f"ΓÜá∩╕Å     UTC time: {order_info['order_time_utc']}")
Message: 'ΓÜá∩╕Å     UTC time: 2026-01-23 22:54:57 UTC'
Arguments: ()
--- Logging error ---
Traceback (most recent call last):
  File "C:\Users\banzo\AppData\Local\Programs\Python\Python312\Lib\logging\__init__.py", line 1163, in emit
    stream.write(msg + self.terminator)
  File "C:\Users\banzo\AppData\Local\Programs\Python\Python312\Lib\encodings\cp1252.py", line 19, in encode
    return codecs.charmap_encode(input,self.errors,encoding_table)[0]
           ^^^^^^^^^^^^^^^^^^^^^^^^^^^^^^^^^^^^^^^^^^^^^^^^^^^^^^^
UnicodeEncodeError: 'charmap' codec can't encode characters in position 36-37: character maps to <undefined>
Call stack:
  File "E:\prog fold\Drunken cookies\real-time-inventory\vm_inventory_updater_fixed.py", line 2606, in <module>
    success = main()
  File "E:\prog fold\Drunken cookies\real-time-inventory\vm_inventory_updater_fixed.py", line 162, in main
    sales_data = fetch_sales_data(clover_creds, shopify_creds, target_date)
  File "E:\prog fold\Drunken cookies\real-time-inventory\vm_inventory_updater_fixed.py", line 537, in fetch_sales_data
    location_sales = fetch_clover_sales(creds, target_date)
  File "E:\prog fold\Drunken cookies\real-time-inventory\vm_inventory_updater_fixed.py", line 906, in 
fetch_clover_sales
    logging.warning(f"ΓÜá∩╕Å     PR time: {order_info['order_time_pr']}")
Message: 'ΓÜá∩╕Å     PR time: 2026-01-23 18:54:57 AST'
Arguments: ()
--- Logging error ---
Traceback (most recent call last):
  File "C:\Users\banzo\AppData\Local\Programs\Python\Python312\Lib\logging\__init__.py", line 1163, in emit
    stream.write(msg + self.terminator)
  File "C:\Users\banzo\AppData\Local\Programs\Python\Python312\Lib\encodings\cp1252.py", line 19, in encode
    return codecs.charmap_encode(input,self.errors,encoding_table)[0]
           ^^^^^^^^^^^^^^^^^^^^^^^^^^^^^^^^^^^^^^^^^^^^^^^^^^^^^^^
UnicodeEncodeError: 'charmap' codec can't encode characters in position 36-37: character maps to <undefined>
Call stack:
  File "E:\prog fold\Drunken cookies\real-time-inventory\vm_inventory_updater_fixed.py", line 2606, in <module>
    success = main()
  File "E:\prog fold\Drunken cookies\real-time-inventory\vm_inventory_updater_fixed.py", line 162, in main
    sales_data = fetch_sales_data(clover_creds, shopify_creds, target_date)
  File "E:\prog fold\Drunken cookies\real-time-inventory\vm_inventory_updater_fixed.py", line 537, in fetch_sales_data
    location_sales = fetch_clover_sales(creds, target_date)
  File "E:\prog fold\Drunken cookies\real-time-inventory\vm_inventory_updater_fixed.py", line 907, in 
fetch_clover_sales
    logging.warning(f"ΓÜá∩╕Å     PR date: {order_info['order_date_pr']} (target: {order_info['target_date']})")
Message: 'ΓÜá∩╕Å     PR date: 2026-01-23 (target: 2026-01-17)'
Arguments: ()
--- Logging error ---
Traceback (most recent call last):
  File "C:\Users\banzo\AppData\Local\Programs\Python\Python312\Lib\logging\__init__.py", line 1163, in emit
    stream.write(msg + self.terminator)
  File "C:\Users\banzo\AppData\Local\Programs\Python\Python312\Lib\encodings\cp1252.py", line 19, in encode
    return codecs.charmap_encode(input,self.errors,encoding_table)[0]
           ^^^^^^^^^^^^^^^^^^^^^^^^^^^^^^^^^^^^^^^^^^^^^^^^^^^^^^^
UnicodeEncodeError: 'charmap' codec can't encode characters in position 36-37: character maps to <undefined>
Call stack:
  File "E:\prog fold\Drunken cookies\real-time-inventory\vm_inventory_updater_fixed.py", line 2606, in <module>
    success = main()
  File "E:\prog fold\Drunken cookies\real-time-inventory\vm_inventory_updater_fixed.py", line 162, in main
    sales_data = fetch_sales_data(clover_creds, shopify_creds, target_date)
  File "E:\prog fold\Drunken cookies\real-time-inventory\vm_inventory_updater_fixed.py", line 537, in fetch_sales_data
    location_sales = fetch_clover_sales(creds, target_date)
  File "E:\prog fold\Drunken cookies\real-time-inventory\vm_inventory_updater_fixed.py", line 904, in 
fetch_clover_sales
    logging.warning(f"ΓÜá∩╕Å   Order {order_info['order_id']}:")
Message: 'ΓÜá∩╕Å   Order 9QGQ1JY4281EM:'
Arguments: ()
--- Logging error ---
Traceback (most recent call last):
  File "C:\Users\banzo\AppData\Local\Programs\Python\Python312\Lib\logging\__init__.py", line 1163, in emit
    stream.write(msg + self.terminator)
2026-02-16 20:52:19,764 - WARNING - ΓÜá∩╕Å     UTC time: 2026-01-23 20:46:29 UTC
2026-02-16 20:52:19,770 - WARNING - ΓÜá∩╕Å     PR time: 2026-01-23 16:46:29 AST
2026-02-16 20:52:19,770 - WARNING - ΓÜá∩╕Å     PR date: 2026-01-23 (target: 2026-01-17)
2026-02-16 20:52:19,770 - WARNING - ΓÜá∩╕Å   Order 4SW1X3FDSB53C:
  File "C:\Users\banzo\AppData\Local\Programs\Python\Python312\Lib\encodings\cp1252.py", line 19, in encode
    return codecs.charmap_encode(input,self.errors,encoding_table)[0]
           ^^^^^^^^^^^^^^^^^^^^^^^^^^^^^^^^^^^^^^^^^^^^^^^^^^^^^^^
UnicodeEncodeError: 'charmap' codec can't encode characters in position 36-37: character maps to <undefined>
Call stack:
  File "E:\prog fold\Drunken cookies\real-time-inventory\vm_inventory_updater_fixed.py", line 2606, in <module>
    success = main()
2026-02-16 20:52:19,776 - WARNING - ΓÜá∩╕Å     UTC time: 2026-01-23 19:26:32 UTC
2026-02-16 20:52:19,777 - WARNING - ΓÜá∩╕Å     PR time: 2026-01-23 15:26:32 AST
  File "E:\prog fold\Drunken cookies\real-time-inventory\vm_inventory_updater_fixed.py", line 162, in main
    sales_data = fetch_sales_data(clover_creds, shopify_creds, target_date)
  File "E:\prog fold\Drunken cookies\real-time-inventory\vm_inventory_updater_fixed.py", line 537, in fetch_sales_data
    location_sales = fetch_clover_sales(creds, target_date)
  File "E:\prog fold\Drunken cookies\real-time-inventory\vm_inventory_updater_fixed.py", line 905, in 
fetch_clover_sales
    logging.warning(f"ΓÜá∩╕Å     UTC time: {order_info['order_time_utc']}")
Message: 'ΓÜá∩╕Å     UTC time: 2026-01-23 20:46:29 UTC'
Arguments: ()
--- Logging error ---
Traceback (most recent call last):
  File "C:\Users\banzo\AppData\Local\Programs\Python\Python312\Lib\logging\__init__.py", line 1163, in emit
    stream.write(msg + self.terminator)
  File "C:\Users\banzo\AppData\Local\Programs\Python\Python312\Lib\encodings\cp1252.py", line 19, in encode
    return codecs.charmap_encode(input,self.errors,encoding_table)[0]
           ^^^^^^^^^^^^^^^^^^^^^^^^^^^^^^^^^^^^^^^^^^^^^^^^^^^^^^^
UnicodeEncodeError: 'charmap' codec can't encode characters in position 36-37: character maps to <undefined>
Call stack:
  File "E:\prog fold\Drunken cookies\real-time-inventory\vm_inventory_updater_fixed.py", line 2606, in <module>
    success = main()
  File "E:\prog fold\Drunken cookies\real-time-inventory\vm_inventory_updater_fixed.py", line 162, in main
    sales_data = fetch_sales_data(clover_creds, shopify_creds, target_date)
  File "E:\prog fold\Drunken cookies\real-time-inventory\vm_inventory_updater_fixed.py", line 537, in fetch_sales_data
    location_sales = fetch_clover_sales(creds, target_date)
  File "E:\prog fold\Drunken cookies\real-time-inventory\vm_inventory_updater_fixed.py", line 906, in 
fetch_clover_sales
    logging.warning(f"ΓÜá∩╕Å     PR time: {order_info['order_time_pr']}")
Message: 'ΓÜá∩╕Å     PR time: 2026-01-23 16:46:29 AST'
Arguments: ()
--- Logging error ---
Traceback (most recent call last):
  File "C:\Users\banzo\AppData\Local\Programs\Python\Python312\Lib\logging\__init__.py", line 1163, in emit
    stream.write(msg + self.terminator)
  File "C:\Users\banzo\AppData\Local\Programs\Python\Python312\Lib\encodings\cp1252.py", line 19, in encode
    return codecs.charmap_encode(input,self.errors,encoding_table)[0]
           ^^^^^^^^^^^^^^^^^^^^^^^^^^^^^^^^^^^^^^^^^^^^^^^^^^^^^^^
UnicodeEncodeError: 'charmap' codec can't encode characters in position 36-37: character maps to <undefined>
Call stack:
  File "E:\prog fold\Drunken cookies\real-time-inventory\vm_inventory_updater_fixed.py", line 2606, in <module>
    success = main()
  File "E:\prog fold\Drunken cookies\real-time-inventory\vm_inventory_updater_fixed.py", line 162, in main
    sales_data = fetch_sales_data(clover_creds, shopify_creds, target_date)
  File "E:\prog fold\Drunken cookies\real-time-inventory\vm_inventory_updater_fixed.py", line 537, in fetch_sales_data
    location_sales = fetch_clover_sales(creds, target_date)
  File "E:\prog fold\Drunken cookies\real-time-inventory\vm_inventory_updater_fixed.py", line 907, in 
fetch_clover_sales
    logging.warning(f"ΓÜá∩╕Å     PR date: {order_info['order_date_pr']} (target: {order_info['target_date']})")
Message: 'ΓÜá∩╕Å     PR date: 2026-01-23 (target: 2026-01-17)'
Arguments: ()
--- Logging error ---
Traceback (most recent call last):
  File "C:\Users\banzo\AppData\Local\Programs\Python\Python312\Lib\logging\__init__.py", line 1163, in emit
    stream.write(msg + self.terminator)
  File "C:\Users\banzo\AppData\Local\Programs\Python\Python312\Lib\encodings\cp1252.py", line 19, in encode
    return codecs.charmap_encode(input,self.errors,encoding_table)[0]
           ^^^^^^^^^^^^^^^^^^^^^^^^^^^^^^^^^^^^^^^^^^^^^^^^^^^^^^^
UnicodeEncodeError: 'charmap' codec can't encode characters in position 36-37: character maps to <undefined>
Call stack:
  File "E:\prog fold\Drunken cookies\real-time-inventory\vm_inventory_updater_fixed.py", line 2606, in <module>
    success = main()
  File "E:\prog fold\Drunken cookies\real-time-inventory\vm_inventory_updater_fixed.py", line 162, in main
    sales_data = fetch_sales_data(clover_creds, shopify_creds, target_date)
  File "E:\prog fold\Drunken cookies\real-time-inventory\vm_inventory_updater_fixed.py", line 537, in fetch_sales_data
    location_sales = fetch_clover_sales(creds, target_date)
  File "E:\prog fold\Drunken cookies\real-time-inventory\vm_inventory_updater_fixed.py", line 904, in 
fetch_clover_sales
    logging.warning(f"ΓÜá∩╕Å   Order {order_info['order_id']}:")
Message: 'ΓÜá∩╕Å   Order 4SW1X3FDSB53C:'
Arguments: ()
--- Logging error ---
Traceback (most recent call last):
  File "C:\Users\banzo\AppData\Local\Programs\Python\Python312\Lib\logging\__init__.py", line 1163, in emit
    stream.write(msg + self.terminator)
  File "C:\Users\banzo\AppData\Local\Programs\Python\Python312\Lib\encodings\cp1252.py", line 19, in encode
    return codecs.charmap_encode(input,self.errors,encoding_table)[0]
           ^^^^^^^^^^^^^^^^^^^^^^^^^^^^^^^^^^^^^^^^^^^^^^^^^^^^^^^
UnicodeEncodeError: 'charmap' codec can't encode characters in position 36-37: character maps to <undefined>
Call stack:
  File "E:\prog fold\Drunken cookies\real-time-inventory\vm_inventory_updater_fixed.py", line 2606, in <module>
    success = main()
  File "E:\prog fold\Drunken cookies\real-time-inventory\vm_inventory_updater_fixed.py", line 162, in main
    sales_data = fetch_sales_data(clover_creds, shopify_creds, target_date)
  File "E:\prog fold\Drunken cookies\real-time-inventory\vm_inventory_updater_fixed.py", line 537, in fetch_sales_data
    location_sales = fetch_clover_sales(creds, target_date)
  File "E:\prog fold\Drunken cookies\real-time-inventory\vm_inventory_updater_fixed.py", line 905, in 
fetch_clover_sales
    logging.warning(f"ΓÜá∩╕Å     UTC time: {order_info['order_time_utc']}")
Message: 'ΓÜá∩╕Å     UTC time: 2026-01-23 19:26:32 UTC'
Arguments: ()
--- Logging error ---
Traceback (most recent call last):
  File "C:\Users\banzo\AppData\Local\Programs\Python\Python312\Lib\logging\__init__.py", line 1163, in emit
    stream.write(msg + self.terminator)
  File "C:\Users\banzo\AppData\Local\Programs\Python\Python312\Lib\encodings\cp1252.py", line 19, in encode
    return codecs.charmap_encode(input,self.errors,encoding_table)[0]
           ^^^^^^^^^^^^^^^^^^^^^^^^^^^^^^^^^^^^^^^^^^^^^^^^^^^^^^^
UnicodeEncodeError: 'charmap' codec can't encode characters in position 36-37: character maps to <undefined>
Call stack:
  File "E:\prog fold\Drunken cookies\real-time-inventory\vm_inventory_updater_fixed.py", line 2606, in <module>
    success = main()
  File "E:\prog fold\Drunken cookies\real-time-inventory\vm_inventory_updater_fixed.py", line 162, in main
    sales_data = fetch_sales_data(clover_creds, shopify_creds, target_date)
  File "E:\prog fold\Drunken cookies\real-time-inventory\vm_inventory_updater_fixed.py", line 537, in fetch_sales_data
    location_sales = fetch_clover_sales(creds, target_date)
  File "E:\prog fold\Drunken cookies\real-time-inventory\vm_inventory_updater_fixed.py", line 906, in 
fetch_clover_sales
    logging.warning(f"ΓÜá∩╕Å     PR time: {order_info['order_time_pr']}")
Message: 'ΓÜá∩╕Å     PR time: 2026-01-23 15:26:32 AST'
Arguments: ()
--- Logging error ---
Traceback (most recent call last):
  File "C:\Users\banzo\AppData\Local\Programs\Python\Python312\Lib\logging\__init__.py", line 1163, in emit
    stream.write(msg + self.terminator)
  File "C:\Users\banzo\AppData\Local\Programs\Python\Python312\Lib\encodings\cp1252.py", line 19, in encode
2026-02-16 20:52:19,777 - WARNING - ΓÜá∩╕Å     PR date: 2026-01-23 (target: 2026-01-17)
2026-02-16 20:52:19,784 - WARNING - ΓÜá∩╕Å   Order EXYSD4SSVT7AP:
2026-02-16 20:52:19,785 - WARNING - ΓÜá∩╕Å     UTC time: 2026-01-22 19:30:51 UTC
2026-02-16 20:52:19,785 - WARNING - ΓÜá∩╕Å     PR time: 2026-01-22 15:30:51 AST
2026-02-16 20:52:19,793 - WARNING - ΓÜá∩╕Å     PR date: 2026-01-22 (target: 2026-01-17)
    return codecs.charmap_encode(input,self.errors,encoding_table)[0]
           ^^^^^^^^^^^^^^^^^^^^^^^^^^^^^^^^^^^^^^^^^^^^^^^^^^^^^^^
UnicodeEncodeError: 'charmap' codec can't encode characters in position 36-37: character maps to <undefined>
Call stack:
  File "E:\prog fold\Drunken cookies\real-time-inventory\vm_inventory_updater_fixed.py", line 2606, in <module>
    success = main()
  File "E:\prog fold\Drunken cookies\real-time-inventory\vm_inventory_updater_fixed.py", line 162, in main
    sales_data = fetch_sales_data(clover_creds, shopify_creds, target_date)
  File "E:\prog fold\Drunken cookies\real-time-inventory\vm_inventory_updater_fixed.py", line 537, in fetch_sales_data
    location_sales = fetch_clover_sales(creds, target_date)
  File "E:\prog fold\Drunken cookies\real-time-inventory\vm_inventory_updater_fixed.py", line 907, in 
fetch_clover_sales
    logging.warning(f"ΓÜá∩╕Å     PR date: {order_info['order_date_pr']} (target: {order_info['target_date']})")
Message: 'ΓÜá∩╕Å     PR date: 2026-01-23 (target: 2026-01-17)'
Arguments: ()
--- Logging error ---
Traceback (most recent call last):
  File "C:\Users\banzo\AppData\Local\Programs\Python\Python312\Lib\logging\__init__.py", line 1163, in emit
    stream.write(msg + self.terminator)
  File "C:\Users\banzo\AppData\Local\Programs\Python\Python312\Lib\encodings\cp1252.py", line 19, in encode
    return codecs.charmap_encode(input,self.errors,encoding_table)[0]
           ^^^^^^^^^^^^^^^^^^^^^^^^^^^^^^^^^^^^^^^^^^^^^^^^^^^^^^^
UnicodeEncodeError: 'charmap' codec can't encode characters in position 36-37: character maps to <undefined>
Call stack:
  File "E:\prog fold\Drunken cookies\real-time-inventory\vm_inventory_updater_fixed.py", line 2606, in <module>
    success = main()
  File "E:\prog fold\Drunken cookies\real-time-inventory\vm_inventory_updater_fixed.py", line 162, in main
    sales_data = fetch_sales_data(clover_creds, shopify_creds, target_date)
  File "E:\prog fold\Drunken cookies\real-time-inventory\vm_inventory_updater_fixed.py", line 537, in fetch_sales_data
    location_sales = fetch_clover_sales(creds, target_date)
  File "E:\prog fold\Drunken cookies\real-time-inventory\vm_inventory_updater_fixed.py", line 904, in 
fetch_clover_sales
    logging.warning(f"ΓÜá∩╕Å   Order {order_info['order_id']}:")
Message: 'ΓÜá∩╕Å   Order EXYSD4SSVT7AP:'
Arguments: ()
--- Logging error ---
Traceback (most recent call last):
  File "C:\Users\banzo\AppData\Local\Programs\Python\Python312\Lib\logging\__init__.py", line 1163, in emit
    stream.write(msg + self.terminator)
  File "C:\Users\banzo\AppData\Local\Programs\Python\Python312\Lib\encodings\cp1252.py", line 19, in encode
    return codecs.charmap_encode(input,self.errors,encoding_table)[0]
           ^^^^^^^^^^^^^^^^^^^^^^^^^^^^^^^^^^^^^^^^^^^^^^^^^^^^^^^
UnicodeEncodeError: 'charmap' codec can't encode characters in position 36-37: character maps to <undefined>
Call stack:
  File "E:\prog fold\Drunken cookies\real-time-inventory\vm_inventory_updater_fixed.py", line 2606, in <module>
    success = main()
  File "E:\prog fold\Drunken cookies\real-time-inventory\vm_inventory_updater_fixed.py", line 162, in main
    sales_data = fetch_sales_data(clover_creds, shopify_creds, target_date)
  File "E:\prog fold\Drunken cookies\real-time-inventory\vm_inventory_updater_fixed.py", line 537, in fetch_sales_data
    location_sales = fetch_clover_sales(creds, target_date)
  File "E:\prog fold\Drunken cookies\real-time-inventory\vm_inventory_updater_fixed.py", line 905, in 
fetch_clover_sales
    logging.warning(f"ΓÜá∩╕Å     UTC time: {order_info['order_time_utc']}")
Message: 'ΓÜá∩╕Å     UTC time: 2026-01-22 19:30:51 UTC'
Arguments: ()
--- Logging error ---
Traceback (most recent call last):
  File "C:\Users\banzo\AppData\Local\Programs\Python\Python312\Lib\logging\__init__.py", line 1163, in emit
2026-02-16 20:52:19,794 - WARNING - ΓÜá∩╕Å   Order QMVX8XJS3JQ86:
    stream.write(msg + self.terminator)
  File "C:\Users\banzo\AppData\Local\Programs\Python\Python312\Lib\encodings\cp1252.py", line 19, in encode
    return codecs.charmap_encode(input,self.errors,encoding_table)[0]
           ^^^^^^^^^^^^^^^^^^^^^^^^^^^^^^^^^^^^^^^^^^^^^^^^^^^^^^^
UnicodeEncodeError: 'charmap' codec can't encode characters in position 36-37: character maps to <undefined>
Call stack:
  File "E:\prog fold\Drunken cookies\real-time-inventory\vm_inventory_updater_fixed.py", line 2606, in <module>
    success = main()
  File "E:\prog fold\Drunken cookies\real-time-inventory\vm_inventory_updater_fixed.py", line 162, in main
    sales_data = fetch_sales_data(clover_creds, shopify_creds, target_date)
  File "E:\prog fold\Drunken cookies\real-time-inventory\vm_inventory_updater_fixed.py", line 537, in fetch_sales_data
    location_sales = fetch_clover_sales(creds, target_date)
  File "E:\prog fold\Drunken cookies\real-time-inventory\vm_inventory_updater_fixed.py", line 906, in 
fetch_clover_sales
    logging.warning(f"ΓÜá∩╕Å     PR time: {order_info['order_time_pr']}")
2026-02-16 20:52:19,794 - WARNING - ΓÜá∩╕Å     UTC time: 2026-01-22 18:47:55 UTC
2026-02-16 20:52:19,801 - WARNING - ΓÜá∩╕Å     PR time: 2026-01-22 14:47:55 AST
2026-02-16 20:52:19,801 - WARNING - ΓÜá∩╕Å     PR date: 2026-01-22 (target: 2026-01-17)
Message: 'ΓÜá∩╕Å     PR time: 2026-01-22 15:30:51 AST'
Arguments: ()
--- Logging error ---
Traceback (most recent call last):
  File "C:\Users\banzo\AppData\Local\Programs\Python\Python312\Lib\logging\__init__.py", line 1163, in emit
    stream.write(msg + self.terminator)
  File "C:\Users\banzo\AppData\Local\Programs\Python\Python312\Lib\encodings\cp1252.py", line 19, in encode
    return codecs.charmap_encode(input,self.errors,encoding_table)[0]
           ^^^^^^^^^^^^^^^^^^^^^^^^^^^^^^^^^^^^^^^^^^^^^^^^^^^^^^^
UnicodeEncodeError: 'charmap' codec can't encode characters in position 36-37: character maps to <undefined>
Call stack:
  File "E:\prog fold\Drunken cookies\real-time-inventory\vm_inventory_updater_fixed.py", line 2606, in <module>
    success = main()
  File "E:\prog fold\Drunken cookies\real-time-inventory\vm_inventory_updater_fixed.py", line 162, in main
    sales_data = fetch_sales_data(clover_creds, shopify_creds, target_date)
  File "E:\prog fold\Drunken cookies\real-time-inventory\vm_inventory_updater_fixed.py", line 537, in fetch_sales_data
    location_sales = fetch_clover_sales(creds, target_date)
  File "E:\prog fold\Drunken cookies\real-time-inventory\vm_inventory_updater_fixed.py", line 907, in 
fetch_clover_sales
    logging.warning(f"ΓÜá∩╕Å     PR date: {order_info['order_date_pr']} (target: {order_info['target_date']})")
Message: 'ΓÜá∩╕Å     PR date: 2026-01-22 (target: 2026-01-17)'
Arguments: ()
--- Logging error ---
Traceback (most recent call last):
  File "C:\Users\banzo\AppData\Local\Programs\Python\Python312\Lib\logging\__init__.py", line 1163, in emit
    stream.write(msg + self.terminator)
  File "C:\Users\banzo\AppData\Local\Programs\Python\Python312\Lib\encodings\cp1252.py", line 19, in encode
    return codecs.charmap_encode(input,self.errors,encoding_table)[0]
           ^^^^^^^^^^^^^^^^^^^^^^^^^^^^^^^^^^^^^^^^^^^^^^^^^^^^^^^
UnicodeEncodeError: 'charmap' codec can't encode characters in position 36-37: character maps to <undefined>
Call stack:
  File "E:\prog fold\Drunken cookies\real-time-inventory\vm_inventory_updater_fixed.py", line 2606, in <module>
    success = main()
  File "E:\prog fold\Drunken cookies\real-time-inventory\vm_inventory_updater_fixed.py", line 162, in main
    sales_data = fetch_sales_data(clover_creds, shopify_creds, target_date)
  File "E:\prog fold\Drunken cookies\real-time-inventory\vm_inventory_updater_fixed.py", line 537, in fetch_sales_data
    location_sales = fetch_clover_sales(creds, target_date)
  File "E:\prog fold\Drunken cookies\real-time-inventory\vm_inventory_updater_fixed.py", line 904, in 
fetch_clover_sales
    logging.warning(f"ΓÜá∩╕Å   Order {order_info['order_id']}:")
Message: 'ΓÜá∩╕Å   Order QMVX8XJS3JQ86:'
Arguments: ()
--- Logging error ---
Traceback (most recent call last):
  File "C:\Users\banzo\AppData\Local\Programs\Python\Python312\Lib\logging\__init__.py", line 1163, in emit
    stream.write(msg + self.terminator)
  File "C:\Users\banzo\AppData\Local\Programs\Python\Python312\Lib\encodings\cp1252.py", line 19, in encode
    return codecs.charmap_encode(input,self.errors,encoding_table)[0]
2026-02-16 20:52:19,802 - WARNING - ΓÜá∩╕Å   Order E3ZE1J4SWSKZ0:
           ^^^^^^^^^^^^^^^^^^^^^^^^^^^^^^^^^^^^^^^^^^^^^^^^^^^^^^^
UnicodeEncodeError: 'charmap' codec can't encode characters in position 36-37: character maps to <undefined>
Call stack:
  File "E:\prog fold\Drunken cookies\real-time-inventory\vm_inventory_updater_fixed.py", line 2606, in <module>
    success = main()
  File "E:\prog fold\Drunken cookies\real-time-inventory\vm_inventory_updater_fixed.py", line 162, in main
    sales_data = fetch_sales_data(clover_creds, shopify_creds, target_date)
  File "E:\prog fold\Drunken cookies\real-time-inventory\vm_inventory_updater_fixed.py", line 537, in fetch_sales_data
    location_sales = fetch_clover_sales(creds, target_date)
  File "E:\prog fold\Drunken cookies\real-time-inventory\vm_inventory_updater_fixed.py", line 905, in 
fetch_clover_sales
    logging.warning(f"ΓÜá∩╕Å     UTC time: {order_info['order_time_utc']}")
Message: 'ΓÜá∩╕Å     UTC time: 2026-01-22 18:47:55 UTC'
Arguments: ()
--- Logging error ---
Traceback (most recent call last):
  File "C:\Users\banzo\AppData\Local\Programs\Python\Python312\Lib\logging\__init__.py", line 1163, in emit
    stream.write(msg + self.terminator)
  File "C:\Users\banzo\AppData\Local\Programs\Python\Python312\Lib\encodings\cp1252.py", line 19, in encode
    return codecs.charmap_encode(input,self.errors,encoding_table)[0]
           ^^^^^^^^^^^^^^^^^^^^^^^^^^^^^^^^^^^^^^^^^^^^^^^^^^^^^^^
UnicodeEncodeError: 'charmap' codec can't encode characters in position 36-37: character maps to <undefined>
Call stack:
  File "E:\prog fold\Drunken cookies\real-time-inventory\vm_inventory_updater_fixed.py", line 2606, in <module>
    success = main()
  File "E:\prog fold\Drunken cookies\real-time-inventory\vm_inventory_updater_fixed.py", line 162, in main
    sales_data = fetch_sales_data(clover_creds, shopify_creds, target_date)
  File "E:\prog fold\Drunken cookies\real-time-inventory\vm_inventory_updater_fixed.py", line 537, in fetch_sales_data
    location_sales = fetch_clover_sales(creds, target_date)
  File "E:\prog fold\Drunken cookies\real-time-inventory\vm_inventory_updater_fixed.py", line 906, in 
fetch_clover_sales
    logging.warning(f"ΓÜá∩╕Å     PR time: {order_info['order_time_pr']}")
Message: 'ΓÜá∩╕Å     PR time: 2026-01-22 14:47:55 AST'
Arguments: ()
--- Logging error ---
Traceback (most recent call last):
  File "C:\Users\banzo\AppData\Local\Programs\Python\Python312\Lib\logging\__init__.py", line 1163, in emit
    stream.write(msg + self.terminator)
  File "C:\Users\banzo\AppData\Local\Programs\Python\Python312\Lib\encodings\cp1252.py", line 19, in encode
    return codecs.charmap_encode(input,self.errors,encoding_table)[0]
           ^^^^^^^^^^^^^^^^^^^^^^^^^^^^^^^^^^^^^^^^^^^^^^^^^^^^^^^
UnicodeEncodeError: 'charmap' codec can't encode characters in position 36-37: character maps to <undefined>
Call stack:
  File "E:\prog fold\Drunken cookies\real-time-inventory\vm_inventory_updater_fixed.py", line 2606, in <module>
    success = main()
  File "E:\prog fold\Drunken cookies\real-time-inventory\vm_inventory_updater_fixed.py", line 162, in main
    sales_data = fetch_sales_data(clover_creds, shopify_creds, target_date)
  File "E:\prog fold\Drunken cookies\real-time-inventory\vm_inventory_updater_fixed.py", line 537, in fetch_sales_data
    location_sales = fetch_clover_sales(creds, target_date)
  File "E:\prog fold\Drunken cookies\real-time-inventory\vm_inventory_updater_fixed.py", line 907, in 
fetch_clover_sales
    logging.warning(f"ΓÜá∩╕Å     PR date: {order_info['order_date_pr']} (target: {order_info['target_date']})")
Message: 'ΓÜá∩╕Å     PR date: 2026-01-22 (target: 2026-01-17)'
Arguments: ()
--- Logging error ---
Traceback (most recent call last):
  File "C:\Users\banzo\AppData\Local\Programs\Python\Python312\Lib\logging\__init__.py", line 1163, in emit
    stream.write(msg + self.terminator)
  File "C:\Users\banzo\AppData\Local\Programs\Python\Python312\Lib\encodings\cp1252.py", line 19, in encode
    return codecs.charmap_encode(input,self.errors,encoding_table)[0]
           ^^^^^^^^^^^^^^^^^^^^^^^^^^^^^^^^^^^^^^^^^^^^^^^^^^^^^^^
UnicodeEncodeError: 'charmap' codec can't encode characters in position 36-37: character maps to <undefined>
Call stack:
  File "E:\prog fold\Drunken cookies\real-time-inventory\vm_inventory_updater_fixed.py", line 2606, in <module>
    success = main()
  File "E:\prog fold\Drunken cookies\real-time-inventory\vm_inventory_updater_fixed.py", line 162, in main
    sales_data = fetch_sales_data(clover_creds, shopify_creds, target_date)
  File "E:\prog fold\Drunken cookies\real-time-inventory\vm_inventory_updater_fixed.py", line 537, in fetch_sales_data
    location_sales = fetch_clover_sales(creds, target_date)
2026-02-16 20:52:19,807 - WARNING - ΓÜá∩╕Å     UTC time: 2026-01-22 15:17:40 UTC
2026-02-16 20:52:19,808 - WARNING - ΓÜá∩╕Å     PR time: 2026-01-22 11:17:40 AST
2026-02-16 20:52:19,808 - WARNING - ΓÜá∩╕Å     PR date: 2026-01-22 (target: 2026-01-17)
2026-02-16 20:52:19,814 - WARNING - ΓÜá∩╕Å   Order J4N5KDYGYK8TW:
2026-02-16 20:52:19,814 - WARNING - ΓÜá∩╕Å     UTC time: 2026-01-22 14:23:04 UTC
  File "E:\prog fold\Drunken cookies\real-time-inventory\vm_inventory_updater_fixed.py", line 904, in 
fetch_clover_sales
    logging.warning(f"ΓÜá∩╕Å   Order {order_info['order_id']}:")
Message: 'ΓÜá∩╕Å   Order E3ZE1J4SWSKZ0:'
Arguments: ()
--- Logging error ---
Traceback (most recent call last):
  File "C:\Users\banzo\AppData\Local\Programs\Python\Python312\Lib\logging\__init__.py", line 1163, in emit
    stream.write(msg + self.terminator)
  File "C:\Users\banzo\AppData\Local\Programs\Python\Python312\Lib\encodings\cp1252.py", line 19, in encode
    return codecs.charmap_encode(input,self.errors,encoding_table)[0]
           ^^^^^^^^^^^^^^^^^^^^^^^^^^^^^^^^^^^^^^^^^^^^^^^^^^^^^^^
UnicodeEncodeError: 'charmap' codec can't encode characters in position 36-37: character maps to <undefined>
Call stack:
  File "E:\prog fold\Drunken cookies\real-time-inventory\vm_inventory_updater_fixed.py", line 2606, in <module>
    success = main()
  File "E:\prog fold\Drunken cookies\real-time-inventory\vm_inventory_updater_fixed.py", line 162, in main
    sales_data = fetch_sales_data(clover_creds, shopify_creds, target_date)
  File "E:\prog fold\Drunken cookies\real-time-inventory\vm_inventory_updater_fixed.py", line 537, in fetch_sales_data
    location_sales = fetch_clover_sales(creds, target_date)
  File "E:\prog fold\Drunken cookies\real-time-inventory\vm_inventory_updater_fixed.py", line 905, in 
fetch_clover_sales
    logging.warning(f"ΓÜá∩╕Å     UTC time: {order_info['order_time_utc']}")
Message: 'ΓÜá∩╕Å     UTC time: 2026-01-22 15:17:40 UTC'
Arguments: ()
--- Logging error ---
Traceback (most recent call last):
  File "C:\Users\banzo\AppData\Local\Programs\Python\Python312\Lib\logging\__init__.py", line 1163, in emit
    stream.write(msg + self.terminator)
  File "C:\Users\banzo\AppData\Local\Programs\Python\Python312\Lib\encodings\cp1252.py", line 19, in encode
    return codecs.charmap_encode(input,self.errors,encoding_table)[0]
           ^^^^^^^^^^^^^^^^^^^^^^^^^^^^^^^^^^^^^^^^^^^^^^^^^^^^^^^
UnicodeEncodeError: 'charmap' codec can't encode characters in position 36-37: character maps to <undefined>
Call stack:
  File "E:\prog fold\Drunken cookies\real-time-inventory\vm_inventory_updater_fixed.py", line 2606, in <module>
    success = main()
  File "E:\prog fold\Drunken cookies\real-time-inventory\vm_inventory_updater_fixed.py", line 162, in main
    sales_data = fetch_sales_data(clover_creds, shopify_creds, target_date)
  File "E:\prog fold\Drunken cookies\real-time-inventory\vm_inventory_updater_fixed.py", line 537, in fetch_sales_data
    location_sales = fetch_clover_sales(creds, target_date)
  File "E:\prog fold\Drunken cookies\real-time-inventory\vm_inventory_updater_fixed.py", line 906, in 
fetch_clover_sales
    logging.warning(f"ΓÜá∩╕Å     PR time: {order_info['order_time_pr']}")
Message: 'ΓÜá∩╕Å     PR time: 2026-01-22 11:17:40 AST'
Arguments: ()
--- Logging error ---
Traceback (most recent call last):
  File "C:\Users\banzo\AppData\Local\Programs\Python\Python312\Lib\logging\__init__.py", line 1163, in emit
    stream.write(msg + self.terminator)
  File "C:\Users\banzo\AppData\Local\Programs\Python\Python312\Lib\encodings\cp1252.py", line 19, in encode
    return codecs.charmap_encode(input,self.errors,encoding_table)[0]
           ^^^^^^^^^^^^^^^^^^^^^^^^^^^^^^^^^^^^^^^^^^^^^^^^^^^^^^^
UnicodeEncodeError: 'charmap' codec can't encode characters in position 36-37: character maps to <undefined>
Call stack:
  File "E:\prog fold\Drunken cookies\real-time-inventory\vm_inventory_updater_fixed.py", line 2606, in <module>
    success = main()
  File "E:\prog fold\Drunken cookies\real-time-inventory\vm_inventory_updater_fixed.py", line 162, in main
    sales_data = fetch_sales_data(clover_creds, shopify_creds, target_date)
  File "E:\prog fold\Drunken cookies\real-time-inventory\vm_inventory_updater_fixed.py", line 537, in fetch_sales_data
    location_sales = fetch_clover_sales(creds, target_date)
  File "E:\prog fold\Drunken cookies\real-time-inventory\vm_inventory_updater_fixed.py", line 907, in 
fetch_clover_sales
    logging.warning(f"ΓÜá∩╕Å     PR date: {order_info['order_date_pr']} (target: {order_info['target_date']})")
Message: 'ΓÜá∩╕Å     PR date: 2026-01-22 (target: 2026-01-17)'
Arguments: ()
--- Logging error ---
Traceback (most recent call last):
  File "C:\Users\banzo\AppData\Local\Programs\Python\Python312\Lib\logging\__init__.py", line 1163, in emit
    stream.write(msg + self.terminator)
  File "C:\Users\banzo\AppData\Local\Programs\Python\Python312\Lib\encodings\cp1252.py", line 19, in encode
    return codecs.charmap_encode(input,self.errors,encoding_table)[0]
           ^^^^^^^^^^^^^^^^^^^^^^^^^^^^^^^^^^^^^^^^^^^^^^^^^^^^^^^
UnicodeEncodeError: 'charmap' codec can't encode characters in position 36-37: character maps to <undefined>
Call stack:
  File "E:\prog fold\Drunken cookies\real-time-inventory\vm_inventory_updater_fixed.py", line 2606, in <module>
    success = main()
  File "E:\prog fold\Drunken cookies\real-time-inventory\vm_inventory_updater_fixed.py", line 162, in main
2026-02-16 20:52:19,815 - WARNING - ΓÜá∩╕Å     PR time: 2026-01-22 10:23:04 AST
2026-02-16 20:52:19,820 - WARNING - ΓÜá∩╕Å     PR date: 2026-01-22 (target: 2026-01-17)
2026-02-16 20:52:19,820 - WARNING - ΓÜá∩╕Å   Order 2YTSY3ZA66NYC:
    sales_data = fetch_sales_data(clover_creds, shopify_creds, target_date)
  File "E:\prog fold\Drunken cookies\real-time-inventory\vm_inventory_updater_fixed.py", line 537, in fetch_sales_data
    location_sales = fetch_clover_sales(creds, target_date)
  File "E:\prog fold\Drunken cookies\real-time-inventory\vm_inventory_updater_fixed.py", line 904, in 
fetch_clover_sales
    logging.warning(f"ΓÜá∩╕Å   Order {order_info['order_id']}:")
Message: 'ΓÜá∩╕Å   Order J4N5KDYGYK8TW:'
Arguments: ()
--- Logging error ---
Traceback (most recent call last):
  File "C:\Users\banzo\AppData\Local\Programs\Python\Python312\Lib\logging\__init__.py", line 1163, in emit
    stream.write(msg + self.terminator)
  File "C:\Users\banzo\AppData\Local\Programs\Python\Python312\Lib\encodings\cp1252.py", line 19, in encode
    return codecs.charmap_encode(input,self.errors,encoding_table)[0]
           ^^^^^^^^^^^^^^^^^^^^^^^^^^^^^^^^^^^^^^^^^^^^^^^^^^^^^^^
UnicodeEncodeError: 'charmap' codec can't encode characters in position 36-37: character maps to <undefined>
Call stack:
  File "E:\prog fold\Drunken cookies\real-time-inventory\vm_inventory_updater_fixed.py", line 2606, in <module>
    success = main()
  File "E:\prog fold\Drunken cookies\real-time-inventory\vm_inventory_updater_fixed.py", line 162, in main
    sales_data = fetch_sales_data(clover_creds, shopify_creds, target_date)
  File "E:\prog fold\Drunken cookies\real-time-inventory\vm_inventory_updater_fixed.py", line 537, in fetch_sales_data
    location_sales = fetch_clover_sales(creds, target_date)
  File "E:\prog fold\Drunken cookies\real-time-inventory\vm_inventory_updater_fixed.py", line 905, in 
fetch_clover_sales
    logging.warning(f"ΓÜá∩╕Å     UTC time: {order_info['order_time_utc']}")
Message: 'ΓÜá∩╕Å     UTC time: 2026-01-22 14:23:04 UTC'
Arguments: ()
--- Logging error ---
Traceback (most recent call last):
  File "C:\Users\banzo\AppData\Local\Programs\Python\Python312\Lib\logging\__init__.py", line 1163, in emit
    stream.write(msg + self.terminator)
  File "C:\Users\banzo\AppData\Local\Programs\Python\Python312\Lib\encodings\cp1252.py", line 19, in encode
    return codecs.charmap_encode(input,self.errors,encoding_table)[0]
           ^^^^^^^^^^^^^^^^^^^^^^^^^^^^^^^^^^^^^^^^^^^^^^^^^^^^^^^
UnicodeEncodeError: 'charmap' codec can't encode characters in position 36-37: character maps to <undefined>
Call stack:
  File "E:\prog fold\Drunken cookies\real-time-inventory\vm_inventory_updater_fixed.py", line 2606, in <module>
    success = main()
  File "E:\prog fold\Drunken cookies\real-time-inventory\vm_inventory_updater_fixed.py", line 162, in main
    sales_data = fetch_sales_data(clover_creds, shopify_creds, target_date)
  File "E:\prog fold\Drunken cookies\real-time-inventory\vm_inventory_updater_fixed.py", line 537, in fetch_sales_data
    location_sales = fetch_clover_sales(creds, target_date)
  File "E:\prog fold\Drunken cookies\real-time-inventory\vm_inventory_updater_fixed.py", line 906, in 
fetch_clover_sales
    logging.warning(f"ΓÜá∩╕Å     PR time: {order_info['order_time_pr']}")
Message: 'ΓÜá∩╕Å     PR time: 2026-01-22 10:23:04 AST'
Arguments: ()
--- Logging error ---
Traceback (most recent call last):
  File "C:\Users\banzo\AppData\Local\Programs\Python\Python312\Lib\logging\__init__.py", line 1163, in emit
    stream.write(msg + self.terminator)
  File "C:\Users\banzo\AppData\Local\Programs\Python\Python312\Lib\encodings\cp1252.py", line 19, in encode
    return codecs.charmap_encode(input,self.errors,encoding_table)[0]
           ^^^^^^^^^^^^^^^^^^^^^^^^^^^^^^^^^^^^^^^^^^^^^^^^^^^^^^^
UnicodeEncodeError: 'charmap' codec can't encode characters in position 36-37: character maps to <undefined>
Call stack:
  File "E:\prog fold\Drunken cookies\real-time-inventory\vm_inventory_updater_fixed.py", line 2606, in <module>
    success = main()
  File "E:\prog fold\Drunken cookies\real-time-inventory\vm_inventory_updater_fixed.py", line 162, in main
    sales_data = fetch_sales_data(clover_creds, shopify_creds, target_date)
  File "E:\prog fold\Drunken cookies\real-time-inventory\vm_inventory_updater_fixed.py", line 537, in fetch_sales_data
    location_sales = fetch_clover_sales(creds, target_date)
  File "E:\prog fold\Drunken cookies\real-time-inventory\vm_inventory_updater_fixed.py", line 907, in 
fetch_clover_sales
    logging.warning(f"ΓÜá∩╕Å     PR date: {order_info['order_date_pr']} (target: {order_info['target_date']})")
Message: 'ΓÜá∩╕Å     PR date: 2026-01-22 (target: 2026-01-17)'
Arguments: ()
--- Logging error ---
Traceback (most recent call last):
  File "C:\Users\banzo\AppData\Local\Programs\Python\Python312\Lib\logging\__init__.py", line 1163, in emit
    stream.write(msg + self.terminator)
  File "C:\Users\banzo\AppData\Local\Programs\Python\Python312\Lib\encodings\cp1252.py", line 19, in encode
    return codecs.charmap_encode(input,self.errors,encoding_table)[0]
           ^^^^^^^^^^^^^^^^^^^^^^^^^^^^^^^^^^^^^^^^^^^^^^^^^^^^^^^
UnicodeEncodeError: 'charmap' codec can't encode characters in position 36-37: character maps to <undefined>
Call stack:
  File "E:\prog fold\Drunken cookies\real-time-inventory\vm_inventory_updater_fixed.py", line 2606, in <module>
    success = main()
  File "E:\prog fold\Drunken cookies\real-time-inventory\vm_inventory_updater_fixed.py", line 162, in main
    sales_data = fetch_sales_data(clover_creds, shopify_creds, target_date)
  File "E:\prog fold\Drunken cookies\real-time-inventory\vm_inventory_updater_fixed.py", line 537, in fetch_sales_data
    location_sales = fetch_clover_sales(creds, target_date)
  File "E:\prog fold\Drunken cookies\real-time-inventory\vm_inventory_updater_fixed.py", line 904, in 
fetch_clover_sales
    logging.warning(f"ΓÜá∩╕Å   Order {order_info['order_id']}:")
Message: 'ΓÜá∩╕Å   Order 2YTSY3ZA66NYC:'
Arguments: ()
--- Logging error ---
Traceback (most recent call last):
  File "C:\Users\banzo\AppData\Local\Programs\Python\Python312\Lib\logging\__init__.py", line 1163, in emit
    stream.write(msg + self.terminator)
  File "C:\Users\banzo\AppData\Local\Programs\Python\Python312\Lib\encodings\cp1252.py", line 19, in encode
2026-02-16 20:52:19,821 - WARNING - ΓÜá∩╕Å     UTC time: 2026-01-21 22:22:32 UTC
2026-02-16 20:52:19,827 - WARNING - ΓÜá∩╕Å     PR time: 2026-01-21 18:22:32 AST
2026-02-16 20:52:19,828 - WARNING - ΓÜá∩╕Å     PR date: 2026-01-21 (target: 2026-01-17)
2026-02-16 20:52:19,828 - WARNING - ΓÜá∩╕Å   Order AHCPDMRSTE7BY:
2026-02-16 20:52:19,834 - WARNING - ΓÜá∩╕Å     UTC time: 2026-01-21 17:27:47 UTC
    return codecs.charmap_encode(input,self.errors,encoding_table)[0]
           ^^^^^^^^^^^^^^^^^^^^^^^^^^^^^^^^^^^^^^^^^^^^^^^^^^^^^^^
UnicodeEncodeError: 'charmap' codec can't encode characters in position 36-37: character maps to <undefined>
Call stack:
  File "E:\prog fold\Drunken cookies\real-time-inventory\vm_inventory_updater_fixed.py", line 2606, in <module>
    success = main()
  File "E:\prog fold\Drunken cookies\real-time-inventory\vm_inventory_updater_fixed.py", line 162, in main
    sales_data = fetch_sales_data(clover_creds, shopify_creds, target_date)
  File "E:\prog fold\Drunken cookies\real-time-inventory\vm_inventory_updater_fixed.py", line 537, in fetch_sales_data
    location_sales = fetch_clover_sales(creds, target_date)
  File "E:\prog fold\Drunken cookies\real-time-inventory\vm_inventory_updater_fixed.py", line 905, in 
fetch_clover_sales
    logging.warning(f"ΓÜá∩╕Å     UTC time: {order_info['order_time_utc']}")
Message: 'ΓÜá∩╕Å     UTC time: 2026-01-21 22:22:32 UTC'
Arguments: ()
--- Logging error ---
Traceback (most recent call last):
  File "C:\Users\banzo\AppData\Local\Programs\Python\Python312\Lib\logging\__init__.py", line 1163, in emit
    stream.write(msg + self.terminator)
  File "C:\Users\banzo\AppData\Local\Programs\Python\Python312\Lib\encodings\cp1252.py", line 19, in encode
    return codecs.charmap_encode(input,self.errors,encoding_table)[0]
           ^^^^^^^^^^^^^^^^^^^^^^^^^^^^^^^^^^^^^^^^^^^^^^^^^^^^^^^
UnicodeEncodeError: 'charmap' codec can't encode characters in position 36-37: character maps to <undefined>
Call stack:
  File "E:\prog fold\Drunken cookies\real-time-inventory\vm_inventory_updater_fixed.py", line 2606, in <module>
    success = main()
  File "E:\prog fold\Drunken cookies\real-time-inventory\vm_inventory_updater_fixed.py", line 162, in main
    sales_data = fetch_sales_data(clover_creds, shopify_creds, target_date)
  File "E:\prog fold\Drunken cookies\real-time-inventory\vm_inventory_updater_fixed.py", line 537, in fetch_sales_data
    location_sales = fetch_clover_sales(creds, target_date)
  File "E:\prog fold\Drunken cookies\real-time-inventory\vm_inventory_updater_fixed.py", line 906, in 
fetch_clover_sales
    logging.warning(f"ΓÜá∩╕Å     PR time: {order_info['order_time_pr']}")
Message: 'ΓÜá∩╕Å     PR time: 2026-01-21 18:22:32 AST'
Arguments: ()
--- Logging error ---
Traceback (most recent call last):
  File "C:\Users\banzo\AppData\Local\Programs\Python\Python312\Lib\logging\__init__.py", line 1163, in emit
    stream.write(msg + self.terminator)
  File "C:\Users\banzo\AppData\Local\Programs\Python\Python312\Lib\encodings\cp1252.py", line 19, in encode
    return codecs.charmap_encode(input,self.errors,encoding_table)[0]
           ^^^^^^^^^^^^^^^^^^^^^^^^^^^^^^^^^^^^^^^^^^^^^^^^^^^^^^^
UnicodeEncodeError: 'charmap' codec can't encode characters in position 36-37: character maps to <undefined>
Call stack:
  File "E:\prog fold\Drunken cookies\real-time-inventory\vm_inventory_updater_fixed.py", line 2606, in <module>
    success = main()
  File "E:\prog fold\Drunken cookies\real-time-inventory\vm_inventory_updater_fixed.py", line 162, in main
    sales_data = fetch_sales_data(clover_creds, shopify_creds, target_date)
  File "E:\prog fold\Drunken cookies\real-time-inventory\vm_inventory_updater_fixed.py", line 537, in fetch_sales_data
    location_sales = fetch_clover_sales(creds, target_date)
  File "E:\prog fold\Drunken cookies\real-time-inventory\vm_inventory_updater_fixed.py", line 907, in 
fetch_clover_sales
    logging.warning(f"ΓÜá∩╕Å     PR date: {order_info['order_date_pr']} (target: {order_info['target_date']})")
Message: 'ΓÜá∩╕Å     PR date: 2026-01-21 (target: 2026-01-17)'
Arguments: ()
--- Logging error ---
Traceback (most recent call last):
  File "C:\Users\banzo\AppData\Local\Programs\Python\Python312\Lib\logging\__init__.py", line 1163, in emit
    stream.write(msg + self.terminator)
  File "C:\Users\banzo\AppData\Local\Programs\Python\Python312\Lib\encodings\cp1252.py", line 19, in encode
    return codecs.charmap_encode(input,self.errors,encoding_table)[0]
           ^^^^^^^^^^^^^^^^^^^^^^^^^^^^^^^^^^^^^^^^^^^^^^^^^^^^^^^
UnicodeEncodeError: 'charmap' codec can't encode characters in position 36-37: character maps to <undefined>
Call stack:
  File "E:\prog fold\Drunken cookies\real-time-inventory\vm_inventory_updater_fixed.py", line 2606, in <module>
2026-02-16 20:52:19,834 - WARNING - ΓÜá∩╕Å     PR time: 2026-01-21 13:27:47 AST
2026-02-16 20:52:19,835 - WARNING - ΓÜá∩╕Å     PR date: 2026-01-21 (target: 2026-01-17)
    success = main()
  File "E:\prog fold\Drunken cookies\real-time-inventory\vm_inventory_updater_fixed.py", line 162, in main
    sales_data = fetch_sales_data(clover_creds, shopify_creds, target_date)
  File "E:\prog fold\Drunken cookies\real-time-inventory\vm_inventory_updater_fixed.py", line 537, in fetch_sales_data
    location_sales = fetch_clover_sales(creds, target_date)
  File "E:\prog fold\Drunken cookies\real-time-inventory\vm_inventory_updater_fixed.py", line 904, in 
fetch_clover_sales
    logging.warning(f"ΓÜá∩╕Å   Order {order_info['order_id']}:")
Message: 'ΓÜá∩╕Å   Order AHCPDMRSTE7BY:'
Arguments: ()
2026-02-16 20:52:19,842 - WARNING - ΓÜá∩╕Å   Order F1VBN7TXHSNF8:
2026-02-16 20:52:19,842 - WARNING - ΓÜá∩╕Å     UTC time: 2026-01-21 16:20:56 UTC
--- Logging error ---
Traceback (most recent call last):
  File "C:\Users\banzo\AppData\Local\Programs\Python\Python312\Lib\logging\__init__.py", line 1163, in emit
    stream.write(msg + self.terminator)
  File "C:\Users\banzo\AppData\Local\Programs\Python\Python312\Lib\encodings\cp1252.py", line 19, in encode
    return codecs.charmap_encode(input,self.errors,encoding_table)[0]
           ^^^^^^^^^^^^^^^^^^^^^^^^^^^^^^^^^^^^^^^^^^^^^^^^^^^^^^^
UnicodeEncodeError: 'charmap' codec can't encode characters in position 36-37: character maps to <undefined>
Call stack:
  File "E:\prog fold\Drunken cookies\real-time-inventory\vm_inventory_updater_fixed.py", line 2606, in <module>
    success = main()
  File "E:\prog fold\Drunken cookies\real-time-inventory\vm_inventory_updater_fixed.py", line 162, in main
    sales_data = fetch_sales_data(clover_creds, shopify_creds, target_date)
  File "E:\prog fold\Drunken cookies\real-time-inventory\vm_inventory_updater_fixed.py", line 537, in fetch_sales_data
    location_sales = fetch_clover_sales(creds, target_date)
  File "E:\prog fold\Drunken cookies\real-time-inventory\vm_inventory_updater_fixed.py", line 905, in 
fetch_clover_sales
    logging.warning(f"ΓÜá∩╕Å     UTC time: {order_info['order_time_utc']}")
Message: 'ΓÜá∩╕Å     UTC time: 2026-01-21 17:27:47 UTC'
Arguments: ()
--- Logging error ---
Traceback (most recent call last):
  File "C:\Users\banzo\AppData\Local\Programs\Python\Python312\Lib\logging\__init__.py", line 1163, in emit
    stream.write(msg + self.terminator)
  File "C:\Users\banzo\AppData\Local\Programs\Python\Python312\Lib\encodings\cp1252.py", line 19, in encode
    return codecs.charmap_encode(input,self.errors,encoding_table)[0]
           ^^^^^^^^^^^^^^^^^^^^^^^^^^^^^^^^^^^^^^^^^^^^^^^^^^^^^^^
UnicodeEncodeError: 'charmap' codec can't encode characters in position 36-37: character maps to <undefined>
Call stack:
  File "E:\prog fold\Drunken cookies\real-time-inventory\vm_inventory_updater_fixed.py", line 2606, in <module>
    success = main()
  File "E:\prog fold\Drunken cookies\real-time-inventory\vm_inventory_updater_fixed.py", line 162, in main
    sales_data = fetch_sales_data(clover_creds, shopify_creds, target_date)
  File "E:\prog fold\Drunken cookies\real-time-inventory\vm_inventory_updater_fixed.py", line 537, in fetch_sales_data
    location_sales = fetch_clover_sales(creds, target_date)
  File "E:\prog fold\Drunken cookies\real-time-inventory\vm_inventory_updater_fixed.py", line 906, in 
fetch_clover_sales
    logging.warning(f"ΓÜá∩╕Å     PR time: {order_info['order_time_pr']}")
Message: 'ΓÜá∩╕Å     PR time: 2026-01-21 13:27:47 AST'
Arguments: ()
--- Logging error ---
Traceback (most recent call last):
  File "C:\Users\banzo\AppData\Local\Programs\Python\Python312\Lib\logging\__init__.py", line 1163, in emit
    stream.write(msg + self.terminator)
  File "C:\Users\banzo\AppData\Local\Programs\Python\Python312\Lib\encodings\cp1252.py", line 19, in encode
    return codecs.charmap_encode(input,self.errors,encoding_table)[0]
           ^^^^^^^^^^^^^^^^^^^^^^^^^^^^^^^^^^^^^^^^^^^^^^^^^^^^^^^
UnicodeEncodeError: 'charmap' codec can't encode characters in position 36-37: character maps to <undefined>
Call stack:
  File "E:\prog fold\Drunken cookies\real-time-inventory\vm_inventory_updater_fixed.py", line 2606, in <module>
    success = main()
  File "E:\prog fold\Drunken cookies\real-time-inventory\vm_inventory_updater_fixed.py", line 162, in main
    sales_data = fetch_sales_data(clover_creds, shopify_creds, target_date)
  File "E:\prog fold\Drunken cookies\real-time-inventory\vm_inventory_updater_fixed.py", line 537, in fetch_sales_data
    location_sales = fetch_clover_sales(creds, target_date)
  File "E:\prog fold\Drunken cookies\real-time-inventory\vm_inventory_updater_fixed.py", line 907, in 
fetch_clover_sales
    logging.warning(f"ΓÜá∩╕Å     PR date: {order_info['order_date_pr']} (target: {order_info['target_date']})")
Message: 'ΓÜá∩╕Å     PR date: 2026-01-21 (target: 2026-01-17)'
Arguments: ()
--- Logging error ---
Traceback (most recent call last):
  File "C:\Users\banzo\AppData\Local\Programs\Python\Python312\Lib\logging\__init__.py", line 1163, in emit
    stream.write(msg + self.terminator)
  File "C:\Users\banzo\AppData\Local\Programs\Python\Python312\Lib\encodings\cp1252.py", line 19, in encode
    return codecs.charmap_encode(input,self.errors,encoding_table)[0]
           ^^^^^^^^^^^^^^^^^^^^^^^^^^^^^^^^^^^^^^^^^^^^^^^^^^^^^^^
UnicodeEncodeError: 'charmap' codec can't encode characters in position 36-37: character maps to <undefined>
Call stack:
  File "E:\prog fold\Drunken cookies\real-time-inventory\vm_inventory_updater_fixed.py", line 2606, in <module>
    success = main()
  File "E:\prog fold\Drunken cookies\real-time-inventory\vm_inventory_updater_fixed.py", line 162, in main
    sales_data = fetch_sales_data(clover_creds, shopify_creds, target_date)
  File "E:\prog fold\Drunken cookies\real-time-inventory\vm_inventory_updater_fixed.py", line 537, in fetch_sales_data
    location_sales = fetch_clover_sales(creds, target_date)
  File "E:\prog fold\Drunken cookies\real-time-inventory\vm_inventory_updater_fixed.py", line 904, in 
fetch_clover_sales
    logging.warning(f"ΓÜá∩╕Å   Order {order_info['order_id']}:")
Message: 'ΓÜá∩╕Å   Order F1VBN7TXHSNF8:'
Arguments: ()
--- Logging error ---
Traceback (most recent call last):
  File "C:\Users\banzo\AppData\Local\Programs\Python\Python312\Lib\logging\__init__.py", line 1163, in emit
    stream.write(msg + self.terminator)
  File "C:\Users\banzo\AppData\Local\Programs\Python\Python312\Lib\encodings\cp1252.py", line 19, in encode
    return codecs.charmap_encode(input,self.errors,encoding_table)[0]
           ^^^^^^^^^^^^^^^^^^^^^^^^^^^^^^^^^^^^^^^^^^^^^^^^^^^^^^^
UnicodeEncodeError: 'charmap' codec can't encode characters in position 36-37: character maps to <undefined>
Call stack:
  File "E:\prog fold\Drunken cookies\real-time-inventory\vm_inventory_updater_fixed.py", line 2606, in <module>
    success = main()
  File "E:\prog fold\Drunken cookies\real-time-inventory\vm_inventory_updater_fixed.py", line 162, in main
    sales_data = fetch_sales_data(clover_creds, shopify_creds, target_date)
  File "E:\prog fold\Drunken cookies\real-time-inventory\vm_inventory_updater_fixed.py", line 537, in fetch_sales_data
    location_sales = fetch_clover_sales(creds, target_date)
  File "E:\prog fold\Drunken cookies\real-time-inventory\vm_inventory_updater_fixed.py", line 905, in 
fetch_clover_sales
    logging.warning(f"ΓÜá∩╕Å     UTC time: {order_info['order_time_utc']}")
Message: 'ΓÜá∩╕Å     UTC time: 2026-01-21 16:20:56 UTC'
2026-02-16 20:52:19,842 - WARNING - ΓÜá∩╕Å     PR time: 2026-01-21 12:20:56 AST
2026-02-16 20:52:19,848 - WARNING - ΓÜá∩╕Å     PR date: 2026-01-21 (target: 2026-01-17)
2026-02-16 20:52:19,848 - WARNING - ΓÜá∩╕Å   Order Y9DEH2ZT1BD5R:
Arguments: ()
--- Logging error ---
Traceback (most recent call last):
  File "C:\Users\banzo\AppData\Local\Programs\Python\Python312\Lib\logging\__init__.py", line 1163, in emit
    stream.write(msg + self.terminator)
  File "C:\Users\banzo\AppData\Local\Programs\Python\Python312\Lib\encodings\cp1252.py", line 19, in encode
    return codecs.charmap_encode(input,self.errors,encoding_table)[0]
           ^^^^^^^^^^^^^^^^^^^^^^^^^^^^^^^^^^^^^^^^^^^^^^^^^^^^^^^
UnicodeEncodeError: 'charmap' codec can't encode characters in position 36-37: character maps to <undefined>
Call stack:
  File "E:\prog fold\Drunken cookies\real-time-inventory\vm_inventory_updater_fixed.py", line 2606, in <module>
    success = main()
  File "E:\prog fold\Drunken cookies\real-time-inventory\vm_inventory_updater_fixed.py", line 162, in main
    sales_data = fetch_sales_data(clover_creds, shopify_creds, target_date)
  File "E:\prog fold\Drunken cookies\real-time-inventory\vm_inventory_updater_fixed.py", line 537, in fetch_sales_data
    location_sales = fetch_clover_sales(creds, target_date)
  File "E:\prog fold\Drunken cookies\real-time-inventory\vm_inventory_updater_fixed.py", line 906, in 
fetch_clover_sales
    logging.warning(f"ΓÜá∩╕Å     PR time: {order_info['order_time_pr']}")
Message: 'ΓÜá∩╕Å     PR time: 2026-01-21 12:20:56 AST'
Arguments: ()
--- Logging error ---
Traceback (most recent call last):
  File "C:\Users\banzo\AppData\Local\Programs\Python\Python312\Lib\logging\__init__.py", line 1163, in emit
    stream.write(msg + self.terminator)
  File "C:\Users\banzo\AppData\Local\Programs\Python\Python312\Lib\encodings\cp1252.py", line 19, in encode
    return codecs.charmap_encode(input,self.errors,encoding_table)[0]
           ^^^^^^^^^^^^^^^^^^^^^^^^^^^^^^^^^^^^^^^^^^^^^^^^^^^^^^^
UnicodeEncodeError: 'charmap' codec can't encode characters in position 36-37: character maps to <undefined>
Call stack:
  File "E:\prog fold\Drunken cookies\real-time-inventory\vm_inventory_updater_fixed.py", line 2606, in <module>
    success = main()
  File "E:\prog fold\Drunken cookies\real-time-inventory\vm_inventory_updater_fixed.py", line 162, in main
    sales_data = fetch_sales_data(clover_creds, shopify_creds, target_date)
  File "E:\prog fold\Drunken cookies\real-time-inventory\vm_inventory_updater_fixed.py", line 537, in fetch_sales_data
    location_sales = fetch_clover_sales(creds, target_date)
  File "E:\prog fold\Drunken cookies\real-time-inventory\vm_inventory_updater_fixed.py", line 907, in 
fetch_clover_sales
    logging.warning(f"ΓÜá∩╕Å     PR date: {order_info['order_date_pr']} (target: {order_info['target_date']})")
Message: 'ΓÜá∩╕Å     PR date: 2026-01-21 (target: 2026-01-17)'
Arguments: ()
--- Logging error ---
Traceback (most recent call last):
  File "C:\Users\banzo\AppData\Local\Programs\Python\Python312\Lib\logging\__init__.py", line 1163, in emit
    stream.write(msg + self.terminator)
  File "C:\Users\banzo\AppData\Local\Programs\Python\Python312\Lib\encodings\cp1252.py", line 19, in encode
    return codecs.charmap_encode(input,self.errors,encoding_table)[0]
           ^^^^^^^^^^^^^^^^^^^^^^^^^^^^^^^^^^^^^^^^^^^^^^^^^^^^^^^
UnicodeEncodeError: 'charmap' codec can't encode characters in position 36-37: character maps to <undefined>
Call stack:
2026-02-16 20:52:19,850 - WARNING - ΓÜá∩╕Å     UTC time: 2026-01-20 22:51:37 UTC
2026-02-16 20:52:19,855 - WARNING - ΓÜá∩╕Å     PR time: 2026-01-20 18:51:37 AST
2026-02-16 20:52:19,856 - WARNING - ΓÜá∩╕Å     PR date: 2026-01-20 (target: 2026-01-17)
  File "E:\prog fold\Drunken cookies\real-time-inventory\vm_inventory_updater_fixed.py", line 2606, in <module>
    success = main()
  File "E:\prog fold\Drunken cookies\real-time-inventory\vm_inventory_updater_fixed.py", line 162, in main
    sales_data = fetch_sales_data(clover_creds, shopify_creds, target_date)
  File "E:\prog fold\Drunken cookies\real-time-inventory\vm_inventory_updater_fixed.py", line 537, in fetch_sales_data
    location_sales = fetch_clover_sales(creds, target_date)
  File "E:\prog fold\Drunken cookies\real-time-inventory\vm_inventory_updater_fixed.py", line 904, in 
fetch_clover_sales
    logging.warning(f"ΓÜá∩╕Å   Order {order_info['order_id']}:")
Message: 'ΓÜá∩╕Å   Order Y9DEH2ZT1BD5R:'
Arguments: ()
--- Logging error ---
Traceback (most recent call last):
  File "C:\Users\banzo\AppData\Local\Programs\Python\Python312\Lib\logging\__init__.py", line 1163, in emit
    stream.write(msg + self.terminator)
  File "C:\Users\banzo\AppData\Local\Programs\Python\Python312\Lib\encodings\cp1252.py", line 19, in encode
    return codecs.charmap_encode(input,self.errors,encoding_table)[0]
           ^^^^^^^^^^^^^^^^^^^^^^^^^^^^^^^^^^^^^^^^^^^^^^^^^^^^^^^
UnicodeEncodeError: 'charmap' codec can't encode characters in position 36-37: character maps to <undefined>
Call stack:
  File "E:\prog fold\Drunken cookies\real-time-inventory\vm_inventory_updater_fixed.py", line 2606, in <module>
    success = main()
  File "E:\prog fold\Drunken cookies\real-time-inventory\vm_inventory_updater_fixed.py", line 162, in main
    sales_data = fetch_sales_data(clover_creds, shopify_creds, target_date)
  File "E:\prog fold\Drunken cookies\real-time-inventory\vm_inventory_updater_fixed.py", line 537, in fetch_sales_data
    location_sales = fetch_clover_sales(creds, target_date)
  File "E:\prog fold\Drunken cookies\real-time-inventory\vm_inventory_updater_fixed.py", line 905, in 
fetch_clover_sales
    logging.warning(f"ΓÜá∩╕Å     UTC time: {order_info['order_time_utc']}")
Message: 'ΓÜá∩╕Å     UTC time: 2026-01-20 22:51:37 UTC'
Arguments: ()
--- Logging error ---
Traceback (most recent call last):
  File "C:\Users\banzo\AppData\Local\Programs\Python\Python312\Lib\logging\__init__.py", line 1163, in emit
    stream.write(msg + self.terminator)
  File "C:\Users\banzo\AppData\Local\Programs\Python\Python312\Lib\encodings\cp1252.py", line 19, in encode
    return codecs.charmap_encode(input,self.errors,encoding_table)[0]
           ^^^^^^^^^^^^^^^^^^^^^^^^^^^^^^^^^^^^^^^^^^^^^^^^^^^^^^^
UnicodeEncodeError: 'charmap' codec can't encode characters in position 36-37: character maps to <undefined>
Call stack:
  File "E:\prog fold\Drunken cookies\real-time-inventory\vm_inventory_updater_fixed.py", line 2606, in <module>
    success = main()
  File "E:\prog fold\Drunken cookies\real-time-inventory\vm_inventory_updater_fixed.py", line 162, in main
    sales_data = fetch_sales_data(clover_creds, shopify_creds, target_date)
  File "E:\prog fold\Drunken cookies\real-time-inventory\vm_inventory_updater_fixed.py", line 537, in fetch_sales_data
    location_sales = fetch_clover_sales(creds, target_date)
  File "E:\prog fold\Drunken cookies\real-time-inventory\vm_inventory_updater_fixed.py", line 906, in 
fetch_clover_sales
    logging.warning(f"ΓÜá∩╕Å     PR time: {order_info['order_time_pr']}")
Message: 'ΓÜá∩╕Å     PR time: 2026-01-20 18:51:37 AST'
Arguments: ()
--- Logging error ---
Traceback (most recent call last):
  File "C:\Users\banzo\AppData\Local\Programs\Python\Python312\Lib\logging\__init__.py", line 1163, in emit
    stream.write(msg + self.terminator)
  File "C:\Users\banzo\AppData\Local\Programs\Python\Python312\Lib\encodings\cp1252.py", line 19, in encode
    return codecs.charmap_encode(input,self.errors,encoding_table)[0]
           ^^^^^^^^^^^^^^^^^^^^^^^^^^^^^^^^^^^^^^^^^^^^^^^^^^^^^^^
UnicodeEncodeError: 'charmap' codec can't encode characters in position 36-37: character maps to <undefined>
Call stack:
  File "E:\prog fold\Drunken cookies\real-time-inventory\vm_inventory_updater_fixed.py", line 2606, in <module>
    success = main()
  File "E:\prog fold\Drunken cookies\real-time-inventory\vm_inventory_updater_fixed.py", line 162, in main
    sales_data = fetch_sales_data(clover_creds, shopify_creds, target_date)
  File "E:\prog fold\Drunken cookies\real-time-inventory\vm_inventory_updater_fixed.py", line 537, in fetch_sales_data
    location_sales = fetch_clover_sales(creds, target_date)
  File "E:\prog fold\Drunken cookies\real-time-inventory\vm_inventory_updater_fixed.py", line 907, in 
fetch_clover_sales
    logging.warning(f"ΓÜá∩╕Å     PR date: {order_info['order_date_pr']} (target: {order_info['target_date']})")
Message: 'ΓÜá∩╕Å     PR date: 2026-01-20 (target: 2026-01-17)'
Arguments: ()
--- Logging error ---
Traceback (most recent call last):
  File "C:\Users\banzo\AppData\Local\Programs\Python\Python312\Lib\logging\__init__.py", line 1163, in emit
    stream.write(msg + self.terminator)
  File "C:\Users\banzo\AppData\Local\Programs\Python\Python312\Lib\encodings\cp1252.py", line 19, in encode
    return codecs.charmap_encode(input,self.errors,encoding_table)[0]
2026-02-16 20:52:19,857 - WARNING - ΓÜá∩╕Å   Order JJTT07RAZESFJ:
2026-02-16 20:52:19,863 - WARNING - ΓÜá∩╕Å     UTC time: 2026-01-20 20:59:52 UTC
2026-02-16 20:52:19,864 - WARNING - ΓÜá∩╕Å     PR time: 2026-01-20 16:59:52 AST
2026-02-16 20:52:19,865 - WARNING - ΓÜá∩╕Å     PR date: 2026-01-20 (target: 2026-01-17)
           ^^^^^^^^^^^^^^^^^^^^^^^^^^^^^^^^^^^^^^^^^^^^^^^^^^^^^^^
UnicodeEncodeError: 'charmap' codec can't encode characters in position 36-37: character maps to <undefined>
Call stack:
  File "E:\prog fold\Drunken cookies\real-time-inventory\vm_inventory_updater_fixed.py", line 2606, in <module>
    success = main()
  File "E:\prog fold\Drunken cookies\real-time-inventory\vm_inventory_updater_fixed.py", line 162, in main
    sales_data = fetch_sales_data(clover_creds, shopify_creds, target_date)
  File "E:\prog fold\Drunken cookies\real-time-inventory\vm_inventory_updater_fixed.py", line 537, in fetch_sales_data
    location_sales = fetch_clover_sales(creds, target_date)
  File "E:\prog fold\Drunken cookies\real-time-inventory\vm_inventory_updater_fixed.py", line 904, in 
fetch_clover_sales
    logging.warning(f"ΓÜá∩╕Å   Order {order_info['order_id']}:")
Message: 'ΓÜá∩╕Å   Order JJTT07RAZESFJ:'
Arguments: ()
--- Logging error ---
Traceback (most recent call last):
  File "C:\Users\banzo\AppData\Local\Programs\Python\Python312\Lib\logging\__init__.py", line 1163, in emit
    stream.write(msg + self.terminator)
  File "C:\Users\banzo\AppData\Local\Programs\Python\Python312\Lib\encodings\cp1252.py", line 19, in encode
    return codecs.charmap_encode(input,self.errors,encoding_table)[0]
           ^^^^^^^^^^^^^^^^^^^^^^^^^^^^^^^^^^^^^^^^^^^^^^^^^^^^^^^
UnicodeEncodeError: 'charmap' codec can't encode characters in position 36-37: character maps to <undefined>
Call stack:
  File "E:\prog fold\Drunken cookies\real-time-inventory\vm_inventory_updater_fixed.py", line 2606, in <module>
    success = main()
  File "E:\prog fold\Drunken cookies\real-time-inventory\vm_inventory_updater_fixed.py", line 162, in main
    sales_data = fetch_sales_data(clover_creds, shopify_creds, target_date)
  File "E:\prog fold\Drunken cookies\real-time-inventory\vm_inventory_updater_fixed.py", line 537, in fetch_sales_data
    location_sales = fetch_clover_sales(creds, target_date)
  File "E:\prog fold\Drunken cookies\real-time-inventory\vm_inventory_updater_fixed.py", line 905, in 
fetch_clover_sales
    logging.warning(f"ΓÜá∩╕Å     UTC time: {order_info['order_time_utc']}")
Message: 'ΓÜá∩╕Å     UTC time: 2026-01-20 20:59:52 UTC'
Arguments: ()
--- Logging error ---
Traceback (most recent call last):
  File "C:\Users\banzo\AppData\Local\Programs\Python\Python312\Lib\logging\__init__.py", line 1163, in emit
    stream.write(msg + self.terminator)
  File "C:\Users\banzo\AppData\Local\Programs\Python\Python312\Lib\encodings\cp1252.py", line 19, in encode
    return codecs.charmap_encode(input,self.errors,encoding_table)[0]
2026-02-16 20:52:19,870 - WARNING - ΓÜá∩╕Å   Order 9PAB9WPNDE650:
2026-02-16 20:52:19,871 - WARNING - ΓÜá∩╕Å     UTC time: 2026-01-20 16:48:41 UTC
           ^^^^^^^^^^^^^^^^^^^^^^^^^^^^^^^^^^^^^^^^^^^^^^^^^^^^^^^
UnicodeEncodeError: 'charmap' codec can't encode characters in position 36-37: character maps to <undefined>
Call stack:
  File "E:\prog fold\Drunken cookies\real-time-inventory\vm_inventory_updater_fixed.py", line 2606, in <module>
    success = main()
  File "E:\prog fold\Drunken cookies\real-time-inventory\vm_inventory_updater_fixed.py", line 162, in main
    sales_data = fetch_sales_data(clover_creds, shopify_creds, target_date)
  File "E:\prog fold\Drunken cookies\real-time-inventory\vm_inventory_updater_fixed.py", line 537, in fetch_sales_data
    location_sales = fetch_clover_sales(creds, target_date)
  File "E:\prog fold\Drunken cookies\real-time-inventory\vm_inventory_updater_fixed.py", line 906, in 
fetch_clover_sales
    logging.warning(f"ΓÜá∩╕Å     PR time: {order_info['order_time_pr']}")
Message: 'ΓÜá∩╕Å     PR time: 2026-01-20 16:59:52 AST'
Arguments: ()
--- Logging error ---
Traceback (most recent call last):
  File "C:\Users\banzo\AppData\Local\Programs\Python\Python312\Lib\logging\__init__.py", line 1163, in emit
    stream.write(msg + self.terminator)
  File "C:\Users\banzo\AppData\Local\Programs\Python\Python312\Lib\encodings\cp1252.py", line 19, in encode
    return codecs.charmap_encode(input,self.errors,encoding_table)[0]
           ^^^^^^^^^^^^^^^^^^^^^^^^^^^^^^^^^^^^^^^^^^^^^^^^^^^^^^^
UnicodeEncodeError: 'charmap' codec can't encode characters in position 36-37: character maps to <undefined>
Call stack:
  File "E:\prog fold\Drunken cookies\real-time-inventory\vm_inventory_updater_fixed.py", line 2606, in <module>
    success = main()
  File "E:\prog fold\Drunken cookies\real-time-inventory\vm_inventory_updater_fixed.py", line 162, in main
    sales_data = fetch_sales_data(clover_creds, shopify_creds, target_date)
  File "E:\prog fold\Drunken cookies\real-time-inventory\vm_inventory_updater_fixed.py", line 537, in fetch_sales_data
    location_sales = fetch_clover_sales(creds, target_date)
  File "E:\prog fold\Drunken cookies\real-time-inventory\vm_inventory_updater_fixed.py", line 907, in 
fetch_clover_sales
    logging.warning(f"ΓÜá∩╕Å     PR date: {order_info['order_date_pr']} (target: {order_info['target_date']})")
Message: 'ΓÜá∩╕Å     PR date: 2026-01-20 (target: 2026-01-17)'
Arguments: ()
--- Logging error ---
Traceback (most recent call last):
  File "C:\Users\banzo\AppData\Local\Programs\Python\Python312\Lib\logging\__init__.py", line 1163, in emit
    stream.write(msg + self.terminator)
  File "C:\Users\banzo\AppData\Local\Programs\Python\Python312\Lib\encodings\cp1252.py", line 19, in encode
    return codecs.charmap_encode(input,self.errors,encoding_table)[0]
           ^^^^^^^^^^^^^^^^^^^^^^^^^^^^^^^^^^^^^^^^^^^^^^^^^^^^^^^
UnicodeEncodeError: 'charmap' codec can't encode characters in position 36-37: character maps to <undefined>
Call stack:
  File "E:\prog fold\Drunken cookies\real-time-inventory\vm_inventory_updater_fixed.py", line 2606, in <module>
    success = main()
  File "E:\prog fold\Drunken cookies\real-time-inventory\vm_inventory_updater_fixed.py", line 162, in main
    sales_data = fetch_sales_data(clover_creds, shopify_creds, target_date)
  File "E:\prog fold\Drunken cookies\real-time-inventory\vm_inventory_updater_fixed.py", line 537, in fetch_sales_data
    location_sales = fetch_clover_sales(creds, target_date)
  File "E:\prog fold\Drunken cookies\real-time-inventory\vm_inventory_updater_fixed.py", line 904, in 
fetch_clover_sales
    logging.warning(f"ΓÜá∩╕Å   Order {order_info['order_id']}:")
Message: 'ΓÜá∩╕Å   Order 9PAB9WPNDE650:'
Arguments: ()
--- Logging error ---
Traceback (most recent call last):
  File "C:\Users\banzo\AppData\Local\Programs\Python\Python312\Lib\logging\__init__.py", line 1163, in emit
    stream.write(msg + self.terminator)
  File "C:\Users\banzo\AppData\Local\Programs\Python\Python312\Lib\encodings\cp1252.py", line 19, in encode
    return codecs.charmap_encode(input,self.errors,encoding_table)[0]
           ^^^^^^^^^^^^^^^^^^^^^^^^^^^^^^^^^^^^^^^^^^^^^^^^^^^^^^^
UnicodeEncodeError: 'charmap' codec can't encode characters in position 36-37: character maps to <undefined>
Call stack:
  File "E:\prog fold\Drunken cookies\real-time-inventory\vm_inventory_updater_fixed.py", line 2606, in <module>
    success = main()
  File "E:\prog fold\Drunken cookies\real-time-inventory\vm_inventory_updater_fixed.py", line 162, in main
    sales_data = fetch_sales_data(clover_creds, shopify_creds, target_date)
  File "E:\prog fold\Drunken cookies\real-time-inventory\vm_inventory_updater_fixed.py", line 537, in fetch_sales_data
    location_sales = fetch_clover_sales(creds, target_date)
  File "E:\prog fold\Drunken cookies\real-time-inventory\vm_inventory_updater_fixed.py", line 905, in 
fetch_clover_sales
    logging.warning(f"ΓÜá∩╕Å     UTC time: {order_info['order_time_utc']}")
Message: 'ΓÜá∩╕Å     UTC time: 2026-01-20 16:48:41 UTC'
Arguments: ()
--- Logging error ---
Traceback (most recent call last):
  File "C:\Users\banzo\AppData\Local\Programs\Python\Python312\Lib\logging\__init__.py", line 1163, in emit
    stream.write(msg + self.terminator)
  File "C:\Users\banzo\AppData\Local\Programs\Python\Python312\Lib\encodings\cp1252.py", line 19, in encode
    return codecs.charmap_encode(input,self.errors,encoding_table)[0]
           ^^^^^^^^^^^^^^^^^^^^^^^^^^^^^^^^^^^^^^^^^^^^^^^^^^^^^^^
2026-02-16 20:52:19,871 - WARNING - ΓÜá∩╕Å     PR time: 2026-01-20 12:48:41 AST
2026-02-16 20:52:19,879 - WARNING - ΓÜá∩╕Å     PR date: 2026-01-20 (target: 2026-01-17)
2026-02-16 20:52:19,879 - WARNING - ΓÜá∩╕Å   Order J4YP47MK3GRQE:
2026-02-16 20:52:19,880 - WARNING - ΓÜá∩╕Å     UTC time: 2026-01-20 16:45:57 UTC
UnicodeEncodeError: 'charmap' codec can't encode characters in position 36-37: character maps to <undefined>
Call stack:
  File "E:\prog fold\Drunken cookies\real-time-inventory\vm_inventory_updater_fixed.py", line 2606, in <module>
2026-02-16 20:52:19,885 - WARNING - ΓÜá∩╕Å     PR time: 2026-01-20 12:45:57 AST
    success = main()
  File "E:\prog fold\Drunken cookies\real-time-inventory\vm_inventory_updater_fixed.py", line 162, in main
    sales_data = fetch_sales_data(clover_creds, shopify_creds, target_date)
  File "E:\prog fold\Drunken cookies\real-time-inventory\vm_inventory_updater_fixed.py", line 537, in fetch_sales_data
    location_sales = fetch_clover_sales(creds, target_date)
  File "E:\prog fold\Drunken cookies\real-time-inventory\vm_inventory_updater_fixed.py", line 906, in 
fetch_clover_sales
    logging.warning(f"ΓÜá∩╕Å     PR time: {order_info['order_time_pr']}")
Message: 'ΓÜá∩╕Å     PR time: 2026-01-20 12:48:41 AST'
Arguments: ()
--- Logging error ---
Traceback (most recent call last):
  File "C:\Users\banzo\AppData\Local\Programs\Python\Python312\Lib\logging\__init__.py", line 1163, in emit
    stream.write(msg + self.terminator)
  File "C:\Users\banzo\AppData\Local\Programs\Python\Python312\Lib\encodings\cp1252.py", line 19, in encode
    return codecs.charmap_encode(input,self.errors,encoding_table)[0]
           ^^^^^^^^^^^^^^^^^^^^^^^^^^^^^^^^^^^^^^^^^^^^^^^^^^^^^^^
UnicodeEncodeError: 'charmap' codec can't encode characters in position 36-37: character maps to <undefined>
Call stack:
  File "E:\prog fold\Drunken cookies\real-time-inventory\vm_inventory_updater_fixed.py", line 2606, in <module>
    success = main()
  File "E:\prog fold\Drunken cookies\real-time-inventory\vm_inventory_updater_fixed.py", line 162, in main
    sales_data = fetch_sales_data(clover_creds, shopify_creds, target_date)
  File "E:\prog fold\Drunken cookies\real-time-inventory\vm_inventory_updater_fixed.py", line 537, in fetch_sales_data
    location_sales = fetch_clover_sales(creds, target_date)
  File "E:\prog fold\Drunken cookies\real-time-inventory\vm_inventory_updater_fixed.py", line 907, in 
fetch_clover_sales
    logging.warning(f"ΓÜá∩╕Å     PR date: {order_info['order_date_pr']} (target: {order_info['target_date']})")
Message: 'ΓÜá∩╕Å     PR date: 2026-01-20 (target: 2026-01-17)'
Arguments: ()
--- Logging error ---
Traceback (most recent call last):
  File "C:\Users\banzo\AppData\Local\Programs\Python\Python312\Lib\logging\__init__.py", line 1163, in emit
    stream.write(msg + self.terminator)
  File "C:\Users\banzo\AppData\Local\Programs\Python\Python312\Lib\encodings\cp1252.py", line 19, in encode
    return codecs.charmap_encode(input,self.errors,encoding_table)[0]
           ^^^^^^^^^^^^^^^^^^^^^^^^^^^^^^^^^^^^^^^^^^^^^^^^^^^^^^^
UnicodeEncodeError: 'charmap' codec can't encode characters in position 36-37: character maps to <undefined>
Call stack:
  File "E:\prog fold\Drunken cookies\real-time-inventory\vm_inventory_updater_fixed.py", line 2606, in <module>
    success = main()
  File "E:\prog fold\Drunken cookies\real-time-inventory\vm_inventory_updater_fixed.py", line 162, in main
    sales_data = fetch_sales_data(clover_creds, shopify_creds, target_date)
  File "E:\prog fold\Drunken cookies\real-time-inventory\vm_inventory_updater_fixed.py", line 537, in fetch_sales_data
    location_sales = fetch_clover_sales(creds, target_date)
  File "E:\prog fold\Drunken cookies\real-time-inventory\vm_inventory_updater_fixed.py", line 904, in 
fetch_clover_sales
    logging.warning(f"ΓÜá∩╕Å   Order {order_info['order_id']}:")
Message: 'ΓÜá∩╕Å   Order J4YP47MK3GRQE:'
Arguments: ()
--- Logging error ---
Traceback (most recent call last):
  File "C:\Users\banzo\AppData\Local\Programs\Python\Python312\Lib\logging\__init__.py", line 1163, in emit
    stream.write(msg + self.terminator)
  File "C:\Users\banzo\AppData\Local\Programs\Python\Python312\Lib\encodings\cp1252.py", line 19, in encode
    return codecs.charmap_encode(input,self.errors,encoding_table)[0]
           ^^^^^^^^^^^^^^^^^^^^^^^^^^^^^^^^^^^^^^^^^^^^^^^^^^^^^^^
UnicodeEncodeError: 'charmap' codec can't encode characters in position 36-37: character maps to <undefined>
Call stack:
  File "E:\prog fold\Drunken cookies\real-time-inventory\vm_inventory_updater_fixed.py", line 2606, in <module>
    success = main()
  File "E:\prog fold\Drunken cookies\real-time-inventory\vm_inventory_updater_fixed.py", line 162, in main
    sales_data = fetch_sales_data(clover_creds, shopify_creds, target_date)
  File "E:\prog fold\Drunken cookies\real-time-inventory\vm_inventory_updater_fixed.py", line 537, in fetch_sales_data
    location_sales = fetch_clover_sales(creds, target_date)
  File "E:\prog fold\Drunken cookies\real-time-inventory\vm_inventory_updater_fixed.py", line 905, in 
fetch_clover_sales
    logging.warning(f"ΓÜá∩╕Å     UTC time: {order_info['order_time_utc']}")
Message: 'ΓÜá∩╕Å     UTC time: 2026-01-20 16:45:57 UTC'
Arguments: ()
--- Logging error ---
Traceback (most recent call last):
  File "C:\Users\banzo\AppData\Local\Programs\Python\Python312\Lib\logging\__init__.py", line 1163, in emit
    stream.write(msg + self.terminator)
2026-02-16 20:52:19,885 - WARNING - ΓÜá∩╕Å     PR date: 2026-01-20 (target: 2026-01-17)
2026-02-16 20:52:19,886 - WARNING - ΓÜá∩╕Å   Order HHJBQRVV4184J:
2026-02-16 20:52:19,893 - WARNING - ΓÜá∩╕Å     UTC time: 2026-01-19 21:55:39 UTC
2026-02-16 20:52:19,894 - WARNING - ΓÜá∩╕Å     PR time: 2026-01-19 17:55:39 AST
  File "C:\Users\banzo\AppData\Local\Programs\Python\Python312\Lib\encodings\cp1252.py", line 19, in encode
    return codecs.charmap_encode(input,self.errors,encoding_table)[0]
           ^^^^^^^^^^^^^^^^^^^^^^^^^^^^^^^^^^^^^^^^^^^^^^^^^^^^^^^
UnicodeEncodeError: 'charmap' codec can't encode characters in position 36-37: character maps to <undefined>
Call stack:
  File "E:\prog fold\Drunken cookies\real-time-inventory\vm_inventory_updater_fixed.py", line 2606, in <module>
    success = main()
  File "E:\prog fold\Drunken cookies\real-time-inventory\vm_inventory_updater_fixed.py", line 162, in main
    sales_data = fetch_sales_data(clover_creds, shopify_creds, target_date)
  File "E:\prog fold\Drunken cookies\real-time-inventory\vm_inventory_updater_fixed.py", line 537, in fetch_sales_data
    location_sales = fetch_clover_sales(creds, target_date)
  File "E:\prog fold\Drunken cookies\real-time-inventory\vm_inventory_updater_fixed.py", line 906, in 
fetch_clover_sales
    logging.warning(f"ΓÜá∩╕Å     PR time: {order_info['order_time_pr']}")
Message: 'ΓÜá∩╕Å     PR time: 2026-01-20 12:45:57 AST'
Arguments: ()
--- Logging error ---
Traceback (most recent call last):
  File "C:\Users\banzo\AppData\Local\Programs\Python\Python312\Lib\logging\__init__.py", line 1163, in emit
    stream.write(msg + self.terminator)
  File "C:\Users\banzo\AppData\Local\Programs\Python\Python312\Lib\encodings\cp1252.py", line 19, in encode
    return codecs.charmap_encode(input,self.errors,encoding_table)[0]
           ^^^^^^^^^^^^^^^^^^^^^^^^^^^^^^^^^^^^^^^^^^^^^^^^^^^^^^^
UnicodeEncodeError: 'charmap' codec can't encode characters in position 36-37: character maps to <undefined>
Call stack:
  File "E:\prog fold\Drunken cookies\real-time-inventory\vm_inventory_updater_fixed.py", line 2606, in <module>
    success = main()
  File "E:\prog fold\Drunken cookies\real-time-inventory\vm_inventory_updater_fixed.py", line 162, in main
    sales_data = fetch_sales_data(clover_creds, shopify_creds, target_date)
  File "E:\prog fold\Drunken cookies\real-time-inventory\vm_inventory_updater_fixed.py", line 537, in fetch_sales_data
    location_sales = fetch_clover_sales(creds, target_date)
  File "E:\prog fold\Drunken cookies\real-time-inventory\vm_inventory_updater_fixed.py", line 907, in 
fetch_clover_sales
    logging.warning(f"ΓÜá∩╕Å     PR date: {order_info['order_date_pr']} (target: {order_info['target_date']})")
Message: 'ΓÜá∩╕Å     PR date: 2026-01-20 (target: 2026-01-17)'
Arguments: ()
--- Logging error ---
Traceback (most recent call last):
  File "C:\Users\banzo\AppData\Local\Programs\Python\Python312\Lib\logging\__init__.py", line 1163, in emit
    stream.write(msg + self.terminator)
  File "C:\Users\banzo\AppData\Local\Programs\Python\Python312\Lib\encodings\cp1252.py", line 19, in encode
    return codecs.charmap_encode(input,self.errors,encoding_table)[0]
           ^^^^^^^^^^^^^^^^^^^^^^^^^^^^^^^^^^^^^^^^^^^^^^^^^^^^^^^
UnicodeEncodeError: 'charmap' codec can't encode characters in position 36-37: character maps to <undefined>
Call stack:
  File "E:\prog fold\Drunken cookies\real-time-inventory\vm_inventory_updater_fixed.py", line 2606, in <module>
    success = main()
  File "E:\prog fold\Drunken cookies\real-time-inventory\vm_inventory_updater_fixed.py", line 162, in main
    sales_data = fetch_sales_data(clover_creds, shopify_creds, target_date)
  File "E:\prog fold\Drunken cookies\real-time-inventory\vm_inventory_updater_fixed.py", line 537, in fetch_sales_data
    location_sales = fetch_clover_sales(creds, target_date)
  File "E:\prog fold\Drunken cookies\real-time-inventory\vm_inventory_updater_fixed.py", line 904, in 
fetch_clover_sales
    logging.warning(f"ΓÜá∩╕Å   Order {order_info['order_id']}:")
Message: 'ΓÜá∩╕Å   Order HHJBQRVV4184J:'
Arguments: ()
--- Logging error ---
Traceback (most recent call last):
  File "C:\Users\banzo\AppData\Local\Programs\Python\Python312\Lib\logging\__init__.py", line 1163, in emit
    stream.write(msg + self.terminator)
  File "C:\Users\banzo\AppData\Local\Programs\Python\Python312\Lib\encodings\cp1252.py", line 19, in encode
    return codecs.charmap_encode(input,self.errors,encoding_table)[0]
           ^^^^^^^^^^^^^^^^^^^^^^^^^^^^^^^^^^^^^^^^^^^^^^^^^^^^^^^
UnicodeEncodeError: 'charmap' codec can't encode characters in position 36-37: character maps to <undefined>
Call stack:
  File "E:\prog fold\Drunken cookies\real-time-inventory\vm_inventory_updater_fixed.py", line 2606, in <module>
    success = main()
  File "E:\prog fold\Drunken cookies\real-time-inventory\vm_inventory_updater_fixed.py", line 162, in main
    sales_data = fetch_sales_data(clover_creds, shopify_creds, target_date)
  File "E:\prog fold\Drunken cookies\real-time-inventory\vm_inventory_updater_fixed.py", line 537, in fetch_sales_data
    location_sales = fetch_clover_sales(creds, target_date)
  File "E:\prog fold\Drunken cookies\real-time-inventory\vm_inventory_updater_fixed.py", line 905, in 
fetch_clover_sales
    logging.warning(f"ΓÜá∩╕Å     UTC time: {order_info['order_time_utc']}")
Message: 'ΓÜá∩╕Å     UTC time: 2026-01-19 21:55:39 UTC'
Arguments: ()
--- Logging error ---
Traceback (most recent call last):
  File "C:\Users\banzo\AppData\Local\Programs\Python\Python312\Lib\logging\__init__.py", line 1163, in emit
    stream.write(msg + self.terminator)
  File "C:\Users\banzo\AppData\Local\Programs\Python\Python312\Lib\encodings\cp1252.py", line 19, in encode
    return codecs.charmap_encode(input,self.errors,encoding_table)[0]
           ^^^^^^^^^^^^^^^^^^^^^^^^^^^^^^^^^^^^^^^^^^^^^^^^^^^^^^^
UnicodeEncodeError: 'charmap' codec can't encode characters in position 36-37: character maps to <undefined>
Call stack:
  File "E:\prog fold\Drunken cookies\real-time-inventory\vm_inventory_updater_fixed.py", line 2606, in <module>
    success = main()
  File "E:\prog fold\Drunken cookies\real-time-inventory\vm_inventory_updater_fixed.py", line 162, in main
    sales_data = fetch_sales_data(clover_creds, shopify_creds, target_date)
  File "E:\prog fold\Drunken cookies\real-time-inventory\vm_inventory_updater_fixed.py", line 537, in fetch_sales_data
    location_sales = fetch_clover_sales(creds, target_date)
  File "E:\prog fold\Drunken cookies\real-time-inventory\vm_inventory_updater_fixed.py", line 906, in 
fetch_clover_sales
    logging.warning(f"ΓÜá∩╕Å     PR time: {order_info['order_time_pr']}")
Message: 'ΓÜá∩╕Å     PR time: 2026-01-19 17:55:39 AST'
Arguments: ()
--- Logging error ---
Traceback (most recent call last):
  File "C:\Users\banzo\AppData\Local\Programs\Python\Python312\Lib\logging\__init__.py", line 1163, in emit
    stream.write(msg + self.terminator)
  File "C:\Users\banzo\AppData\Local\Programs\Python\Python312\Lib\encodings\cp1252.py", line 19, in encode
    return codecs.charmap_encode(input,self.errors,encoding_table)[0]
           ^^^^^^^^^^^^^^^^^^^^^^^^^^^^^^^^^^^^^^^^^^^^^^^^^^^^^^^
UnicodeEncodeError: 'charmap' codec can't encode characters in position 36-37: character maps to <undefined>
2026-02-16 20:52:19,894 - WARNING - ΓÜá∩╕Å     PR date: 2026-01-19 (target: 2026-01-17)
2026-02-16 20:52:19,899 - WARNING - ΓÜá∩╕Å   Order BPSYTD05J0M2C:
2026-02-16 20:52:19,900 - WARNING - ΓÜá∩╕Å     UTC time: 2026-01-19 19:05:16 UTC
Call stack:
  File "E:\prog fold\Drunken cookies\real-time-inventory\vm_inventory_updater_fixed.py", line 2606, in <module>
    success = main()
  File "E:\prog fold\Drunken cookies\real-time-inventory\vm_inventory_updater_fixed.py", line 162, in main
    sales_data = fetch_sales_data(clover_creds, shopify_creds, target_date)
  File "E:\prog fold\Drunken cookies\real-time-inventory\vm_inventory_updater_fixed.py", line 537, in fetch_sales_data
    location_sales = fetch_clover_sales(creds, target_date)
  File "E:\prog fold\Drunken cookies\real-time-inventory\vm_inventory_updater_fixed.py", line 907, in 
fetch_clover_sales
    logging.warning(f"ΓÜá∩╕Å     PR date: {order_info['order_date_pr']} (target: {order_info['target_date']})")
Message: 'ΓÜá∩╕Å     PR date: 2026-01-19 (target: 2026-01-17)'
Arguments: ()
--- Logging error ---
Traceback (most recent call last):
  File "C:\Users\banzo\AppData\Local\Programs\Python\Python312\Lib\logging\__init__.py", line 1163, in emit
    stream.write(msg + self.terminator)
  File "C:\Users\banzo\AppData\Local\Programs\Python\Python312\Lib\encodings\cp1252.py", line 19, in encode
    return codecs.charmap_encode(input,self.errors,encoding_table)[0]
           ^^^^^^^^^^^^^^^^^^^^^^^^^^^^^^^^^^^^^^^^^^^^^^^^^^^^^^^
UnicodeEncodeError: 'charmap' codec can't encode characters in position 36-37: character maps to <undefined>
Call stack:
  File "E:\prog fold\Drunken cookies\real-time-inventory\vm_inventory_updater_fixed.py", line 2606, in <module>
    success = main()
  File "E:\prog fold\Drunken cookies\real-time-inventory\vm_inventory_updater_fixed.py", line 162, in main
    sales_data = fetch_sales_data(clover_creds, shopify_creds, target_date)
  File "E:\prog fold\Drunken cookies\real-time-inventory\vm_inventory_updater_fixed.py", line 537, in fetch_sales_data
    location_sales = fetch_clover_sales(creds, target_date)
  File "E:\prog fold\Drunken cookies\real-time-inventory\vm_inventory_updater_fixed.py", line 904, in 
fetch_clover_sales
    logging.warning(f"ΓÜá∩╕Å   Order {order_info['order_id']}:")
Message: 'ΓÜá∩╕Å   Order BPSYTD05J0M2C:'
Arguments: ()
--- Logging error ---
Traceback (most recent call last):
  File "C:\Users\banzo\AppData\Local\Programs\Python\Python312\Lib\logging\__init__.py", line 1163, in emit
    stream.write(msg + self.terminator)
  File "C:\Users\banzo\AppData\Local\Programs\Python\Python312\Lib\encodings\cp1252.py", line 19, in encode
    return codecs.charmap_encode(input,self.errors,encoding_table)[0]
           ^^^^^^^^^^^^^^^^^^^^^^^^^^^^^^^^^^^^^^^^^^^^^^^^^^^^^^^
UnicodeEncodeError: 'charmap' codec can't encode characters in position 36-37: character maps to <undefined>
Call stack:
  File "E:\prog fold\Drunken cookies\real-time-inventory\vm_inventory_updater_fixed.py", line 2606, in <module>
    success = main()
  File "E:\prog fold\Drunken cookies\real-time-inventory\vm_inventory_updater_fixed.py", line 162, in main
    sales_data = fetch_sales_data(clover_creds, shopify_creds, target_date)
  File "E:\prog fold\Drunken cookies\real-time-inventory\vm_inventory_updater_fixed.py", line 537, in fetch_sales_data
    location_sales = fetch_clover_sales(creds, target_date)
  File "E:\prog fold\Drunken cookies\real-time-inventory\vm_inventory_updater_fixed.py", line 905, in 
fetch_clover_sales
    logging.warning(f"ΓÜá∩╕Å     UTC time: {order_info['order_time_utc']}")
Message: 'ΓÜá∩╕Å     UTC time: 2026-01-19 19:05:16 UTC'
Arguments: ()
--- Logging error ---
Traceback (most recent call last):
  File "C:\Users\banzo\AppData\Local\Programs\Python\Python312\Lib\logging\__init__.py", line 1163, in emit
    stream.write(msg + self.terminator)
  File "C:\Users\banzo\AppData\Local\Programs\Python\Python312\Lib\encodings\cp1252.py", line 19, in encode
    return codecs.charmap_encode(input,self.errors,encoding_table)[0]
           ^^^^^^^^^^^^^^^^^^^^^^^^^^^^^^^^^^^^^^^^^^^^^^^^^^^^^^^
UnicodeEncodeError: 'charmap' codec can't encode characters in position 36-37: character maps to <undefined>
Call stack:
  File "E:\prog fold\Drunken cookies\real-time-inventory\vm_inventory_updater_fixed.py", line 2606, in <module>
    success = main()
  File "E:\prog fold\Drunken cookies\real-time-inventory\vm_inventory_updater_fixed.py", line 162, in main
    sales_data = fetch_sales_data(clover_creds, shopify_creds, target_date)
  File "E:\prog fold\Drunken cookies\real-time-inventory\vm_inventory_updater_fixed.py", line 537, in fetch_sales_data
    location_sales = fetch_clover_sales(creds, target_date)
  File "E:\prog fold\Drunken cookies\real-time-inventory\vm_inventory_updater_fixed.py", line 906, in 
fetch_clover_sales
2026-02-16 20:52:19,900 - WARNING - ΓÜá∩╕Å     PR time: 2026-01-19 15:05:16 AST
2026-02-16 20:52:19,906 - WARNING - ΓÜá∩╕Å     PR date: 2026-01-19 (target: 2026-01-17)
2026-02-16 20:52:19,907 - WARNING - ΓÜá∩╕Å   Order 7APQ0V89SNZYA:
2026-02-16 20:52:19,908 - WARNING - ΓÜá∩╕Å     UTC time: 2026-01-19 18:58:15 UTC
2026-02-16 20:52:19,913 - WARNING - ΓÜá∩╕Å     PR time: 2026-01-19 14:58:15 AST
2026-02-16 20:52:19,913 - WARNING - ΓÜá∩╕Å     PR date: 2026-01-19 (target: 2026-01-17)
    logging.warning(f"ΓÜá∩╕Å     PR time: {order_info['order_time_pr']}")
Message: 'ΓÜá∩╕Å     PR time: 2026-01-19 15:05:16 AST'
Arguments: ()
--- Logging error ---
Traceback (most recent call last):
  File "C:\Users\banzo\AppData\Local\Programs\Python\Python312\Lib\logging\__init__.py", line 1163, in emit
    stream.write(msg + self.terminator)
  File "C:\Users\banzo\AppData\Local\Programs\Python\Python312\Lib\encodings\cp1252.py", line 19, in encode
    return codecs.charmap_encode(input,self.errors,encoding_table)[0]
           ^^^^^^^^^^^^^^^^^^^^^^^^^^^^^^^^^^^^^^^^^^^^^^^^^^^^^^^
UnicodeEncodeError: 'charmap' codec can't encode characters in position 36-37: character maps to <undefined>
Call stack:
  File "E:\prog fold\Drunken cookies\real-time-inventory\vm_inventory_updater_fixed.py", line 2606, in <module>
    success = main()
  File "E:\prog fold\Drunken cookies\real-time-inventory\vm_inventory_updater_fixed.py", line 162, in main
    sales_data = fetch_sales_data(clover_creds, shopify_creds, target_date)
  File "E:\prog fold\Drunken cookies\real-time-inventory\vm_inventory_updater_fixed.py", line 537, in fetch_sales_data
    location_sales = fetch_clover_sales(creds, target_date)
  File "E:\prog fold\Drunken cookies\real-time-inventory\vm_inventory_updater_fixed.py", line 907, in 
fetch_clover_sales
    logging.warning(f"ΓÜá∩╕Å     PR date: {order_info['order_date_pr']} (target: {order_info['target_date']})")
Message: 'ΓÜá∩╕Å     PR date: 2026-01-19 (target: 2026-01-17)'
Arguments: ()
--- Logging error ---
Traceback (most recent call last):
  File "C:\Users\banzo\AppData\Local\Programs\Python\Python312\Lib\logging\__init__.py", line 1163, in emit
    stream.write(msg + self.terminator)
  File "C:\Users\banzo\AppData\Local\Programs\Python\Python312\Lib\encodings\cp1252.py", line 19, in encode
    return codecs.charmap_encode(input,self.errors,encoding_table)[0]
           ^^^^^^^^^^^^^^^^^^^^^^^^^^^^^^^^^^^^^^^^^^^^^^^^^^^^^^^
UnicodeEncodeError: 'charmap' codec can't encode characters in position 36-37: character maps to <undefined>
Call stack:
  File "E:\prog fold\Drunken cookies\real-time-inventory\vm_inventory_updater_fixed.py", line 2606, in <module>
    success = main()
  File "E:\prog fold\Drunken cookies\real-time-inventory\vm_inventory_updater_fixed.py", line 162, in main
    sales_data = fetch_sales_data(clover_creds, shopify_creds, target_date)
  File "E:\prog fold\Drunken cookies\real-time-inventory\vm_inventory_updater_fixed.py", line 537, in fetch_sales_data
    location_sales = fetch_clover_sales(creds, target_date)
  File "E:\prog fold\Drunken cookies\real-time-inventory\vm_inventory_updater_fixed.py", line 904, in 
fetch_clover_sales
    logging.warning(f"ΓÜá∩╕Å   Order {order_info['order_id']}:")
Message: 'ΓÜá∩╕Å   Order 7APQ0V89SNZYA:'
Arguments: ()
--- Logging error ---
Traceback (most recent call last):
  File "C:\Users\banzo\AppData\Local\Programs\Python\Python312\Lib\logging\__init__.py", line 1163, in emit
    stream.write(msg + self.terminator)
  File "C:\Users\banzo\AppData\Local\Programs\Python\Python312\Lib\encodings\cp1252.py", line 19, in encode
    return codecs.charmap_encode(input,self.errors,encoding_table)[0]
           ^^^^^^^^^^^^^^^^^^^^^^^^^^^^^^^^^^^^^^^^^^^^^^^^^^^^^^^
UnicodeEncodeError: 'charmap' codec can't encode characters in position 36-37: character maps to <undefined>
Call stack:
  File "E:\prog fold\Drunken cookies\real-time-inventory\vm_inventory_updater_fixed.py", line 2606, in <module>
    success = main()
  File "E:\prog fold\Drunken cookies\real-time-inventory\vm_inventory_updater_fixed.py", line 162, in main
    sales_data = fetch_sales_data(clover_creds, shopify_creds, target_date)
  File "E:\prog fold\Drunken cookies\real-time-inventory\vm_inventory_updater_fixed.py", line 537, in fetch_sales_data
    location_sales = fetch_clover_sales(creds, target_date)
  File "E:\prog fold\Drunken cookies\real-time-inventory\vm_inventory_updater_fixed.py", line 905, in 
fetch_clover_sales
    logging.warning(f"ΓÜá∩╕Å     UTC time: {order_info['order_time_utc']}")
Message: 'ΓÜá∩╕Å     UTC time: 2026-01-19 18:58:15 UTC'
Arguments: ()
--- Logging error ---
Traceback (most recent call last):
  File "C:\Users\banzo\AppData\Local\Programs\Python\Python312\Lib\logging\__init__.py", line 1163, in emit
    stream.write(msg + self.terminator)
  File "C:\Users\banzo\AppData\Local\Programs\Python\Python312\Lib\encodings\cp1252.py", line 19, in encode
    return codecs.charmap_encode(input,self.errors,encoding_table)[0]
           ^^^^^^^^^^^^^^^^^^^^^^^^^^^^^^^^^^^^^^^^^^^^^^^^^^^^^^^
UnicodeEncodeError: 'charmap' codec can't encode characters in position 36-37: character maps to <undefined>
Call stack:
  File "E:\prog fold\Drunken cookies\real-time-inventory\vm_inventory_updater_fixed.py", line 2606, in <module>
    success = main()
  File "E:\prog fold\Drunken cookies\real-time-inventory\vm_inventory_updater_fixed.py", line 162, in main
    sales_data = fetch_sales_data(clover_creds, shopify_creds, target_date)
  File "E:\prog fold\Drunken cookies\real-time-inventory\vm_inventory_updater_fixed.py", line 537, in fetch_sales_data
    location_sales = fetch_clover_sales(creds, target_date)
  File "E:\prog fold\Drunken cookies\real-time-inventory\vm_inventory_updater_fixed.py", line 906, in 
fetch_clover_sales
    logging.warning(f"ΓÜá∩╕Å     PR time: {order_info['order_time_pr']}")
Message: 'ΓÜá∩╕Å     PR time: 2026-01-19 14:58:15 AST'
Arguments: ()
--- Logging error ---
Traceback (most recent call last):
  File "C:\Users\banzo\AppData\Local\Programs\Python\Python312\Lib\logging\__init__.py", line 1163, in emit
    stream.write(msg + self.terminator)
  File "C:\Users\banzo\AppData\Local\Programs\Python\Python312\Lib\encodings\cp1252.py", line 19, in encode
    return codecs.charmap_encode(input,self.errors,encoding_table)[0]
           ^^^^^^^^^^^^^^^^^^^^^^^^^^^^^^^^^^^^^^^^^^^^^^^^^^^^^^^
UnicodeEncodeError: 'charmap' codec can't encode characters in position 36-37: character maps to <undefined>
Call stack:
  File "E:\prog fold\Drunken cookies\real-time-inventory\vm_inventory_updater_fixed.py", line 2606, in <module>
    success = main()
  File "E:\prog fold\Drunken cookies\real-time-inventory\vm_inventory_updater_fixed.py", line 162, in main
    sales_data = fetch_sales_data(clover_creds, shopify_creds, target_date)
  File "E:\prog fold\Drunken cookies\real-time-inventory\vm_inventory_updater_fixed.py", line 537, in fetch_sales_data
    location_sales = fetch_clover_sales(creds, target_date)
  File "E:\prog fold\Drunken cookies\real-time-inventory\vm_inventory_updater_fixed.py", line 907, in 
fetch_clover_sales
    logging.warning(f"ΓÜá∩╕Å     PR date: {order_info['order_date_pr']} (target: {order_info['target_date']})")
Message: 'ΓÜá∩╕Å     PR date: 2026-01-19 (target: 2026-01-17)'
Arguments: ()
--- Logging error ---
Traceback (most recent call last):
  File "C:\Users\banzo\AppData\Local\Programs\Python\Python312\Lib\logging\__init__.py", line 1163, in emit
    stream.write(msg + self.terminator)
  File "C:\Users\banzo\AppData\Local\Programs\Python\Python312\Lib\encodings\cp1252.py", line 19, in encode
    return codecs.charmap_encode(input,self.errors,encoding_table)[0]
           ^^^^^^^^^^^^^^^^^^^^^^^^^^^^^^^^^^^^^^^^^^^^^^^^^^^^^^^
UnicodeEncodeError: 'charmap' codec can't encode characters in position 36-37: character maps to <undefined>
Call stack:
  File "E:\prog fold\Drunken cookies\real-time-inventory\vm_inventory_updater_fixed.py", line 2606, in <module>
    success = main()
  File "E:\prog fold\Drunken cookies\real-time-inventory\vm_inventory_updater_fixed.py", line 162, in main
2026-02-16 20:52:19,914 - WARNING - ΓÜá∩╕Å   Order YBWKFMXNSZ66T:
2026-02-16 20:52:19,919 - WARNING - ΓÜá∩╕Å     UTC time: 2026-01-19 18:41:17 UTC
    sales_data = fetch_sales_data(clover_creds, shopify_creds, target_date)
  File "E:\prog fold\Drunken cookies\real-time-inventory\vm_inventory_updater_fixed.py", line 537, in fetch_sales_data
    location_sales = fetch_clover_sales(creds, target_date)
  File "E:\prog fold\Drunken cookies\real-time-inventory\vm_inventory_updater_fixed.py", line 904, in 
fetch_clover_sales
    logging.warning(f"ΓÜá∩╕Å   Order {order_info['order_id']}:")
Message: 'ΓÜá∩╕Å   Order YBWKFMXNSZ66T:'
Arguments: ()
--- Logging error ---
Traceback (most recent call last):
  File "C:\Users\banzo\AppData\Local\Programs\Python\Python312\Lib\logging\__init__.py", line 1163, in emit
    stream.write(msg + self.terminator)
  File "C:\Users\banzo\AppData\Local\Programs\Python\Python312\Lib\encodings\cp1252.py", line 19, in encode
    return codecs.charmap_encode(input,self.errors,encoding_table)[0]
           ^^^^^^^^^^^^^^^^^^^^^^^^^^^^^^^^^^^^^^^^^^^^^^^^^^^^^^^
UnicodeEncodeError: 'charmap' codec can't encode characters in position 36-37: character maps to <undefined>
Call stack:
  File "E:\prog fold\Drunken cookies\real-time-inventory\vm_inventory_updater_fixed.py", line 2606, in <module>
    success = main()
  File "E:\prog fold\Drunken cookies\real-time-inventory\vm_inventory_updater_fixed.py", line 162, in main
    sales_data = fetch_sales_data(clover_creds, shopify_creds, target_date)
  File "E:\prog fold\Drunken cookies\real-time-inventory\vm_inventory_updater_fixed.py", line 537, in fetch_sales_data
    location_sales = fetch_clover_sales(creds, target_date)
  File "E:\prog fold\Drunken cookies\real-time-inventory\vm_inventory_updater_fixed.py", line 905, in 
fetch_clover_sales
    logging.warning(f"ΓÜá∩╕Å     UTC time: {order_info['order_time_utc']}")
Message: 'ΓÜá∩╕Å     UTC time: 2026-01-19 18:41:17 UTC'
Arguments: ()
--- Logging error ---
Traceback (most recent call last):
  File "C:\Users\banzo\AppData\Local\Programs\Python\Python312\Lib\logging\__init__.py", line 1163, in emit
    stream.write(msg + self.terminator)
  File "C:\Users\banzo\AppData\Local\Programs\Python\Python312\Lib\encodings\cp1252.py", line 19, in encode
    return codecs.charmap_encode(input,self.errors,encoding_table)[0]
           ^^^^^^^^^^^^^^^^^^^^^^^^^^^^^^^^^^^^^^^^^^^^^^^^^^^^^^^
UnicodeEncodeError: 'charmap' codec can't encode characters in position 36-37: character maps to <undefined>
Call stack:
  File "E:\prog fold\Drunken cookies\real-time-inventory\vm_inventory_updater_fixed.py", line 2606, in <module>
    success = main()
  File "E:\prog fold\Drunken cookies\real-time-inventory\vm_inventory_updater_fixed.py", line 162, in main
    sales_data = fetch_sales_data(clover_creds, shopify_creds, target_date)
  File "E:\prog fold\Drunken cookies\real-time-inventory\vm_inventory_updater_fixed.py", line 537, in fetch_sales_data
    location_sales = fetch_clover_sales(creds, target_date)
  File "E:\prog fold\Drunken cookies\real-time-inventory\vm_inventory_updater_fixed.py", line 906, in 
fetch_clover_sales
    logging.warning(f"ΓÜá∩╕Å     PR time: {order_info['order_time_pr']}")
Message: 'ΓÜá∩╕Å     PR time: 2026-01-19 14:41:17 AST'
Arguments: ()
--- Logging error ---
Traceback (most recent call last):
  File "C:\Users\banzo\AppData\Local\Programs\Python\Python312\Lib\logging\__init__.py", line 1163, in emit
    stream.write(msg + self.terminator)
  File "C:\Users\banzo\AppData\Local\Programs\Python\Python312\Lib\encodings\cp1252.py", line 19, in encode
    return codecs.charmap_encode(input,self.errors,encoding_table)[0]
           ^^^^^^^^^^^^^^^^^^^^^^^^^^^^^^^^^^^^^^^^^^^^^^^^^^^^^^^
UnicodeEncodeError: 'charmap' codec can't encode characters in position 36-37: character maps to <undefined>
Call stack:
  File "E:\prog fold\Drunken cookies\real-time-inventory\vm_inventory_updater_fixed.py", line 2606, in <module>
    success = main()
  File "E:\prog fold\Drunken cookies\real-time-inventory\vm_inventory_updater_fixed.py", line 162, in main
    sales_data = fetch_sales_data(clover_creds, shopify_creds, target_date)
  File "E:\prog fold\Drunken cookies\real-time-inventory\vm_inventory_updater_fixed.py", line 537, in fetch_sales_data
    location_sales = fetch_clover_sales(creds, target_date)
  File "E:\prog fold\Drunken cookies\real-time-inventory\vm_inventory_updater_fixed.py", line 907, in 
fetch_clover_sales
    logging.warning(f"ΓÜá∩╕Å     PR date: {order_info['order_date_pr']} (target: {order_info['target_date']})")
Message: 'ΓÜá∩╕Å     PR date: 2026-01-19 (target: 2026-01-17)'
Arguments: ()
2026-02-16 20:52:19,920 - WARNING - ΓÜá∩╕Å     PR time: 2026-01-19 14:41:17 AST
2026-02-16 20:52:19,920 - WARNING - ΓÜá∩╕Å     PR date: 2026-01-19 (target: 2026-01-17)
2026-02-16 20:52:19,925 - WARNING - ΓÜá∩╕Å   Order FCF7W27R4HJ7R:
2026-02-16 20:52:19,926 - WARNING - ΓÜá∩╕Å     UTC time: 2026-01-19 18:36:07 UTC
2026-02-16 20:52:19,926 - WARNING - ΓÜá∩╕Å     PR time: 2026-01-19 14:36:07 AST
2026-02-16 20:52:19,932 - WARNING - ΓÜá∩╕Å     PR date: 2026-01-19 (target: 2026-01-17)
2026-02-16 20:52:19,933 - WARNING - ΓÜá∩╕Å   Order 2PBQJHK0HKVDC:
--- Logging error ---
Traceback (most recent call last):
  File "C:\Users\banzo\AppData\Local\Programs\Python\Python312\Lib\logging\__init__.py", line 1163, in emit
    stream.write(msg + self.terminator)
  File "C:\Users\banzo\AppData\Local\Programs\Python\Python312\Lib\encodings\cp1252.py", line 19, in encode
    return codecs.charmap_encode(input,self.errors,encoding_table)[0]
           ^^^^^^^^^^^^^^^^^^^^^^^^^^^^^^^^^^^^^^^^^^^^^^^^^^^^^^^
UnicodeEncodeError: 'charmap' codec can't encode characters in position 36-37: character maps to <undefined>
Call stack:
  File "E:\prog fold\Drunken cookies\real-time-inventory\vm_inventory_updater_fixed.py", line 2606, in <module>
    success = main()
  File "E:\prog fold\Drunken cookies\real-time-inventory\vm_inventory_updater_fixed.py", line 162, in main
    sales_data = fetch_sales_data(clover_creds, shopify_creds, target_date)
  File "E:\prog fold\Drunken cookies\real-time-inventory\vm_inventory_updater_fixed.py", line 537, in fetch_sales_data
    location_sales = fetch_clover_sales(creds, target_date)
  File "E:\prog fold\Drunken cookies\real-time-inventory\vm_inventory_updater_fixed.py", line 904, in 
fetch_clover_sales
    logging.warning(f"ΓÜá∩╕Å   Order {order_info['order_id']}:")
Message: 'ΓÜá∩╕Å   Order FCF7W27R4HJ7R:'
Arguments: ()
--- Logging error ---
Traceback (most recent call last):
  File "C:\Users\banzo\AppData\Local\Programs\Python\Python312\Lib\logging\__init__.py", line 1163, in emit
    stream.write(msg + self.terminator)
  File "C:\Users\banzo\AppData\Local\Programs\Python\Python312\Lib\encodings\cp1252.py", line 19, in encode
    return codecs.charmap_encode(input,self.errors,encoding_table)[0]
           ^^^^^^^^^^^^^^^^^^^^^^^^^^^^^^^^^^^^^^^^^^^^^^^^^^^^^^^
UnicodeEncodeError: 'charmap' codec can't encode characters in position 36-37: character maps to <undefined>
Call stack:
  File "E:\prog fold\Drunken cookies\real-time-inventory\vm_inventory_updater_fixed.py", line 2606, in <module>
    success = main()
  File "E:\prog fold\Drunken cookies\real-time-inventory\vm_inventory_updater_fixed.py", line 162, in main
    sales_data = fetch_sales_data(clover_creds, shopify_creds, target_date)
  File "E:\prog fold\Drunken cookies\real-time-inventory\vm_inventory_updater_fixed.py", line 537, in fetch_sales_data
    location_sales = fetch_clover_sales(creds, target_date)
  File "E:\prog fold\Drunken cookies\real-time-inventory\vm_inventory_updater_fixed.py", line 905, in 
fetch_clover_sales
    logging.warning(f"ΓÜá∩╕Å     UTC time: {order_info['order_time_utc']}")
Message: 'ΓÜá∩╕Å     UTC time: 2026-01-19 18:36:07 UTC'
Arguments: ()
--- Logging error ---
Traceback (most recent call last):
  File "C:\Users\banzo\AppData\Local\Programs\Python\Python312\Lib\logging\__init__.py", line 1163, in emit
    stream.write(msg + self.terminator)
  File "C:\Users\banzo\AppData\Local\Programs\Python\Python312\Lib\encodings\cp1252.py", line 19, in encode
    return codecs.charmap_encode(input,self.errors,encoding_table)[0]
           ^^^^^^^^^^^^^^^^^^^^^^^^^^^^^^^^^^^^^^^^^^^^^^^^^^^^^^^
UnicodeEncodeError: 'charmap' codec can't encode characters in position 36-37: character maps to <undefined>
Call stack:
  File "E:\prog fold\Drunken cookies\real-time-inventory\vm_inventory_updater_fixed.py", line 2606, in <module>
    success = main()
  File "E:\prog fold\Drunken cookies\real-time-inventory\vm_inventory_updater_fixed.py", line 162, in main
    sales_data = fetch_sales_data(clover_creds, shopify_creds, target_date)
  File "E:\prog fold\Drunken cookies\real-time-inventory\vm_inventory_updater_fixed.py", line 537, in fetch_sales_data
    location_sales = fetch_clover_sales(creds, target_date)
  File "E:\prog fold\Drunken cookies\real-time-inventory\vm_inventory_updater_fixed.py", line 906, in 
fetch_clover_sales
    logging.warning(f"ΓÜá∩╕Å     PR time: {order_info['order_time_pr']}")
Message: 'ΓÜá∩╕Å     PR time: 2026-01-19 14:36:07 AST'
Arguments: ()
--- Logging error ---
Traceback (most recent call last):
  File "C:\Users\banzo\AppData\Local\Programs\Python\Python312\Lib\logging\__init__.py", line 1163, in emit
    stream.write(msg + self.terminator)
  File "C:\Users\banzo\AppData\Local\Programs\Python\Python312\Lib\encodings\cp1252.py", line 19, in encode
    return codecs.charmap_encode(input,self.errors,encoding_table)[0]
           ^^^^^^^^^^^^^^^^^^^^^^^^^^^^^^^^^^^^^^^^^^^^^^^^^^^^^^^
UnicodeEncodeError: 'charmap' codec can't encode characters in position 36-37: character maps to <undefined>
Call stack:
  File "E:\prog fold\Drunken cookies\real-time-inventory\vm_inventory_updater_fixed.py", line 2606, in <module>
    success = main()
  File "E:\prog fold\Drunken cookies\real-time-inventory\vm_inventory_updater_fixed.py", line 162, in main
    sales_data = fetch_sales_data(clover_creds, shopify_creds, target_date)
  File "E:\prog fold\Drunken cookies\real-time-inventory\vm_inventory_updater_fixed.py", line 537, in fetch_sales_data
    location_sales = fetch_clover_sales(creds, target_date)
  File "E:\prog fold\Drunken cookies\real-time-inventory\vm_inventory_updater_fixed.py", line 907, in 
fetch_clover_sales
    logging.warning(f"ΓÜá∩╕Å     PR date: {order_info['order_date_pr']} (target: {order_info['target_date']})")
Message: 'ΓÜá∩╕Å     PR date: 2026-01-19 (target: 2026-01-17)'
Arguments: ()
--- Logging error ---
Traceback (most recent call last):
  File "C:\Users\banzo\AppData\Local\Programs\Python\Python312\Lib\logging\__init__.py", line 1163, in emit
    stream.write(msg + self.terminator)
  File "C:\Users\banzo\AppData\Local\Programs\Python\Python312\Lib\encodings\cp1252.py", line 19, in encode
    return codecs.charmap_encode(input,self.errors,encoding_table)[0]
           ^^^^^^^^^^^^^^^^^^^^^^^^^^^^^^^^^^^^^^^^^^^^^^^^^^^^^^^
UnicodeEncodeError: 'charmap' codec can't encode characters in position 36-37: character maps to <undefined>
Call stack:
  File "E:\prog fold\Drunken cookies\real-time-inventory\vm_inventory_updater_fixed.py", line 2606, in <module>
    success = main()
  File "E:\prog fold\Drunken cookies\real-time-inventory\vm_inventory_updater_fixed.py", line 162, in main
    sales_data = fetch_sales_data(clover_creds, shopify_creds, target_date)
  File "E:\prog fold\Drunken cookies\real-time-inventory\vm_inventory_updater_fixed.py", line 537, in fetch_sales_data
    location_sales = fetch_clover_sales(creds, target_date)
  File "E:\prog fold\Drunken cookies\real-time-inventory\vm_inventory_updater_fixed.py", line 904, in 
fetch_clover_sales
    logging.warning(f"ΓÜá∩╕Å   Order {order_info['order_id']}:")
Message: 'ΓÜá∩╕Å   Order 2PBQJHK0HKVDC:'
Arguments: ()
--- Logging error ---
Traceback (most recent call last):
  File "C:\Users\banzo\AppData\Local\Programs\Python\Python312\Lib\logging\__init__.py", line 1163, in emit
    stream.write(msg + self.terminator)
  File "C:\Users\banzo\AppData\Local\Programs\Python\Python312\Lib\encodings\cp1252.py", line 19, in encode
    return codecs.charmap_encode(input,self.errors,encoding_table)[0]
           ^^^^^^^^^^^^^^^^^^^^^^^^^^^^^^^^^^^^^^^^^^^^^^^^^^^^^^^
2026-02-16 20:52:19,933 - WARNING - ΓÜá∩╕Å     UTC time: 2026-01-19 18:19:16 UTC
2026-02-16 20:52:19,940 - WARNING - ΓÜá∩╕Å     PR time: 2026-01-19 14:19:16 AST
2026-02-16 20:52:19,941 - WARNING - ΓÜá∩╕Å     PR date: 2026-01-19 (target: 2026-01-17)
UnicodeEncodeError: 'charmap' codec can't encode characters in position 36-37: character maps to <undefined>
Call stack:
  File "E:\prog fold\Drunken cookies\real-time-inventory\vm_inventory_updater_fixed.py", line 2606, in <module>
    success = main()
  File "E:\prog fold\Drunken cookies\real-time-inventory\vm_inventory_updater_fixed.py", line 162, in main
    sales_data = fetch_sales_data(clover_creds, shopify_creds, target_date)
  File "E:\prog fold\Drunken cookies\real-time-inventory\vm_inventory_updater_fixed.py", line 537, in fetch_sales_data
    location_sales = fetch_clover_sales(creds, target_date)
  File "E:\prog fold\Drunken cookies\real-time-inventory\vm_inventory_updater_fixed.py", line 905, in 
fetch_clover_sales
    logging.warning(f"ΓÜá∩╕Å     UTC time: {order_info['order_time_utc']}")
Message: 'ΓÜá∩╕Å     UTC time: 2026-01-19 18:19:16 UTC'
Arguments: ()
--- Logging error ---
Traceback (most recent call last):
  File "C:\Users\banzo\AppData\Local\Programs\Python\Python312\Lib\logging\__init__.py", line 1163, in emit
    stream.write(msg + self.terminator)
  File "C:\Users\banzo\AppData\Local\Programs\Python\Python312\Lib\encodings\cp1252.py", line 19, in encode
    return codecs.charmap_encode(input,self.errors,encoding_table)[0]
           ^^^^^^^^^^^^^^^^^^^^^^^^^^^^^^^^^^^^^^^^^^^^^^^^^^^^^^^
UnicodeEncodeError: 'charmap' codec can't encode characters in position 36-37: character maps to <undefined>
Call stack:
  File "E:\prog fold\Drunken cookies\real-time-inventory\vm_inventory_updater_fixed.py", line 2606, in <module>
    success = main()
  File "E:\prog fold\Drunken cookies\real-time-inventory\vm_inventory_updater_fixed.py", line 162, in main
2026-02-16 20:52:19,942 - WARNING - ΓÜá∩╕Å   Order T5AR54GCRASCT:
2026-02-16 20:52:19,947 - WARNING - ΓÜá∩╕Å     UTC time: 2026-01-19 17:16:34 UTC
2026-02-16 20:52:19,948 - WARNING - ΓÜá∩╕Å     PR time: 2026-01-19 13:16:34 AST
    sales_data = fetch_sales_data(clover_creds, shopify_creds, target_date)
  File "E:\prog fold\Drunken cookies\real-time-inventory\vm_inventory_updater_fixed.py", line 537, in fetch_sales_data
    location_sales = fetch_clover_sales(creds, target_date)
  File "E:\prog fold\Drunken cookies\real-time-inventory\vm_inventory_updater_fixed.py", line 906, in 
fetch_clover_sales
    logging.warning(f"ΓÜá∩╕Å     PR time: {order_info['order_time_pr']}")
Message: 'ΓÜá∩╕Å     PR time: 2026-01-19 14:19:16 AST'
Arguments: ()
--- Logging error ---
Traceback (most recent call last):
  File "C:\Users\banzo\AppData\Local\Programs\Python\Python312\Lib\logging\__init__.py", line 1163, in emit
    stream.write(msg + self.terminator)
  File "C:\Users\banzo\AppData\Local\Programs\Python\Python312\Lib\encodings\cp1252.py", line 19, in encode
    return codecs.charmap_encode(input,self.errors,encoding_table)[0]
           ^^^^^^^^^^^^^^^^^^^^^^^^^^^^^^^^^^^^^^^^^^^^^^^^^^^^^^^
UnicodeEncodeError: 'charmap' codec can't encode characters in position 36-37: character maps to <undefined>
Call stack:
  File "E:\prog fold\Drunken cookies\real-time-inventory\vm_inventory_updater_fixed.py", line 2606, in <module>
    success = main()
  File "E:\prog fold\Drunken cookies\real-time-inventory\vm_inventory_updater_fixed.py", line 162, in main
    sales_data = fetch_sales_data(clover_creds, shopify_creds, target_date)
  File "E:\prog fold\Drunken cookies\real-time-inventory\vm_inventory_updater_fixed.py", line 537, in fetch_sales_data
    location_sales = fetch_clover_sales(creds, target_date)
  File "E:\prog fold\Drunken cookies\real-time-inventory\vm_inventory_updater_fixed.py", line 907, in 
fetch_clover_sales
    logging.warning(f"ΓÜá∩╕Å     PR date: {order_info['order_date_pr']} (target: {order_info['target_date']})")
Message: 'ΓÜá∩╕Å     PR date: 2026-01-19 (target: 2026-01-17)'
Arguments: ()
--- Logging error ---
Traceback (most recent call last):
  File "C:\Users\banzo\AppData\Local\Programs\Python\Python312\Lib\logging\__init__.py", line 1163, in emit
    stream.write(msg + self.terminator)
  File "C:\Users\banzo\AppData\Local\Programs\Python\Python312\Lib\encodings\cp1252.py", line 19, in encode
    return codecs.charmap_encode(input,self.errors,encoding_table)[0]
           ^^^^^^^^^^^^^^^^^^^^^^^^^^^^^^^^^^^^^^^^^^^^^^^^^^^^^^^
UnicodeEncodeError: 'charmap' codec can't encode characters in position 36-37: character maps to <undefined>
Call stack:
  File "E:\prog fold\Drunken cookies\real-time-inventory\vm_inventory_updater_fixed.py", line 2606, in <module>
    success = main()
  File "E:\prog fold\Drunken cookies\real-time-inventory\vm_inventory_updater_fixed.py", line 162, in main
    sales_data = fetch_sales_data(clover_creds, shopify_creds, target_date)
  File "E:\prog fold\Drunken cookies\real-time-inventory\vm_inventory_updater_fixed.py", line 537, in fetch_sales_data
    location_sales = fetch_clover_sales(creds, target_date)
  File "E:\prog fold\Drunken cookies\real-time-inventory\vm_inventory_updater_fixed.py", line 904, in 
fetch_clover_sales
    logging.warning(f"ΓÜá∩╕Å   Order {order_info['order_id']}:")
Message: 'ΓÜá∩╕Å   Order T5AR54GCRASCT:'
Arguments: ()
--- Logging error ---
Traceback (most recent call last):
  File "C:\Users\banzo\AppData\Local\Programs\Python\Python312\Lib\logging\__init__.py", line 1163, in emit
    stream.write(msg + self.terminator)
  File "C:\Users\banzo\AppData\Local\Programs\Python\Python312\Lib\encodings\cp1252.py", line 19, in encode
    return codecs.charmap_encode(input,self.errors,encoding_table)[0]
           ^^^^^^^^^^^^^^^^^^^^^^^^^^^^^^^^^^^^^^^^^^^^^^^^^^^^^^^
UnicodeEncodeError: 'charmap' codec can't encode characters in position 36-37: character maps to <undefined>
Call stack:
  File "E:\prog fold\Drunken cookies\real-time-inventory\vm_inventory_updater_fixed.py", line 2606, in <module>
    success = main()
  File "E:\prog fold\Drunken cookies\real-time-inventory\vm_inventory_updater_fixed.py", line 162, in main
    sales_data = fetch_sales_data(clover_creds, shopify_creds, target_date)
  File "E:\prog fold\Drunken cookies\real-time-inventory\vm_inventory_updater_fixed.py", line 537, in fetch_sales_data
    location_sales = fetch_clover_sales(creds, target_date)
  File "E:\prog fold\Drunken cookies\real-time-inventory\vm_inventory_updater_fixed.py", line 905, in 
fetch_clover_sales
    logging.warning(f"ΓÜá∩╕Å     UTC time: {order_info['order_time_utc']}")
Message: 'ΓÜá∩╕Å     UTC time: 2026-01-19 17:16:34 UTC'
Arguments: ()
--- Logging error ---
Traceback (most recent call last):
  File "C:\Users\banzo\AppData\Local\Programs\Python\Python312\Lib\logging\__init__.py", line 1163, in emit
    stream.write(msg + self.terminator)
  File "C:\Users\banzo\AppData\Local\Programs\Python\Python312\Lib\encodings\cp1252.py", line 19, in encode
    return codecs.charmap_encode(input,self.errors,encoding_table)[0]
           ^^^^^^^^^^^^^^^^^^^^^^^^^^^^^^^^^^^^^^^^^^^^^^^^^^^^^^^
UnicodeEncodeError: 'charmap' codec can't encode characters in position 36-37: character maps to <undefined>
Call stack:
  File "E:\prog fold\Drunken cookies\real-time-inventory\vm_inventory_updater_fixed.py", line 2606, in <module>
    success = main()
  File "E:\prog fold\Drunken cookies\real-time-inventory\vm_inventory_updater_fixed.py", line 162, in main
    sales_data = fetch_sales_data(clover_creds, shopify_creds, target_date)
  File "E:\prog fold\Drunken cookies\real-time-inventory\vm_inventory_updater_fixed.py", line 537, in fetch_sales_data
    location_sales = fetch_clover_sales(creds, target_date)
  File "E:\prog fold\Drunken cookies\real-time-inventory\vm_inventory_updater_fixed.py", line 906, in 
fetch_clover_sales
    logging.warning(f"ΓÜá∩╕Å     PR time: {order_info['order_time_pr']}")
Message: 'ΓÜá∩╕Å     PR time: 2026-01-19 13:16:34 AST'
Arguments: ()
--- Logging error ---
Traceback (most recent call last):
  File "C:\Users\banzo\AppData\Local\Programs\Python\Python312\Lib\logging\__init__.py", line 1163, in emit
    stream.write(msg + self.terminator)
  File "C:\Users\banzo\AppData\Local\Programs\Python\Python312\Lib\encodings\cp1252.py", line 19, in encode
    return codecs.charmap_encode(input,self.errors,encoding_table)[0]
           ^^^^^^^^^^^^^^^^^^^^^^^^^^^^^^^^^^^^^^^^^^^^^^^^^^^^^^^
UnicodeEncodeError: 'charmap' codec can't encode characters in position 36-37: character maps to <undefined>
Call stack:
  File "E:\prog fold\Drunken cookies\real-time-inventory\vm_inventory_updater_fixed.py", line 2606, in <module>
    success = main()
  File "E:\prog fold\Drunken cookies\real-time-inventory\vm_inventory_updater_fixed.py", line 162, in main
    sales_data = fetch_sales_data(clover_creds, shopify_creds, target_date)
  File "E:\prog fold\Drunken cookies\real-time-inventory\vm_inventory_updater_fixed.py", line 537, in fetch_sales_data
    location_sales = fetch_clover_sales(creds, target_date)
  File "E:\prog fold\Drunken cookies\real-time-inventory\vm_inventory_updater_fixed.py", line 907, in 
fetch_clover_sales
2026-02-16 20:52:19,948 - WARNING - ΓÜá∩╕Å     PR date: 2026-01-19 (target: 2026-01-17)
2026-02-16 20:52:19,955 - WARNING - ΓÜá∩╕Å   Order Z2WRXM2BF3ZHE:
2026-02-16 20:52:19,956 - WARNING - ΓÜá∩╕Å     UTC time: 2026-01-18 20:08:21 UTC
2026-02-16 20:52:19,957 - WARNING - ΓÜá∩╕Å     PR time: 2026-01-18 16:08:21 AST
2026-02-16 20:52:19,961 - WARNING - ΓÜá∩╕Å     PR date: 2026-01-18 (target: 2026-01-17)
    logging.warning(f"ΓÜá∩╕Å     PR date: {order_info['order_date_pr']} (target: {order_info['target_date']})")
Message: 'ΓÜá∩╕Å     PR date: 2026-01-19 (target: 2026-01-17)'
Arguments: ()
--- Logging error ---
Traceback (most recent call last):
  File "C:\Users\banzo\AppData\Local\Programs\Python\Python312\Lib\logging\__init__.py", line 1163, in emit
    stream.write(msg + self.terminator)
  File "C:\Users\banzo\AppData\Local\Programs\Python\Python312\Lib\encodings\cp1252.py", line 19, in encode
    return codecs.charmap_encode(input,self.errors,encoding_table)[0]
           ^^^^^^^^^^^^^^^^^^^^^^^^^^^^^^^^^^^^^^^^^^^^^^^^^^^^^^^
UnicodeEncodeError: 'charmap' codec can't encode characters in position 36-37: character maps to <undefined>
Call stack:
  File "E:\prog fold\Drunken cookies\real-time-inventory\vm_inventory_updater_fixed.py", line 2606, in <module>
    success = main()
  File "E:\prog fold\Drunken cookies\real-time-inventory\vm_inventory_updater_fixed.py", line 162, in main
    sales_data = fetch_sales_data(clover_creds, shopify_creds, target_date)
  File "E:\prog fold\Drunken cookies\real-time-inventory\vm_inventory_updater_fixed.py", line 537, in fetch_sales_data
    location_sales = fetch_clover_sales(creds, target_date)
  File "E:\prog fold\Drunken cookies\real-time-inventory\vm_inventory_updater_fixed.py", line 904, in 
fetch_clover_sales
    logging.warning(f"ΓÜá∩╕Å   Order {order_info['order_id']}:")
Message: 'ΓÜá∩╕Å   Order Z2WRXM2BF3ZHE:'
Arguments: ()
--- Logging error ---
Traceback (most recent call last):
  File "C:\Users\banzo\AppData\Local\Programs\Python\Python312\Lib\logging\__init__.py", line 1163, in emit
    stream.write(msg + self.terminator)
  File "C:\Users\banzo\AppData\Local\Programs\Python\Python312\Lib\encodings\cp1252.py", line 19, in encode
    return codecs.charmap_encode(input,self.errors,encoding_table)[0]
           ^^^^^^^^^^^^^^^^^^^^^^^^^^^^^^^^^^^^^^^^^^^^^^^^^^^^^^^
UnicodeEncodeError: 'charmap' codec can't encode characters in position 36-37: character maps to <undefined>
Call stack:
  File "E:\prog fold\Drunken cookies\real-time-inventory\vm_inventory_updater_fixed.py", line 2606, in <module>
    success = main()
  File "E:\prog fold\Drunken cookies\real-time-inventory\vm_inventory_updater_fixed.py", line 162, in main
    sales_data = fetch_sales_data(clover_creds, shopify_creds, target_date)
  File "E:\prog fold\Drunken cookies\real-time-inventory\vm_inventory_updater_fixed.py", line 537, in fetch_sales_data
    location_sales = fetch_clover_sales(creds, target_date)
  File "E:\prog fold\Drunken cookies\real-time-inventory\vm_inventory_updater_fixed.py", line 905, in 
fetch_clover_sales
    logging.warning(f"ΓÜá∩╕Å     UTC time: {order_info['order_time_utc']}")
Message: 'ΓÜá∩╕Å     UTC time: 2026-01-18 20:08:21 UTC'
Arguments: ()
--- Logging error ---
Traceback (most recent call last):
  File "C:\Users\banzo\AppData\Local\Programs\Python\Python312\Lib\logging\__init__.py", line 1163, in emit
    stream.write(msg + self.terminator)
  File "C:\Users\banzo\AppData\Local\Programs\Python\Python312\Lib\encodings\cp1252.py", line 19, in encode
    return codecs.charmap_encode(input,self.errors,encoding_table)[0]
2026-02-16 20:52:19,962 - WARNING - ΓÜá∩╕Å   Order D5ZG9P6ZY339T:
           ^^^^^^^^^^^^^^^^^^^^^^^^^^^^^^^^^^^^^^^^^^^^^^^^^^^^^^^
UnicodeEncodeError: 'charmap' codec can't encode characters in position 36-37: character maps to <undefined>
Call stack:
  File "E:\prog fold\Drunken cookies\real-time-inventory\vm_inventory_updater_fixed.py", line 2606, in <module>
    success = main()
  File "E:\prog fold\Drunken cookies\real-time-inventory\vm_inventory_updater_fixed.py", line 162, in main
    sales_data = fetch_sales_data(clover_creds, shopify_creds, target_date)
  File "E:\prog fold\Drunken cookies\real-time-inventory\vm_inventory_updater_fixed.py", line 537, in fetch_sales_data
    location_sales = fetch_clover_sales(creds, target_date)
  File "E:\prog fold\Drunken cookies\real-time-inventory\vm_inventory_updater_fixed.py", line 906, in 
fetch_clover_sales
    logging.warning(f"ΓÜá∩╕Å     PR time: {order_info['order_time_pr']}")
Message: 'ΓÜá∩╕Å     PR time: 2026-01-18 16:08:21 AST'
Arguments: ()
--- Logging error ---
Traceback (most recent call last):
  File "C:\Users\banzo\AppData\Local\Programs\Python\Python312\Lib\logging\__init__.py", line 1163, in emit
    stream.write(msg + self.terminator)
  File "C:\Users\banzo\AppData\Local\Programs\Python\Python312\Lib\encodings\cp1252.py", line 19, in encode
    return codecs.charmap_encode(input,self.errors,encoding_table)[0]
           ^^^^^^^^^^^^^^^^^^^^^^^^^^^^^^^^^^^^^^^^^^^^^^^^^^^^^^^
UnicodeEncodeError: 'charmap' codec can't encode characters in position 36-37: character maps to <undefined>
Call stack:
  File "E:\prog fold\Drunken cookies\real-time-inventory\vm_inventory_updater_fixed.py", line 2606, in <module>
2026-02-16 20:52:19,962 - WARNING - ΓÜá∩╕Å     UTC time: 2026-01-18 19:27:43 UTC
2026-02-16 20:52:19,968 - WARNING - ΓÜá∩╕Å     PR time: 2026-01-18 15:27:43 AST
2026-02-16 20:52:19,968 - WARNING - ΓÜá∩╕Å     PR date: 2026-01-18 (target: 2026-01-17)
    success = main()
  File "E:\prog fold\Drunken cookies\real-time-inventory\vm_inventory_updater_fixed.py", line 162, in main
    sales_data = fetch_sales_data(clover_creds, shopify_creds, target_date)
  File "E:\prog fold\Drunken cookies\real-time-inventory\vm_inventory_updater_fixed.py", line 537, in fetch_sales_data
    location_sales = fetch_clover_sales(creds, target_date)
  File "E:\prog fold\Drunken cookies\real-time-inventory\vm_inventory_updater_fixed.py", line 907, in 
fetch_clover_sales
    logging.warning(f"ΓÜá∩╕Å     PR date: {order_info['order_date_pr']} (target: {order_info['target_date']})")
Message: 'ΓÜá∩╕Å     PR date: 2026-01-18 (target: 2026-01-17)'
Arguments: ()
--- Logging error ---
Traceback (most recent call last):
  File "C:\Users\banzo\AppData\Local\Programs\Python\Python312\Lib\logging\__init__.py", line 1163, in emit
    stream.write(msg + self.terminator)
  File "C:\Users\banzo\AppData\Local\Programs\Python\Python312\Lib\encodings\cp1252.py", line 19, in encode
    return codecs.charmap_encode(input,self.errors,encoding_table)[0]
           ^^^^^^^^^^^^^^^^^^^^^^^^^^^^^^^^^^^^^^^^^^^^^^^^^^^^^^^
UnicodeEncodeError: 'charmap' codec can't encode characters in position 36-37: character maps to <undefined>
Call stack:
  File "E:\prog fold\Drunken cookies\real-time-inventory\vm_inventory_updater_fixed.py", line 2606, in <module>
    success = main()
  File "E:\prog fold\Drunken cookies\real-time-inventory\vm_inventory_updater_fixed.py", line 162, in main
    sales_data = fetch_sales_data(clover_creds, shopify_creds, target_date)
  File "E:\prog fold\Drunken cookies\real-time-inventory\vm_inventory_updater_fixed.py", line 537, in fetch_sales_data
    location_sales = fetch_clover_sales(creds, target_date)
  File "E:\prog fold\Drunken cookies\real-time-inventory\vm_inventory_updater_fixed.py", line 904, in 
fetch_clover_sales
    logging.warning(f"ΓÜá∩╕Å   Order {order_info['order_id']}:")
Message: 'ΓÜá∩╕Å   Order D5ZG9P6ZY339T:'
Arguments: ()
--- Logging error ---
Traceback (most recent call last):
  File "C:\Users\banzo\AppData\Local\Programs\Python\Python312\Lib\logging\__init__.py", line 1163, in emit
    stream.write(msg + self.terminator)
  File "C:\Users\banzo\AppData\Local\Programs\Python\Python312\Lib\encodings\cp1252.py", line 19, in encode
    return codecs.charmap_encode(input,self.errors,encoding_table)[0]
           ^^^^^^^^^^^^^^^^^^^^^^^^^^^^^^^^^^^^^^^^^^^^^^^^^^^^^^^
UnicodeEncodeError: 'charmap' codec can't encode characters in position 36-37: character maps to <undefined>
Call stack:
  File "E:\prog fold\Drunken cookies\real-time-inventory\vm_inventory_updater_fixed.py", line 2606, in <module>
    success = main()
  File "E:\prog fold\Drunken cookies\real-time-inventory\vm_inventory_updater_fixed.py", line 162, in main
    sales_data = fetch_sales_data(clover_creds, shopify_creds, target_date)
  File "E:\prog fold\Drunken cookies\real-time-inventory\vm_inventory_updater_fixed.py", line 537, in fetch_sales_data
    location_sales = fetch_clover_sales(creds, target_date)
  File "E:\prog fold\Drunken cookies\real-time-inventory\vm_inventory_updater_fixed.py", line 905, in 
fetch_clover_sales
    logging.warning(f"ΓÜá∩╕Å     UTC time: {order_info['order_time_utc']}")
Message: 'ΓÜá∩╕Å     UTC time: 2026-01-18 19:27:43 UTC'
Arguments: ()
--- Logging error ---
Traceback (most recent call last):
  File "C:\Users\banzo\AppData\Local\Programs\Python\Python312\Lib\logging\__init__.py", line 1163, in emit
    stream.write(msg + self.terminator)
  File "C:\Users\banzo\AppData\Local\Programs\Python\Python312\Lib\encodings\cp1252.py", line 19, in encode
    return codecs.charmap_encode(input,self.errors,encoding_table)[0]
           ^^^^^^^^^^^^^^^^^^^^^^^^^^^^^^^^^^^^^^^^^^^^^^^^^^^^^^^
UnicodeEncodeError: 'charmap' codec can't encode characters in position 36-37: character maps to <undefined>
Call stack:
  File "E:\prog fold\Drunken cookies\real-time-inventory\vm_inventory_updater_fixed.py", line 2606, in <module>
    success = main()
  File "E:\prog fold\Drunken cookies\real-time-inventory\vm_inventory_updater_fixed.py", line 162, in main
    sales_data = fetch_sales_data(clover_creds, shopify_creds, target_date)
  File "E:\prog fold\Drunken cookies\real-time-inventory\vm_inventory_updater_fixed.py", line 537, in fetch_sales_data
    location_sales = fetch_clover_sales(creds, target_date)
  File "E:\prog fold\Drunken cookies\real-time-inventory\vm_inventory_updater_fixed.py", line 906, in 
fetch_clover_sales
    logging.warning(f"ΓÜá∩╕Å     PR time: {order_info['order_time_pr']}")
Message: 'ΓÜá∩╕Å     PR time: 2026-01-18 15:27:43 AST'
Arguments: ()
--- Logging error ---
Traceback (most recent call last):
  File "C:\Users\banzo\AppData\Local\Programs\Python\Python312\Lib\logging\__init__.py", line 1163, in emit
    stream.write(msg + self.terminator)
  File "C:\Users\banzo\AppData\Local\Programs\Python\Python312\Lib\encodings\cp1252.py", line 19, in encode
    return codecs.charmap_encode(input,self.errors,encoding_table)[0]
           ^^^^^^^^^^^^^^^^^^^^^^^^^^^^^^^^^^^^^^^^^^^^^^^^^^^^^^^
UnicodeEncodeError: 'charmap' codec can't encode characters in position 36-37: character maps to <undefined>
Call stack:
  File "E:\prog fold\Drunken cookies\real-time-inventory\vm_inventory_updater_fixed.py", line 2606, in <module>
    success = main()
  File "E:\prog fold\Drunken cookies\real-time-inventory\vm_inventory_updater_fixed.py", line 162, in main
    sales_data = fetch_sales_data(clover_creds, shopify_creds, target_date)
  File "E:\prog fold\Drunken cookies\real-time-inventory\vm_inventory_updater_fixed.py", line 537, in fetch_sales_data
    location_sales = fetch_clover_sales(creds, target_date)
  File "E:\prog fold\Drunken cookies\real-time-inventory\vm_inventory_updater_fixed.py", line 907, in 
fetch_clover_sales
    logging.warning(f"ΓÜá∩╕Å     PR date: {order_info['order_date_pr']} (target: {order_info['target_date']})")
Message: 'ΓÜá∩╕Å     PR date: 2026-01-18 (target: 2026-01-17)'
Arguments: ()
--- Logging error ---
Traceback (most recent call last):
  File "C:\Users\banzo\AppData\Local\Programs\Python\Python312\Lib\logging\__init__.py", line 1163, in emit
    stream.write(msg + self.terminator)
  File "C:\Users\banzo\AppData\Local\Programs\Python\Python312\Lib\encodings\cp1252.py", line 19, in encode
    return codecs.charmap_encode(input,self.errors,encoding_table)[0]
           ^^^^^^^^^^^^^^^^^^^^^^^^^^^^^^^^^^^^^^^^^^^^^^^^^^^^^^^
UnicodeEncodeError: 'charmap' codec can't encode characters in position 36-37: character maps to <undefined>
Call stack:
  File "E:\prog fold\Drunken cookies\real-time-inventory\vm_inventory_updater_fixed.py", line 2606, in <module>
2026-02-16 20:52:19,968 - WARNING - ΓÜá∩╕Å   Order V1NVFVWXPB0S6:
2026-02-16 20:52:19,975 - WARNING - ΓÜá∩╕Å     UTC time: 2026-01-18 19:03:08 UTC
2026-02-16 20:52:19,975 - WARNING - ΓÜá∩╕Å     PR time: 2026-01-18 15:03:08 AST
    success = main()
  File "E:\prog fold\Drunken cookies\real-time-inventory\vm_inventory_updater_fixed.py", line 162, in main
    sales_data = fetch_sales_data(clover_creds, shopify_creds, target_date)
  File "E:\prog fold\Drunken cookies\real-time-inventory\vm_inventory_updater_fixed.py", line 537, in fetch_sales_data
    location_sales = fetch_clover_sales(creds, target_date)
  File "E:\prog fold\Drunken cookies\real-time-inventory\vm_inventory_updater_fixed.py", line 904, in 
fetch_clover_sales
    logging.warning(f"ΓÜá∩╕Å   Order {order_info['order_id']}:")
Message: 'ΓÜá∩╕Å   Order V1NVFVWXPB0S6:'
Arguments: ()
--- Logging error ---
Traceback (most recent call last):
  File "C:\Users\banzo\AppData\Local\Programs\Python\Python312\Lib\logging\__init__.py", line 1163, in emit
    stream.write(msg + self.terminator)
  File "C:\Users\banzo\AppData\Local\Programs\Python\Python312\Lib\encodings\cp1252.py", line 19, in encode
    return codecs.charmap_encode(input,self.errors,encoding_table)[0]
           ^^^^^^^^^^^^^^^^^^^^^^^^^^^^^^^^^^^^^^^^^^^^^^^^^^^^^^^
UnicodeEncodeError: 'charmap' codec can't encode characters in position 36-37: character maps to <undefined>
Call stack:
  File "E:\prog fold\Drunken cookies\real-time-inventory\vm_inventory_updater_fixed.py", line 2606, in <module>
    success = main()
  File "E:\prog fold\Drunken cookies\real-time-inventory\vm_inventory_updater_fixed.py", line 162, in main
    sales_data = fetch_sales_data(clover_creds, shopify_creds, target_date)
  File "E:\prog fold\Drunken cookies\real-time-inventory\vm_inventory_updater_fixed.py", line 537, in fetch_sales_data
    location_sales = fetch_clover_sales(creds, target_date)
  File "E:\prog fold\Drunken cookies\real-time-inventory\vm_inventory_updater_fixed.py", line 905, in 
fetch_clover_sales
    logging.warning(f"ΓÜá∩╕Å     UTC time: {order_info['order_time_utc']}")
Message: 'ΓÜá∩╕Å     UTC time: 2026-01-18 19:03:08 UTC'
Arguments: ()
--- Logging error ---
Traceback (most recent call last):
  File "C:\Users\banzo\AppData\Local\Programs\Python\Python312\Lib\logging\__init__.py", line 1163, in emit
    stream.write(msg + self.terminator)
  File "C:\Users\banzo\AppData\Local\Programs\Python\Python312\Lib\encodings\cp1252.py", line 19, in encode
    return codecs.charmap_encode(input,self.errors,encoding_table)[0]
           ^^^^^^^^^^^^^^^^^^^^^^^^^^^^^^^^^^^^^^^^^^^^^^^^^^^^^^^
UnicodeEncodeError: 'charmap' codec can't encode characters in position 36-37: character maps to <undefined>
Call stack:
  File "E:\prog fold\Drunken cookies\real-time-inventory\vm_inventory_updater_fixed.py", line 2606, in <module>
    success = main()
  File "E:\prog fold\Drunken cookies\real-time-inventory\vm_inventory_updater_fixed.py", line 162, in main
    sales_data = fetch_sales_data(clover_creds, shopify_creds, target_date)
  File "E:\prog fold\Drunken cookies\real-time-inventory\vm_inventory_updater_fixed.py", line 537, in fetch_sales_data
    location_sales = fetch_clover_sales(creds, target_date)
  File "E:\prog fold\Drunken cookies\real-time-inventory\vm_inventory_updater_fixed.py", line 906, in 
fetch_clover_sales
    logging.warning(f"ΓÜá∩╕Å     PR time: {order_info['order_time_pr']}")
Message: 'ΓÜá∩╕Å     PR time: 2026-01-18 15:03:08 AST'
Arguments: ()
--- Logging error ---
Traceback (most recent call last):
  File "C:\Users\banzo\AppData\Local\Programs\Python\Python312\Lib\logging\__init__.py", line 1163, in emit
    stream.write(msg + self.terminator)
  File "C:\Users\banzo\AppData\Local\Programs\Python\Python312\Lib\encodings\cp1252.py", line 19, in encode
    return codecs.charmap_encode(input,self.errors,encoding_table)[0]
           ^^^^^^^^^^^^^^^^^^^^^^^^^^^^^^^^^^^^^^^^^^^^^^^^^^^^^^^
UnicodeEncodeError: 'charmap' codec can't encode characters in position 36-37: character maps to <undefined>
Call stack:
  File "E:\prog fold\Drunken cookies\real-time-inventory\vm_inventory_updater_fixed.py", line 2606, in <module>
    success = main()
  File "E:\prog fold\Drunken cookies\real-time-inventory\vm_inventory_updater_fixed.py", line 162, in main
    sales_data = fetch_sales_data(clover_creds, shopify_creds, target_date)
  File "E:\prog fold\Drunken cookies\real-time-inventory\vm_inventory_updater_fixed.py", line 537, in fetch_sales_data
    location_sales = fetch_clover_sales(creds, target_date)
  File "E:\prog fold\Drunken cookies\real-time-inventory\vm_inventory_updater_fixed.py", line 907, in 
fetch_clover_sales
2026-02-16 20:52:19,976 - WARNING - ΓÜá∩╕Å     PR date: 2026-01-18 (target: 2026-01-17)
2026-02-16 20:52:19,984 - WARNING - ΓÜá∩╕Å   Order ZHNFEV8FQZF0W:
2026-02-16 20:52:19,985 - WARNING - ΓÜá∩╕Å     UTC time: 2026-01-18 17:36:27 UTC
2026-02-16 20:52:19,985 - WARNING - ΓÜá∩╕Å     PR time: 2026-01-18 13:36:27 AST
2026-02-16 20:52:19,990 - WARNING - ΓÜá∩╕Å     PR date: 2026-01-18 (target: 2026-01-17)
    logging.warning(f"ΓÜá∩╕Å     PR date: {order_info['order_date_pr']} (target: {order_info['target_date']})")
Message: 'ΓÜá∩╕Å     PR date: 2026-01-18 (target: 2026-01-17)'
Arguments: ()
--- Logging error ---
Traceback (most recent call last):
  File "C:\Users\banzo\AppData\Local\Programs\Python\Python312\Lib\logging\__init__.py", line 1163, in emit
    stream.write(msg + self.terminator)
  File "C:\Users\banzo\AppData\Local\Programs\Python\Python312\Lib\encodings\cp1252.py", line 19, in encode
    return codecs.charmap_encode(input,self.errors,encoding_table)[0]
           ^^^^^^^^^^^^^^^^^^^^^^^^^^^^^^^^^^^^^^^^^^^^^^^^^^^^^^^
UnicodeEncodeError: 'charmap' codec can't encode characters in position 36-37: character maps to <undefined>
Call stack:
  File "E:\prog fold\Drunken cookies\real-time-inventory\vm_inventory_updater_fixed.py", line 2606, in <module>
    success = main()
  File "E:\prog fold\Drunken cookies\real-time-inventory\vm_inventory_updater_fixed.py", line 162, in main
2026-02-16 20:52:19,991 - WARNING - ΓÜá∩╕Å   Order F7D4G4YY9G9BE:
    sales_data = fetch_sales_data(clover_creds, shopify_creds, target_date)
  File "E:\prog fold\Drunken cookies\real-time-inventory\vm_inventory_updater_fixed.py", line 537, in fetch_sales_data
    location_sales = fetch_clover_sales(creds, target_date)
  File "E:\prog fold\Drunken cookies\real-time-inventory\vm_inventory_updater_fixed.py", line 904, in 
fetch_clover_sales
    logging.warning(f"ΓÜá∩╕Å   Order {order_info['order_id']}:")
Message: 'ΓÜá∩╕Å   Order ZHNFEV8FQZF0W:'
Arguments: ()
--- Logging error ---
Traceback (most recent call last):
  File "C:\Users\banzo\AppData\Local\Programs\Python\Python312\Lib\logging\__init__.py", line 1163, in emit
    stream.write(msg + self.terminator)
  File "C:\Users\banzo\AppData\Local\Programs\Python\Python312\Lib\encodings\cp1252.py", line 19, in encode
    return codecs.charmap_encode(input,self.errors,encoding_table)[0]
           ^^^^^^^^^^^^^^^^^^^^^^^^^^^^^^^^^^^^^^^^^^^^^^^^^^^^^^^
UnicodeEncodeError: 'charmap' codec can't encode characters in position 36-37: character maps to <undefined>
Call stack:
  File "E:\prog fold\Drunken cookies\real-time-inventory\vm_inventory_updater_fixed.py", line 2606, in <module>
    success = main()
  File "E:\prog fold\Drunken cookies\real-time-inventory\vm_inventory_updater_fixed.py", line 162, in main
    sales_data = fetch_sales_data(clover_creds, shopify_creds, target_date)
  File "E:\prog fold\Drunken cookies\real-time-inventory\vm_inventory_updater_fixed.py", line 537, in fetch_sales_data
    location_sales = fetch_clover_sales(creds, target_date)
  File "E:\prog fold\Drunken cookies\real-time-inventory\vm_inventory_updater_fixed.py", line 905, in 
fetch_clover_sales
    logging.warning(f"ΓÜá∩╕Å     UTC time: {order_info['order_time_utc']}")
Message: 'ΓÜá∩╕Å     UTC time: 2026-01-18 17:36:27 UTC'
Arguments: ()
--- Logging error ---
Traceback (most recent call last):
  File "C:\Users\banzo\AppData\Local\Programs\Python\Python312\Lib\logging\__init__.py", line 1163, in emit
    stream.write(msg + self.terminator)
  File "C:\Users\banzo\AppData\Local\Programs\Python\Python312\Lib\encodings\cp1252.py", line 19, in encode
    return codecs.charmap_encode(input,self.errors,encoding_table)[0]
           ^^^^^^^^^^^^^^^^^^^^^^^^^^^^^^^^^^^^^^^^^^^^^^^^^^^^^^^
UnicodeEncodeError: 'charmap' codec can't encode characters in position 36-37: character maps to <undefined>
Call stack:
  File "E:\prog fold\Drunken cookies\real-time-inventory\vm_inventory_updater_fixed.py", line 2606, in <module>
    success = main()
  File "E:\prog fold\Drunken cookies\real-time-inventory\vm_inventory_updater_fixed.py", line 162, in main
    sales_data = fetch_sales_data(clover_creds, shopify_creds, target_date)
  File "E:\prog fold\Drunken cookies\real-time-inventory\vm_inventory_updater_fixed.py", line 537, in fetch_sales_data
    location_sales = fetch_clover_sales(creds, target_date)
  File "E:\prog fold\Drunken cookies\real-time-inventory\vm_inventory_updater_fixed.py", line 906, in 
fetch_clover_sales
    logging.warning(f"ΓÜá∩╕Å     PR time: {order_info['order_time_pr']}")
Message: 'ΓÜá∩╕Å     PR time: 2026-01-18 13:36:27 AST'
Arguments: ()
--- Logging error ---
Traceback (most recent call last):
  File "C:\Users\banzo\AppData\Local\Programs\Python\Python312\Lib\logging\__init__.py", line 1163, in emit
    stream.write(msg + self.terminator)
  File "C:\Users\banzo\AppData\Local\Programs\Python\Python312\Lib\encodings\cp1252.py", line 19, in encode
    return codecs.charmap_encode(input,self.errors,encoding_table)[0]
           ^^^^^^^^^^^^^^^^^^^^^^^^^^^^^^^^^^^^^^^^^^^^^^^^^^^^^^^
UnicodeEncodeError: 'charmap' codec can't encode characters in position 36-37: character maps to <undefined>
Call stack:
  File "E:\prog fold\Drunken cookies\real-time-inventory\vm_inventory_updater_fixed.py", line 2606, in <module>
    success = main()
  File "E:\prog fold\Drunken cookies\real-time-inventory\vm_inventory_updater_fixed.py", line 162, in main
    sales_data = fetch_sales_data(clover_creds, shopify_creds, target_date)
  File "E:\prog fold\Drunken cookies\real-time-inventory\vm_inventory_updater_fixed.py", line 537, in fetch_sales_data
    location_sales = fetch_clover_sales(creds, target_date)
  File "E:\prog fold\Drunken cookies\real-time-inventory\vm_inventory_updater_fixed.py", line 907, in 
fetch_clover_sales
    logging.warning(f"ΓÜá∩╕Å     PR date: {order_info['order_date_pr']} (target: {order_info['target_date']})")
Message: 'ΓÜá∩╕Å     PR date: 2026-01-18 (target: 2026-01-17)'
Arguments: ()
--- Logging error ---
Traceback (most recent call last):
  File "C:\Users\banzo\AppData\Local\Programs\Python\Python312\Lib\logging\__init__.py", line 1163, in emit
    stream.write(msg + self.terminator)
  File "C:\Users\banzo\AppData\Local\Programs\Python\Python312\Lib\encodings\cp1252.py", line 19, in encode
    return codecs.charmap_encode(input,self.errors,encoding_table)[0]
           ^^^^^^^^^^^^^^^^^^^^^^^^^^^^^^^^^^^^^^^^^^^^^^^^^^^^^^^
UnicodeEncodeError: 'charmap' codec can't encode characters in position 36-37: character maps to <undefined>
Call stack:
  File "E:\prog fold\Drunken cookies\real-time-inventory\vm_inventory_updater_fixed.py", line 2606, in <module>
    success = main()
  File "E:\prog fold\Drunken cookies\real-time-inventory\vm_inventory_updater_fixed.py", line 162, in main
    sales_data = fetch_sales_data(clover_creds, shopify_creds, target_date)
  File "E:\prog fold\Drunken cookies\real-time-inventory\vm_inventory_updater_fixed.py", line 537, in fetch_sales_data
    location_sales = fetch_clover_sales(creds, target_date)
  File "E:\prog fold\Drunken cookies\real-time-inventory\vm_inventory_updater_fixed.py", line 904, in 
fetch_clover_sales
    logging.warning(f"ΓÜá∩╕Å   Order {order_info['order_id']}:")
Message: 'ΓÜá∩╕Å   Order F7D4G4YY9G9BE:'
Arguments: ()
--- Logging error ---
Traceback (most recent call last):
  File "C:\Users\banzo\AppData\Local\Programs\Python\Python312\Lib\logging\__init__.py", line 1163, in emit
    stream.write(msg + self.terminator)
  File "C:\Users\banzo\AppData\Local\Programs\Python\Python312\Lib\encodings\cp1252.py", line 19, in encode
    return codecs.charmap_encode(input,self.errors,encoding_table)[0]
           ^^^^^^^^^^^^^^^^^^^^^^^^^^^^^^^^^^^^^^^^^^^^^^^^^^^^^^^
UnicodeEncodeError: 'charmap' codec can't encode characters in position 36-37: character maps to <undefined>
Call stack:
  File "E:\prog fold\Drunken cookies\real-time-inventory\vm_inventory_updater_fixed.py", line 2606, in <module>
    success = main()
  File "E:\prog fold\Drunken cookies\real-time-inventory\vm_inventory_updater_fixed.py", line 162, in main
    sales_data = fetch_sales_data(clover_creds, shopify_creds, target_date)
2026-02-16 20:52:19,991 - WARNING - ΓÜá∩╕Å     UTC time: 2026-01-18 15:11:06 UTC
2026-02-16 20:52:19,998 - WARNING - ΓÜá∩╕Å     PR time: 2026-01-18 11:11:06 AST
2026-02-16 20:52:19,999 - WARNING - ΓÜá∩╕Å     PR date: 2026-01-18 (target: 2026-01-17)
2026-02-16 20:52:19,999 - INFO - ≡ƒì¬ Found cookie: *C* Cookies & Cream Γÿå (quantity: 1)
  File "E:\prog fold\Drunken cookies\real-time-inventory\vm_inventory_updater_fixed.py", line 537, in fetch_sales_data
    location_sales = fetch_clover_sales(creds, target_date)
  File "E:\prog fold\Drunken cookies\real-time-inventory\vm_inventory_updater_fixed.py", line 905, in 
fetch_clover_sales
    logging.warning(f"ΓÜá∩╕Å     UTC time: {order_info['order_time_utc']}")
Message: 'ΓÜá∩╕Å     UTC time: 2026-01-18 15:11:06 UTC'
Arguments: ()
--- Logging error ---
Traceback (most recent call last):
  File "C:\Users\banzo\AppData\Local\Programs\Python\Python312\Lib\logging\__init__.py", line 1163, in emit
    stream.write(msg + self.terminator)
  File "C:\Users\banzo\AppData\Local\Programs\Python\Python312\Lib\encodings\cp1252.py", line 19, in encode
    return codecs.charmap_encode(input,self.errors,encoding_table)[0]
           ^^^^^^^^^^^^^^^^^^^^^^^^^^^^^^^^^^^^^^^^^^^^^^^^^^^^^^^
UnicodeEncodeError: 'charmap' codec can't encode characters in position 36-37: character maps to <undefined>
Call stack:
  File "E:\prog fold\Drunken cookies\real-time-inventory\vm_inventory_updater_fixed.py", line 2606, in <module>
    success = main()
  File "E:\prog fold\Drunken cookies\real-time-inventory\vm_inventory_updater_fixed.py", line 162, in main
    sales_data = fetch_sales_data(clover_creds, shopify_creds, target_date)
  File "E:\prog fold\Drunken cookies\real-time-inventory\vm_inventory_updater_fixed.py", line 537, in fetch_sales_data
    location_sales = fetch_clover_sales(creds, target_date)
  File "E:\prog fold\Drunken cookies\real-time-inventory\vm_inventory_updater_fixed.py", line 906, in 
fetch_clover_sales
    logging.warning(f"ΓÜá∩╕Å     PR time: {order_info['order_time_pr']}")
Message: 'ΓÜá∩╕Å     PR time: 2026-01-18 11:11:06 AST'
Arguments: ()
--- Logging error ---
Traceback (most recent call last):
  File "C:\Users\banzo\AppData\Local\Programs\Python\Python312\Lib\logging\__init__.py", line 1163, in emit
    stream.write(msg + self.terminator)
  File "C:\Users\banzo\AppData\Local\Programs\Python\Python312\Lib\encodings\cp1252.py", line 19, in encode
    return codecs.charmap_encode(input,self.errors,encoding_table)[0]
           ^^^^^^^^^^^^^^^^^^^^^^^^^^^^^^^^^^^^^^^^^^^^^^^^^^^^^^^
UnicodeEncodeError: 'charmap' codec can't encode characters in position 36-37: character maps to <undefined>
Call stack:
  File "E:\prog fold\Drunken cookies\real-time-inventory\vm_inventory_updater_fixed.py", line 2606, in <module>
    success = main()
  File "E:\prog fold\Drunken cookies\real-time-inventory\vm_inventory_updater_fixed.py", line 162, in main
    sales_data = fetch_sales_data(clover_creds, shopify_creds, target_date)
  File "E:\prog fold\Drunken cookies\real-time-inventory\vm_inventory_updater_fixed.py", line 537, in fetch_sales_data
    location_sales = fetch_clover_sales(creds, target_date)
  File "E:\prog fold\Drunken cookies\real-time-inventory\vm_inventory_updater_fixed.py", line 907, in 
fetch_clover_sales
    logging.warning(f"ΓÜá∩╕Å     PR date: {order_info['order_date_pr']} (target: {order_info['target_date']})")
Message: 'ΓÜá∩╕Å     PR date: 2026-01-18 (target: 2026-01-17)'
Arguments: ()
--- Logging error ---
Traceback (most recent call last):
  File "C:\Users\banzo\AppData\Local\Programs\Python\Python312\Lib\logging\__init__.py", line 1163, in emit
    stream.write(msg + self.terminator)
  File "C:\Users\banzo\AppData\Local\Programs\Python\Python312\Lib\encodings\cp1252.py", line 19, in encode
    return codecs.charmap_encode(input,self.errors,encoding_table)[0]
           ^^^^^^^^^^^^^^^^^^^^^^^^^^^^^^^^^^^^^^^^^^^^^^^^^^^^^^^
UnicodeEncodeError: 'charmap' codec can't encode character '\U0001f36a' in position 33: character maps to <undefined>
Call stack:
  File "E:\prog fold\Drunken cookies\real-time-inventory\vm_inventory_updater_fixed.py", line 2606, in <module>
    success = main()
  File "E:\prog fold\Drunken cookies\real-time-inventory\vm_inventory_updater_fixed.py", line 162, in main
    sales_data = fetch_sales_data(clover_creds, shopify_creds, target_date)
  File "E:\prog fold\Drunken cookies\real-time-inventory\vm_inventory_updater_fixed.py", line 537, in fetch_sales_data
    location_sales = fetch_clover_sales(creds, target_date)
  File "E:\prog fold\Drunken cookies\real-time-inventory\vm_inventory_updater_fixed.py", line 1106, in 
fetch_clover_sales
    logging.info(f"≡ƒì¬ Found cookie: {item_name} (quantity: {quantity})")
Message: '≡ƒì¬ Found cookie: *C* Cookies & Cream Γÿå (quantity: 1)'
Arguments: ()
--- Logging error ---
Traceback (most recent call last):
  File "C:\Users\banzo\AppData\Local\Programs\Python\Python312\Lib\logging\__init__.py", line 1163, in emit
2026-02-16 20:52:20,004 - INFO - ≡ƒì¬ Found cookie: *K* Turr├│n (quantity: 1)
2026-02-16 20:52:20,005 - INFO - ≡ƒº¬ Skipping test item: ***PICK Mini Shots
2026-02-16 20:52:20,007 - INFO - ≡ƒôè Cookie sales for Montehiedra: {'C - Cookies & Cream': 1, 'Turron': 1}
    stream.write(msg + self.terminator)
  File "C:\Users\banzo\AppData\Local\Programs\Python\Python312\Lib\encodings\cp1252.py", line 19, in encode
    return codecs.charmap_encode(input,self.errors,encoding_table)[0]
           ^^^^^^^^^^^^^^^^^^^^^^^^^^^^^^^^^^^^^^^^^^^^^^^^^^^^^^^
UnicodeEncodeError: 'charmap' codec can't encode character '\U0001f36a' in position 33: character maps to <undefined>
Call stack:
  File "E:\prog fold\Drunken cookies\real-time-inventory\vm_inventory_updater_fixed.py", line 2606, in <module>
    success = main()
  File "E:\prog fold\Drunken cookies\real-time-inventory\vm_inventory_updater_fixed.py", line 162, in main
    sales_data = fetch_sales_data(clover_creds, shopify_creds, target_date)
  File "E:\prog fold\Drunken cookies\real-time-inventory\vm_inventory_updater_fixed.py", line 537, in fetch_sales_data
    location_sales = fetch_clover_sales(creds, target_date)
  File "E:\prog fold\Drunken cookies\real-time-inventory\vm_inventory_updater_fixed.py", line 1106, in 
fetch_clover_sales
    logging.info(f"≡ƒì¬ Found cookie: {item_name} (quantity: {quantity})")
Message: '≡ƒì¬ Found cookie: *K* Turr├│n (quantity: 1)'
Arguments: ()
--- Logging error ---
Traceback (most recent call last):
  File "C:\Users\banzo\AppData\Local\Programs\Python\Python312\Lib\logging\__init__.py", line 1163, in emit
    stream.write(msg + self.terminator)
  File "C:\Users\banzo\AppData\Local\Programs\Python\Python312\Lib\encodings\cp1252.py", line 19, in encode
    return codecs.charmap_encode(input,self.errors,encoding_table)[0]
           ^^^^^^^^^^^^^^^^^^^^^^^^^^^^^^^^^^^^^^^^^^^^^^^^^^^^^^^
UnicodeEncodeError: 'charmap' codec can't encode character '\U0001f9ea' in position 33: character maps to <undefined>
Call stack:
  File "E:\prog fold\Drunken cookies\real-time-inventory\vm_inventory_updater_fixed.py", line 2606, in <module>
    success = main()
  File "E:\prog fold\Drunken cookies\real-time-inventory\vm_inventory_updater_fixed.py", line 162, in main
    sales_data = fetch_sales_data(clover_creds, shopify_creds, target_date)
  File "E:\prog fold\Drunken cookies\real-time-inventory\vm_inventory_updater_fixed.py", line 537, in fetch_sales_data
    location_sales = fetch_clover_sales(creds, target_date)
  File "E:\prog fold\Drunken cookies\real-time-inventory\vm_inventory_updater_fixed.py", line 1020, in 
fetch_clover_sales
    logging.info(f"≡ƒº¬ Skipping test item: {item_name}")
Message: '≡ƒº¬ Skipping test item: ***PICK Mini Shots'
Arguments: ()
--- Logging error ---
Traceback (most recent call last):
  File "C:\Users\banzo\AppData\Local\Programs\Python\Python312\Lib\logging\__init__.py", line 1163, in emit
    stream.write(msg + self.terminator)
  File "C:\Users\banzo\AppData\Local\Programs\Python\Python312\Lib\encodings\cp1252.py", line 19, in encode
    return codecs.charmap_encode(input,self.errors,encoding_table)[0]
           ^^^^^^^^^^^^^^^^^^^^^^^^^^^^^^^^^^^^^^^^^^^^^^^^^^^^^^^
UnicodeEncodeError: 'charmap' codec can't encode character '\U0001f4ca' in position 33: character maps to <undefined>
Call stack:
  File "E:\prog fold\Drunken cookies\real-time-inventory\vm_inventory_updater_fixed.py", line 2606, in <module>
    success = main()
  File "E:\prog fold\Drunken cookies\real-time-inventory\vm_inventory_updater_fixed.py", line 162, in main
    sales_data = fetch_sales_data(clover_creds, shopify_creds, target_date)
  File "E:\prog fold\Drunken cookies\real-time-inventory\vm_inventory_updater_fixed.py", line 537, in fetch_sales_data
    location_sales = fetch_clover_sales(creds, target_date)
  File "E:\prog fold\Drunken cookies\real-time-inventory\vm_inventory_updater_fixed.py", line 1172, in 
fetch_clover_sales
    logging.info(f"≡ƒôè Cookie sales for {creds.get('name', 'Unknown')}: {consolidated_sales}")
Message: "≡ƒôè Cookie sales for Montehiedra: {'C - Cookies & Cream': 1, 'Turron': 1}"
Arguments: ()
--- Logging error ---
Traceback (most recent call last):
  File "C:\Users\banzo\AppData\Local\Programs\Python\Python312\Lib\logging\__init__.py", line 1163, in emit
    stream.write(msg + self.terminator)
  File "C:\Users\banzo\AppData\Local\Programs\Python\Python312\Lib\encodings\cp1252.py", line 19, in encode
    return codecs.charmap_encode(input,self.errors,encoding_table)[0]
           ^^^^^^^^^^^^^^^^^^^^^^^^^^^^^^^^^^^^^^^^^^^^^^^^^^^^^^^
UnicodeEncodeError: 'charmap' codec can't encode character '\u2705' in position 33: character maps to <undefined>
Call stack:
  File "E:\prog fold\Drunken cookies\real-time-inventory\vm_inventory_updater_fixed.py", line 2606, in <module>
    success = main()
  File "E:\prog fold\Drunken cookies\real-time-inventory\vm_inventory_updater_fixed.py", line 162, in main
    sales_data = fetch_sales_data(clover_creds, shopify_creds, target_date)
  File "E:\prog fold\Drunken cookies\real-time-inventory\vm_inventory_updater_fixed.py", line 540, in fetch_sales_data
    logging.info(f"Γ£à Clover data for {location}: {len(location_sales)} items")
Message: 'Γ£à Clover data for Montehiedra: 2 items'
Arguments: ()
--- Logging error ---
Traceback (most recent call last):
  File "C:\Users\banzo\AppData\Local\Programs\Python\Python312\Lib\logging\__init__.py", line 1163, in emit
    stream.write(msg + self.terminator)
  File "C:\Users\banzo\AppData\Local\Programs\Python\Python312\Lib\encodings\cp1252.py", line 19, in encode
    return codecs.charmap_encode(input,self.errors,encoding_table)[0]
           ^^^^^^^^^^^^^^^^^^^^^^^^^^^^^^^^^^^^^^^^^^^^^^^^^^^^^^^
UnicodeEncodeError: 'charmap' codec can't encode character '\U0001f4e1' in position 33: character maps to <undefined>
Call stack:
  File "E:\prog fold\Drunken cookies\real-time-inventory\vm_inventory_updater_fixed.py", line 2606, in <module>
    success = main()
  File "E:\prog fold\Drunken cookies\real-time-inventory\vm_inventory_updater_fixed.py", line 162, in main
    sales_data = fetch_sales_data(clover_creds, shopify_creds, target_date)
  File "E:\prog fold\Drunken cookies\real-time-inventory\vm_inventory_updater_fixed.py", line 531, in fetch_sales_data
    logging.info(f"≡ƒôí Fetching Clover data for {location}...")
Message: '≡ƒôí Fetching Clover data for Plaza Carolina...'
Arguments: ()
--- Logging error ---
Traceback (most recent call last):
2026-02-16 20:52:20,015 - INFO - Γ£à Clover data for Montehiedra: 2 items
2026-02-16 20:52:20,015 - INFO - ≡ƒôí Fetching Clover data for Plaza Carolina...
2026-02-16 20:52:20,016 - INFO - ≡ƒöä Fetching Clover sales for Plaza Carolina...
2026-02-16 20:52:20,017 - INFO - ≡ƒöì Testing connectivity to Clover API...
  File "C:\Users\banzo\AppData\Local\Programs\Python\Python312\Lib\logging\__init__.py", line 1163, in emit
    stream.write(msg + self.terminator)
  File "C:\Users\banzo\AppData\Local\Programs\Python\Python312\Lib\encodings\cp1252.py", line 19, in encode
    return codecs.charmap_encode(input,self.errors,encoding_table)[0]
           ^^^^^^^^^^^^^^^^^^^^^^^^^^^^^^^^^^^^^^^^^^^^^^^^^^^^^^^
UnicodeEncodeError: 'charmap' codec can't encode character '\U0001f504' in position 33: character maps to <undefined>
Call stack:
  File "E:\prog fold\Drunken cookies\real-time-inventory\vm_inventory_updater_fixed.py", line 2606, in <module>
    success = main()
  File "E:\prog fold\Drunken cookies\real-time-inventory\vm_inventory_updater_fixed.py", line 162, in main
    sales_data = fetch_sales_data(clover_creds, shopify_creds, target_date)
  File "E:\prog fold\Drunken cookies\real-time-inventory\vm_inventory_updater_fixed.py", line 537, in fetch_sales_data
    location_sales = fetch_clover_sales(creds, target_date)
  File "E:\prog fold\Drunken cookies\real-time-inventory\vm_inventory_updater_fixed.py", line 674, in 
fetch_clover_sales
    logging.info(f"≡ƒöä Fetching Clover sales for {creds.get('name', 'Unknown')}...")
Message: '≡ƒöä Fetching Clover sales for Plaza Carolina...'
Arguments: ()
--- Logging error ---
Traceback (most recent call last):
  File "C:\Users\banzo\AppData\Local\Programs\Python\Python312\Lib\logging\__init__.py", line 1163, in emit
    stream.write(msg + self.terminator)
  File "C:\Users\banzo\AppData\Local\Programs\Python\Python312\Lib\encodings\cp1252.py", line 19, in encode
    return codecs.charmap_encode(input,self.errors,encoding_table)[0]
           ^^^^^^^^^^^^^^^^^^^^^^^^^^^^^^^^^^^^^^^^^^^^^^^^^^^^^^^
UnicodeEncodeError: 'charmap' codec can't encode character '\U0001f50d' in position 33: character maps to <undefined>
Call stack:
  File "E:\prog fold\Drunken cookies\real-time-inventory\vm_inventory_updater_fixed.py", line 2606, in <module>
    success = main()
  File "E:\prog fold\Drunken cookies\real-time-inventory\vm_inventory_updater_fixed.py", line 162, in main
    sales_data = fetch_sales_data(clover_creds, shopify_creds, target_date)
  File "E:\prog fold\Drunken cookies\real-time-inventory\vm_inventory_updater_fixed.py", line 537, in fetch_sales_data
    location_sales = fetch_clover_sales(creds, target_date)
  File "E:\prog fold\Drunken cookies\real-time-inventory\vm_inventory_updater_fixed.py", line 686, in 
fetch_clover_sales
    if not test_clover_connectivity(merchant_id, token):
  File "E:\prog fold\Drunken cookies\real-time-inventory\vm_inventory_updater_fixed.py", line 568, in 
test_clover_connectivity
    logging.info(f"≡ƒöì Testing connectivity to Clover API...")
Message: '≡ƒöì Testing connectivity to Clover API...'
Arguments: ()
--- Logging error ---
Traceback (most recent call last):
  File "C:\Users\banzo\AppData\Local\Programs\Python\Python312\Lib\logging\__init__.py", line 1163, in emit
    stream.write(msg + self.terminator)
  File "C:\Users\banzo\AppData\Local\Programs\Python\Python312\Lib\encodings\cp1252.py", line 19, in encode
    return codecs.charmap_encode(input,self.errors,encoding_table)[0]
           ^^^^^^^^^^^^^^^^^^^^^^^^^^^^^^^^^^^^^^^^^^^^^^^^^^^^^^^
UnicodeEncodeError: 'charmap' codec can't encode character '\u2705' in position 33: character maps to <undefined>
Call stack:
  File "E:\prog fold\Drunken cookies\real-time-inventory\vm_inventory_updater_fixed.py", line 2606, in <module>
    success = main()
  File "E:\prog fold\Drunken cookies\real-time-inventory\vm_inventory_updater_fixed.py", line 162, in main
    sales_data = fetch_sales_data(clover_creds, shopify_creds, target_date)
  File "E:\prog fold\Drunken cookies\real-time-inventory\vm_inventory_updater_fixed.py", line 537, in fetch_sales_data
    location_sales = fetch_clover_sales(creds, target_date)
  File "E:\prog fold\Drunken cookies\real-time-inventory\vm_inventory_updater_fixed.py", line 686, in 
fetch_clover_sales
    if not test_clover_connectivity(merchant_id, token):
  File "E:\prog fold\Drunken cookies\real-time-inventory\vm_inventory_updater_fixed.py", line 572, in 
test_clover_connectivity
    logging.info(f"Γ£à Clover API connectivity test successful")
Message: 'Γ£à Clover API connectivity test successful'
Arguments: ()
2026-02-16 20:52:21,198 - INFO - Γ£à Clover API connectivity test successful
--- Logging error ---
Traceback (most recent call last):
  File "C:\Users\banzo\AppData\Local\Programs\Python\Python312\Lib\logging\__init__.py", line 1163, in emit
    stream.write(msg + self.terminator)
  File "C:\Users\banzo\AppData\Local\Programs\Python\Python312\Lib\encodings\cp1252.py", line 19, in encode
    return codecs.charmap_encode(input,self.errors,encoding_table)[0]
           ^^^^^^^^^^^^^^^^^^^^^^^^^^^^^^^^^^^^^^^^^^^^^^^^^^^^^^^
UnicodeEncodeError: 'charmap' codec can't encode character '\U0001f4c5' in position 33: character maps to <undefined>
Call stack:
  File "E:\prog fold\Drunken cookies\real-time-inventory\vm_inventory_updater_fixed.py", line 2606, in <module>
    success = main()
  File "E:\prog fold\Drunken cookies\real-time-inventory\vm_inventory_updater_fixed.py", line 162, in main
    sales_data = fetch_sales_data(clover_creds, shopify_creds, target_date)
  File "E:\prog fold\Drunken cookies\real-time-inventory\vm_inventory_updater_fixed.py", line 537, in fetch_sales_data
    location_sales = fetch_clover_sales(creds, target_date)
  File "E:\prog fold\Drunken cookies\real-time-inventory\vm_inventory_updater_fixed.py", line 695, in 
fetch_clover_sales
    logging.info(f"≡ƒôà Using provided target date: {target_date.strftime('%Y-%m-%d')}")
Message: '≡ƒôà Using provided target date: 2026-01-17'
Arguments: ()
2026-02-16 20:52:21,202 - INFO - ≡ƒôà Using provided target date: 2026-01-17
--- Logging error ---
Traceback (most recent call last):
  File "C:\Users\banzo\AppData\Local\Programs\Python\Python312\Lib\logging\__init__.py", line 1163, in emit
    stream.write(msg + self.terminator)
  File "C:\Users\banzo\AppData\Local\Programs\Python\Python312\Lib\encodings\cp1252.py", line 19, in encode
    return codecs.charmap_encode(input,self.errors,encoding_table)[0]
           ^^^^^^^^^^^^^^^^^^^^^^^^^^^^^^^^^^^^^^^^^^^^^^^^^^^^^^^
UnicodeEncodeError: 'charmap' codec can't encode character '\U0001f4e1' in position 33: character maps to <undefined>
Call stack:
  File "E:\prog fold\Drunken cookies\real-time-inventory\vm_inventory_updater_fixed.py", line 2606, in <module>
    success = main()
  File "E:\prog fold\Drunken cookies\real-time-inventory\vm_inventory_updater_fixed.py", line 162, in main
    sales_data = fetch_sales_data(clover_creds, shopify_creds, target_date)
  File "E:\prog fold\Drunken cookies\real-time-inventory\vm_inventory_updater_fixed.py", line 537, in fetch_sales_data
    location_sales = fetch_clover_sales(creds, target_date)
  File "E:\prog fold\Drunken cookies\real-time-inventory\vm_inventory_updater_fixed.py", line 749, in 
fetch_clover_sales
    logging.info(f"≡ƒôí Fetching orders from {start_time} to {end_time}")
Message: '≡ƒôí Fetching orders from 2026-01-17 00:00:00-04:00 to 2026-01-17 23:59:59.999999-04:00'
Arguments: ()
2026-02-16 20:52:21,203 - INFO - ≡ƒôí Fetching orders from 2026-01-17 00:00:00-04:00 to 2026-01-17 23:59:59.999999-04:00
--- Logging error ---
Traceback (most recent call last):
  File "C:\Users\banzo\AppData\Local\Programs\Python\Python312\Lib\logging\__init__.py", line 1163, in emit
    stream.write(msg + self.terminator)
  File "C:\Users\banzo\AppData\Local\Programs\Python\Python312\Lib\encodings\cp1252.py", line 19, in encode
    return codecs.charmap_encode(input,self.errors,encoding_table)[0]
           ^^^^^^^^^^^^^^^^^^^^^^^^^^^^^^^^^^^^^^^^^^^^^^^^^^^^^^^
UnicodeEncodeError: 'charmap' codec can't encode character '\U0001f4e1' in position 33: character maps to <undefined>
Call stack:
  File "E:\prog fold\Drunken cookies\real-time-inventory\vm_inventory_updater_fixed.py", line 2606, in <module>
    success = main()
  File "E:\prog fold\Drunken cookies\real-time-inventory\vm_inventory_updater_fixed.py", line 162, in main
    sales_data = fetch_sales_data(clover_creds, shopify_creds, target_date)
  File "E:\prog fold\Drunken cookies\real-time-inventory\vm_inventory_updater_fixed.py", line 537, in fetch_sales_data
    location_sales = fetch_clover_sales(creds, target_date)
  File "E:\prog fold\Drunken cookies\real-time-inventory\vm_inventory_updater_fixed.py", line 750, in 
fetch_clover_sales
    logging.info(f"≡ƒôí Date range: {start_ms} to {end_ms} (milliseconds)")
Message: '≡ƒôí Date range: 1768622400000 to 1768708799999 (milliseconds)'
Arguments: ()
2026-02-16 20:52:21,204 - INFO - ≡ƒôí Date range: 1768622400000 to 1768708799999 (milliseconds)
--- Logging error ---
Traceback (most recent call last):
  File "C:\Users\banzo\AppData\Local\Programs\Python\Python312\Lib\logging\__init__.py", line 1163, in emit
    stream.write(msg + self.terminator)
  File "C:\Users\banzo\AppData\Local\Programs\Python\Python312\Lib\encodings\cp1252.py", line 19, in encode
    return codecs.charmap_encode(input,self.errors,encoding_table)[0]
           ^^^^^^^^^^^^^^^^^^^^^^^^^^^^^^^^^^^^^^^^^^^^^^^^^^^^^^^
UnicodeEncodeError: 'charmap' codec can't encode character '\U0001f504' in position 33: character maps to <undefined>
Call stack:
  File "E:\prog fold\Drunken cookies\real-time-inventory\vm_inventory_updater_fixed.py", line 2606, in <module>
    success = main()
  File "E:\prog fold\Drunken cookies\real-time-inventory\vm_inventory_updater_fixed.py", line 162, in main
    sales_data = fetch_sales_data(clover_creds, shopify_creds, target_date)
  File "E:\prog fold\Drunken cookies\real-time-inventory\vm_inventory_updater_fixed.py", line 537, in fetch_sales_data
    location_sales = fetch_clover_sales(creds, target_date)
  File "E:\prog fold\Drunken cookies\real-time-inventory\vm_inventory_updater_fixed.py", line 763, in 
fetch_clover_sales
    logging.info(f"≡ƒöä Attempt {attempt + 1}/{max_retries} with {timeout}s timeout")
Message: '≡ƒöä Attempt 1/3 with 60s timeout'
Arguments: ()
2026-02-16 20:52:21,205 - INFO - ≡ƒöä Attempt 1/3 with 60s timeout
--- Logging error ---
Traceback (most recent call last):
  File "C:\Users\banzo\AppData\Local\Programs\Python\Python312\Lib\logging\__init__.py", line 1163, in emit
    stream.write(msg + self.terminator)
  File "C:\Users\banzo\AppData\Local\Programs\Python\Python312\Lib\encodings\cp1252.py", line 19, in encode
    return codecs.charmap_encode(input,self.errors,encoding_table)[0]
           ^^^^^^^^^^^^^^^^^^^^^^^^^^^^^^^^^^^^^^^^^^^^^^^^^^^^^^^
UnicodeEncodeError: 'charmap' codec can't encode character '\u2705' in position 33: character maps to <undefined>
Call stack:
  File "E:\prog fold\Drunken cookies\real-time-inventory\vm_inventory_updater_fixed.py", line 2606, in <module>
    success = main()
  File "E:\prog fold\Drunken cookies\real-time-inventory\vm_inventory_updater_fixed.py", line 162, in main
    sales_data = fetch_sales_data(clover_creds, shopify_creds, target_date)
  File "E:\prog fold\Drunken cookies\real-time-inventory\vm_inventory_updater_fixed.py", line 537, in fetch_sales_data
    location_sales = fetch_clover_sales(creds, target_date)
  File "E:\prog fold\Drunken cookies\real-time-inventory\vm_inventory_updater_fixed.py", line 774, in 
fetch_clover_sales
    logging.info(f"Γ£à API request successful on attempt {attempt + 1}")
Message: 'Γ£à API request successful on attempt 1'
Arguments: ()
2026-02-16 20:52:23,379 - INFO - Γ£à API request successful on attempt 1
--- Logging error ---
Traceback (most recent call last):
  File "C:\Users\banzo\AppData\Local\Programs\Python\Python312\Lib\logging\__init__.py", line 1163, in emit
    stream.write(msg + self.terminator)
  File "C:\Users\banzo\AppData\Local\Programs\Python\Python312\Lib\encodings\cp1252.py", line 19, in encode
    return codecs.charmap_encode(input,self.errors,encoding_table)[0]
           ^^^^^^^^^^^^^^^^^^^^^^^^^^^^^^^^^^^^^^^^^^^^^^^^^^^^^^^
UnicodeEncodeError: 'charmap' codec can't encode character '\U0001f4ca' in position 33: character maps to <undefined>
Call stack:
  File "E:\prog fold\Drunken cookies\real-time-inventory\vm_inventory_updater_fixed.py", line 2606, in <module>
    success = main()
  File "E:\prog fold\Drunken cookies\real-time-inventory\vm_inventory_updater_fixed.py", line 162, in main
    sales_data = fetch_sales_data(clover_creds, shopify_creds, target_date)
  File "E:\prog fold\Drunken cookies\real-time-inventory\vm_inventory_updater_fixed.py", line 537, in fetch_sales_data
    location_sales = fetch_clover_sales(creds, target_date)
  File "E:\prog fold\Drunken cookies\real-time-inventory\vm_inventory_updater_fixed.py", line 842, in 
fetch_clover_sales
    logging.info(f"≡ƒôè Found {len(orders)} total orders (after pagination)")
Message: '≡ƒôè Found 1000 total orders (after pagination)'
Arguments: ()
2026-02-16 20:52:23,403 - INFO - ≡ƒôè Found 1000 total orders (after pagination)
--- Logging error ---
Traceback (most recent call last):
  File "C:\Users\banzo\AppData\Local\Programs\Python\Python312\Lib\logging\__init__.py", line 1163, in emit
    stream.write(msg + self.terminator)
  File "C:\Users\banzo\AppData\Local\Programs\Python\Python312\Lib\encodings\cp1252.py", line 19, in encode
    return codecs.charmap_encode(input,self.errors,encoding_table)[0]
           ^^^^^^^^^^^^^^^^^^^^^^^^^^^^^^^^^^^^^^^^^^^^^^^^^^^^^^^
UnicodeEncodeError: 'charmap' codec can't encode character '\U0001f4ca' in position 33: character maps to <undefined>
Call stack:
  File "E:\prog fold\Drunken cookies\real-time-inventory\vm_inventory_updater_fixed.py", line 2606, in <module>
    success = main()
  File "E:\prog fold\Drunken cookies\real-time-inventory\vm_inventory_updater_fixed.py", line 162, in main
    sales_data = fetch_sales_data(clover_creds, shopify_creds, target_date)
  File "E:\prog fold\Drunken cookies\real-time-inventory\vm_inventory_updater_fixed.py", line 537, in fetch_sales_data
    location_sales = fetch_clover_sales(creds, target_date)
  File "E:\prog fold\Drunken cookies\real-time-inventory\vm_inventory_updater_fixed.py", line 898, in 
fetch_clover_sales
    logging.info(f"≡ƒôè Filtered to {len(filtered_orders)} orders within time range")
Message: '≡ƒôè Filtered to 0 orders within time range'
Arguments: ()
2026-02-16 20:52:23,415 - INFO - ≡ƒôè Filtered to 0 orders within time range
--- Logging error ---
Traceback (most recent call last):
  File "C:\Users\banzo\AppData\Local\Programs\Python\Python312\Lib\logging\__init__.py", line 1163, in emit
    stream.write(msg + self.terminator)
  File "C:\Users\banzo\AppData\Local\Programs\Python\Python312\Lib\encodings\cp1252.py", line 19, in encode
    return codecs.charmap_encode(input,self.errors,encoding_table)[0]
           ^^^^^^^^^^^^^^^^^^^^^^^^^^^^^^^^^^^^^^^^^^^^^^^^^^^^^^^
UnicodeEncodeError: 'charmap' codec can't encode character '\U0001f4ca' in position 33: character maps to <undefined>
Call stack:
  File "E:\prog fold\Drunken cookies\real-time-inventory\vm_inventory_updater_fixed.py", line 2606, in <module>
    success = main()
  File "E:\prog fold\Drunken cookies\real-time-inventory\vm_inventory_updater_fixed.py", line 162, in main
    sales_data = fetch_sales_data(clover_creds, shopify_creds, target_date)
  File "E:\prog fold\Drunken cookies\real-time-inventory\vm_inventory_updater_fixed.py", line 537, in fetch_sales_data
    location_sales = fetch_clover_sales(creds, target_date)
  File "E:\prog fold\Drunken cookies\real-time-inventory\vm_inventory_updater_fixed.py", line 1172, in 
fetch_clover_sales
    logging.info(f"≡ƒôè Cookie sales for {creds.get('name', 'Unknown')}: {consolidated_sales}")
Message: '≡ƒôè Cookie sales for Plaza Carolina: {}'
Arguments: ()
2026-02-16 20:52:23,416 - INFO - ≡ƒôè Cookie sales for Plaza Carolina: {}
--- Logging error ---
Traceback (most recent call last):
  File "C:\Users\banzo\AppData\Local\Programs\Python\Python312\Lib\logging\__init__.py", line 1163, in emit
    stream.write(msg + self.terminator)
  File "C:\Users\banzo\AppData\Local\Programs\Python\Python312\Lib\encodings\cp1252.py", line 19, in encode
    return codecs.charmap_encode(input,self.errors,encoding_table)[0]
           ^^^^^^^^^^^^^^^^^^^^^^^^^^^^^^^^^^^^^^^^^^^^^^^^^^^^^^^
UnicodeEncodeError: 'charmap' codec can't encode character '\u2705' in position 33: character maps to <undefined>
Call stack:
  File "E:\prog fold\Drunken cookies\real-time-inventory\vm_inventory_updater_fixed.py", line 2606, in <module>
    success = main()
  File "E:\prog fold\Drunken cookies\real-time-inventory\vm_inventory_updater_fixed.py", line 162, in main
    sales_data = fetch_sales_data(clover_creds, shopify_creds, target_date)
  File "E:\prog fold\Drunken cookies\real-time-inventory\vm_inventory_updater_fixed.py", line 540, in fetch_sales_data
    logging.info(f"Γ£à Clover data for {location}: {len(location_sales)} items")
Message: 'Γ£à Clover data for Plaza Carolina: 0 items'
Arguments: ()
2026-02-16 20:52:23,422 - INFO - Γ£à Clover data for Plaza Carolina: 0 items
--- Logging error ---
Traceback (most recent call last):
  File "C:\Users\banzo\AppData\Local\Programs\Python\Python312\Lib\logging\__init__.py", line 1163, in emit
    stream.write(msg + self.terminator)
  File "C:\Users\banzo\AppData\Local\Programs\Python\Python312\Lib\encodings\cp1252.py", line 19, in encode
    return codecs.charmap_encode(input,self.errors,encoding_table)[0]
           ^^^^^^^^^^^^^^^^^^^^^^^^^^^^^^^^^^^^^^^^^^^^^^^^^^^^^^^
UnicodeEncodeError: 'charmap' codec can't encode character '\u2705' in position 33: character maps to <undefined>
Call stack:
  File "E:\prog fold\Drunken cookies\real-time-inventory\vm_inventory_updater_fixed.py", line 2606, in <module>
    success = main()
  File "E:\prog fold\Drunken cookies\real-time-inventory\vm_inventory_updater_fixed.py", line 163, in main
    logging.info(f"Γ£à Sales data fetched: {len(sales_data)} locations")
Message: 'Γ£à Sales data fetched: 6 locations'
Arguments: ()
2026-02-16 20:52:23,422 - INFO - Γ£à Sales data fetched: 6 locations
--- Logging error ---
Traceback (most recent call last):
  File "C:\Users\banzo\AppData\Local\Programs\Python\Python312\Lib\logging\__init__.py", line 1163, in emit
    stream.write(msg + self.terminator)
  File "C:\Users\banzo\AppData\Local\Programs\Python\Python312\Lib\encodings\cp1252.py", line 19, in encode
    return codecs.charmap_encode(input,self.errors,encoding_table)[0]
           ^^^^^^^^^^^^^^^^^^^^^^^^^^^^^^^^^^^^^^^^^^^^^^^^^^^^^^^
UnicodeEncodeError: 'charmap' codec can't encode character '\U0001f50d' in position 33: character maps to <undefined>
Call stack:
  File "E:\prog fold\Drunken cookies\real-time-inventory\vm_inventory_updater_fixed.py", line 2606, in <module>
    success = main()
  File "E:\prog fold\Drunken cookies\real-time-inventory\vm_inventory_updater_fixed.py", line 166, in main
    logging.info("≡ƒöì Validating sales data...")
Message: '≡ƒöì Validating sales data...'
Arguments: ()
2026-02-16 20:52:23,423 - INFO - ≡ƒöì Validating sales data...
--- Logging error ---
Traceback (most recent call last):
  File "C:\Users\banzo\AppData\Local\Programs\Python\Python312\Lib\logging\__init__.py", line 1163, in emit
    stream.write(msg + self.terminator)
  File "C:\Users\banzo\AppData\Local\Programs\Python\Python312\Lib\encodings\cp1252.py", line 19, in encode
    return codecs.charmap_encode(input,self.errors,encoding_table)[0]
           ^^^^^^^^^^^^^^^^^^^^^^^^^^^^^^^^^^^^^^^^^^^^^^^^^^^^^^^
UnicodeEncodeError: 'charmap' codec can't encode characters in position 36-37: character maps to <undefined>
Call stack:
  File "E:\prog fold\Drunken cookies\real-time-inventory\vm_inventory_updater_fixed.py", line 2606, in <module>
    success = main()
  File "E:\prog fold\Drunken cookies\real-time-inventory\vm_inventory_updater_fixed.py", line 167, in main
    if not validate_sales_data(sales_data):
  File "E:\prog fold\Drunken cookies\real-time-inventory\vm_inventory_updater_fixed.py", line 54, in 
validate_sales_data
    logging.warning(f"ΓÜá∩╕Å No cookies found for {location}")
Message: 'ΓÜá∩╕Å No cookies found for Plaza'
Arguments: ()
2026-02-16 20:52:23,424 - WARNING - ΓÜá∩╕Å No cookies found for Plaza
--- Logging error ---
Traceback (most recent call last):
  File "C:\Users\banzo\AppData\Local\Programs\Python\Python312\Lib\logging\__init__.py", line 1163, in emit
    stream.write(msg + self.terminator)
  File "C:\Users\banzo\AppData\Local\Programs\Python\Python312\Lib\encodings\cp1252.py", line 19, in encode
    return codecs.charmap_encode(input,self.errors,encoding_table)[0]
           ^^^^^^^^^^^^^^^^^^^^^^^^^^^^^^^^^^^^^^^^^^^^^^^^^^^^^^^
UnicodeEncodeError: 'charmap' codec can't encode characters in position 36-37: character maps to <undefined>
Call stack:
  File "E:\prog fold\Drunken cookies\real-time-inventory\vm_inventory_updater_fixed.py", line 2606, in <module>
    success = main()
  File "E:\prog fold\Drunken cookies\real-time-inventory\vm_inventory_updater_fixed.py", line 167, in main
    if not validate_sales_data(sales_data):
  File "E:\prog fold\Drunken cookies\real-time-inventory\vm_inventory_updater_fixed.py", line 54, in 
validate_sales_data
    logging.warning(f"ΓÜá∩╕Å No cookies found for {location}")
Message: 'ΓÜá∩╕Å No cookies found for PlazaSol'
Arguments: ()
2026-02-16 20:52:23,424 - WARNING - ΓÜá∩╕Å No cookies found for PlazaSol
--- Logging error ---
Traceback (most recent call last):
  File "C:\Users\banzo\AppData\Local\Programs\Python\Python312\Lib\logging\__init__.py", line 1163, in emit
    stream.write(msg + self.terminator)
  File "C:\Users\banzo\AppData\Local\Programs\Python\Python312\Lib\encodings\cp1252.py", line 19, in encode
    return codecs.charmap_encode(input,self.errors,encoding_table)[0]
           ^^^^^^^^^^^^^^^^^^^^^^^^^^^^^^^^^^^^^^^^^^^^^^^^^^^^^^^
UnicodeEncodeError: 'charmap' codec can't encode characters in position 36-37: character maps to <undefined>
Call stack:
  File "E:\prog fold\Drunken cookies\real-time-inventory\vm_inventory_updater_fixed.py", line 2606, in <module>
    success = main()
  File "E:\prog fold\Drunken cookies\real-time-inventory\vm_inventory_updater_fixed.py", line 167, in main
    if not validate_sales_data(sales_data):
  File "E:\prog fold\Drunken cookies\real-time-inventory\vm_inventory_updater_fixed.py", line 54, in 
validate_sales_data
    logging.warning(f"ΓÜá∩╕Å No cookies found for {location}")
Message: 'ΓÜá∩╕Å No cookies found for San Patricio'
Arguments: ()
2026-02-16 20:52:23,425 - WARNING - ΓÜá∩╕Å No cookies found for San Patricio
--- Logging error ---
Traceback (most recent call last):
  File "C:\Users\banzo\AppData\Local\Programs\Python\Python312\Lib\logging\__init__.py", line 1163, in emit
    stream.write(msg + self.terminator)
  File "C:\Users\banzo\AppData\Local\Programs\Python\Python312\Lib\encodings\cp1252.py", line 19, in encode
    return codecs.charmap_encode(input,self.errors,encoding_table)[0]
           ^^^^^^^^^^^^^^^^^^^^^^^^^^^^^^^^^^^^^^^^^^^^^^^^^^^^^^^
UnicodeEncodeError: 'charmap' codec can't encode characters in position 36-37: character maps to <undefined>
Call stack:
  File "E:\prog fold\Drunken cookies\real-time-inventory\vm_inventory_updater_fixed.py", line 2606, in <module>
    success = main()
  File "E:\prog fold\Drunken cookies\real-time-inventory\vm_inventory_updater_fixed.py", line 167, in main
    if not validate_sales_data(sales_data):
  File "E:\prog fold\Drunken cookies\real-time-inventory\vm_inventory_updater_fixed.py", line 54, in 
validate_sales_data
    logging.warning(f"ΓÜá∩╕Å No cookies found for {location}")
Message: 'ΓÜá∩╕Å No cookies found for VSJ'
Arguments: ()
2026-02-16 20:52:23,426 - WARNING - ΓÜá∩╕Å No cookies found for VSJ
--- Logging error ---
Traceback (most recent call last):
  File "C:\Users\banzo\AppData\Local\Programs\Python\Python312\Lib\logging\__init__.py", line 1163, in emit
    stream.write(msg + self.terminator)
  File "C:\Users\banzo\AppData\Local\Programs\Python\Python312\Lib\encodings\cp1252.py", line 19, in encode
    return codecs.charmap_encode(input,self.errors,encoding_table)[0]
           ^^^^^^^^^^^^^^^^^^^^^^^^^^^^^^^^^^^^^^^^^^^^^^^^^^^^^^^
UnicodeEncodeError: 'charmap' codec can't encode characters in position 36-37: character maps to <undefined>
Call stack:
  File "E:\prog fold\Drunken cookies\real-time-inventory\vm_inventory_updater_fixed.py", line 2606, in <module>
    success = main()
  File "E:\prog fold\Drunken cookies\real-time-inventory\vm_inventory_updater_fixed.py", line 167, in main
    if not validate_sales_data(sales_data):
  File "E:\prog fold\Drunken cookies\real-time-inventory\vm_inventory_updater_fixed.py", line 54, in 
validate_sales_data
    logging.warning(f"ΓÜá∩╕Å No cookies found for {location}")
Message: 'ΓÜá∩╕Å No cookies found for Plaza Carolina'
Arguments: ()
2026-02-16 20:52:23,426 - WARNING - ΓÜá∩╕Å No cookies found for Plaza Carolina
--- Logging error ---
Traceback (most recent call last):
  File "C:\Users\banzo\AppData\Local\Programs\Python\Python312\Lib\logging\__init__.py", line 1163, in emit
    stream.write(msg + self.terminator)
  File "C:\Users\banzo\AppData\Local\Programs\Python\Python312\Lib\encodings\cp1252.py", line 19, in encode
    return codecs.charmap_encode(input,self.errors,encoding_table)[0]
           ^^^^^^^^^^^^^^^^^^^^^^^^^^^^^^^^^^^^^^^^^^^^^^^^^^^^^^^
UnicodeEncodeError: 'charmap' codec can't encode character '\u2705' in position 33: character maps to <undefined>
Call stack:
  File "E:\prog fold\Drunken cookies\real-time-inventory\vm_inventory_updater_fixed.py", line 2606, in <module>
    success = main()
  File "E:\prog fold\Drunken cookies\real-time-inventory\vm_inventory_updater_fixed.py", line 167, in main
    if not validate_sales_data(sales_data):
  File "E:\prog fold\Drunken cookies\real-time-inventory\vm_inventory_updater_fixed.py", line 76, in 
validate_sales_data
    logging.info("Γ£à Sales data validation passed")
Message: 'Γ£à Sales data validation passed'
Arguments: ()
2026-02-16 20:52:23,427 - INFO - Γ£à Sales data validation passed
--- Logging error ---
Traceback (most recent call last):
  File "C:\Users\banzo\AppData\Local\Programs\Python\Python312\Lib\logging\__init__.py", line 1163, in emit
    stream.write(msg + self.terminator)
  File "C:\Users\banzo\AppData\Local\Programs\Python\Python312\Lib\encodings\cp1252.py", line 19, in encode
    return codecs.charmap_encode(input,self.errors,encoding_table)[0]
           ^^^^^^^^^^^^^^^^^^^^^^^^^^^^^^^^^^^^^^^^^^^^^^^^^^^^^^^
UnicodeEncodeError: 'charmap' codec can't encode character '\U0001f4dd' in position 33: character maps to <undefined>
Call stack:
  File "E:\prog fold\Drunken cookies\real-time-inventory\vm_inventory_updater_fixed.py", line 2606, in <module>
2026-02-16 20:52:23,428 - INFO - ≡ƒô¥ Updating Google Sheet...
    success = main()
  File "E:\prog fold\Drunken cookies\real-time-inventory\vm_inventory_updater_fixed.py", line 172, in main
    logging.info("≡ƒô¥ Updating Google Sheet...")
Message: '≡ƒô¥ Updating Google Sheet...'
Arguments: ()
--- Logging error ---
Traceback (most recent call last):
  File "C:\Users\banzo\AppData\Local\Programs\Python\Python312\Lib\logging\__init__.py", line 1163, in emit
    stream.write(msg + self.terminator)
  File "C:\Users\banzo\AppData\Local\Programs\Python\Python312\Lib\encodings\cp1252.py", line 19, in encode
    return codecs.charmap_encode(input,self.errors,encoding_table)[0]
           ^^^^^^^^^^^^^^^^^^^^^^^^^^^^^^^^^^^^^^^^^^^^^^^^^^^^^^^
UnicodeEncodeError: 'charmap' codec can't encode character '\U0001f511' in position 33: character maps to <undefined>
Call stack:
  File "E:\prog fold\Drunken cookies\real-time-inventory\vm_inventory_updater_fixed.py", line 2606, in <module>
    success = main()
  File "E:\prog fold\Drunken cookies\real-time-inventory\vm_inventory_updater_fixed.py", line 174, in main
    update_inventory_sheet(sales_data, target_date=target_date)
  File "E:\prog fold\Drunken cookies\real-time-inventory\vm_inventory_updater_fixed.py", line 1256, in 
update_inventory_sheet
    logging.info("≡ƒöæ Loading Google Sheets credentials...")
Message: '≡ƒöæ Loading Google Sheets credentials...'
Arguments: ()
2026-02-16 20:52:23,606 - INFO - ≡ƒöæ Loading Google Sheets credentials...
2026-02-16 20:52:23,653 - INFO - file_cache is only supported with oauth2client<4.0.0
--- Logging error ---
Traceback (most recent call last):
  File "C:\Users\banzo\AppData\Local\Programs\Python\Python312\Lib\logging\__init__.py", line 1163, in emit
    stream.write(msg + self.terminator)
  File "C:\Users\banzo\AppData\Local\Programs\Python\Python312\Lib\encodings\cp1252.py", line 19, in encode
    return codecs.charmap_encode(input,self.errors,encoding_table)[0]
           ^^^^^^^^^^^^^^^^^^^^^^^^^^^^^^^^^^^^^^^^^^^^^^^^^^^^^^^
UnicodeEncodeError: 'charmap' codec can't encode character '\U0001f4c5' in position 33: character maps to <undefined>
Call stack:
  File "E:\prog fold\Drunken cookies\real-time-inventory\vm_inventory_updater_fixed.py", line 2606, in <module>
    success = main()
  File "E:\prog fold\Drunken cookies\real-time-inventory\vm_inventory_updater_fixed.py", line 174, in main
    update_inventory_sheet(sales_data, target_date=target_date)
  File "E:\prog fold\Drunken cookies\real-time-inventory\vm_inventory_updater_fixed.py", line 1295, in 
update_inventory_sheet
    logging.info(f"≡ƒôà Current month: {current_month} (January) - Using January sheet")
Message: '≡ƒôà Current month: 1 (January) - Using January sheet'
Arguments: ()
2026-02-16 20:52:23,656 - INFO - ≡ƒôà Current month: 1 (January) - Using January sheet
--- Logging error ---
Traceback (most recent call last):
  File "C:\Users\banzo\AppData\Local\Programs\Python\Python312\Lib\logging\__init__.py", line 1163, in emit
    stream.write(msg + self.terminator)
  File "C:\Users\banzo\AppData\Local\Programs\Python\Python312\Lib\encodings\cp1252.py", line 19, in encode
    return codecs.charmap_encode(input,self.errors,encoding_table)[0]
           ^^^^^^^^^^^^^^^^^^^^^^^^^^^^^^^^^^^^^^^^^^^^^^^^^^^^^^^
UnicodeEncodeError: 'charmap' codec can't encode character '\U0001f4ca' in position 33: character maps to <undefined>
Call stack:
  File "E:\prog fold\Drunken cookies\real-time-inventory\vm_inventory_updater_fixed.py", line 2606, in <module>
    success = main()
  File "E:\prog fold\Drunken cookies\real-time-inventory\vm_inventory_updater_fixed.py", line 174, in main
    update_inventory_sheet(sales_data, target_date=target_date)
  File "E:\prog fold\Drunken cookies\real-time-inventory\vm_inventory_updater_fixed.py", line 1303, in 
update_inventory_sheet
    logging.info(f"≡ƒôè Sheet ID: {sheet_id}")
Message: '≡ƒôè Sheet ID: 1MqUkYBSyrgT1JrkOvGIrKa21uralVbxoOI3X8ZEuLLE'
Arguments: ()
2026-02-16 20:52:23,657 - INFO - ≡ƒôè Sheet ID: 1MqUkYBSyrgT1JrkOvGIrKa21uralVbxoOI3X8ZEuLLE
--- Logging error ---
Traceback (most recent call last):
  File "C:\Users\banzo\AppData\Local\Programs\Python\Python312\Lib\logging\__init__.py", line 1163, in emit
    stream.write(msg + self.terminator)
  File "C:\Users\banzo\AppData\Local\Programs\Python\Python312\Lib\encodings\cp1252.py", line 19, in encode
    return codecs.charmap_encode(input,self.errors,encoding_table)[0]
           ^^^^^^^^^^^^^^^^^^^^^^^^^^^^^^^^^^^^^^^^^^^^^^^^^^^^^^^
UnicodeEncodeError: 'charmap' codec can't encode character '\U0001f4c5' in position 33: character maps to <undefined>
Call stack:
  File "E:\prog fold\Drunken cookies\real-time-inventory\vm_inventory_updater_fixed.py", line 2606, in <module>
    success = main()
  File "E:\prog fold\Drunken cookies\real-time-inventory\vm_inventory_updater_fixed.py", line 174, in main
    update_inventory_sheet(sales_data, target_date=target_date)
  File "E:\prog fold\Drunken cookies\real-time-inventory\vm_inventory_updater_fixed.py", line 1308, in 
update_inventory_sheet
    logging.info(f"≡ƒôà Using date: {target_date.strftime('%Y-%m-%d')} -> tab: {desired_tab}")
Message: '≡ƒôà Using date: 2026-01-17 -> tab: 1-17'
Arguments: ()
2026-02-16 20:52:23,658 - INFO - ≡ƒôà Using date: 2026-01-17 -> tab: 1-17
--- Logging error ---
Traceback (most recent call last):
  File "C:\Users\banzo\AppData\Local\Programs\Python\Python312\Lib\logging\__init__.py", line 1163, in emit
    stream.write(msg + self.terminator)
  File "C:\Users\banzo\AppData\Local\Programs\Python\Python312\Lib\encodings\cp1252.py", line 19, in encode
    return codecs.charmap_encode(input,self.errors,encoding_table)[0]
           ^^^^^^^^^^^^^^^^^^^^^^^^^^^^^^^^^^^^^^^^^^^^^^^^^^^^^^^
UnicodeEncodeError: 'charmap' codec can't encode character '\U0001f4cb' in position 33: character maps to <undefined>
Call stack:
  File "E:\prog fold\Drunken cookies\real-time-inventory\vm_inventory_updater_fixed.py", line 2606, in <module>
    success = main()
  File "E:\prog fold\Drunken cookies\real-time-inventory\vm_inventory_updater_fixed.py", line 174, in main
    update_inventory_sheet(sales_data, target_date=target_date)
  File "E:\prog fold\Drunken cookies\real-time-inventory\vm_inventory_updater_fixed.py", line 1322, in 
update_inventory_sheet
    logging.info(f"≡ƒôï Available tabs: {available_tabs}")
Message: "≡ƒôï Available tabs: ['12-31', '1-1', '1-2', '1-3', '1-4', '1-5', '1-6', '1-7', '1-8', '1-9', '1-10', 
'1-11', '1-12', '1-13', '1-14', '1-15', '1-16', '1-17', '1-18', '1-19', '1-20', '1-21', '1-22', '1-23', '1-24', 
'1-25', '1-26', '1-27', '1-28', '1-29', '1-30', 'Sheet4', '1-31', 'Sheet5', 'Sheet6', '2-1']"
Arguments: ()
--- Logging error ---
2026-02-16 20:52:25,544 - INFO - ≡ƒôï Available tabs: ['12-31', '1-1', '1-2', '1-3', '1-4', '1-5', '1-6', '1-7', '1-8', '1-9', '1-10', '1-11', '1-12', '1-13', '1-14', '1-15', '1-16', '1-17', '1-18', '1-19', '1-20', '1-21', '1-22', '1-23', '1-24', '1-25', '1-26', '1-27', '1-28', '1-29', '1-30', 'Sheet4', '1-31', 'Sheet5', 'Sheet6', '2-1']
Traceback (most recent call last):
  File "C:\Users\banzo\AppData\Local\Programs\Python\Python312\Lib\logging\__init__.py", line 1163, in emit
    stream.write(msg + self.terminator)
  File "C:\Users\banzo\AppData\Local\Programs\Python\Python312\Lib\encodings\cp1252.py", line 19, in encode
    return codecs.charmap_encode(input,self.errors,encoding_table)[0]
           ^^^^^^^^^^^^^^^^^^^^^^^^^^^^^^^^^^^^^^^^^^^^^^^^^^^^^^^
UnicodeEncodeError: 'charmap' codec can't encode character '\u2705' in position 33: character maps to <undefined>
Call stack:
  File "E:\prog fold\Drunken cookies\real-time-inventory\vm_inventory_updater_fixed.py", line 2606, in <module>
    success = main()
  File "E:\prog fold\Drunken cookies\real-time-inventory\vm_inventory_updater_fixed.py", line 174, in main
    update_inventory_sheet(sales_data, target_date=target_date)
  File "E:\prog fold\Drunken cookies\real-time-inventory\vm_inventory_updater_fixed.py", line 1326, in 
update_inventory_sheet
    logging.info(f"Γ£à Using existing tab: {sheet_tab}")
Message: 'Γ£à Using existing tab: 1-17'
Arguments: ()
2026-02-16 20:52:25,545 - INFO - Γ£à Using existing tab: 1-17
--- Logging error ---
Traceback (most recent call last):
  File "C:\Users\banzo\AppData\Local\Programs\Python\Python312\Lib\logging\__init__.py", line 1163, in emit
    stream.write(msg + self.terminator)
  File "C:\Users\banzo\AppData\Local\Programs\Python\Python312\Lib\encodings\cp1252.py", line 19, in encode
    return codecs.charmap_encode(input,self.errors,encoding_table)[0]
           ^^^^^^^^^^^^^^^^^^^^^^^^^^^^^^^^^^^^^^^^^^^^^^^^^^^^^^^
UnicodeEncodeError: 'charmap' codec can't encode character '\U0001f4ca' in position 33: character maps to <undefined>
Call stack:
  File "E:\prog fold\Drunken cookies\real-time-inventory\vm_inventory_updater_fixed.py", line 2606, in <module>
    success = main()
  File "E:\prog fold\Drunken cookies\real-time-inventory\vm_inventory_updater_fixed.py", line 174, in main
    update_inventory_sheet(sales_data, target_date=target_date)
  File "E:\prog fold\Drunken cookies\real-time-inventory\vm_inventory_updater_fixed.py", line 1368, in 
update_inventory_sheet
    update_drunken_cookies_sheet(
  File "E:\prog fold\Drunken cookies\real-time-inventory\vm_inventory_updater_fixed.py", line 2464, in 
update_drunken_cookies_sheet
    logging.info(f"≡ƒôè Drunken Cookies: Processing {len(sales_data)} locations from sales_data")
Message: '≡ƒôè Drunken Cookies: Processing 6 locations from sales_data'
Arguments: ()
2026-02-16 20:52:25,884 - INFO - ≡ƒôè Drunken Cookies: Processing 6 locations from sales_data
--- Logging error ---
Traceback (most recent call last):
  File "C:\Users\banzo\AppData\Local\Programs\Python\Python312\Lib\logging\__init__.py", line 1163, in emit
    stream.write(msg + self.terminator)
  File "C:\Users\banzo\AppData\Local\Programs\Python\Python312\Lib\encodings\cp1252.py", line 19, in encode
    return codecs.charmap_encode(input,self.errors,encoding_table)[0]
           ^^^^^^^^^^^^^^^^^^^^^^^^^^^^^^^^^^^^^^^^^^^^^^^^^^^^^^^
UnicodeEncodeError: 'charmap' codec can't encode character '\U0001f4ca' in position 33: character maps to <undefined>
Call stack:
  File "E:\prog fold\Drunken cookies\real-time-inventory\vm_inventory_updater_fixed.py", line 2606, in <module>
    success = main()
  File "E:\prog fold\Drunken cookies\real-time-inventory\vm_inventory_updater_fixed.py", line 174, in main
    update_inventory_sheet(sales_data, target_date=target_date)
  File "E:\prog fold\Drunken cookies\real-time-inventory\vm_inventory_updater_fixed.py", line 1368, in 
update_inventory_sheet
    update_drunken_cookies_sheet(
  File "E:\prog fold\Drunken cookies\real-time-inventory\vm_inventory_updater_fixed.py", line 2465, in 
update_drunken_cookies_sheet
    logging.info(f"≡ƒôè Drunken Cookies: Available tabs: {tab_titles}")
Message: "≡ƒôè Drunken Cookies: Available tabs: ['San Patricio', 'PlazaSol', 'VSJ', 'Montehiedra', 'Plaza', 'Plaza 
Carolina']"
Arguments: ()
2026-02-16 20:52:25,885 - INFO - ≡ƒôè Drunken Cookies: Available tabs: ['San Patricio', 'PlazaSol', 'VSJ', 'Montehiedra', 'Plaza', 'Plaza Carolina']
--- Logging error ---
Traceback (most recent call last):
  File "C:\Users\banzo\AppData\Local\Programs\Python\Python312\Lib\logging\__init__.py", line 1163, in emit
    stream.write(msg + self.terminator)
  File "C:\Users\banzo\AppData\Local\Programs\Python\Python312\Lib\encodings\cp1252.py", line 19, in encode
    return codecs.charmap_encode(input,self.errors,encoding_table)[0]
           ^^^^^^^^^^^^^^^^^^^^^^^^^^^^^^^^^^^^^^^^^^^^^^^^^^^^^^^
UnicodeEncodeError: 'charmap' codec can't encode character '\U0001f4ca' in position 33: character maps to <undefined>
Call stack:
  File "E:\prog fold\Drunken cookies\real-time-inventory\vm_inventory_updater_fixed.py", line 2606, in <module>
    success = main()
  File "E:\prog fold\Drunken cookies\real-time-inventory\vm_inventory_updater_fixed.py", line 174, in main
    update_inventory_sheet(sales_data, target_date=target_date)
  File "E:\prog fold\Drunken cookies\real-time-inventory\vm_inventory_updater_fixed.py", line 1368, in 
update_inventory_sheet
    update_drunken_cookies_sheet(
  File "E:\prog fold\Drunken cookies\real-time-inventory\vm_inventory_updater_fixed.py", line 2467, in 
update_drunken_cookies_sheet
    logging.info(f"≡ƒôè Drunken Cookies: Checking location '{loc}' (has {len(cookies)} cookie types)")
Message: "≡ƒôè Drunken Cookies: Checking location 'Plaza' (has 0 cookie types)"
Arguments: ()
2026-02-16 20:52:25,886 - INFO - ≡ƒôè Drunken Cookies: Checking location 'Plaza' (has 0 cookie types)
--- Logging error ---
Traceback (most recent call last):
  File "C:\Users\banzo\AppData\Local\Programs\Python\Python312\Lib\logging\__init__.py", line 1163, in emit
    stream.write(msg + self.terminator)
  File "C:\Users\banzo\AppData\Local\Programs\Python\Python312\Lib\encodings\cp1252.py", line 19, in encode
    return codecs.charmap_encode(input,self.errors,encoding_table)[0]
           ^^^^^^^^^^^^^^^^^^^^^^^^^^^^^^^^^^^^^^^^^^^^^^^^^^^^^^^
UnicodeEncodeError: 'charmap' codec can't encode character '\u2705' in position 33: character maps to <undefined>
Call stack:
  File "E:\prog fold\Drunken cookies\real-time-inventory\vm_inventory_updater_fixed.py", line 2606, in <module>
    success = main()
  File "E:\prog fold\Drunken cookies\real-time-inventory\vm_inventory_updater_fixed.py", line 174, in main
    update_inventory_sheet(sales_data, target_date=target_date)
  File "E:\prog fold\Drunken cookies\real-time-inventory\vm_inventory_updater_fixed.py", line 1368, in 
update_inventory_sheet
    update_drunken_cookies_sheet(
  File "E:\prog fold\Drunken cookies\real-time-inventory\vm_inventory_updater_fixed.py", line 2597, in 
update_drunken_cookies_sheet
    logging.info(f"Γ£à Drunken Cookies: updated '{tab_name}' row {date_row} for {date_str}")
Message: "Γ£à Drunken Cookies: updated 'Plaza' row 119 for 2026-01-17"
Arguments: ()
2026-02-16 20:52:27,228 - INFO - Γ£à Drunken Cookies: updated 'Plaza' row 119 for 2026-01-17
--- Logging error ---
Traceback (most recent call last):
  File "C:\Users\banzo\AppData\Local\Programs\Python\Python312\Lib\logging\__init__.py", line 1163, in emit
    stream.write(msg + self.terminator)
  File "C:\Users\banzo\AppData\Local\Programs\Python\Python312\Lib\encodings\cp1252.py", line 19, in encode
    return codecs.charmap_encode(input,self.errors,encoding_table)[0]
           ^^^^^^^^^^^^^^^^^^^^^^^^^^^^^^^^^^^^^^^^^^^^^^^^^^^^^^^
UnicodeEncodeError: 'charmap' codec can't encode character '\U0001f4ca' in position 33: character maps to <undefined>
Call stack:
  File "E:\prog fold\Drunken cookies\real-time-inventory\vm_inventory_updater_fixed.py", line 2606, in <module>
    success = main()
  File "E:\prog fold\Drunken cookies\real-time-inventory\vm_inventory_updater_fixed.py", line 174, in main
    update_inventory_sheet(sales_data, target_date=target_date)
  File "E:\prog fold\Drunken cookies\real-time-inventory\vm_inventory_updater_fixed.py", line 1368, in 
update_inventory_sheet
    update_drunken_cookies_sheet(
  File "E:\prog fold\Drunken cookies\real-time-inventory\vm_inventory_updater_fixed.py", line 2467, in 
update_drunken_cookies_sheet
    logging.info(f"≡ƒôè Drunken Cookies: Checking location '{loc}' (has {len(cookies)} cookie types)")
Message: "≡ƒôè Drunken Cookies: Checking location 'PlazaSol' (has 0 cookie types)"
Arguments: ()
2026-02-16 20:52:27,230 - INFO - ≡ƒôè Drunken Cookies: Checking location 'PlazaSol' (has 0 cookie types)
--- Logging error ---
Traceback (most recent call last):
  File "C:\Users\banzo\AppData\Local\Programs\Python\Python312\Lib\logging\__init__.py", line 1163, in emit
    stream.write(msg + self.terminator)
  File "C:\Users\banzo\AppData\Local\Programs\Python\Python312\Lib\encodings\cp1252.py", line 19, in encode
    return codecs.charmap_encode(input,self.errors,encoding_table)[0]
           ^^^^^^^^^^^^^^^^^^^^^^^^^^^^^^^^^^^^^^^^^^^^^^^^^^^^^^^
UnicodeEncodeError: 'charmap' codec can't encode character '\u2705' in position 33: character maps to <undefined>
Call stack:
  File "E:\prog fold\Drunken cookies\real-time-inventory\vm_inventory_updater_fixed.py", line 2606, in <module>
    success = main()
  File "E:\prog fold\Drunken cookies\real-time-inventory\vm_inventory_updater_fixed.py", line 174, in main
    update_inventory_sheet(sales_data, target_date=target_date)
  File "E:\prog fold\Drunken cookies\real-time-inventory\vm_inventory_updater_fixed.py", line 1368, in 
update_inventory_sheet
    update_drunken_cookies_sheet(
  File "E:\prog fold\Drunken cookies\real-time-inventory\vm_inventory_updater_fixed.py", line 2597, in 
update_drunken_cookies_sheet
    logging.info(f"Γ£à Drunken Cookies: updated '{tab_name}' row {date_row} for {date_str}")
Message: "Γ£à Drunken Cookies: updated 'PlazaSol' row 116 for 2026-01-17"
Arguments: ()
2026-02-16 20:52:28,378 - INFO - Γ£à Drunken Cookies: updated 'PlazaSol' row 116 for 2026-01-17
--- Logging error ---
Traceback (most recent call last):
  File "C:\Users\banzo\AppData\Local\Programs\Python\Python312\Lib\logging\__init__.py", line 1163, in emit
    stream.write(msg + self.terminator)
  File "C:\Users\banzo\AppData\Local\Programs\Python\Python312\Lib\encodings\cp1252.py", line 19, in encode
    return codecs.charmap_encode(input,self.errors,encoding_table)[0]
           ^^^^^^^^^^^^^^^^^^^^^^^^^^^^^^^^^^^^^^^^^^^^^^^^^^^^^^^
UnicodeEncodeError: 'charmap' codec can't encode character '\U0001f4ca' in position 33: character maps to <undefined>
Call stack:
  File "E:\prog fold\Drunken cookies\real-time-inventory\vm_inventory_updater_fixed.py", line 2606, in <module>
    success = main()
  File "E:\prog fold\Drunken cookies\real-time-inventory\vm_inventory_updater_fixed.py", line 174, in main
    update_inventory_sheet(sales_data, target_date=target_date)
  File "E:\prog fold\Drunken cookies\real-time-inventory\vm_inventory_updater_fixed.py", line 1368, in 
update_inventory_sheet
    update_drunken_cookies_sheet(
  File "E:\prog fold\Drunken cookies\real-time-inventory\vm_inventory_updater_fixed.py", line 2467, in 
update_drunken_cookies_sheet
    logging.info(f"≡ƒôè Drunken Cookies: Checking location '{loc}' (has {len(cookies)} cookie types)")
Message: "≡ƒôè Drunken Cookies: Checking location 'San Patricio' (has 0 cookie types)"
Arguments: ()
2026-02-16 20:52:28,379 - INFO - ≡ƒôè Drunken Cookies: Checking location 'San Patricio' (has 0 cookie types)
--- Logging error ---
Traceback (most recent call last):
  File "C:\Users\banzo\AppData\Local\Programs\Python\Python312\Lib\logging\__init__.py", line 1163, in emit
    stream.write(msg + self.terminator)
  File "C:\Users\banzo\AppData\Local\Programs\Python\Python312\Lib\encodings\cp1252.py", line 19, in encode
    return codecs.charmap_encode(input,self.errors,encoding_table)[0]
           ^^^^^^^^^^^^^^^^^^^^^^^^^^^^^^^^^^^^^^^^^^^^^^^^^^^^^^^
UnicodeEncodeError: 'charmap' codec can't encode character '\u2705' in position 33: character maps to <undefined>
Call stack:
  File "E:\prog fold\Drunken cookies\real-time-inventory\vm_inventory_updater_fixed.py", line 2606, in <module>
    success = main()
  File "E:\prog fold\Drunken cookies\real-time-inventory\vm_inventory_updater_fixed.py", line 174, in main
    update_inventory_sheet(sales_data, target_date=target_date)
  File "E:\prog fold\Drunken cookies\real-time-inventory\vm_inventory_updater_fixed.py", line 1368, in 
update_inventory_sheet
    update_drunken_cookies_sheet(
  File "E:\prog fold\Drunken cookies\real-time-inventory\vm_inventory_updater_fixed.py", line 2597, in 
update_drunken_cookies_sheet
    logging.info(f"Γ£à Drunken Cookies: updated '{tab_name}' row {date_row} for {date_str}")
Message: "Γ£à Drunken Cookies: updated 'San Patricio' row 119 for 2026-01-17"
Arguments: ()
2026-02-16 20:52:29,511 - INFO - Γ£à Drunken Cookies: updated 'San Patricio' row 119 for 2026-01-17
--- Logging error ---
Traceback (most recent call last):
  File "C:\Users\banzo\AppData\Local\Programs\Python\Python312\Lib\logging\__init__.py", line 1163, in emit
    stream.write(msg + self.terminator)
  File "C:\Users\banzo\AppData\Local\Programs\Python\Python312\Lib\encodings\cp1252.py", line 19, in encode
    return codecs.charmap_encode(input,self.errors,encoding_table)[0]
           ^^^^^^^^^^^^^^^^^^^^^^^^^^^^^^^^^^^^^^^^^^^^^^^^^^^^^^^
UnicodeEncodeError: 'charmap' codec can't encode character '\U0001f4ca' in position 33: character maps to <undefined>
Call stack:
  File "E:\prog fold\Drunken cookies\real-time-inventory\vm_inventory_updater_fixed.py", line 2606, in <module>
    success = main()
  File "E:\prog fold\Drunken cookies\real-time-inventory\vm_inventory_updater_fixed.py", line 174, in main
    update_inventory_sheet(sales_data, target_date=target_date)
  File "E:\prog fold\Drunken cookies\real-time-inventory\vm_inventory_updater_fixed.py", line 1368, in 
update_inventory_sheet
    update_drunken_cookies_sheet(
  File "E:\prog fold\Drunken cookies\real-time-inventory\vm_inventory_updater_fixed.py", line 2467, in 
update_drunken_cookies_sheet
    logging.info(f"≡ƒôè Drunken Cookies: Checking location '{loc}' (has {len(cookies)} cookie types)")
Message: "≡ƒôè Drunken Cookies: Checking location 'VSJ' (has 0 cookie types)"
Arguments: ()
2026-02-16 20:52:29,512 - INFO - ≡ƒôè Drunken Cookies: Checking location 'VSJ' (has 0 cookie types)
--- Logging error ---
Traceback (most recent call last):
  File "C:\Users\banzo\AppData\Local\Programs\Python\Python312\Lib\logging\__init__.py", line 1163, in emit
    stream.write(msg + self.terminator)
  File "C:\Users\banzo\AppData\Local\Programs\Python\Python312\Lib\encodings\cp1252.py", line 19, in encode
    return codecs.charmap_encode(input,self.errors,encoding_table)[0]
           ^^^^^^^^^^^^^^^^^^^^^^^^^^^^^^^^^^^^^^^^^^^^^^^^^^^^^^^
UnicodeEncodeError: 'charmap' codec can't encode character '\u2705' in position 33: character maps to <undefined>
Call stack:
  File "E:\prog fold\Drunken cookies\real-time-inventory\vm_inventory_updater_fixed.py", line 2606, in <module>
    success = main()
  File "E:\prog fold\Drunken cookies\real-time-inventory\vm_inventory_updater_fixed.py", line 174, in main
    update_inventory_sheet(sales_data, target_date=target_date)
  File "E:\prog fold\Drunken cookies\real-time-inventory\vm_inventory_updater_fixed.py", line 1368, in 
update_inventory_sheet
    update_drunken_cookies_sheet(
  File "E:\prog fold\Drunken cookies\real-time-inventory\vm_inventory_updater_fixed.py", line 2597, in 
update_drunken_cookies_sheet
    logging.info(f"Γ£à Drunken Cookies: updated '{tab_name}' row {date_row} for {date_str}")
Message: "Γ£à Drunken Cookies: updated 'VSJ' row 116 for 2026-01-17"
Arguments: ()
2026-02-16 20:52:30,660 - INFO - Γ£à Drunken Cookies: updated 'VSJ' row 116 for 2026-01-17
--- Logging error ---
Traceback (most recent call last):
  File "C:\Users\banzo\AppData\Local\Programs\Python\Python312\Lib\logging\__init__.py", line 1163, in emit
    stream.write(msg + self.terminator)
  File "C:\Users\banzo\AppData\Local\Programs\Python\Python312\Lib\encodings\cp1252.py", line 19, in encode
    return codecs.charmap_encode(input,self.errors,encoding_table)[0]
           ^^^^^^^^^^^^^^^^^^^^^^^^^^^^^^^^^^^^^^^^^^^^^^^^^^^^^^^
UnicodeEncodeError: 'charmap' codec can't encode character '\U0001f4ca' in position 33: character maps to <undefined>
Call stack:
  File "E:\prog fold\Drunken cookies\real-time-inventory\vm_inventory_updater_fixed.py", line 2606, in <module>
    success = main()
  File "E:\prog fold\Drunken cookies\real-time-inventory\vm_inventory_updater_fixed.py", line 174, in main
    update_inventory_sheet(sales_data, target_date=target_date)
  File "E:\prog fold\Drunken cookies\real-time-inventory\vm_inventory_updater_fixed.py", line 1368, in 
update_inventory_sheet
2026-02-16 20:52:30,661 - INFO - ≡ƒôè Drunken Cookies: Checking location 'Montehiedra' (has 2 cookie types)
    update_drunken_cookies_sheet(
  File "E:\prog fold\Drunken cookies\real-time-inventory\vm_inventory_updater_fixed.py", line 2467, in 
update_drunken_cookies_sheet
    logging.info(f"≡ƒôè Drunken Cookies: Checking location '{loc}' (has {len(cookies)} cookie types)")
Message: "≡ƒôè Drunken Cookies: Checking location 'Montehiedra' (has 2 cookie types)"
Arguments: ()
--- Logging error ---
Traceback (most recent call last):
  File "C:\Users\banzo\AppData\Local\Programs\Python\Python312\Lib\logging\__init__.py", line 1163, in emit
    stream.write(msg + self.terminator)
  File "C:\Users\banzo\AppData\Local\Programs\Python\Python312\Lib\encodings\cp1252.py", line 19, in encode
    return codecs.charmap_encode(input,self.errors,encoding_table)[0]
           ^^^^^^^^^^^^^^^^^^^^^^^^^^^^^^^^^^^^^^^^^^^^^^^^^^^^^^^
UnicodeEncodeError: 'charmap' codec can't encode character '\u2705' in position 33: character maps to <undefined>
Call stack:
  File "E:\prog fold\Drunken cookies\real-time-inventory\vm_inventory_updater_fixed.py", line 2606, in <module>
    success = main()
  File "E:\prog fold\Drunken cookies\real-time-inventory\vm_inventory_updater_fixed.py", line 174, in main
    update_inventory_sheet(sales_data, target_date=target_date)
  File "E:\prog fold\Drunken cookies\real-time-inventory\vm_inventory_updater_fixed.py", line 1368, in 
update_inventory_sheet
    update_drunken_cookies_sheet(
  File "E:\prog fold\Drunken cookies\real-time-inventory\vm_inventory_updater_fixed.py", line 2597, in 
update_drunken_cookies_sheet
    logging.info(f"Γ£à Drunken Cookies: updated '{tab_name}' row {date_row} for {date_str}")
Message: "Γ£à Drunken Cookies: updated 'Montehiedra' row 114 for 2026-01-17"
Arguments: ()
2026-02-16 20:52:31,774 - INFO - Γ£à Drunken Cookies: updated 'Montehiedra' row 114 for 2026-01-17
--- Logging error ---
Traceback (most recent call last):
  File "C:\Users\banzo\AppData\Local\Programs\Python\Python312\Lib\logging\__init__.py", line 1163, in emit
    stream.write(msg + self.terminator)
  File "C:\Users\banzo\AppData\Local\Programs\Python\Python312\Lib\encodings\cp1252.py", line 19, in encode
    return codecs.charmap_encode(input,self.errors,encoding_table)[0]
           ^^^^^^^^^^^^^^^^^^^^^^^^^^^^^^^^^^^^^^^^^^^^^^^^^^^^^^^
UnicodeEncodeError: 'charmap' codec can't encode character '\U0001f4ca' in position 33: character maps to <undefined>
Call stack:
  File "E:\prog fold\Drunken cookies\real-time-inventory\vm_inventory_updater_fixed.py", line 2606, in <module>
    success = main()
  File "E:\prog fold\Drunken cookies\real-time-inventory\vm_inventory_updater_fixed.py", line 174, in main
    update_inventory_sheet(sales_data, target_date=target_date)
  File "E:\prog fold\Drunken cookies\real-time-inventory\vm_inventory_updater_fixed.py", line 1368, in 
update_inventory_sheet
    update_drunken_cookies_sheet(
  File "E:\prog fold\Drunken cookies\real-time-inventory\vm_inventory_updater_fixed.py", line 2467, in 
update_drunken_cookies_sheet
    logging.info(f"≡ƒôè Drunken Cookies: Checking location '{loc}' (has {len(cookies)} cookie types)")
Message: "≡ƒôè Drunken Cookies: Checking location 'Plaza Carolina' (has 0 cookie types)"
Arguments: ()
2026-02-16 20:52:31,775 - INFO - ≡ƒôè Drunken Cookies: Checking location 'Plaza Carolina' (has 0 cookie types)
--- Logging error ---
Traceback (most recent call last):
  File "C:\Users\banzo\AppData\Local\Programs\Python\Python312\Lib\logging\__init__.py", line 1163, in emit
    stream.write(msg + self.terminator)
  File "C:\Users\banzo\AppData\Local\Programs\Python\Python312\Lib\encodings\cp1252.py", line 19, in encode
    return codecs.charmap_encode(input,self.errors,encoding_table)[0]
           ^^^^^^^^^^^^^^^^^^^^^^^^^^^^^^^^^^^^^^^^^^^^^^^^^^^^^^^
UnicodeEncodeError: 'charmap' codec can't encode character '\u2705' in position 33: character maps to <undefined>
Call stack:
  File "E:\prog fold\Drunken cookies\real-time-inventory\vm_inventory_updater_fixed.py", line 2606, in <module>
    success = main()
  File "E:\prog fold\Drunken cookies\real-time-inventory\vm_inventory_updater_fixed.py", line 174, in main
    update_inventory_sheet(sales_data, target_date=target_date)
  File "E:\prog fold\Drunken cookies\real-time-inventory\vm_inventory_updater_fixed.py", line 1368, in 
update_inventory_sheet
    update_drunken_cookies_sheet(
  File "E:\prog fold\Drunken cookies\real-time-inventory\vm_inventory_updater_fixed.py", line 2597, in 
update_drunken_cookies_sheet
    logging.info(f"Γ£à Drunken Cookies: updated '{tab_name}' row {date_row} for {date_str}")
Message: "Γ£à Drunken Cookies: updated 'Plaza Carolina' row 86 for 2026-01-17"
Arguments: ()
2026-02-16 20:52:32,998 - INFO - Γ£à Drunken Cookies: updated 'Plaza Carolina' row 86 for 2026-01-17
--- Logging error ---
Traceback (most recent call last):
  File "C:\Users\banzo\AppData\Local\Programs\Python\Python312\Lib\logging\__init__.py", line 1163, in emit
    stream.write(msg + self.terminator)
  File "C:\Users\banzo\AppData\Local\Programs\Python\Python312\Lib\encodings\cp1252.py", line 19, in encode
    return codecs.charmap_encode(input,self.errors,encoding_table)[0]
           ^^^^^^^^^^^^^^^^^^^^^^^^^^^^^^^^^^^^^^^^^^^^^^^^^^^^^^^
UnicodeEncodeError: 'charmap' codec can't encode character '\u2705' in position 33: character maps to <undefined>
Call stack:
  File "E:\prog fold\Drunken cookies\real-time-inventory\vm_inventory_updater_fixed.py", line 2606, in <module>
    success = main()
  File "E:\prog fold\Drunken cookies\real-time-inventory\vm_inventory_updater_fixed.py", line 174, in main
    update_inventory_sheet(sales_data, target_date=target_date)
  File "E:\prog fold\Drunken cookies\real-time-inventory\vm_inventory_updater_fixed.py", line 1368, in 
update_inventory_sheet
    update_drunken_cookies_sheet(
  File "E:\prog fold\Drunken cookies\real-time-inventory\vm_inventory_updater_fixed.py", line 2601, in 
update_drunken_cookies_sheet
    logging.info(f"Γ£à Drunken Cookies sheet: {updated} store tabs updated")
Message: 'Γ£à Drunken Cookies sheet: 6 store tabs updated'
Arguments: ()
2026-02-16 20:52:33,000 - INFO - Γ£à Drunken Cookies sheet: 6 store tabs updated
--- Logging error ---
Traceback (most recent call last):
  File "C:\Users\banzo\AppData\Local\Programs\Python\Python312\Lib\logging\__init__.py", line 1163, in emit
    stream.write(msg + self.terminator)
  File "C:\Users\banzo\AppData\Local\Programs\Python\Python312\Lib\encodings\cp1252.py", line 19, in encode
    return codecs.charmap_encode(input,self.errors,encoding_table)[0]
           ^^^^^^^^^^^^^^^^^^^^^^^^^^^^^^^^^^^^^^^^^^^^^^^^^^^^^^^
UnicodeEncodeError: 'charmap' codec can't encode character '\U0001f4ca' in position 33: character maps to <undefined>
Call stack:
  File "E:\prog fold\Drunken cookies\real-time-inventory\vm_inventory_updater_fixed.py", line 2606, in <module>
    success = main()
  File "E:\prog fold\Drunken cookies\real-time-inventory\vm_inventory_updater_fixed.py", line 174, in main
    update_inventory_sheet(sales_data, target_date=target_date)
  File "E:\prog fold\Drunken cookies\real-time-inventory\vm_inventory_updater_fixed.py", line 1381, in 
update_inventory_sheet
    logging.info(f"≡ƒôè Sheet data loaded: {len(values)} rows")
Message: '≡ƒôè Sheet data loaded: 69 rows'
Arguments: ()
2026-02-16 20:52:33,390 - INFO - ≡ƒôè Sheet data loaded: 69 rows
--- Logging error ---
Traceback (most recent call last):
  File "C:\Users\banzo\AppData\Local\Programs\Python\Python312\Lib\logging\__init__.py", line 1163, in emit
    stream.write(msg + self.terminator)
  File "C:\Users\banzo\AppData\Local\Programs\Python\Python312\Lib\encodings\cp1252.py", line 19, in encode
    return codecs.charmap_encode(input,self.errors,encoding_table)[0]
           ^^^^^^^^^^^^^^^^^^^^^^^^^^^^^^^^^^^^^^^^^^^^^^^^^^^^^^^
UnicodeEncodeError: 'charmap' codec can't encode character '\U0001f4cd' in position 33: character maps to <undefined>
Call stack:
  File "E:\prog fold\Drunken cookies\real-time-inventory\vm_inventory_updater_fixed.py", line 2606, in <module>
    success = main()
  File "E:\prog fold\Drunken cookies\real-time-inventory\vm_inventory_updater_fixed.py", line 174, in main
    update_inventory_sheet(sales_data, target_date=target_date)
  File "E:\prog fold\Drunken cookies\real-time-inventory\vm_inventory_updater_fixed.py", line 1395, in 
update_inventory_sheet
    logging.info(f"≡ƒôì Location row: {location_row[:10]}...")
Message: "≡ƒôì Location row: ['1/17/2026, Saturday', 'San Patricio', 'San Patricio', 'San Patricio', 'San Patricio', 
'San Patricio', 'San Patricio', 'San Patricio', 'San Patricio', 'San Patricio']..."
Arguments: ()
2026-02-16 20:52:33,390 - INFO - ≡ƒôì Location row: ['1/17/2026, Saturday', 'San Patricio', 'San Patricio', 'San Patricio', 'San Patricio', 'San Patricio', 'San Patricio', 'San Patricio', 'San Patricio', 'San Patricio']...
--- Logging error ---
Traceback (most recent call last):
  File "C:\Users\banzo\AppData\Local\Programs\Python\Python312\Lib\logging\__init__.py", line 1163, in emit
    stream.write(msg + self.terminator)
  File "C:\Users\banzo\AppData\Local\Programs\Python\Python312\Lib\encodings\cp1252.py", line 19, in encode
    return codecs.charmap_encode(input,self.errors,encoding_table)[0]
           ^^^^^^^^^^^^^^^^^^^^^^^^^^^^^^^^^^^^^^^^^^^^^^^^^^^^^^^
UnicodeEncodeError: 'charmap' codec can't encode character '\U0001f4cb' in position 33: character maps to <undefined>
Call stack:
  File "E:\prog fold\Drunken cookies\real-time-inventory\vm_inventory_updater_fixed.py", line 2606, in <module>
    success = main()
  File "E:\prog fold\Drunken cookies\real-time-inventory\vm_inventory_updater_fixed.py", line 174, in main
    update_inventory_sheet(sales_data, target_date=target_date)
  File "E:\prog fold\Drunken cookies\real-time-inventory\vm_inventory_updater_fixed.py", line 1396, in 
update_inventory_sheet
    logging.info(f"≡ƒôï Headers: {headers[:10]}...")
Message: '≡ƒôï Headers: [\'Cookies\', \'Beginning Inventory\', \'Sent Cookies\\n(for Kitchen Staff)\', \'Received 
Cookies\', "Opening Stock\\n(Don\'t touch)", \'Live Sales Data (Do Not Touch)\', \'2nd Delivery Sent\\n(if 
applicable)\', \'Expected Live Inventory (Do Not Touch)\', \'Ending Inventory\\n(Cookies we can sell tomorrow)\', 
\'Expired Cookie/s\']...'
Arguments: ()
2026-02-16 20:52:33,391 - INFO - ≡ƒôï Headers: ['Cookies', 'Beginning Inventory', 'Sent Cookies\n(for Kitchen Staff)', 'Received Cookies', "Opening Stock\n(Don't touch)", 'Live Sales Data (Do Not Touch)', '2nd Delivery Sent\n(if applicable)', 'Expected Live Inventory (Do Not Touch)', 'Ending Inventory\n(Cookies we can sell tomorrow)', 'Expired Cookie/s']...
--- Logging error ---
Traceback (most recent call last):
  File "C:\Users\banzo\AppData\Local\Programs\Python\Python312\Lib\logging\__init__.py", line 1163, in emit
    stream.write(msg + self.terminator)
  File "C:\Users\banzo\AppData\Local\Programs\Python\Python312\Lib\encodings\cp1252.py", line 19, in encode
    return codecs.charmap_encode(input,self.errors,encoding_table)[0]
           ^^^^^^^^^^^^^^^^^^^^^^^^^^^^^^^^^^^^^^^^^^^^^^^^^^^^^^^
UnicodeEncodeError: 'charmap' codec can't encode character '\U0001f36a' in position 33: character maps to <undefined>
Call stack:
  File "E:\prog fold\Drunken cookies\real-time-inventory\vm_inventory_updater_fixed.py", line 2606, in <module>
    success = main()
  File "E:\prog fold\Drunken cookies\real-time-inventory\vm_inventory_updater_fixed.py", line 174, in main
    update_inventory_sheet(sales_data, target_date=target_date)
  File "E:\prog fold\Drunken cookies\real-time-inventory\vm_inventory_updater_fixed.py", line 1397, in 
update_inventory_sheet
    logging.info(f"≡ƒì¬ Cookie names: {cookie_names[:5]}...")
Message: "≡ƒì¬ Cookie names: ['A - Chocolate Chip Nutella', 'B - Signature Chocolate Chip', 'C - Cookies & Cream', 'D 
- White Chocolate Macadamia', 'E - Strawberry Cheesecake']..."
Arguments: ()
2026-02-16 20:52:33,392 - INFO - ≡ƒì¬ Cookie names: ['A - Chocolate Chip Nutella', 'B - Signature Chocolate Chip', 'C - Cookies & Cream', 'D - White Chocolate Macadamia', 'E - Strawberry Cheesecake']...
--- Logging error ---
Traceback (most recent call last):
  File "C:\Users\banzo\AppData\Local\Programs\Python\Python312\Lib\logging\__init__.py", line 1163, in emit
    stream.write(msg + self.terminator)
  File "C:\Users\banzo\AppData\Local\Programs\Python\Python312\Lib\encodings\cp1252.py", line 19, in encode
    return codecs.charmap_encode(input,self.errors,encoding_table)[0]
           ^^^^^^^^^^^^^^^^^^^^^^^^^^^^^^^^^^^^^^^^^^^^^^^^^^^^^^^
UnicodeEncodeError: 'charmap' codec can't encode character '\U0001f4cd' in position 33: character maps to <undefined>
Call stack:
  File "E:\prog fold\Drunken cookies\real-time-inventory\vm_inventory_updater_fixed.py", line 2606, in <module>
    success = main()
  File "E:\prog fold\Drunken cookies\real-time-inventory\vm_inventory_updater_fixed.py", line 174, in main
    update_inventory_sheet(sales_data, target_date=target_date)
  File "E:\prog fold\Drunken cookies\real-time-inventory\vm_inventory_updater_fixed.py", line 1463, in 
update_inventory_sheet
    logging.info(f"≡ƒôì Found 'Live Sales Data (Do Not Touch)' column for {matched_location} at column 
{column_to_letter(i)} (location: '{location_name}', header: '{header}')")
Message: "≡ƒôì Found 'Live Sales Data (Do Not Touch)' column for San Patricio at column F (location: 'San Patricio', 
header: 'Live Sales Data (Do Not Touch)')"
Arguments: ()
2026-02-16 20:52:33,392 - INFO - ≡ƒôì Found 'Live Sales Data (Do Not Touch)' column for San Patricio at column F (location: 'San Patricio', header: 'Live Sales Data (Do Not Touch)')
--- Logging error ---
Traceback (most recent call last):
  File "C:\Users\banzo\AppData\Local\Programs\Python\Python312\Lib\logging\__init__.py", line 1163, in emit
    stream.write(msg + self.terminator)
  File "C:\Users\banzo\AppData\Local\Programs\Python\Python312\Lib\encodings\cp1252.py", line 19, in encode
    return codecs.charmap_encode(input,self.errors,encoding_table)[0]
           ^^^^^^^^^^^^^^^^^^^^^^^^^^^^^^^^^^^^^^^^^^^^^^^^^^^^^^^
UnicodeEncodeError: 'charmap' codec can't encode character '\U0001f4cd' in position 33: character maps to <undefined>
Call stack:
  File "E:\prog fold\Drunken cookies\real-time-inventory\vm_inventory_updater_fixed.py", line 2606, in <module>
    success = main()
  File "E:\prog fold\Drunken cookies\real-time-inventory\vm_inventory_updater_fixed.py", line 174, in main
    update_inventory_sheet(sales_data, target_date=target_date)
  File "E:\prog fold\Drunken cookies\real-time-inventory\vm_inventory_updater_fixed.py", line 1463, in 
update_inventory_sheet
    logging.info(f"≡ƒôì Found 'Live Sales Data (Do Not Touch)' column for {matched_location} at column 
{column_to_letter(i)} (location: '{location_name}', header: '{header}')")
Message: "≡ƒôì Found 'Live Sales Data (Do Not Touch)' column for Plaza del Sol at column T (location: 'Plaza del Sol', 
header: 'Live Sales Data (Do Not Touch)')"
Arguments: ()
2026-02-16 20:52:33,393 - INFO - ≡ƒôì Found 'Live Sales Data (Do Not Touch)' column for Plaza del Sol at column T (location: 'Plaza del Sol', header: 'Live Sales Data (Do Not Touch)')
--- Logging error ---
Traceback (most recent call last):
  File "C:\Users\banzo\AppData\Local\Programs\Python\Python312\Lib\logging\__init__.py", line 1163, in emit
    stream.write(msg + self.terminator)
  File "C:\Users\banzo\AppData\Local\Programs\Python\Python312\Lib\encodings\cp1252.py", line 19, in encode
    return codecs.charmap_encode(input,self.errors,encoding_table)[0]
           ^^^^^^^^^^^^^^^^^^^^^^^^^^^^^^^^^^^^^^^^^^^^^^^^^^^^^^^
UnicodeEncodeError: 'charmap' codec can't encode character '\U0001f4cd' in position 33: character maps to <undefined>
Call stack:
  File "E:\prog fold\Drunken cookies\real-time-inventory\vm_inventory_updater_fixed.py", line 2606, in <module>
    success = main()
  File "E:\prog fold\Drunken cookies\real-time-inventory\vm_inventory_updater_fixed.py", line 174, in main
    update_inventory_sheet(sales_data, target_date=target_date)
  File "E:\prog fold\Drunken cookies\real-time-inventory\vm_inventory_updater_fixed.py", line 1463, in 
update_inventory_sheet
    logging.info(f"≡ƒôì Found 'Live Sales Data (Do Not Touch)' column for {matched_location} at column 
{column_to_letter(i)} (location: '{location_name}', header: '{header}')")
Message: "≡ƒôì Found 'Live Sales Data (Do Not Touch)' column for Montehiedra at column AH (location: 'Montehiedra', 
header: 'Live Sales Data (Do Not Touch)')"
Arguments: ()
2026-02-16 20:52:33,394 - INFO - ≡ƒôì Found 'Live Sales Data (Do Not Touch)' column for Montehiedra at column AH (location: 'Montehiedra', header: 'Live Sales Data (Do Not Touch)')
--- Logging error ---
Traceback (most recent call last):
  File "C:\Users\banzo\AppData\Local\Programs\Python\Python312\Lib\logging\__init__.py", line 1163, in emit
    stream.write(msg + self.terminator)
  File "C:\Users\banzo\AppData\Local\Programs\Python\Python312\Lib\encodings\cp1252.py", line 19, in encode
    return codecs.charmap_encode(input,self.errors,encoding_table)[0]
           ^^^^^^^^^^^^^^^^^^^^^^^^^^^^^^^^^^^^^^^^^^^^^^^^^^^^^^^
UnicodeEncodeError: 'charmap' codec can't encode character '\U0001f4cd' in position 33: character maps to <undefined>
Call stack:
  File "E:\prog fold\Drunken cookies\real-time-inventory\vm_inventory_updater_fixed.py", line 2606, in <module>
    success = main()
  File "E:\prog fold\Drunken cookies\real-time-inventory\vm_inventory_updater_fixed.py", line 174, in main
    update_inventory_sheet(sales_data, target_date=target_date)
  File "E:\prog fold\Drunken cookies\real-time-inventory\vm_inventory_updater_fixed.py", line 1463, in 
update_inventory_sheet
    logging.info(f"≡ƒôì Found 'Live Sales Data (Do Not Touch)' column for {matched_location} at column 
{column_to_letter(i)} (location: '{location_name}', header: '{header}')")
Message: "≡ƒôì Found 'Live Sales Data (Do Not Touch)' column for Plaza Carolina at column AV (location: 'Plaza 
Carolina', header: 'Live Sales Data (Do Not Touch)')"
Arguments: ()
2026-02-16 20:52:33,394 - INFO - ≡ƒôì Found 'Live Sales Data (Do Not Touch)' column for Plaza Carolina at column AV (location: 'Plaza Carolina', header: 'Live Sales Data (Do Not Touch)')
--- Logging error ---
Traceback (most recent call last):
  File "C:\Users\banzo\AppData\Local\Programs\Python\Python312\Lib\logging\__init__.py", line 1163, in emit
    stream.write(msg + self.terminator)
  File "C:\Users\banzo\AppData\Local\Programs\Python\Python312\Lib\encodings\cp1252.py", line 19, in encode
    return codecs.charmap_encode(input,self.errors,encoding_table)[0]
           ^^^^^^^^^^^^^^^^^^^^^^^^^^^^^^^^^^^^^^^^^^^^^^^^^^^^^^^
UnicodeEncodeError: 'charmap' codec can't encode character '\U0001f4cd' in position 33: character maps to <undefined>
Call stack:
  File "E:\prog fold\Drunken cookies\real-time-inventory\vm_inventory_updater_fixed.py", line 2606, in <module>
    success = main()
  File "E:\prog fold\Drunken cookies\real-time-inventory\vm_inventory_updater_fixed.py", line 174, in main
    update_inventory_sheet(sales_data, target_date=target_date)
  File "E:\prog fold\Drunken cookies\real-time-inventory\vm_inventory_updater_fixed.py", line 1463, in 
update_inventory_sheet
    logging.info(f"≡ƒôì Found 'Live Sales Data (Do Not Touch)' column for {matched_location} at column 
{column_to_letter(i)} (location: '{location_name}', header: '{header}')")
Message: "≡ƒôì Found 'Live Sales Data (Do Not Touch)' column for Plaza Las Americas at column BJ (location: 'Plaza Las 
Americas', header: 'Live Sales Data (Do Not Touch)')"
Arguments: ()
2026-02-16 20:52:33,395 - INFO - ≡ƒôì Found 'Live Sales Data (Do Not Touch)' column for Plaza Las Americas at column BJ (location: 'Plaza Las Americas', header: 'Live Sales Data (Do Not Touch)')
--- Logging error ---
Traceback (most recent call last):
  File "C:\Users\banzo\AppData\Local\Programs\Python\Python312\Lib\logging\__init__.py", line 1163, in emit
    stream.write(msg + self.terminator)
  File "C:\Users\banzo\AppData\Local\Programs\Python\Python312\Lib\encodings\cp1252.py", line 19, in encode
    return codecs.charmap_encode(input,self.errors,encoding_table)[0]
           ^^^^^^^^^^^^^^^^^^^^^^^^^^^^^^^^^^^^^^^^^^^^^^^^^^^^^^^
UnicodeEncodeError: 'charmap' codec can't encode character '\U0001f4cd' in position 33: character maps to <undefined>
Call stack:
  File "E:\prog fold\Drunken cookies\real-time-inventory\vm_inventory_updater_fixed.py", line 2606, in <module>
    success = main()
  File "E:\prog fold\Drunken cookies\real-time-inventory\vm_inventory_updater_fixed.py", line 174, in main
    update_inventory_sheet(sales_data, target_date=target_date)
  File "E:\prog fold\Drunken cookies\real-time-inventory\vm_inventory_updater_fixed.py", line 1463, in 
update_inventory_sheet
    logging.info(f"≡ƒôì Found 'Live Sales Data (Do Not Touch)' column for {matched_location} at column 
{column_to_letter(i)} (location: '{location_name}', header: '{header}')")
Message: "≡ƒôì Found 'Live Sales Data (Do Not Touch)' column for Old San Juan at column BU (location: 'Old San Juan', 
header: 'Live Sales Data (Do Not Touch)')"
Arguments: ()
--- Logging error ---
Traceback (most recent call last):
  File "C:\Users\banzo\AppData\Local\Programs\Python\Python312\Lib\logging\__init__.py", line 1163, in emit
    stream.write(msg + self.terminator)
  File "C:\Users\banzo\AppData\Local\Programs\Python\Python312\Lib\encodings\cp1252.py", line 19, in encode
    return codecs.charmap_encode(input,self.errors,encoding_table)[0]
           ^^^^^^^^^^^^^^^^^^^^^^^^^^^^^^^^^^^^^^^^^^^^^^^^^^^^^^^
UnicodeEncodeError: 'charmap' codec can't encode character '\U0001f3af' in position 33: character maps to <undefined>
Call stack:
  File "E:\prog fold\Drunken cookies\real-time-inventory\vm_inventory_updater_fixed.py", line 2606, in <module>
    success = main()
  File "E:\prog fold\Drunken cookies\real-time-inventory\vm_inventory_updater_fixed.py", line 174, in main
    update_inventory_sheet(sales_data, target_date=target_date)
  File "E:\prog fold\Drunken cookies\real-time-inventory\vm_inventory_updater_fixed.py", line 1511, in 
update_inventory_sheet
    logging.info(f"≡ƒÄ» Location columns found: {location_columns}")
Message: "≡ƒÄ» Location columns found: {'San Patricio': 5, 'Plaza del Sol': 19, 'Montehiedra': 33, 'Plaza Carolina': 
47, 'Plaza Las Americas': 61, 'Old San Juan': 72}"
Arguments: ()
--- Logging error ---
Traceback (most recent call last):
  File "C:\Users\banzo\AppData\Local\Programs\Python\Python312\Lib\logging\__init__.py", line 1163, in emit
    stream.write(msg + self.terminator)
  File "C:\Users\banzo\AppData\Local\Programs\Python\Python312\Lib\encodings\cp1252.py", line 19, in encode
    return codecs.charmap_encode(input,self.errors,encoding_table)[0]
           ^^^^^^^^^^^^^^^^^^^^^^^^^^^^^^^^^^^^^^^^^^^^^^^^^^^^^^^
UnicodeEncodeError: 'charmap' codec can't encode character '\U0001f3af' in position 33: character maps to <undefined>
Call stack:
2026-02-16 20:52:33,396 - INFO - ≡ƒôì Found 'Live Sales Data (Do Not Touch)' column for Old San Juan at column BU (location: 'Old San Juan', header: 'Live Sales Data (Do Not Touch)')
2026-02-16 20:52:33,397 - INFO - ≡ƒÄ» Location columns found: {'San Patricio': 5, 'Plaza del Sol': 19, 'Montehiedra': 33, 'Plaza Carolina': 47, 'Plaza Las Americas': 61, 'Old San Juan': 72}
2026-02-16 20:52:33,398 - INFO - ≡ƒÄ» CHOCOLATE CHIP NUTELLA API DATA ANALYSIS:
2026-02-16 20:52:33,398 - INFO - ≡ƒôè Found TOTAL row at row 19
2026-02-16 20:52:33,399 - INFO - ≡ƒöì Running comprehensive data quality validation...
2026-02-16 20:52:33,399 - INFO - ≡ƒôè Data Quality Score: 72/100
2026-02-16 20:52:33,400 - INFO - ≡ƒöÉ Data Checksum: 2 total sales across 2 cookie types
2026-02-16 20:52:33,404 - WARNING - ΓÜá∩╕Å Plaza: Zero sales detected - store might be closed
2026-02-16 20:52:33,405 - WARNING - ΓÜá∩╕Å PlazaSol: Zero sales detected - store might be closed
  File "E:\prog fold\Drunken cookies\real-time-inventory\vm_inventory_updater_fixed.py", line 2606, in <module>
    success = main()
  File "E:\prog fold\Drunken cookies\real-time-inventory\vm_inventory_updater_fixed.py", line 174, in main
    update_inventory_sheet(sales_data, target_date=target_date)
  File "E:\prog fold\Drunken cookies\real-time-inventory\vm_inventory_updater_fixed.py", line 1514, in 
update_inventory_sheet
    logging.info(f"≡ƒÄ» CHOCOLATE CHIP NUTELLA API DATA ANALYSIS:")
Message: '≡ƒÄ» CHOCOLATE CHIP NUTELLA API DATA ANALYSIS:'
Arguments: ()
--- Logging error ---
Traceback (most recent call last):
  File "C:\Users\banzo\AppData\Local\Programs\Python\Python312\Lib\logging\__init__.py", line 1163, in emit
    stream.write(msg + self.terminator)
  File "C:\Users\banzo\AppData\Local\Programs\Python\Python312\Lib\encodings\cp1252.py", line 19, in encode
    return codecs.charmap_encode(input,self.errors,encoding_table)[0]
           ^^^^^^^^^^^^^^^^^^^^^^^^^^^^^^^^^^^^^^^^^^^^^^^^^^^^^^^
UnicodeEncodeError: 'charmap' codec can't encode character '\U0001f4ca' in position 33: character maps to <undefined>
Call stack:
  File "E:\prog fold\Drunken cookies\real-time-inventory\vm_inventory_updater_fixed.py", line 2606, in <module>
    success = main()
  File "E:\prog fold\Drunken cookies\real-time-inventory\vm_inventory_updater_fixed.py", line 174, in main
    update_inventory_sheet(sales_data, target_date=target_date)
  File "E:\prog fold\Drunken cookies\real-time-inventory\vm_inventory_updater_fixed.py", line 1542, in 
update_inventory_sheet
    logging.info(f"≡ƒôè Found TOTAL row at row {totals_row_num}")
Message: '≡ƒôè Found TOTAL row at row 19'
Arguments: ()
--- Logging error ---
Traceback (most recent call last):
  File "C:\Users\banzo\AppData\Local\Programs\Python\Python312\Lib\logging\__init__.py", line 1163, in emit
    stream.write(msg + self.terminator)
  File "C:\Users\banzo\AppData\Local\Programs\Python\Python312\Lib\encodings\cp1252.py", line 19, in encode
    return codecs.charmap_encode(input,self.errors,encoding_table)[0]
           ^^^^^^^^^^^^^^^^^^^^^^^^^^^^^^^^^^^^^^^^^^^^^^^^^^^^^^^
UnicodeEncodeError: 'charmap' codec can't encode character '\U0001f50d' in position 33: character maps to <undefined>
Call stack:
  File "E:\prog fold\Drunken cookies\real-time-inventory\vm_inventory_updater_fixed.py", line 2606, in <module>
    success = main()
  File "E:\prog fold\Drunken cookies\real-time-inventory\vm_inventory_updater_fixed.py", line 174, in main
    update_inventory_sheet(sales_data, target_date=target_date)
  File "E:\prog fold\Drunken cookies\real-time-inventory\vm_inventory_updater_fixed.py", line 1549, in 
update_inventory_sheet
    logging.info("≡ƒöì Running comprehensive data quality validation...")
Message: '≡ƒöì Running comprehensive data quality validation...'
Arguments: ()
--- Logging error ---
Traceback (most recent call last):
  File "C:\Users\banzo\AppData\Local\Programs\Python\Python312\Lib\logging\__init__.py", line 1163, in emit
    stream.write(msg + self.terminator)
  File "C:\Users\banzo\AppData\Local\Programs\Python\Python312\Lib\encodings\cp1252.py", line 19, in encode
    return codecs.charmap_encode(input,self.errors,encoding_table)[0]
           ^^^^^^^^^^^^^^^^^^^^^^^^^^^^^^^^^^^^^^^^^^^^^^^^^^^^^^^
UnicodeEncodeError: 'charmap' codec can't encode character '\U0001f4ca' in position 33: character maps to <undefined>
Call stack:
  File "E:\prog fold\Drunken cookies\real-time-inventory\vm_inventory_updater_fixed.py", line 2606, in <module>
    success = main()
  File "E:\prog fold\Drunken cookies\real-time-inventory\vm_inventory_updater_fixed.py", line 174, in main
    update_inventory_sheet(sales_data, target_date=target_date)
  File "E:\prog fold\Drunken cookies\real-time-inventory\vm_inventory_updater_fixed.py", line 1586, in 
update_inventory_sheet
    logging.info(f"≡ƒôè Data Quality Score: {quality_validation['quality_score']}/100")
Message: '≡ƒôè Data Quality Score: 72/100'
Arguments: ()
--- Logging error ---
Traceback (most recent call last):
  File "C:\Users\banzo\AppData\Local\Programs\Python\Python312\Lib\logging\__init__.py", line 1163, in emit
    stream.write(msg + self.terminator)
  File "C:\Users\banzo\AppData\Local\Programs\Python\Python312\Lib\encodings\cp1252.py", line 19, in encode
    return codecs.charmap_encode(input,self.errors,encoding_table)[0]
           ^^^^^^^^^^^^^^^^^^^^^^^^^^^^^^^^^^^^^^^^^^^^^^^^^^^^^^^
UnicodeEncodeError: 'charmap' codec can't encode character '\U0001f510' in position 33: character maps to <undefined>
Call stack:
  File "E:\prog fold\Drunken cookies\real-time-inventory\vm_inventory_updater_fixed.py", line 2606, in <module>
    success = main()
  File "E:\prog fold\Drunken cookies\real-time-inventory\vm_inventory_updater_fixed.py", line 174, in main
    update_inventory_sheet(sales_data, target_date=target_date)
  File "E:\prog fold\Drunken cookies\real-time-inventory\vm_inventory_updater_fixed.py", line 1601, in 
update_inventory_sheet
    logging.info(f"≡ƒöÉ Data Checksum: {checksum} total sales across {cookie_types} cookie types")
Message: '≡ƒöÉ Data Checksum: 2 total sales across 2 cookie types'
Arguments: ()
--- Logging error ---
Traceback (most recent call last):
  File "C:\Users\banzo\AppData\Local\Programs\Python\Python312\Lib\logging\__init__.py", line 1163, in emit
    stream.write(msg + self.terminator)
  File "C:\Users\banzo\AppData\Local\Programs\Python\Python312\Lib\encodings\cp1252.py", line 19, in encode
    return codecs.charmap_encode(input,self.errors,encoding_table)[0]
           ^^^^^^^^^^^^^^^^^^^^^^^^^^^^^^^^^^^^^^^^^^^^^^^^^^^^^^^
UnicodeEncodeError: 'charmap' codec can't encode characters in position 36-37: character maps to <undefined>
Call stack:
  File "E:\prog fold\Drunken cookies\real-time-inventory\vm_inventory_updater_fixed.py", line 2606, in <module>
    success = main()
  File "E:\prog fold\Drunken cookies\real-time-inventory\vm_inventory_updater_fixed.py", line 174, in main
    update_inventory_sheet(sales_data, target_date=target_date)
  File "E:\prog fold\Drunken cookies\real-time-inventory\vm_inventory_updater_fixed.py", line 1605, in 
update_inventory_sheet
    logging.warning(f"ΓÜá∩╕Å {warning}")
Message: 'ΓÜá∩╕Å Plaza: Zero sales detected - store might be closed'
Arguments: ()
--- Logging error ---
Traceback (most recent call last):
2026-02-16 20:52:33,406 - WARNING - ΓÜá∩╕Å San Patricio: Zero sales detected - store might be closed
2026-02-16 20:52:33,418 - WARNING - ΓÜá∩╕Å VSJ: Zero sales detected - store might be closed
2026-02-16 20:52:33,419 - WARNING - ΓÜá∩╕Å Montehiedra: Very low sales (2) - verify data
2026-02-16 20:52:33,419 - WARNING - ΓÜá∩╕Å Plaza Carolina: Zero sales detected - store might be closed
  File "C:\Users\banzo\AppData\Local\Programs\Python\Python312\Lib\logging\__init__.py", line 1163, in emit
    stream.write(msg + self.terminator)
  File "C:\Users\banzo\AppData\Local\Programs\Python\Python312\Lib\encodings\cp1252.py", line 19, in encode
    return codecs.charmap_encode(input,self.errors,encoding_table)[0]
           ^^^^^^^^^^^^^^^^^^^^^^^^^^^^^^^^^^^^^^^^^^^^^^^^^^^^^^^
UnicodeEncodeError: 'charmap' codec can't encode characters in position 36-37: character maps to <undefined>
Call stack:
  File "E:\prog fold\Drunken cookies\real-time-inventory\vm_inventory_updater_fixed.py", line 2606, in <module>
    success = main()
  File "E:\prog fold\Drunken cookies\real-time-inventory\vm_inventory_updater_fixed.py", line 174, in main
    update_inventory_sheet(sales_data, target_date=target_date)
  File "E:\prog fold\Drunken cookies\real-time-inventory\vm_inventory_updater_fixed.py", line 1605, in 
update_inventory_sheet
    logging.warning(f"ΓÜá∩╕Å {warning}")
Message: 'ΓÜá∩╕Å PlazaSol: Zero sales detected - store might be closed'
Arguments: ()
--- Logging error ---
Traceback (most recent call last):
  File "C:\Users\banzo\AppData\Local\Programs\Python\Python312\Lib\logging\__init__.py", line 1163, in emit
    stream.write(msg + self.terminator)
  File "C:\Users\banzo\AppData\Local\Programs\Python\Python312\Lib\encodings\cp1252.py", line 19, in encode
    return codecs.charmap_encode(input,self.errors,encoding_table)[0]
           ^^^^^^^^^^^^^^^^^^^^^^^^^^^^^^^^^^^^^^^^^^^^^^^^^^^^^^^
UnicodeEncodeError: 'charmap' codec can't encode characters in position 36-37: character maps to <undefined>
Call stack:
  File "E:\prog fold\Drunken cookies\real-time-inventory\vm_inventory_updater_fixed.py", line 2606, in <module>
    success = main()
  File "E:\prog fold\Drunken cookies\real-time-inventory\vm_inventory_updater_fixed.py", line 174, in main
    update_inventory_sheet(sales_data, target_date=target_date)
  File "E:\prog fold\Drunken cookies\real-time-inventory\vm_inventory_updater_fixed.py", line 1605, in 
update_inventory_sheet
    logging.warning(f"ΓÜá∩╕Å {warning}")
Message: 'ΓÜá∩╕Å San Patricio: Zero sales detected - store might be closed'
Arguments: ()
--- Logging error ---
Traceback (most recent call last):
  File "C:\Users\banzo\AppData\Local\Programs\Python\Python312\Lib\logging\__init__.py", line 1163, in emit
    stream.write(msg + self.terminator)
  File "C:\Users\banzo\AppData\Local\Programs\Python\Python312\Lib\encodings\cp1252.py", line 19, in encode
2026-02-16 20:52:33,420 - INFO - ≡ƒÆí Manual review recommended due to quality score < 80
    return codecs.charmap_encode(input,self.errors,encoding_table)[0]
           ^^^^^^^^^^^^^^^^^^^^^^^^^^^^^^^^^^^^^^^^^^^^^^^^^^^^^^^
UnicodeEncodeError: 'charmap' codec can't encode characters in position 36-37: character maps to <undefined>
Call stack:
  File "E:\prog fold\Drunken cookies\real-time-inventory\vm_inventory_updater_fixed.py", line 2606, in <module>
    success = main()
  File "E:\prog fold\Drunken cookies\real-time-inventory\vm_inventory_updater_fixed.py", line 174, in main
    update_inventory_sheet(sales_data, target_date=target_date)
  File "E:\prog fold\Drunken cookies\real-time-inventory\vm_inventory_updater_fixed.py", line 1605, in 
update_inventory_sheet
    logging.warning(f"ΓÜá∩╕Å {warning}")
Message: 'ΓÜá∩╕Å VSJ: Zero sales detected - store might be closed'
Arguments: ()
--- Logging error ---
Traceback (most recent call last):
  File "C:\Users\banzo\AppData\Local\Programs\Python\Python312\Lib\logging\__init__.py", line 1163, in emit
    stream.write(msg + self.terminator)
  File "C:\Users\banzo\AppData\Local\Programs\Python\Python312\Lib\encodings\cp1252.py", line 19, in encode
    return codecs.charmap_encode(input,self.errors,encoding_table)[0]
           ^^^^^^^^^^^^^^^^^^^^^^^^^^^^^^^^^^^^^^^^^^^^^^^^^^^^^^^
UnicodeEncodeError: 'charmap' codec can't encode characters in position 36-37: character maps to <undefined>
Call stack:
  File "E:\prog fold\Drunken cookies\real-time-inventory\vm_inventory_updater_fixed.py", line 2606, in <module>
    success = main()
  File "E:\prog fold\Drunken cookies\real-time-inventory\vm_inventory_updater_fixed.py", line 174, in main
    update_inventory_sheet(sales_data, target_date=target_date)
  File "E:\prog fold\Drunken cookies\real-time-inventory\vm_inventory_updater_fixed.py", line 1605, in 
update_inventory_sheet
    logging.warning(f"ΓÜá∩╕Å {warning}")
Message: 'ΓÜá∩╕Å Montehiedra: Very low sales (2) - verify data'
Arguments: ()
--- Logging error ---
Traceback (most recent call last):
  File "C:\Users\banzo\AppData\Local\Programs\Python\Python312\Lib\logging\__init__.py", line 1163, in emit
    stream.write(msg + self.terminator)
  File "C:\Users\banzo\AppData\Local\Programs\Python\Python312\Lib\encodings\cp1252.py", line 19, in encode
    return codecs.charmap_encode(input,self.errors,encoding_table)[0]
           ^^^^^^^^^^^^^^^^^^^^^^^^^^^^^^^^^^^^^^^^^^^^^^^^^^^^^^^
UnicodeEncodeError: 'charmap' codec can't encode characters in position 36-37: character maps to <undefined>
Call stack:
  File "E:\prog fold\Drunken cookies\real-time-inventory\vm_inventory_updater_fixed.py", line 2606, in <module>
    success = main()
  File "E:\prog fold\Drunken cookies\real-time-inventory\vm_inventory_updater_fixed.py", line 174, in main
    update_inventory_sheet(sales_data, target_date=target_date)
  File "E:\prog fold\Drunken cookies\real-time-inventory\vm_inventory_updater_fixed.py", line 1605, in 
update_inventory_sheet
    logging.warning(f"ΓÜá∩╕Å {warning}")
Message: 'ΓÜá∩╕Å Plaza Carolina: Zero sales detected - store might be closed'
Arguments: ()
--- Logging error ---
Traceback (most recent call last):
  File "C:\Users\banzo\AppData\Local\Programs\Python\Python312\Lib\logging\__init__.py", line 1163, in emit
    stream.write(msg + self.terminator)
  File "C:\Users\banzo\AppData\Local\Programs\Python\Python312\Lib\encodings\cp1252.py", line 19, in encode
    return codecs.charmap_encode(input,self.errors,encoding_table)[0]
           ^^^^^^^^^^^^^^^^^^^^^^^^^^^^^^^^^^^^^^^^^^^^^^^^^^^^^^^
UnicodeEncodeError: 'charmap' codec can't encode character '\U0001f4a1' in position 33: character maps to <undefined>
Call stack:
  File "E:\prog fold\Drunken cookies\real-time-inventory\vm_inventory_updater_fixed.py", line 2606, in <module>
    success = main()
  File "E:\prog fold\Drunken cookies\real-time-inventory\vm_inventory_updater_fixed.py", line 174, in main
    update_inventory_sheet(sales_data, target_date=target_date)
  File "E:\prog fold\Drunken cookies\real-time-inventory\vm_inventory_updater_fixed.py", line 1613, in 
update_inventory_sheet
    logging.info(f"≡ƒÆí {rec}")
Message: '≡ƒÆí Manual review recommended due to quality score < 80'
Arguments: ()
--- Logging error ---
Traceback (most recent call last):
  File "C:\Users\banzo\AppData\Local\Programs\Python\Python312\Lib\logging\__init__.py", line 1163, in emit
    stream.write(msg + self.terminator)
  File "C:\Users\banzo\AppData\Local\Programs\Python\Python312\Lib\encodings\cp1252.py", line 19, in encode
    return codecs.charmap_encode(input,self.errors,encoding_table)[0]
2026-02-16 20:52:33,432 - WARNING - ΓÜá∩╕Å Found 1 low-confidence cookie matches
2026-02-16 20:52:33,435 - WARNING -    Montehiedra: 'Turron' -> 'B - Signature Chocolate Chip' (confidence: 24%)
2026-02-16 20:52:33,437 - WARNING - ΓÜá∩╕Å Plaza validation warnings: ZERO_SALES
2026-02-16 20:52:33,440 - WARNING - ΓÜá∩╕Å PlazaSol validation warnings: ZERO_SALES
2026-02-16 20:52:33,446 - WARNING - ΓÜá∩╕Å San Patricio validation warnings: ZERO_SALES
2026-02-16 20:52:33,447 - WARNING - ΓÜá∩╕Å VSJ validation warnings: ZERO_SALES
2026-02-16 20:52:33,448 - WARNING - ΓÜá∩╕Å Montehiedra validation warnings: LOW_SALES
           ^^^^^^^^^^^^^^^^^^^^^^^^^^^^^^^^^^^^^^^^^^^^^^^^^^^^^^^
UnicodeEncodeError: 'charmap' codec can't encode characters in position 36-37: character maps to <undefined>
Call stack:
  File "E:\prog fold\Drunken cookies\real-time-inventory\vm_inventory_updater_fixed.py", line 2606, in <module>
    success = main()
  File "E:\prog fold\Drunken cookies\real-time-inventory\vm_inventory_updater_fixed.py", line 174, in main
    update_inventory_sheet(sales_data, target_date=target_date)
  File "E:\prog fold\Drunken cookies\real-time-inventory\vm_inventory_updater_fixed.py", line 1624, in 
update_inventory_sheet
    logging.warning(f"ΓÜá∩╕Å Found {len(mapping_validation['low_confidence_matches'])} low-confidence cookie matches")
Message: 'ΓÜá∩╕Å Found 1 low-confidence cookie matches'
Arguments: ()
--- Logging error ---
Traceback (most recent call last):
  File "C:\Users\banzo\AppData\Local\Programs\Python\Python312\Lib\logging\__init__.py", line 1163, in emit
    stream.write(msg + self.terminator)
  File "C:\Users\banzo\AppData\Local\Programs\Python\Python312\Lib\encodings\cp1252.py", line 19, in encode
    return codecs.charmap_encode(input,self.errors,encoding_table)[0]
           ^^^^^^^^^^^^^^^^^^^^^^^^^^^^^^^^^^^^^^^^^^^^^^^^^^^^^^^
UnicodeEncodeError: 'charmap' codec can't encode characters in position 36-37: character maps to <undefined>
Call stack:
  File "E:\prog fold\Drunken cookies\real-time-inventory\vm_inventory_updater_fixed.py", line 2606, in <module>
    success = main()
  File "E:\prog fold\Drunken cookies\real-time-inventory\vm_inventory_updater_fixed.py", line 174, in main
    update_inventory_sheet(sales_data, target_date=target_date)
  File "E:\prog fold\Drunken cookies\real-time-inventory\vm_inventory_updater_fixed.py", line 1653, in 
update_inventory_sheet
    logging.warning(f"ΓÜá∩╕Å {location} validation warnings: {', '.join(validation['warnings'])}")
Message: 'ΓÜá∩╕Å Plaza validation warnings: ZERO_SALES'
Arguments: ()
--- Logging error ---
Traceback (most recent call last):
  File "C:\Users\banzo\AppData\Local\Programs\Python\Python312\Lib\logging\__init__.py", line 1163, in emit
    stream.write(msg + self.terminator)
  File "C:\Users\banzo\AppData\Local\Programs\Python\Python312\Lib\encodings\cp1252.py", line 19, in encode
    return codecs.charmap_encode(input,self.errors,encoding_table)[0]
           ^^^^^^^^^^^^^^^^^^^^^^^^^^^^^^^^^^^^^^^^^^^^^^^^^^^^^^^
UnicodeEncodeError: 'charmap' codec can't encode characters in position 36-37: character maps to <undefined>
Call stack:
  File "E:\prog fold\Drunken cookies\real-time-inventory\vm_inventory_updater_fixed.py", line 2606, in <module>
    success = main()
  File "E:\prog fold\Drunken cookies\real-time-inventory\vm_inventory_updater_fixed.py", line 174, in main
    update_inventory_sheet(sales_data, target_date=target_date)
  File "E:\prog fold\Drunken cookies\real-time-inventory\vm_inventory_updater_fixed.py", line 1653, in 
update_inventory_sheet
    logging.warning(f"ΓÜá∩╕Å {location} validation warnings: {', '.join(validation['warnings'])}")
Message: 'ΓÜá∩╕Å PlazaSol validation warnings: ZERO_SALES'
Arguments: ()
--- Logging error ---
Traceback (most recent call last):
  File "C:\Users\banzo\AppData\Local\Programs\Python\Python312\Lib\logging\__init__.py", line 1163, in emit
    stream.write(msg + self.terminator)
  File "C:\Users\banzo\AppData\Local\Programs\Python\Python312\Lib\encodings\cp1252.py", line 19, in encode
    return codecs.charmap_encode(input,self.errors,encoding_table)[0]
           ^^^^^^^^^^^^^^^^^^^^^^^^^^^^^^^^^^^^^^^^^^^^^^^^^^^^^^^
UnicodeEncodeError: 'charmap' codec can't encode characters in position 36-37: character maps to <undefined>
Call stack:
  File "E:\prog fold\Drunken cookies\real-time-inventory\vm_inventory_updater_fixed.py", line 2606, in <module>
    success = main()
  File "E:\prog fold\Drunken cookies\real-time-inventory\vm_inventory_updater_fixed.py", line 174, in main
    update_inventory_sheet(sales_data, target_date=target_date)
  File "E:\prog fold\Drunken cookies\real-time-inventory\vm_inventory_updater_fixed.py", line 1653, in 
update_inventory_sheet
    logging.warning(f"ΓÜá∩╕Å {location} validation warnings: {', '.join(validation['warnings'])}")
Message: 'ΓÜá∩╕Å San Patricio validation warnings: ZERO_SALES'
Arguments: ()
--- Logging error ---
Traceback (most recent call last):
  File "C:\Users\banzo\AppData\Local\Programs\Python\Python312\Lib\logging\__init__.py", line 1163, in emit
    stream.write(msg + self.terminator)
  File "C:\Users\banzo\AppData\Local\Programs\Python\Python312\Lib\encodings\cp1252.py", line 19, in encode
    return codecs.charmap_encode(input,self.errors,encoding_table)[0]
           ^^^^^^^^^^^^^^^^^^^^^^^^^^^^^^^^^^^^^^^^^^^^^^^^^^^^^^^
UnicodeEncodeError: 'charmap' codec can't encode characters in position 36-37: character maps to <undefined>
Call stack:
  File "E:\prog fold\Drunken cookies\real-time-inventory\vm_inventory_updater_fixed.py", line 2606, in <module>
    success = main()
  File "E:\prog fold\Drunken cookies\real-time-inventory\vm_inventory_updater_fixed.py", line 174, in main
    update_inventory_sheet(sales_data, target_date=target_date)
2026-02-16 20:52:33,448 - WARNING - ΓÜá∩╕Å Plaza Carolina validation warnings: ZERO_SALES
2026-02-16 20:52:33,459 - ERROR - ≡ƒöì DEBUG: sales_data keys: ['Plaza', 'PlazaSol', 'San Patricio', 'VSJ', 'Montehiedra', 'Plaza Carolina']
2026-02-16 20:52:33,459 - ERROR - ≡ƒöì DEBUG: Montehiedra Cookies & Cream in sales_data: 1
  File "E:\prog fold\Drunken cookies\real-time-inventory\vm_inventory_updater_fixed.py", line 1653, in 
update_inventory_sheet
    logging.warning(f"ΓÜá∩╕Å {location} validation warnings: {', '.join(validation['warnings'])}")
Message: 'ΓÜá∩╕Å VSJ validation warnings: ZERO_SALES'
Arguments: ()
--- Logging error ---
Traceback (most recent call last):
  File "C:\Users\banzo\AppData\Local\Programs\Python\Python312\Lib\logging\__init__.py", line 1163, in emit
    stream.write(msg + self.terminator)
  File "C:\Users\banzo\AppData\Local\Programs\Python\Python312\Lib\encodings\cp1252.py", line 19, in encode
    return codecs.charmap_encode(input,self.errors,encoding_table)[0]
           ^^^^^^^^^^^^^^^^^^^^^^^^^^^^^^^^^^^^^^^^^^^^^^^^^^^^^^^
UnicodeEncodeError: 'charmap' codec can't encode characters in position 36-37: character maps to <undefined>
Call stack:
  File "E:\prog fold\Drunken cookies\real-time-inventory\vm_inventory_updater_fixed.py", line 2606, in <module>
    success = main()
  File "E:\prog fold\Drunken cookies\real-time-inventory\vm_inventory_updater_fixed.py", line 174, in main
    update_inventory_sheet(sales_data, target_date=target_date)
  File "E:\prog fold\Drunken cookies\real-time-inventory\vm_inventory_updater_fixed.py", line 1653, in 
update_inventory_sheet
    logging.warning(f"ΓÜá∩╕Å {location} validation warnings: {', '.join(validation['warnings'])}")
Message: 'ΓÜá∩╕Å Montehiedra validation warnings: LOW_SALES'
Arguments: ()
--- Logging error ---
Traceback (most recent call last):
  File "C:\Users\banzo\AppData\Local\Programs\Python\Python312\Lib\logging\__init__.py", line 1163, in emit
    stream.write(msg + self.terminator)
  File "C:\Users\banzo\AppData\Local\Programs\Python\Python312\Lib\encodings\cp1252.py", line 19, in encode
    return codecs.charmap_encode(input,self.errors,encoding_table)[0]
           ^^^^^^^^^^^^^^^^^^^^^^^^^^^^^^^^^^^^^^^^^^^^^^^^^^^^^^^
UnicodeEncodeError: 'charmap' codec can't encode characters in position 36-37: character maps to <undefined>
Call stack:
  File "E:\prog fold\Drunken cookies\real-time-inventory\vm_inventory_updater_fixed.py", line 2606, in <module>
    success = main()
  File "E:\prog fold\Drunken cookies\real-time-inventory\vm_inventory_updater_fixed.py", line 174, in main
    update_inventory_sheet(sales_data, target_date=target_date)
  File "E:\prog fold\Drunken cookies\real-time-inventory\vm_inventory_updater_fixed.py", line 1653, in 
update_inventory_sheet
    logging.warning(f"ΓÜá∩╕Å {location} validation warnings: {', '.join(validation['warnings'])}")
Message: 'ΓÜá∩╕Å Plaza Carolina validation warnings: ZERO_SALES'
Arguments: ()
--- Logging error ---
Traceback (most recent call last):
  File "C:\Users\banzo\AppData\Local\Programs\Python\Python312\Lib\logging\__init__.py", line 1163, in emit
    stream.write(msg + self.terminator)
  File "C:\Users\banzo\AppData\Local\Programs\Python\Python312\Lib\encodings\cp1252.py", line 19, in encode
    return codecs.charmap_encode(input,self.errors,encoding_table)[0]
           ^^^^^^^^^^^^^^^^^^^^^^^^^^^^^^^^^^^^^^^^^^^^^^^^^^^^^^^
UnicodeEncodeError: 'charmap' codec can't encode character '\U0001f50d' in position 34: character maps to <undefined>
Call stack:
  File "E:\prog fold\Drunken cookies\real-time-inventory\vm_inventory_updater_fixed.py", line 2606, in <module>
    success = main()
  File "E:\prog fold\Drunken cookies\real-time-inventory\vm_inventory_updater_fixed.py", line 174, in main
    update_inventory_sheet(sales_data, target_date=target_date)
  File "E:\prog fold\Drunken cookies\real-time-inventory\vm_inventory_updater_fixed.py", line 1656, in 
update_inventory_sheet
    logging.error(f"≡ƒöì DEBUG: sales_data keys: {list(sales_data.keys())}")
Message: "≡ƒöì DEBUG: sales_data keys: ['Plaza', 'PlazaSol', 'San Patricio', 'VSJ', 'Montehiedra', 'Plaza Carolina']"
2026-02-16 20:52:33,460 - ERROR - ≡ƒöì DEBUG:   'C - Cookies & Cream': 1
2026-02-16 20:52:33,481 - INFO - ≡ƒöä Processing location: Plaza with 0 cookies
2026-02-16 20:52:33,481 - WARNING - ΓÜá∩╕Å Plaza has 0 total sales. This might indicate an issue.
Arguments: ()
--- Logging error ---
Traceback (most recent call last):
  File "C:\Users\banzo\AppData\Local\Programs\Python\Python312\Lib\logging\__init__.py", line 1163, in emit
    stream.write(msg + self.terminator)
  File "C:\Users\banzo\AppData\Local\Programs\Python\Python312\Lib\encodings\cp1252.py", line 19, in encode
    return codecs.charmap_encode(input,self.errors,encoding_table)[0]
           ^^^^^^^^^^^^^^^^^^^^^^^^^^^^^^^^^^^^^^^^^^^^^^^^^^^^^^^
UnicodeEncodeError: 'charmap' codec can't encode character '\U0001f50d' in position 34: character maps to <undefined>
Call stack:
  File "E:\prog fold\Drunken cookies\real-time-inventory\vm_inventory_updater_fixed.py", line 2606, in <module>
    success = main()
  File "E:\prog fold\Drunken cookies\real-time-inventory\vm_inventory_updater_fixed.py", line 174, in main
    update_inventory_sheet(sales_data, target_date=target_date)
  File "E:\prog fold\Drunken cookies\real-time-inventory\vm_inventory_updater_fixed.py", line 1661, in 
update_inventory_sheet
    logging.error(f"≡ƒöì DEBUG: {loc} Cookies & Cream in sales_data: {cookies_cream_count}")
Message: '≡ƒöì DEBUG: Montehiedra Cookies & Cream in sales_data: 1'
Arguments: ()
--- Logging error ---
Traceback (most recent call last):
  File "C:\Users\banzo\AppData\Local\Programs\Python\Python312\Lib\logging\__init__.py", line 1163, in emit
    stream.write(msg + self.terminator)
  File "C:\Users\banzo\AppData\Local\Programs\Python\Python312\Lib\encodings\cp1252.py", line 19, in encode
    return codecs.charmap_encode(input,self.errors,encoding_table)[0]
           ^^^^^^^^^^^^^^^^^^^^^^^^^^^^^^^^^^^^^^^^^^^^^^^^^^^^^^^
UnicodeEncodeError: 'charmap' codec can't encode character '\U0001f50d' in position 34: character maps to <undefined>
Call stack:
  File "E:\prog fold\Drunken cookies\real-time-inventory\vm_inventory_updater_fixed.py", line 2606, in <module>
    success = main()
  File "E:\prog fold\Drunken cookies\real-time-inventory\vm_inventory_updater_fixed.py", line 174, in main
    update_inventory_sheet(sales_data, target_date=target_date)
  File "E:\prog fold\Drunken cookies\real-time-inventory\vm_inventory_updater_fixed.py", line 1664, in 
update_inventory_sheet
    logging.error(f"≡ƒöì DEBUG:   '{name}': {count}")
Message: "≡ƒöì DEBUG:   'C - Cookies & Cream': 1"
Arguments: ()
--- Logging error ---
Traceback (most recent call last):
  File "C:\Users\banzo\AppData\Local\Programs\Python\Python312\Lib\logging\__init__.py", line 1163, in emit
    stream.write(msg + self.terminator)
  File "C:\Users\banzo\AppData\Local\Programs\Python\Python312\Lib\encodings\cp1252.py", line 19, in encode
    return codecs.charmap_encode(input,self.errors,encoding_table)[0]
           ^^^^^^^^^^^^^^^^^^^^^^^^^^^^^^^^^^^^^^^^^^^^^^^^^^^^^^^
UnicodeEncodeError: 'charmap' codec can't encode character '\U0001f504' in position 33: character maps to <undefined>
Call stack:
  File "E:\prog fold\Drunken cookies\real-time-inventory\vm_inventory_updater_fixed.py", line 2606, in <module>
    success = main()
  File "E:\prog fold\Drunken cookies\real-time-inventory\vm_inventory_updater_fixed.py", line 174, in main
    update_inventory_sheet(sales_data, target_date=target_date)
  File "E:\prog fold\Drunken cookies\real-time-inventory\vm_inventory_updater_fixed.py", line 1667, in 
update_inventory_sheet
    logging.info(f"≡ƒöä Processing location: {location} with {len(sales)} cookies")
Message: '≡ƒöä Processing location: Plaza with 0 cookies'
Arguments: ()
--- Logging error ---
Traceback (most recent call last):
  File "C:\Users\banzo\AppData\Local\Programs\Python\Python312\Lib\logging\__init__.py", line 1163, in emit
    stream.write(msg + self.terminator)
  File "C:\Users\banzo\AppData\Local\Programs\Python\Python312\Lib\encodings\cp1252.py", line 19, in encode
    return codecs.charmap_encode(input,self.errors,encoding_table)[0]
           ^^^^^^^^^^^^^^^^^^^^^^^^^^^^^^^^^^^^^^^^^^^^^^^^^^^^^^^
UnicodeEncodeError: 'charmap' codec can't encode characters in position 36-37: character maps to <undefined>
Call stack:
  File "E:\prog fold\Drunken cookies\real-time-inventory\vm_inventory_updater_fixed.py", line 2606, in <module>
    success = main()
  File "E:\prog fold\Drunken cookies\real-time-inventory\vm_inventory_updater_fixed.py", line 174, in main
    update_inventory_sheet(sales_data, target_date=target_date)
  File "E:\prog fold\Drunken cookies\real-time-inventory\vm_inventory_updater_fixed.py", line 1672, in 
update_inventory_sheet
    logging.warning(f"ΓÜá∩╕Å {location} has 0 total sales. This might indicate an issue.")
Message: 'ΓÜá∩╕Å Plaza has 0 total sales. This might indicate an issue.'
Arguments: ()
--- Logging error ---
2026-02-16 20:52:33,482 - INFO - ≡ƒôì Mapped Plaza -> Plaza Las Americas
Traceback (most recent call last):
  File "C:\Users\banzo\AppData\Local\Programs\Python\Python312\Lib\logging\__init__.py", line 1163, in emit
    stream.write(msg + self.terminator)
  File "C:\Users\banzo\AppData\Local\Programs\Python\Python312\Lib\encodings\cp1252.py", line 19, in encode
    return codecs.charmap_encode(input,self.errors,encoding_table)[0]
           ^^^^^^^^^^^^^^^^^^^^^^^^^^^^^^^^^^^^^^^^^^^^^^^^^^^^^^^
UnicodeEncodeError: 'charmap' codec can't encode character '\U0001f4cd' in position 33: character maps to <undefined>
Call stack:
  File "E:\prog fold\Drunken cookies\real-time-inventory\vm_inventory_updater_fixed.py", line 2606, in <module>
    success = main()
  File "E:\prog fold\Drunken cookies\real-time-inventory\vm_inventory_updater_fixed.py", line 174, in main
    update_inventory_sheet(sales_data, target_date=target_date)
  File "E:\prog fold\Drunken cookies\real-time-inventory\vm_inventory_updater_fixed.py", line 1686, in 
update_inventory_sheet
    logging.info(f"≡ƒôì Mapped {location} -> {sheet_location}")
Message: '≡ƒôì Mapped Plaza -> Plaza Las Americas'
Arguments: ()
--- Logging error ---
Traceback (most recent call last):
  File "C:\Users\banzo\AppData\Local\Programs\Python\Python312\Lib\logging\__init__.py", line 1163, in emit
    stream.write(msg + self.terminator)
  File "C:\Users\banzo\AppData\Local\Programs\Python\Python312\Lib\encodings\cp1252.py", line 19, in encode
    return codecs.charmap_encode(input,self.errors,encoding_table)[0]
           ^^^^^^^^^^^^^^^^^^^^^^^^^^^^^^^^^^^^^^^^^^^^^^^^^^^^^^^
UnicodeEncodeError: 'charmap' codec can't encode character '\U0001f4dd' in position 33: character maps to <undefined>
Call stack:
  File "E:\prog fold\Drunken cookies\real-time-inventory\vm_inventory_updater_fixed.py", line 2606, in <module>
    success = main()
  File "E:\prog fold\Drunken cookies\real-time-inventory\vm_inventory_updater_fixed.py", line 174, in main
    update_inventory_sheet(sales_data, target_date=target_date)
  File "E:\prog fold\Drunken cookies\real-time-inventory\vm_inventory_updater_fixed.py", line 1689, in 
update_inventory_sheet
    logging.info(f"≡ƒô¥ Updating {location} -> {sheet_location} at column {column_to_letter(col_idx)}")
Message: '≡ƒô¥ Updating Plaza -> Plaza Las Americas at column BJ'
Arguments: ()
--- Logging error ---
Traceback (most recent call last):
  File "C:\Users\banzo\AppData\Local\Programs\Python\Python312\Lib\logging\__init__.py", line 1163, in emit
    stream.write(msg + self.terminator)
  File "C:\Users\banzo\AppData\Local\Programs\Python\Python312\Lib\encodings\cp1252.py", line 19, in encode
    return codecs.charmap_encode(input,self.errors,encoding_table)[0]
           ^^^^^^^^^^^^^^^^^^^^^^^^^^^^^^^^^^^^^^^^^^^^^^^^^^^^^^^
2026-02-16 20:52:33,494 - INFO - ≡ƒô¥ Updating Plaza -> Plaza Las Americas at column BJ
2026-02-16 20:52:33,495 - ERROR - ≡ƒöì DEBUG: Plaza -> Plaza Las Americas: Processing 0 cookies
UnicodeEncodeError: 'charmap' codec can't encode character '\U0001f50d' in position 34: character maps to <undefined>
Call stack:
  File "E:\prog fold\Drunken cookies\real-time-inventory\vm_inventory_updater_fixed.py", line 2606, in <module>
    success = main()
  File "E:\prog fold\Drunken cookies\real-time-inventory\vm_inventory_updater_fixed.py", line 174, in main
    update_inventory_sheet(sales_data, target_date=target_date)
  File "E:\prog fold\Drunken cookies\real-time-inventory\vm_inventory_updater_fixed.py", line 1693, in 
update_inventory_sheet
    logging.error(f"≡ƒöì DEBUG: {location} -> {sheet_location}: Processing {len(sales)} cookies")
Message: '≡ƒöì DEBUG: Plaza -> Plaza Las Americas: Processing 0 cookies'
Arguments: ()
--- Logging error ---
Traceback (most recent call last):
  File "C:\Users\banzo\AppData\Local\Programs\Python\Python312\Lib\logging\__init__.py", line 1163, in emit
    stream.write(msg + self.terminator)
  File "C:\Users\banzo\AppData\Local\Programs\Python\Python312\Lib\encodings\cp1252.py", line 19, in encode
    return codecs.charmap_encode(input,self.errors,encoding_table)[0]
           ^^^^^^^^^^^^^^^^^^^^^^^^^^^^^^^^^^^^^^^^^^^^^^^^^^^^^^^
UnicodeEncodeError: 'charmap' codec can't encode character '\U0001f4ca' in position 33: character maps to <undefined>
Call stack:
  File "E:\prog fold\Drunken cookies\real-time-inventory\vm_inventory_updater_fixed.py", line 2606, in <module>
    success = main()
  File "E:\prog fold\Drunken cookies\real-time-inventory\vm_inventory_updater_fixed.py", line 174, in main
    update_inventory_sheet(sales_data, target_date=target_date)
  File "E:\prog fold\Drunken cookies\real-time-inventory\vm_inventory_updater_fixed.py", line 1856, in 
update_inventory_sheet
    logging.info(f"≡ƒôè Writing total for {sheet_location}: {final_total} (new: {location_total}, existing: 
{existing_total}) at {total_cell}")
Message: '≡ƒôè Writing total for Plaza Las Americas: 249 (new: 0, existing: 249) at 1-17!BJ19'
Arguments: ()
2026-02-16 20:52:34,693 - INFO - ≡ƒôè Writing total for Plaza Las Americas: 249 (new: 0, existing: 249) at 1-17!BJ19
--- Logging error ---
Traceback (most recent call last):
  File "C:\Users\banzo\AppData\Local\Programs\Python\Python312\Lib\logging\__init__.py", line 1163, in emit
    stream.write(msg + self.terminator)
  File "C:\Users\banzo\AppData\Local\Programs\Python\Python312\Lib\encodings\cp1252.py", line 19, in encode
    return codecs.charmap_encode(input,self.errors,encoding_table)[0]
           ^^^^^^^^^^^^^^^^^^^^^^^^^^^^^^^^^^^^^^^^^^^^^^^^^^^^^^^
UnicodeEncodeError: 'charmap' codec can't encode character '\U0001f504' in position 33: character maps to <undefined>
Call stack:
  File "E:\prog fold\Drunken cookies\real-time-inventory\vm_inventory_updater_fixed.py", line 2606, in <module>
    success = main()
  File "E:\prog fold\Drunken cookies\real-time-inventory\vm_inventory_updater_fixed.py", line 174, in main
    update_inventory_sheet(sales_data, target_date=target_date)
  File "E:\prog fold\Drunken cookies\real-time-inventory\vm_inventory_updater_fixed.py", line 1667, in 
update_inventory_sheet
    logging.info(f"≡ƒöä Processing location: {location} with {len(sales)} cookies")
Message: '≡ƒöä Processing location: PlazaSol with 0 cookies'
Arguments: ()
2026-02-16 20:52:34,694 - INFO - ≡ƒöä Processing location: PlazaSol with 0 cookies
--- Logging error ---
Traceback (most recent call last):
  File "C:\Users\banzo\AppData\Local\Programs\Python\Python312\Lib\logging\__init__.py", line 1163, in emit
    stream.write(msg + self.terminator)
  File "C:\Users\banzo\AppData\Local\Programs\Python\Python312\Lib\encodings\cp1252.py", line 19, in encode
    return codecs.charmap_encode(input,self.errors,encoding_table)[0]
           ^^^^^^^^^^^^^^^^^^^^^^^^^^^^^^^^^^^^^^^^^^^^^^^^^^^^^^^
UnicodeEncodeError: 'charmap' codec can't encode characters in position 36-37: character maps to <undefined>
Call stack:
  File "E:\prog fold\Drunken cookies\real-time-inventory\vm_inventory_updater_fixed.py", line 2606, in <module>
    success = main()
  File "E:\prog fold\Drunken cookies\real-time-inventory\vm_inventory_updater_fixed.py", line 174, in main
    update_inventory_sheet(sales_data, target_date=target_date)
  File "E:\prog fold\Drunken cookies\real-time-inventory\vm_inventory_updater_fixed.py", line 1672, in 
update_inventory_sheet
    logging.warning(f"ΓÜá∩╕Å {location} has 0 total sales. This might indicate an issue.")
Message: 'ΓÜá∩╕Å PlazaSol has 0 total sales. This might indicate an issue.'
Arguments: ()
2026-02-16 20:52:34,694 - WARNING - ΓÜá∩╕Å PlazaSol has 0 total sales. This might indicate an issue.
--- Logging error ---
Traceback (most recent call last):
  File "C:\Users\banzo\AppData\Local\Programs\Python\Python312\Lib\logging\__init__.py", line 1163, in emit
    stream.write(msg + self.terminator)
  File "C:\Users\banzo\AppData\Local\Programs\Python\Python312\Lib\encodings\cp1252.py", line 19, in encode
    return codecs.charmap_encode(input,self.errors,encoding_table)[0]
           ^^^^^^^^^^^^^^^^^^^^^^^^^^^^^^^^^^^^^^^^^^^^^^^^^^^^^^^
UnicodeEncodeError: 'charmap' codec can't encode character '\U0001f4cd' in position 33: character maps to <undefined>
Call stack:
  File "E:\prog fold\Drunken cookies\real-time-inventory\vm_inventory_updater_fixed.py", line 2606, in <module>
    success = main()
  File "E:\prog fold\Drunken cookies\real-time-inventory\vm_inventory_updater_fixed.py", line 174, in main
    update_inventory_sheet(sales_data, target_date=target_date)
  File "E:\prog fold\Drunken cookies\real-time-inventory\vm_inventory_updater_fixed.py", line 1686, in 
update_inventory_sheet
    logging.info(f"≡ƒôì Mapped {location} -> {sheet_location}")
Message: '≡ƒôì Mapped PlazaSol -> Plaza del Sol'
Arguments: ()
2026-02-16 20:52:34,695 - INFO - ≡ƒôì Mapped PlazaSol -> Plaza del Sol
--- Logging error ---
Traceback (most recent call last):
  File "C:\Users\banzo\AppData\Local\Programs\Python\Python312\Lib\logging\__init__.py", line 1163, in emit
    stream.write(msg + self.terminator)
  File "C:\Users\banzo\AppData\Local\Programs\Python\Python312\Lib\encodings\cp1252.py", line 19, in encode
    return codecs.charmap_encode(input,self.errors,encoding_table)[0]
           ^^^^^^^^^^^^^^^^^^^^^^^^^^^^^^^^^^^^^^^^^^^^^^^^^^^^^^^
UnicodeEncodeError: 'charmap' codec can't encode character '\U0001f4dd' in position 33: character maps to <undefined>
Call stack:
  File "E:\prog fold\Drunken cookies\real-time-inventory\vm_inventory_updater_fixed.py", line 2606, in <module>
    success = main()
  File "E:\prog fold\Drunken cookies\real-time-inventory\vm_inventory_updater_fixed.py", line 174, in main
    update_inventory_sheet(sales_data, target_date=target_date)
  File "E:\prog fold\Drunken cookies\real-time-inventory\vm_inventory_updater_fixed.py", line 1689, in 
update_inventory_sheet
    logging.info(f"≡ƒô¥ Updating {location} -> {sheet_location} at column {column_to_letter(col_idx)}")
Message: '≡ƒô¥ Updating PlazaSol -> Plaza del Sol at column T'
Arguments: ()
2026-02-16 20:52:34,695 - INFO - ≡ƒô¥ Updating PlazaSol -> Plaza del Sol at column T
--- Logging error ---
Traceback (most recent call last):
  File "C:\Users\banzo\AppData\Local\Programs\Python\Python312\Lib\logging\__init__.py", line 1163, in emit
    stream.write(msg + self.terminator)
  File "C:\Users\banzo\AppData\Local\Programs\Python\Python312\Lib\encodings\cp1252.py", line 19, in encode
    return codecs.charmap_encode(input,self.errors,encoding_table)[0]
           ^^^^^^^^^^^^^^^^^^^^^^^^^^^^^^^^^^^^^^^^^^^^^^^^^^^^^^^
UnicodeEncodeError: 'charmap' codec can't encode character '\U0001f50d' in position 34: character maps to <undefined>
Call stack:
  File "E:\prog fold\Drunken cookies\real-time-inventory\vm_inventory_updater_fixed.py", line 2606, in <module>
    success = main()
  File "E:\prog fold\Drunken cookies\real-time-inventory\vm_inventory_updater_fixed.py", line 174, in main
    update_inventory_sheet(sales_data, target_date=target_date)
  File "E:\prog fold\Drunken cookies\real-time-inventory\vm_inventory_updater_fixed.py", line 1693, in 
update_inventory_sheet
    logging.error(f"≡ƒöì DEBUG: {location} -> {sheet_location}: Processing {len(sales)} cookies")
Message: '≡ƒöì DEBUG: PlazaSol -> Plaza del Sol: Processing 0 cookies'
2026-02-16 20:52:34,696 - ERROR - ≡ƒöì DEBUG: PlazaSol -> Plaza del Sol: Processing 0 cookies
Arguments: ()
--- Logging error ---
Traceback (most recent call last):
  File "C:\Users\banzo\AppData\Local\Programs\Python\Python312\Lib\logging\__init__.py", line 1163, in emit
    stream.write(msg + self.terminator)
  File "C:\Users\banzo\AppData\Local\Programs\Python\Python312\Lib\encodings\cp1252.py", line 19, in encode
    return codecs.charmap_encode(input,self.errors,encoding_table)[0]
           ^^^^^^^^^^^^^^^^^^^^^^^^^^^^^^^^^^^^^^^^^^^^^^^^^^^^^^^
UnicodeEncodeError: 'charmap' codec can't encode character '\U0001f4ca' in position 33: character maps to <undefined>
Call stack:
  File "E:\prog fold\Drunken cookies\real-time-inventory\vm_inventory_updater_fixed.py", line 2606, in <module>
    success = main()
  File "E:\prog fold\Drunken cookies\real-time-inventory\vm_inventory_updater_fixed.py", line 174, in main
    update_inventory_sheet(sales_data, target_date=target_date)
  File "E:\prog fold\Drunken cookies\real-time-inventory\vm_inventory_updater_fixed.py", line 1856, in 
update_inventory_sheet
    logging.info(f"≡ƒôè Writing total for {sheet_location}: {final_total} (new: {location_total}, existing: 
{existing_total}) at {total_cell}")
Message: '≡ƒôè Writing total for Plaza del Sol: 132 (new: 0, existing: 132) at 1-17!T19'
Arguments: ()
2026-02-16 20:52:35,114 - INFO - ≡ƒôè Writing total for Plaza del Sol: 132 (new: 0, existing: 132) at 1-17!T19
--- Logging error ---
Traceback (most recent call last):
  File "C:\Users\banzo\AppData\Local\Programs\Python\Python312\Lib\logging\__init__.py", line 1163, in emit
    stream.write(msg + self.terminator)
  File "C:\Users\banzo\AppData\Local\Programs\Python\Python312\Lib\encodings\cp1252.py", line 19, in encode
    return codecs.charmap_encode(input,self.errors,encoding_table)[0]
           ^^^^^^^^^^^^^^^^^^^^^^^^^^^^^^^^^^^^^^^^^^^^^^^^^^^^^^^
UnicodeEncodeError: 'charmap' codec can't encode character '\U0001f504' in position 33: character maps to <undefined>
Call stack:
  File "E:\prog fold\Drunken cookies\real-time-inventory\vm_inventory_updater_fixed.py", line 2606, in <module>
    success = main()
  File "E:\prog fold\Drunken cookies\real-time-inventory\vm_inventory_updater_fixed.py", line 174, in main
    update_inventory_sheet(sales_data, target_date=target_date)
  File "E:\prog fold\Drunken cookies\real-time-inventory\vm_inventory_updater_fixed.py", line 1667, in 
update_inventory_sheet
    logging.info(f"≡ƒöä Processing location: {location} with {len(sales)} cookies")
Message: '≡ƒöä Processing location: San Patricio with 0 cookies'
Arguments: ()
2026-02-16 20:52:35,115 - INFO - ≡ƒöä Processing location: San Patricio with 0 cookies
--- Logging error ---
Traceback (most recent call last):
  File "C:\Users\banzo\AppData\Local\Programs\Python\Python312\Lib\logging\__init__.py", line 1163, in emit
    stream.write(msg + self.terminator)
  File "C:\Users\banzo\AppData\Local\Programs\Python\Python312\Lib\encodings\cp1252.py", line 19, in encode
    return codecs.charmap_encode(input,self.errors,encoding_table)[0]
           ^^^^^^^^^^^^^^^^^^^^^^^^^^^^^^^^^^^^^^^^^^^^^^^^^^^^^^^
UnicodeEncodeError: 'charmap' codec can't encode characters in position 36-37: character maps to <undefined>
Call stack:
  File "E:\prog fold\Drunken cookies\real-time-inventory\vm_inventory_updater_fixed.py", line 2606, in <module>
    success = main()
  File "E:\prog fold\Drunken cookies\real-time-inventory\vm_inventory_updater_fixed.py", line 174, in main
    update_inventory_sheet(sales_data, target_date=target_date)
  File "E:\prog fold\Drunken cookies\real-time-inventory\vm_inventory_updater_fixed.py", line 1672, in 
update_inventory_sheet
    logging.warning(f"ΓÜá∩╕Å {location} has 0 total sales. This might indicate an issue.")
Message: 'ΓÜá∩╕Å San Patricio has 0 total sales. This might indicate an issue.'
Arguments: ()
2026-02-16 20:52:35,115 - WARNING - ΓÜá∩╕Å San Patricio has 0 total sales. This might indicate an issue.
--- Logging error ---
Traceback (most recent call last):
  File "C:\Users\banzo\AppData\Local\Programs\Python\Python312\Lib\logging\__init__.py", line 1163, in emit
    stream.write(msg + self.terminator)
  File "C:\Users\banzo\AppData\Local\Programs\Python\Python312\Lib\encodings\cp1252.py", line 19, in encode
    return codecs.charmap_encode(input,self.errors,encoding_table)[0]
           ^^^^^^^^^^^^^^^^^^^^^^^^^^^^^^^^^^^^^^^^^^^^^^^^^^^^^^^
UnicodeEncodeError: 'charmap' codec can't encode character '\U0001f4cd' in position 33: character maps to <undefined>
Call stack:
  File "E:\prog fold\Drunken cookies\real-time-inventory\vm_inventory_updater_fixed.py", line 2606, in <module>
    success = main()
  File "E:\prog fold\Drunken cookies\real-time-inventory\vm_inventory_updater_fixed.py", line 174, in main
    update_inventory_sheet(sales_data, target_date=target_date)
  File "E:\prog fold\Drunken cookies\real-time-inventory\vm_inventory_updater_fixed.py", line 1686, in 
update_inventory_sheet
    logging.info(f"≡ƒôì Mapped {location} -> {sheet_location}")
Message: '≡ƒôì Mapped San Patricio -> San Patricio'
Arguments: ()
2026-02-16 20:52:35,115 - INFO - ≡ƒôì Mapped San Patricio -> San Patricio
--- Logging error ---
Traceback (most recent call last):
  File "C:\Users\banzo\AppData\Local\Programs\Python\Python312\Lib\logging\__init__.py", line 1163, in emit
    stream.write(msg + self.terminator)
  File "C:\Users\banzo\AppData\Local\Programs\Python\Python312\Lib\encodings\cp1252.py", line 19, in encode
    return codecs.charmap_encode(input,self.errors,encoding_table)[0]
           ^^^^^^^^^^^^^^^^^^^^^^^^^^^^^^^^^^^^^^^^^^^^^^^^^^^^^^^
UnicodeEncodeError: 'charmap' codec can't encode character '\U0001f4dd' in position 33: character maps to <undefined>
Call stack:
  File "E:\prog fold\Drunken cookies\real-time-inventory\vm_inventory_updater_fixed.py", line 2606, in <module>
    success = main()
  File "E:\prog fold\Drunken cookies\real-time-inventory\vm_inventory_updater_fixed.py", line 174, in main
    update_inventory_sheet(sales_data, target_date=target_date)
  File "E:\prog fold\Drunken cookies\real-time-inventory\vm_inventory_updater_fixed.py", line 1689, in 
update_inventory_sheet
    logging.info(f"≡ƒô¥ Updating {location} -> {sheet_location} at column {column_to_letter(col_idx)}")
Message: '≡ƒô¥ Updating San Patricio -> San Patricio at column F'
Arguments: ()
2026-02-16 20:52:35,116 - INFO - ≡ƒô¥ Updating San Patricio -> San Patricio at column F
--- Logging error ---
Traceback (most recent call last):
  File "C:\Users\banzo\AppData\Local\Programs\Python\Python312\Lib\logging\__init__.py", line 1163, in emit
    stream.write(msg + self.terminator)
  File "C:\Users\banzo\AppData\Local\Programs\Python\Python312\Lib\encodings\cp1252.py", line 19, in encode
    return codecs.charmap_encode(input,self.errors,encoding_table)[0]
           ^^^^^^^^^^^^^^^^^^^^^^^^^^^^^^^^^^^^^^^^^^^^^^^^^^^^^^^
UnicodeEncodeError: 'charmap' codec can't encode character '\U0001f50d' in position 34: character maps to <undefined>
Call stack:
  File "E:\prog fold\Drunken cookies\real-time-inventory\vm_inventory_updater_fixed.py", line 2606, in <module>
    success = main()
  File "E:\prog fold\Drunken cookies\real-time-inventory\vm_inventory_updater_fixed.py", line 174, in main
    update_inventory_sheet(sales_data, target_date=target_date)
  File "E:\prog fold\Drunken cookies\real-time-inventory\vm_inventory_updater_fixed.py", line 1693, in 
update_inventory_sheet
    logging.error(f"≡ƒöì DEBUG: {location} -> {sheet_location}: Processing {len(sales)} cookies")
Message: '≡ƒöì DEBUG: San Patricio -> San Patricio: Processing 0 cookies'
Arguments: ()
2026-02-16 20:52:35,117 - ERROR - ≡ƒöì DEBUG: San Patricio -> San Patricio: Processing 0 cookies
--- Logging error ---
Traceback (most recent call last):
  File "C:\Users\banzo\AppData\Local\Programs\Python\Python312\Lib\logging\__init__.py", line 1163, in emit
    stream.write(msg + self.terminator)
  File "C:\Users\banzo\AppData\Local\Programs\Python\Python312\Lib\encodings\cp1252.py", line 19, in encode
    return codecs.charmap_encode(input,self.errors,encoding_table)[0]
           ^^^^^^^^^^^^^^^^^^^^^^^^^^^^^^^^^^^^^^^^^^^^^^^^^^^^^^^
UnicodeEncodeError: 'charmap' codec can't encode character '\U0001f4ca' in position 33: character maps to <undefined>
Call stack:
  File "E:\prog fold\Drunken cookies\real-time-inventory\vm_inventory_updater_fixed.py", line 2606, in <module>
    success = main()
  File "E:\prog fold\Drunken cookies\real-time-inventory\vm_inventory_updater_fixed.py", line 174, in main
    update_inventory_sheet(sales_data, target_date=target_date)
  File "E:\prog fold\Drunken cookies\real-time-inventory\vm_inventory_updater_fixed.py", line 1856, in 
update_inventory_sheet
    logging.info(f"≡ƒôè Writing total for {sheet_location}: {final_total} (new: {location_total}, existing: 
{existing_total}) at {total_cell}")
Message: '≡ƒôè Writing total for San Patricio: 102 (new: 0, existing: 102) at 1-17!F19'
Arguments: ()
2026-02-16 20:52:35,430 - INFO - ≡ƒôè Writing total for San Patricio: 102 (new: 0, existing: 102) at 1-17!F19
--- Logging error ---
Traceback (most recent call last):
  File "C:\Users\banzo\AppData\Local\Programs\Python\Python312\Lib\logging\__init__.py", line 1163, in emit
    stream.write(msg + self.terminator)
  File "C:\Users\banzo\AppData\Local\Programs\Python\Python312\Lib\encodings\cp1252.py", line 19, in encode
    return codecs.charmap_encode(input,self.errors,encoding_table)[0]
           ^^^^^^^^^^^^^^^^^^^^^^^^^^^^^^^^^^^^^^^^^^^^^^^^^^^^^^^
UnicodeEncodeError: 'charmap' codec can't encode character '\U0001f504' in position 33: character maps to <undefined>
Call stack:
  File "E:\prog fold\Drunken cookies\real-time-inventory\vm_inventory_updater_fixed.py", line 2606, in <module>
    success = main()
  File "E:\prog fold\Drunken cookies\real-time-inventory\vm_inventory_updater_fixed.py", line 174, in main
    update_inventory_sheet(sales_data, target_date=target_date)
  File "E:\prog fold\Drunken cookies\real-time-inventory\vm_inventory_updater_fixed.py", line 1667, in 
update_inventory_sheet
    logging.info(f"≡ƒöä Processing location: {location} with {len(sales)} cookies")
Message: '≡ƒöä Processing location: VSJ with 0 cookies'
Arguments: ()
2026-02-16 20:52:35,430 - INFO - ≡ƒöä Processing location: VSJ with 0 cookies
--- Logging error ---
Traceback (most recent call last):
  File "C:\Users\banzo\AppData\Local\Programs\Python\Python312\Lib\logging\__init__.py", line 1163, in emit
    stream.write(msg + self.terminator)
  File "C:\Users\banzo\AppData\Local\Programs\Python\Python312\Lib\encodings\cp1252.py", line 19, in encode
    return codecs.charmap_encode(input,self.errors,encoding_table)[0]
           ^^^^^^^^^^^^^^^^^^^^^^^^^^^^^^^^^^^^^^^^^^^^^^^^^^^^^^^
UnicodeEncodeError: 'charmap' codec can't encode characters in position 36-37: character maps to <undefined>
Call stack:
  File "E:\prog fold\Drunken cookies\real-time-inventory\vm_inventory_updater_fixed.py", line 2606, in <module>
    success = main()
  File "E:\prog fold\Drunken cookies\real-time-inventory\vm_inventory_updater_fixed.py", line 174, in main
    update_inventory_sheet(sales_data, target_date=target_date)
  File "E:\prog fold\Drunken cookies\real-time-inventory\vm_inventory_updater_fixed.py", line 1672, in 
update_inventory_sheet
    logging.warning(f"ΓÜá∩╕Å {location} has 0 total sales. This might indicate an issue.")
Message: 'ΓÜá∩╕Å VSJ has 0 total sales. This might indicate an issue.'
Arguments: ()
2026-02-16 20:52:35,431 - WARNING - ΓÜá∩╕Å VSJ has 0 total sales. This might indicate an issue.
--- Logging error ---
Traceback (most recent call last):
  File "C:\Users\banzo\AppData\Local\Programs\Python\Python312\Lib\logging\__init__.py", line 1163, in emit
    stream.write(msg + self.terminator)
  File "C:\Users\banzo\AppData\Local\Programs\Python\Python312\Lib\encodings\cp1252.py", line 19, in encode
    return codecs.charmap_encode(input,self.errors,encoding_table)[0]
           ^^^^^^^^^^^^^^^^^^^^^^^^^^^^^^^^^^^^^^^^^^^^^^^^^^^^^^^
UnicodeEncodeError: 'charmap' codec can't encode character '\U0001f4cd' in position 33: character maps to <undefined>
Call stack:
  File "E:\prog fold\Drunken cookies\real-time-inventory\vm_inventory_updater_fixed.py", line 2606, in <module>
    success = main()
  File "E:\prog fold\Drunken cookies\real-time-inventory\vm_inventory_updater_fixed.py", line 174, in main
    update_inventory_sheet(sales_data, target_date=target_date)
  File "E:\prog fold\Drunken cookies\real-time-inventory\vm_inventory_updater_fixed.py", line 1686, in 
update_inventory_sheet
    logging.info(f"≡ƒôì Mapped {location} -> {sheet_location}")
Message: '≡ƒôì Mapped VSJ -> Old San Juan'
Arguments: ()
2026-02-16 20:52:35,431 - INFO - ≡ƒôì Mapped VSJ -> Old San Juan
--- Logging error ---
Traceback (most recent call last):
  File "C:\Users\banzo\AppData\Local\Programs\Python\Python312\Lib\logging\__init__.py", line 1163, in emit
    stream.write(msg + self.terminator)
  File "C:\Users\banzo\AppData\Local\Programs\Python\Python312\Lib\encodings\cp1252.py", line 19, in encode
    return codecs.charmap_encode(input,self.errors,encoding_table)[0]
           ^^^^^^^^^^^^^^^^^^^^^^^^^^^^^^^^^^^^^^^^^^^^^^^^^^^^^^^
UnicodeEncodeError: 'charmap' codec can't encode character '\U0001f4dd' in position 33: character maps to <undefined>
Call stack:
  File "E:\prog fold\Drunken cookies\real-time-inventory\vm_inventory_updater_fixed.py", line 2606, in <module>
    success = main()
  File "E:\prog fold\Drunken cookies\real-time-inventory\vm_inventory_updater_fixed.py", line 174, in main
    update_inventory_sheet(sales_data, target_date=target_date)
  File "E:\prog fold\Drunken cookies\real-time-inventory\vm_inventory_updater_fixed.py", line 1689, in 
update_inventory_sheet
    logging.info(f"≡ƒô¥ Updating {location} -> {sheet_location} at column {column_to_letter(col_idx)}")
Message: '≡ƒô¥ Updating VSJ -> Old San Juan at column BU'
Arguments: ()
2026-02-16 20:52:35,432 - INFO - ≡ƒô¥ Updating VSJ -> Old San Juan at column BU
--- Logging error ---
Traceback (most recent call last):
  File "C:\Users\banzo\AppData\Local\Programs\Python\Python312\Lib\logging\__init__.py", line 1163, in emit
    stream.write(msg + self.terminator)
  File "C:\Users\banzo\AppData\Local\Programs\Python\Python312\Lib\encodings\cp1252.py", line 19, in encode
    return codecs.charmap_encode(input,self.errors,encoding_table)[0]
           ^^^^^^^^^^^^^^^^^^^^^^^^^^^^^^^^^^^^^^^^^^^^^^^^^^^^^^^
UnicodeEncodeError: 'charmap' codec can't encode character '\U0001f50d' in position 34: character maps to <undefined>
Call stack:
  File "E:\prog fold\Drunken cookies\real-time-inventory\vm_inventory_updater_fixed.py", line 2606, in <module>
    success = main()
  File "E:\prog fold\Drunken cookies\real-time-inventory\vm_inventory_updater_fixed.py", line 174, in main
    update_inventory_sheet(sales_data, target_date=target_date)
  File "E:\prog fold\Drunken cookies\real-time-inventory\vm_inventory_updater_fixed.py", line 1693, in 
update_inventory_sheet
    logging.error(f"≡ƒöì DEBUG: {location} -> {sheet_location}: Processing {len(sales)} cookies")
Message: '≡ƒöì DEBUG: VSJ -> Old San Juan: Processing 0 cookies'
Arguments: ()
2026-02-16 20:52:35,432 - ERROR - ≡ƒöì DEBUG: VSJ -> Old San Juan: Processing 0 cookies
--- Logging error ---
Traceback (most recent call last):
  File "C:\Users\banzo\AppData\Local\Programs\Python\Python312\Lib\logging\__init__.py", line 1163, in emit
    stream.write(msg + self.terminator)
  File "C:\Users\banzo\AppData\Local\Programs\Python\Python312\Lib\encodings\cp1252.py", line 19, in encode
    return codecs.charmap_encode(input,self.errors,encoding_table)[0]
           ^^^^^^^^^^^^^^^^^^^^^^^^^^^^^^^^^^^^^^^^^^^^^^^^^^^^^^^
UnicodeEncodeError: 'charmap' codec can't encode character '\U0001f4ca' in position 33: character maps to <undefined>
Call stack:
  File "E:\prog fold\Drunken cookies\real-time-inventory\vm_inventory_updater_fixed.py", line 2606, in <module>
    success = main()
  File "E:\prog fold\Drunken cookies\real-time-inventory\vm_inventory_updater_fixed.py", line 174, in main
    update_inventory_sheet(sales_data, target_date=target_date)
  File "E:\prog fold\Drunken cookies\real-time-inventory\vm_inventory_updater_fixed.py", line 1856, in 
update_inventory_sheet
    logging.info(f"≡ƒôè Writing total for {sheet_location}: {final_total} (new: {location_total}, existing: 
{existing_total}) at {total_cell}")
Message: '≡ƒôè Writing total for Old San Juan: 1717 (new: 0, existing: 1717) at 1-17!BU19'
Arguments: ()
2026-02-16 20:52:36,548 - INFO - ≡ƒôè Writing total for Old San Juan: 1717 (new: 0, existing: 1717) at 1-17!BU19
--- Logging error ---
Traceback (most recent call last):
  File "C:\Users\banzo\AppData\Local\Programs\Python\Python312\Lib\logging\__init__.py", line 1163, in emit
    stream.write(msg + self.terminator)
  File "C:\Users\banzo\AppData\Local\Programs\Python\Python312\Lib\encodings\cp1252.py", line 19, in encode
    return codecs.charmap_encode(input,self.errors,encoding_table)[0]
           ^^^^^^^^^^^^^^^^^^^^^^^^^^^^^^^^^^^^^^^^^^^^^^^^^^^^^^^
UnicodeEncodeError: 'charmap' codec can't encode character '\U0001f504' in position 33: character maps to <undefined>
Call stack:
  File "E:\prog fold\Drunken cookies\real-time-inventory\vm_inventory_updater_fixed.py", line 2606, in <module>
    success = main()
  File "E:\prog fold\Drunken cookies\real-time-inventory\vm_inventory_updater_fixed.py", line 174, in main
    update_inventory_sheet(sales_data, target_date=target_date)
  File "E:\prog fold\Drunken cookies\real-time-inventory\vm_inventory_updater_fixed.py", line 1667, in 
update_inventory_sheet
    logging.info(f"≡ƒöä Processing location: {location} with {len(sales)} cookies")
Message: '≡ƒöä Processing location: Montehiedra with 2 cookies'
Arguments: ()
2026-02-16 20:52:36,548 - INFO - ≡ƒöä Processing location: Montehiedra with 2 cookies
--- Logging error ---
Traceback (most recent call last):
  File "C:\Users\banzo\AppData\Local\Programs\Python\Python312\Lib\logging\__init__.py", line 1163, in emit
    stream.write(msg + self.terminator)
  File "C:\Users\banzo\AppData\Local\Programs\Python\Python312\Lib\encodings\cp1252.py", line 19, in encode
    return codecs.charmap_encode(input,self.errors,encoding_table)[0]
           ^^^^^^^^^^^^^^^^^^^^^^^^^^^^^^^^^^^^^^^^^^^^^^^^^^^^^^^
UnicodeEncodeError: 'charmap' codec can't encode characters in position 36-37: character maps to <undefined>
Call stack:
  File "E:\prog fold\Drunken cookies\real-time-inventory\vm_inventory_updater_fixed.py", line 2606, in <module>
    success = main()
  File "E:\prog fold\Drunken cookies\real-time-inventory\vm_inventory_updater_fixed.py", line 174, in main
    update_inventory_sheet(sales_data, target_date=target_date)
  File "E:\prog fold\Drunken cookies\real-time-inventory\vm_inventory_updater_fixed.py", line 1674, in 
update_inventory_sheet
    logging.warning(f"ΓÜá∩╕Å {location} has very low sales ({total_sales}). This might indicate an issue.")
Message: 'ΓÜá∩╕Å Montehiedra has very low sales (2). This might indicate an issue.'
Arguments: ()
2026-02-16 20:52:36,550 - WARNING - ΓÜá∩╕Å Montehiedra has very low sales (2). This might indicate an issue.
--- Logging error ---
Traceback (most recent call last):
  File "C:\Users\banzo\AppData\Local\Programs\Python\Python312\Lib\logging\__init__.py", line 1163, in emit
    stream.write(msg + self.terminator)
  File "C:\Users\banzo\AppData\Local\Programs\Python\Python312\Lib\encodings\cp1252.py", line 19, in encode
    return codecs.charmap_encode(input,self.errors,encoding_table)[0]
           ^^^^^^^^^^^^^^^^^^^^^^^^^^^^^^^^^^^^^^^^^^^^^^^^^^^^^^^
UnicodeEncodeError: 'charmap' codec can't encode character '\U0001f50d' in position 34: character maps to <undefined>
Call stack:
  File "E:\prog fold\Drunken cookies\real-time-inventory\vm_inventory_updater_fixed.py", line 2606, in <module>
    success = main()
  File "E:\prog fold\Drunken cookies\real-time-inventory\vm_inventory_updater_fixed.py", line 174, in main
    update_inventory_sheet(sales_data, target_date=target_date)
  File "E:\prog fold\Drunken cookies\real-time-inventory\vm_inventory_updater_fixed.py", line 1680, in 
update_inventory_sheet
    logging.error(f"≡ƒöì DEBUG: {location} Cookies & Cream before mapping:")
Message: '≡ƒöì DEBUG: Montehiedra Cookies & Cream before mapping:'
Arguments: ()
2026-02-16 20:52:36,550 - ERROR - ≡ƒöì DEBUG: Montehiedra Cookies & Cream before mapping:
--- Logging error ---
Traceback (most recent call last):
  File "C:\Users\banzo\AppData\Local\Programs\Python\Python312\Lib\logging\__init__.py", line 1163, in emit
    stream.write(msg + self.terminator)
  File "C:\Users\banzo\AppData\Local\Programs\Python\Python312\Lib\encodings\cp1252.py", line 19, in encode
    return codecs.charmap_encode(input,self.errors,encoding_table)[0]
           ^^^^^^^^^^^^^^^^^^^^^^^^^^^^^^^^^^^^^^^^^^^^^^^^^^^^^^^
UnicodeEncodeError: 'charmap' codec can't encode character '\U0001f50d' in position 34: character maps to <undefined>
Call stack:
  File "E:\prog fold\Drunken cookies\real-time-inventory\vm_inventory_updater_fixed.py", line 2606, in <module>
    success = main()
  File "E:\prog fold\Drunken cookies\real-time-inventory\vm_inventory_updater_fixed.py", line 174, in main
    update_inventory_sheet(sales_data, target_date=target_date)
  File "E:\prog fold\Drunken cookies\real-time-inventory\vm_inventory_updater_fixed.py", line 1682, in 
update_inventory_sheet
    logging.error(f"≡ƒöì DEBUG:   '{name}': {count}")
Message: "≡ƒöì DEBUG:   'C - Cookies & Cream': 1"
Arguments: ()
2026-02-16 20:52:36,551 - ERROR - ≡ƒöì DEBUG:   'C - Cookies & Cream': 1
--- Logging error ---
Traceback (most recent call last):
  File "C:\Users\banzo\AppData\Local\Programs\Python\Python312\Lib\logging\__init__.py", line 1163, in emit
    stream.write(msg + self.terminator)
  File "C:\Users\banzo\AppData\Local\Programs\Python\Python312\Lib\encodings\cp1252.py", line 19, in encode
    return codecs.charmap_encode(input,self.errors,encoding_table)[0]
           ^^^^^^^^^^^^^^^^^^^^^^^^^^^^^^^^^^^^^^^^^^^^^^^^^^^^^^^
UnicodeEncodeError: 'charmap' codec can't encode character '\U0001f4cd' in position 33: character maps to <undefined>
Call stack:
  File "E:\prog fold\Drunken cookies\real-time-inventory\vm_inventory_updater_fixed.py", line 2606, in <module>
    success = main()
  File "E:\prog fold\Drunken cookies\real-time-inventory\vm_inventory_updater_fixed.py", line 174, in main
    update_inventory_sheet(sales_data, target_date=target_date)
  File "E:\prog fold\Drunken cookies\real-time-inventory\vm_inventory_updater_fixed.py", line 1686, in 
update_inventory_sheet
    logging.info(f"≡ƒôì Mapped {location} -> {sheet_location}")
Message: '≡ƒôì Mapped Montehiedra -> Montehiedra'
Arguments: ()
2026-02-16 20:52:36,551 - INFO - ≡ƒôì Mapped Montehiedra -> Montehiedra
--- Logging error ---
Traceback (most recent call last):
  File "C:\Users\banzo\AppData\Local\Programs\Python\Python312\Lib\logging\__init__.py", line 1163, in emit
    stream.write(msg + self.terminator)
  File "C:\Users\banzo\AppData\Local\Programs\Python\Python312\Lib\encodings\cp1252.py", line 19, in encode
    return codecs.charmap_encode(input,self.errors,encoding_table)[0]
           ^^^^^^^^^^^^^^^^^^^^^^^^^^^^^^^^^^^^^^^^^^^^^^^^^^^^^^^
UnicodeEncodeError: 'charmap' codec can't encode character '\U0001f4dd' in position 33: character maps to <undefined>
Call stack:
  File "E:\prog fold\Drunken cookies\real-time-inventory\vm_inventory_updater_fixed.py", line 2606, in <module>
    success = main()
  File "E:\prog fold\Drunken cookies\real-time-inventory\vm_inventory_updater_fixed.py", line 174, in main
    update_inventory_sheet(sales_data, target_date=target_date)
  File "E:\prog fold\Drunken cookies\real-time-inventory\vm_inventory_updater_fixed.py", line 1689, in 
update_inventory_sheet
    logging.info(f"≡ƒô¥ Updating {location} -> {sheet_location} at column {column_to_letter(col_idx)}")
Message: '≡ƒô¥ Updating Montehiedra -> Montehiedra at column AH'
Arguments: ()
2026-02-16 20:52:36,552 - INFO - ≡ƒô¥ Updating Montehiedra -> Montehiedra at column AH
--- Logging error ---
Traceback (most recent call last):
  File "C:\Users\banzo\AppData\Local\Programs\Python\Python312\Lib\logging\__init__.py", line 1163, in emit
    stream.write(msg + self.terminator)
  File "C:\Users\banzo\AppData\Local\Programs\Python\Python312\Lib\encodings\cp1252.py", line 19, in encode
    return codecs.charmap_encode(input,self.errors,encoding_table)[0]
           ^^^^^^^^^^^^^^^^^^^^^^^^^^^^^^^^^^^^^^^^^^^^^^^^^^^^^^^
UnicodeEncodeError: 'charmap' codec can't encode character '\U0001f50d' in position 34: character maps to <undefined>
Call stack:
  File "E:\prog fold\Drunken cookies\real-time-inventory\vm_inventory_updater_fixed.py", line 2606, in <module>
    success = main()
  File "E:\prog fold\Drunken cookies\real-time-inventory\vm_inventory_updater_fixed.py", line 174, in main
    update_inventory_sheet(sales_data, target_date=target_date)
  File "E:\prog fold\Drunken cookies\real-time-inventory\vm_inventory_updater_fixed.py", line 1693, in 
update_inventory_sheet
    logging.error(f"≡ƒöì DEBUG: {location} -> {sheet_location}: Processing {len(sales)} cookies")
Message: '≡ƒöì DEBUG: Montehiedra -> Montehiedra: Processing 2 cookies'
Arguments: ()
2026-02-16 20:52:36,552 - ERROR - ≡ƒöì DEBUG: Montehiedra -> Montehiedra: Processing 2 cookies
--- Logging error ---
Traceback (most recent call last):
  File "C:\Users\banzo\AppData\Local\Programs\Python\Python312\Lib\logging\__init__.py", line 1163, in emit
    stream.write(msg + self.terminator)
  File "C:\Users\banzo\AppData\Local\Programs\Python\Python312\Lib\encodings\cp1252.py", line 19, in encode
    return codecs.charmap_encode(input,self.errors,encoding_table)[0]
           ^^^^^^^^^^^^^^^^^^^^^^^^^^^^^^^^^^^^^^^^^^^^^^^^^^^^^^^
UnicodeEncodeError: 'charmap' codec can't encode character '\U0001f50d' in position 34: character maps to <undefined>
Call stack:
  File "E:\prog fold\Drunken cookies\real-time-inventory\vm_inventory_updater_fixed.py", line 2606, in <module>
    success = main()
  File "E:\prog fold\Drunken cookies\real-time-inventory\vm_inventory_updater_fixed.py", line 174, in main
    update_inventory_sheet(sales_data, target_date=target_date)
  File "E:\prog fold\Drunken cookies\real-time-inventory\vm_inventory_updater_fixed.py", line 1696, in 
update_inventory_sheet
    logging.error(f"≡ƒöì DEBUG:   Cookie: '{cookie_name}' = {sales_count}")
Message: "≡ƒöì DEBUG:   Cookie: 'C - Cookies & Cream' = 1"
Arguments: ()
--- Logging error ---
Traceback (most recent call last):
  File "C:\Users\banzo\AppData\Local\Programs\Python\Python312\Lib\logging\__init__.py", line 1163, in emit
    stream.write(msg + self.terminator)
  File "C:\Users\banzo\AppData\Local\Programs\Python\Python312\Lib\encodings\cp1252.py", line 19, in encode
    return codecs.charmap_encode(input,self.errors,encoding_table)[0]
           ^^^^^^^^^^^^^^^^^^^^^^^^^^^^^^^^^^^^^^^^^^^^^^^^^^^^^^^
UnicodeEncodeError: 'charmap' codec can't encode character '\U0001f3af' in position 33: character maps to <undefined>
Call stack:
  File "E:\prog fold\Drunken cookies\real-time-inventory\vm_inventory_updater_fixed.py", line 2606, in <module>
    success = main()
  File "E:\prog fold\Drunken cookies\real-time-inventory\vm_inventory_updater_fixed.py", line 174, in main
    update_inventory_sheet(sales_data, target_date=target_date)
  File "E:\prog fold\Drunken cookies\real-time-inventory\vm_inventory_updater_fixed.py", line 1705, in 
update_inventory_sheet
    cookie_row = find_cookie_row(cookie_names, cookie_name)
  File "E:\prog fold\Drunken cookies\real-time-inventory\vm_inventory_updater_fixed.py", line 2361, in find_cookie_row
    logging.info(f"≡ƒÄ» Exact match found: '{cleaned_api_name}' -> '{cookie}' at row {i + 3}")
Message: "≡ƒÄ» Exact match found: 'C - Cookies & Cream' -> 'C - Cookies & Cream' at row 5"
Arguments: ()
--- Logging error ---
Traceback (most recent call last):
  File "C:\Users\banzo\AppData\Local\Programs\Python\Python312\Lib\logging\__init__.py", line 1163, in emit
    stream.write(msg + self.terminator)
  File "C:\Users\banzo\AppData\Local\Programs\Python\Python312\Lib\encodings\cp1252.py", line 19, in encode
    return codecs.charmap_encode(input,self.errors,encoding_table)[0]
           ^^^^^^^^^^^^^^^^^^^^^^^^^^^^^^^^^^^^^^^^^^^^^^^^^^^^^^^
UnicodeEncodeError: 'charmap' codec can't encode character '\U0001f36a' in position 34: character maps to <undefined>
Call stack:
  File "E:\prog fold\Drunken cookies\real-time-inventory\vm_inventory_updater_fixed.py", line 2606, in <module>
    success = main()
  File "E:\prog fold\Drunken cookies\real-time-inventory\vm_inventory_updater_fixed.py", line 174, in main
    update_inventory_sheet(sales_data, target_date=target_date)
  File "E:\prog fold\Drunken cookies\real-time-inventory\vm_inventory_updater_fixed.py", line 1737, in 
update_inventory_sheet
    logging.error(f"≡ƒì¬ COOKIES & CREAM DEBUG:")
Message: '≡ƒì¬ COOKIES & CREAM DEBUG:'
Arguments: ()
--- Logging error ---
Traceback (most recent call last):
  File "C:\Users\banzo\AppData\Local\Programs\Python\Python312\Lib\logging\__init__.py", line 1163, in emit
    stream.write(msg + self.terminator)
  File "C:\Users\banzo\AppData\Local\Programs\Python\Python312\Lib\encodings\cp1252.py", line 19, in encode
    return codecs.charmap_encode(input,self.errors,encoding_table)[0]
           ^^^^^^^^^^^^^^^^^^^^^^^^^^^^^^^^^^^^^^^^^^^^^^^^^^^^^^^
UnicodeEncodeError: 'charmap' codec can't encode character '\U0001f36a' in position 34: character maps to <undefined>
Call stack:
  File "E:\prog fold\Drunken cookies\real-time-inventory\vm_inventory_updater_fixed.py", line 2606, in <module>
    success = main()
  File "E:\prog fold\Drunken cookies\real-time-inventory\vm_inventory_updater_fixed.py", line 174, in main
2026-02-16 20:52:36,553 - ERROR - ≡ƒöì DEBUG:   Cookie: 'C - Cookies & Cream' = 1
    update_inventory_sheet(sales_data, target_date=target_date)
  File "E:\prog fold\Drunken cookies\real-time-inventory\vm_inventory_updater_fixed.py", line 1738, in 
update_inventory_sheet
    logging.error(f"≡ƒì¬   Location: {location} -> {sheet_location}")
Message: '≡ƒì¬   Location: Montehiedra -> Montehiedra'
Arguments: ()
--- Logging error ---
Traceback (most recent call last):
  File "C:\Users\banzo\AppData\Local\Programs\Python\Python312\Lib\logging\__init__.py", line 1163, in emit
    stream.write(msg + self.terminator)
  File "C:\Users\banzo\AppData\Local\Programs\Python\Python312\Lib\encodings\cp1252.py", line 19, in encode
    return codecs.charmap_encode(input,self.errors,encoding_table)[0]
           ^^^^^^^^^^^^^^^^^^^^^^^^^^^^^^^^^^^^^^^^^^^^^^^^^^^^^^^
UnicodeEncodeError: 'charmap' codec can't encode character '\U0001f36a' in position 34: character maps to <undefined>
Call stack:
  File "E:\prog fold\Drunken cookies\real-time-inventory\vm_inventory_updater_fixed.py", line 2606, in <module>
    success = main()
  File "E:\prog fold\Drunken cookies\real-time-inventory\vm_inventory_updater_fixed.py", line 174, in main
    update_inventory_sheet(sales_data, target_date=target_date)
  File "E:\prog fold\Drunken cookies\real-time-inventory\vm_inventory_updater_fixed.py", line 1739, in 
update_inventory_sheet
    logging.error(f"≡ƒì¬   Cookie Name: '{cookie_name}'")
Message: "≡ƒì¬   Cookie Name: 'C - Cookies & Cream'"
Arguments: ()
--- Logging error ---
Traceback (most recent call last):
  File "C:\Users\banzo\AppData\Local\Programs\Python\Python312\Lib\logging\__init__.py", line 1163, in emit
    stream.write(msg + self.terminator)
  File "C:\Users\banzo\AppData\Local\Programs\Python\Python312\Lib\encodings\cp1252.py", line 19, in encode
    return codecs.charmap_encode(input,self.errors,encoding_table)[0]
           ^^^^^^^^^^^^^^^^^^^^^^^^^^^^^^^^^^^^^^^^^^^^^^^^^^^^^^^
UnicodeEncodeError: 'charmap' codec can't encode character '\U0001f36a' in position 34: character maps to <undefined>
Call stack:
  File "E:\prog fold\Drunken cookies\real-time-inventory\vm_inventory_updater_fixed.py", line 2606, in <module>
    success = main()
  File "E:\prog fold\Drunken cookies\real-time-inventory\vm_inventory_updater_fixed.py", line 174, in main
    update_inventory_sheet(sales_data, target_date=target_date)
  File "E:\prog fold\Drunken cookies\real-time-inventory\vm_inventory_updater_fixed.py", line 1740, in 
update_inventory_sheet
    logging.error(f"≡ƒì¬   Sales Count: {sales_count}")
Message: '≡ƒì¬   Sales Count: 1'
Arguments: ()
--- Logging error ---
Traceback (most recent call last):
  File "C:\Users\banzo\AppData\Local\Programs\Python\Python312\Lib\logging\__init__.py", line 1163, in emit
    stream.write(msg + self.terminator)
  File "C:\Users\banzo\AppData\Local\Programs\Python\Python312\Lib\encodings\cp1252.py", line 19, in encode
    return codecs.charmap_encode(input,self.errors,encoding_table)[0]
           ^^^^^^^^^^^^^^^^^^^^^^^^^^^^^^^^^^^^^^^^^^^^^^^^^^^^^^^
UnicodeEncodeError: 'charmap' codec can't encode character '\U0001f36a' in position 34: character maps to <undefined>
Call stack:
  File "E:\prog fold\Drunken cookies\real-time-inventory\vm_inventory_updater_fixed.py", line 2606, in <module>
    success = main()
  File "E:\prog fold\Drunken cookies\real-time-inventory\vm_inventory_updater_fixed.py", line 174, in main
    update_inventory_sheet(sales_data, target_date=target_date)
  File "E:\prog fold\Drunken cookies\real-time-inventory\vm_inventory_updater_fixed.py", line 1741, in 
update_inventory_sheet
    logging.error(f"≡ƒì¬   Cookie Row: {cookie_row}")
2026-02-16 20:52:36,553 - INFO - ≡ƒÄ» Exact match found: 'C - Cookies & Cream' -> 'C - Cookies & Cream' at row 5
2026-02-16 20:52:36,553 - ERROR - ≡ƒì¬ COOKIES & CREAM DEBUG:
2026-02-16 20:52:36,554 - ERROR - ≡ƒì¬   Location: Montehiedra -> Montehiedra
2026-02-16 20:52:36,554 - ERROR - ≡ƒì¬   Cookie Name: 'C - Cookies & Cream'
2026-02-16 20:52:36,554 - ERROR - ≡ƒì¬   Sales Count: 1
2026-02-16 20:52:36,556 - ERROR - ≡ƒì¬   Cookie Row: 5
2026-02-16 20:52:36,556 - ERROR - ≡ƒì¬   Column: AH (index 33)
2026-02-16 20:52:36,557 - ERROR - ≡ƒì¬   Cell Range: 1-17!AH5
Message: '≡ƒì¬   Cookie Row: 5'
Arguments: ()
--- Logging error ---
Traceback (most recent call last):
  File "C:\Users\banzo\AppData\Local\Programs\Python\Python312\Lib\logging\__init__.py", line 1163, in emit
    stream.write(msg + self.terminator)
  File "C:\Users\banzo\AppData\Local\Programs\Python\Python312\Lib\encodings\cp1252.py", line 19, in encode
    return codecs.charmap_encode(input,self.errors,encoding_table)[0]
           ^^^^^^^^^^^^^^^^^^^^^^^^^^^^^^^^^^^^^^^^^^^^^^^^^^^^^^^
UnicodeEncodeError: 'charmap' codec can't encode character '\U0001f36a' in position 34: character maps to <undefined>
Call stack:
  File "E:\prog fold\Drunken cookies\real-time-inventory\vm_inventory_updater_fixed.py", line 2606, in <module>
    success = main()
  File "E:\prog fold\Drunken cookies\real-time-inventory\vm_inventory_updater_fixed.py", line 174, in main
    update_inventory_sheet(sales_data, target_date=target_date)
  File "E:\prog fold\Drunken cookies\real-time-inventory\vm_inventory_updater_fixed.py", line 1742, in 
update_inventory_sheet
    logging.error(f"≡ƒì¬   Column: {column_to_letter(col_idx)} (index {col_idx})")
Message: '≡ƒì¬   Column: AH (index 33)'
Arguments: ()
--- Logging error ---
Traceback (most recent call last):
  File "C:\Users\banzo\AppData\Local\Programs\Python\Python312\Lib\logging\__init__.py", line 1163, in emit
    stream.write(msg + self.terminator)
  File "C:\Users\banzo\AppData\Local\Programs\Python\Python312\Lib\encodings\cp1252.py", line 19, in encode
    return codecs.charmap_encode(input,self.errors,encoding_table)[0]
           ^^^^^^^^^^^^^^^^^^^^^^^^^^^^^^^^^^^^^^^^^^^^^^^^^^^^^^^
UnicodeEncodeError: 'charmap' codec can't encode character '\U0001f36a' in position 34: character maps to <undefined>
Call stack:
  File "E:\prog fold\Drunken cookies\real-time-inventory\vm_inventory_updater_fixed.py", line 2606, in <module>
    success = main()
  File "E:\prog fold\Drunken cookies\real-time-inventory\vm_inventory_updater_fixed.py", line 174, in main
    update_inventory_sheet(sales_data, target_date=target_date)
  File "E:\prog fold\Drunken cookies\real-time-inventory\vm_inventory_updater_fixed.py", line 1743, in 
update_inventory_sheet
    logging.error(f"≡ƒì¬   Cell Range: {cell_range}")
Message: '≡ƒì¬   Cell Range: 1-17!AH5'
Arguments: ()
--- Logging error ---
Traceback (most recent call last):
  File "C:\Users\banzo\AppData\Local\Programs\Python\Python312\Lib\logging\__init__.py", line 1163, in emit
    stream.write(msg + self.terminator)
  File "C:\Users\banzo\AppData\Local\Programs\Python\Python312\Lib\encodings\cp1252.py", line 19, in encode
    return codecs.charmap_encode(input,self.errors,encoding_table)[0]
           ^^^^^^^^^^^^^^^^^^^^^^^^^^^^^^^^^^^^^^^^^^^^^^^^^^^^^^^
UnicodeEncodeError: 'charmap' codec can't encode character '\U0001f36a' in position 34: character maps to <undefined>
Call stack:
  File "E:\prog fold\Drunken cookies\real-time-inventory\vm_inventory_updater_fixed.py", line 2606, in <module>
    success = main()
  File "E:\prog fold\Drunken cookies\real-time-inventory\vm_inventory_updater_fixed.py", line 174, in main
    update_inventory_sheet(sales_data, target_date=target_date)
  File "E:\prog fold\Drunken cookies\real-time-inventory\vm_inventory_updater_fixed.py", line 1776, in 
update_inventory_sheet
    logging.error(f"≡ƒì¬   ΓÜá∩╕Å WARNING: Writing 1 instead of expected value!")
Message: '≡ƒì¬   ΓÜá∩╕Å WARNING: Writing 1 instead of expected value!'
Arguments: ()
2026-02-16 20:52:36,968 - ERROR - ≡ƒì¬   ΓÜá∩╕Å WARNING: Writing 1 instead of expected value!
--- Logging error ---
Traceback (most recent call last):
  File "C:\Users\banzo\AppData\Local\Programs\Python\Python312\Lib\logging\__init__.py", line 1163, in emit
    stream.write(msg + self.terminator)
  File "C:\Users\banzo\AppData\Local\Programs\Python\Python312\Lib\encodings\cp1252.py", line 19, in encode
    return codecs.charmap_encode(input,self.errors,encoding_table)[0]
           ^^^^^^^^^^^^^^^^^^^^^^^^^^^^^^^^^^^^^^^^^^^^^^^^^^^^^^^
UnicodeEncodeError: 'charmap' codec can't encode character '\u2705' in position 33: character maps to <undefined>
Call stack:
  File "E:\prog fold\Drunken cookies\real-time-inventory\vm_inventory_updater_fixed.py", line 2606, in <module>
    success = main()
  File "E:\prog fold\Drunken cookies\real-time-inventory\vm_inventory_updater_fixed.py", line 174, in main
    update_inventory_sheet(sales_data, target_date=target_date)
  File "E:\prog fold\Drunken cookies\real-time-inventory\vm_inventory_updater_fixed.py", line 1801, in 
update_inventory_sheet
    logging.info(f"Γ£à Updating {cookie_name}: {sales_count} at {cell_range}")
Message: 'Γ£à Updating C - Cookies & Cream: 1 at 1-17!AH5'
Arguments: ()
2026-02-16 20:52:36,970 - INFO - Γ£à Updating C - Cookies & Cream: 1 at 1-17!AH5
--- Logging error ---
Traceback (most recent call last):
  File "C:\Users\banzo\AppData\Local\Programs\Python\Python312\Lib\logging\__init__.py", line 1163, in emit
    stream.write(msg + self.terminator)
  File "C:\Users\banzo\AppData\Local\Programs\Python\Python312\Lib\encodings\cp1252.py", line 19, in encode
    return codecs.charmap_encode(input,self.errors,encoding_table)[0]
           ^^^^^^^^^^^^^^^^^^^^^^^^^^^^^^^^^^^^^^^^^^^^^^^^^^^^^^^
UnicodeEncodeError: 'charmap' codec can't encode characters in position 36-37: character maps to <undefined>
Call stack:
  File "E:\prog fold\Drunken cookies\real-time-inventory\vm_inventory_updater_fixed.py", line 2606, in <module>
    success = main()
  File "E:\prog fold\Drunken cookies\real-time-inventory\vm_inventory_updater_fixed.py", line 174, in main
    update_inventory_sheet(sales_data, target_date=target_date)
  File "E:\prog fold\Drunken cookies\real-time-inventory\vm_inventory_updater_fixed.py", line 1705, in 
update_inventory_sheet
    cookie_row = find_cookie_row(cookie_names, cookie_name)
  File "E:\prog fold\Drunken cookies\real-time-inventory\vm_inventory_updater_fixed.py", line 2398, in find_cookie_row
    logging.warning(f"ΓÜá∩╕Å No match found for: '{cleaned_api_name}' (original: '{api_cookie_name}')")
Message: "ΓÜá∩╕Å No match found for: 'Turron' (original: 'Turron')"
Arguments: ()
2026-02-16 20:52:36,971 - WARNING - ΓÜá∩╕Å No match found for: 'Turron' (original: 'Turron')
--- Logging error ---
Traceback (most recent call last):
  File "C:\Users\banzo\AppData\Local\Programs\Python\Python312\Lib\logging\__init__.py", line 1163, in emit
    stream.write(msg + self.terminator)
  File "C:\Users\banzo\AppData\Local\Programs\Python\Python312\Lib\encodings\cp1252.py", line 19, in encode
    return codecs.charmap_encode(input,self.errors,encoding_table)[0]
           ^^^^^^^^^^^^^^^^^^^^^^^^^^^^^^^^^^^^^^^^^^^^^^^^^^^^^^^
UnicodeEncodeError: 'charmap' codec can't encode characters in position 36-37: character maps to <undefined>
Call stack:
  File "E:\prog fold\Drunken cookies\real-time-inventory\vm_inventory_updater_fixed.py", line 2606, in <module>
    success = main()
  File "E:\prog fold\Drunken cookies\real-time-inventory\vm_inventory_updater_fixed.py", line 174, in main
    update_inventory_sheet(sales_data, target_date=target_date)
  File "E:\prog fold\Drunken cookies\real-time-inventory\vm_inventory_updater_fixed.py", line 1827, in 
update_inventory_sheet
    logging.warning(f"ΓÜá∩╕Å Cookie not found: {cookie_name}")
Message: 'ΓÜá∩╕Å Cookie not found: Turron'
Arguments: ()
2026-02-16 20:52:36,972 - WARNING - ΓÜá∩╕Å Cookie not found: Turron
--- Logging error ---
Traceback (most recent call last):
  File "C:\Users\banzo\AppData\Local\Programs\Python\Python312\Lib\logging\__init__.py", line 1163, in emit
    stream.write(msg + self.terminator)
  File "C:\Users\banzo\AppData\Local\Programs\Python\Python312\Lib\encodings\cp1252.py", line 19, in encode
    return codecs.charmap_encode(input,self.errors,encoding_table)[0]
           ^^^^^^^^^^^^^^^^^^^^^^^^^^^^^^^^^^^^^^^^^^^^^^^^^^^^^^^
UnicodeEncodeError: 'charmap' codec can't encode character '\U0001f4ca' in position 33: character maps to <undefined>
Call stack:
  File "E:\prog fold\Drunken cookies\real-time-inventory\vm_inventory_updater_fixed.py", line 2606, in <module>
    success = main()
  File "E:\prog fold\Drunken cookies\real-time-inventory\vm_inventory_updater_fixed.py", line 174, in main
    update_inventory_sheet(sales_data, target_date=target_date)
  File "E:\prog fold\Drunken cookies\real-time-inventory\vm_inventory_updater_fixed.py", line 1856, in 
update_inventory_sheet
    logging.info(f"≡ƒôè Writing total for {sheet_location}: {final_total} (new: {location_total}, existing: 
{existing_total}) at {total_cell}")
Message: '≡ƒôè Writing total for Montehiedra: 1 (new: 1, existing: 1) at 1-17!AH19'
Arguments: ()
2026-02-16 20:52:37,334 - INFO - ≡ƒôè Writing total for Montehiedra: 1 (new: 1, existing: 1) at 1-17!AH19
--- Logging error ---
Traceback (most recent call last):
  File "C:\Users\banzo\AppData\Local\Programs\Python\Python312\Lib\logging\__init__.py", line 1163, in emit
    stream.write(msg + self.terminator)
  File "C:\Users\banzo\AppData\Local\Programs\Python\Python312\Lib\encodings\cp1252.py", line 19, in encode
    return codecs.charmap_encode(input,self.errors,encoding_table)[0]
           ^^^^^^^^^^^^^^^^^^^^^^^^^^^^^^^^^^^^^^^^^^^^^^^^^^^^^^^
UnicodeEncodeError: 'charmap' codec can't encode character '\U0001f504' in position 33: character maps to <undefined>
Call stack:
  File "E:\prog fold\Drunken cookies\real-time-inventory\vm_inventory_updater_fixed.py", line 2606, in <module>
    success = main()
  File "E:\prog fold\Drunken cookies\real-time-inventory\vm_inventory_updater_fixed.py", line 174, in main
    update_inventory_sheet(sales_data, target_date=target_date)
  File "E:\prog fold\Drunken cookies\real-time-inventory\vm_inventory_updater_fixed.py", line 1667, in 
update_inventory_sheet
    logging.info(f"≡ƒöä Processing location: {location} with {len(sales)} cookies")
Message: '≡ƒöä Processing location: Plaza Carolina with 0 cookies'
Arguments: ()
2026-02-16 20:52:37,335 - INFO - ≡ƒöä Processing location: Plaza Carolina with 0 cookies
--- Logging error ---
Traceback (most recent call last):
  File "C:\Users\banzo\AppData\Local\Programs\Python\Python312\Lib\logging\__init__.py", line 1163, in emit
    stream.write(msg + self.terminator)
  File "C:\Users\banzo\AppData\Local\Programs\Python\Python312\Lib\encodings\cp1252.py", line 19, in encode
    return codecs.charmap_encode(input,self.errors,encoding_table)[0]
           ^^^^^^^^^^^^^^^^^^^^^^^^^^^^^^^^^^^^^^^^^^^^^^^^^^^^^^^
UnicodeEncodeError: 'charmap' codec can't encode characters in position 36-37: character maps to <undefined>
Call stack:
  File "E:\prog fold\Drunken cookies\real-time-inventory\vm_inventory_updater_fixed.py", line 2606, in <module>
    success = main()
  File "E:\prog fold\Drunken cookies\real-time-inventory\vm_inventory_updater_fixed.py", line 174, in main
    update_inventory_sheet(sales_data, target_date=target_date)
  File "E:\prog fold\Drunken cookies\real-time-inventory\vm_inventory_updater_fixed.py", line 1672, in 
update_inventory_sheet
    logging.warning(f"ΓÜá∩╕Å {location} has 0 total sales. This might indicate an issue.")
Message: 'ΓÜá∩╕Å Plaza Carolina has 0 total sales. This might indicate an issue.'
Arguments: ()
2026-02-16 20:52:37,335 - WARNING - ΓÜá∩╕Å Plaza Carolina has 0 total sales. This might indicate an issue.
--- Logging error ---
Traceback (most recent call last):
  File "C:\Users\banzo\AppData\Local\Programs\Python\Python312\Lib\logging\__init__.py", line 1163, in emit
    stream.write(msg + self.terminator)
  File "C:\Users\banzo\AppData\Local\Programs\Python\Python312\Lib\encodings\cp1252.py", line 19, in encode
    return codecs.charmap_encode(input,self.errors,encoding_table)[0]
           ^^^^^^^^^^^^^^^^^^^^^^^^^^^^^^^^^^^^^^^^^^^^^^^^^^^^^^^
UnicodeEncodeError: 'charmap' codec can't encode character '\U0001f4cd' in position 33: character maps to <undefined>
Call stack:
  File "E:\prog fold\Drunken cookies\real-time-inventory\vm_inventory_updater_fixed.py", line 2606, in <module>
    success = main()
  File "E:\prog fold\Drunken cookies\real-time-inventory\vm_inventory_updater_fixed.py", line 174, in main
    update_inventory_sheet(sales_data, target_date=target_date)
  File "E:\prog fold\Drunken cookies\real-time-inventory\vm_inventory_updater_fixed.py", line 1686, in 
update_inventory_sheet
    logging.info(f"≡ƒôì Mapped {location} -> {sheet_location}")
Message: '≡ƒôì Mapped Plaza Carolina -> Plaza Carolina'
Arguments: ()
2026-02-16 20:52:37,336 - INFO - ≡ƒôì Mapped Plaza Carolina -> Plaza Carolina
--- Logging error ---
Traceback (most recent call last):
  File "C:\Users\banzo\AppData\Local\Programs\Python\Python312\Lib\logging\__init__.py", line 1163, in emit
    stream.write(msg + self.terminator)
  File "C:\Users\banzo\AppData\Local\Programs\Python\Python312\Lib\encodings\cp1252.py", line 19, in encode
    return codecs.charmap_encode(input,self.errors,encoding_table)[0]
           ^^^^^^^^^^^^^^^^^^^^^^^^^^^^^^^^^^^^^^^^^^^^^^^^^^^^^^^
UnicodeEncodeError: 'charmap' codec can't encode character '\U0001f4dd' in position 33: character maps to <undefined>
Call stack:
  File "E:\prog fold\Drunken cookies\real-time-inventory\vm_inventory_updater_fixed.py", line 2606, in <module>
    success = main()
  File "E:\prog fold\Drunken cookies\real-time-inventory\vm_inventory_updater_fixed.py", line 174, in main
    update_inventory_sheet(sales_data, target_date=target_date)
  File "E:\prog fold\Drunken cookies\real-time-inventory\vm_inventory_updater_fixed.py", line 1689, in 
update_inventory_sheet
    logging.info(f"≡ƒô¥ Updating {location} -> {sheet_location} at column {column_to_letter(col_idx)}")
Message: '≡ƒô¥ Updating Plaza Carolina -> Plaza Carolina at column AV'
Arguments: ()
2026-02-16 20:52:37,336 - INFO - ≡ƒô¥ Updating Plaza Carolina -> Plaza Carolina at column AV
--- Logging error ---
Traceback (most recent call last):
  File "C:\Users\banzo\AppData\Local\Programs\Python\Python312\Lib\logging\__init__.py", line 1163, in emit
    stream.write(msg + self.terminator)
  File "C:\Users\banzo\AppData\Local\Programs\Python\Python312\Lib\encodings\cp1252.py", line 19, in encode
    return codecs.charmap_encode(input,self.errors,encoding_table)[0]
           ^^^^^^^^^^^^^^^^^^^^^^^^^^^^^^^^^^^^^^^^^^^^^^^^^^^^^^^
UnicodeEncodeError: 'charmap' codec can't encode character '\U0001f50d' in position 34: character maps to <undefined>
Call stack:
  File "E:\prog fold\Drunken cookies\real-time-inventory\vm_inventory_updater_fixed.py", line 2606, in <module>
    success = main()
  File "E:\prog fold\Drunken cookies\real-time-inventory\vm_inventory_updater_fixed.py", line 174, in main
    update_inventory_sheet(sales_data, target_date=target_date)
  File "E:\prog fold\Drunken cookies\real-time-inventory\vm_inventory_updater_fixed.py", line 1693, in 
update_inventory_sheet
    logging.error(f"≡ƒöì DEBUG: {location} -> {sheet_location}: Processing {len(sales)} cookies")
Message: '≡ƒöì DEBUG: Plaza Carolina -> Plaza Carolina: Processing 0 cookies'
Arguments: ()
2026-02-16 20:52:37,337 - ERROR - ≡ƒöì DEBUG: Plaza Carolina -> Plaza Carolina: Processing 0 cookies
--- Logging error ---
Traceback (most recent call last):
  File "C:\Users\banzo\AppData\Local\Programs\Python\Python312\Lib\logging\__init__.py", line 1163, in emit
    stream.write(msg + self.terminator)
  File "C:\Users\banzo\AppData\Local\Programs\Python\Python312\Lib\encodings\cp1252.py", line 19, in encode
    return codecs.charmap_encode(input,self.errors,encoding_table)[0]
           ^^^^^^^^^^^^^^^^^^^^^^^^^^^^^^^^^^^^^^^^^^^^^^^^^^^^^^^
UnicodeEncodeError: 'charmap' codec can't encode character '\U0001f4ca' in position 33: character maps to <undefined>
Call stack:
  File "E:\prog fold\Drunken cookies\real-time-inventory\vm_inventory_updater_fixed.py", line 2606, in <module>
    success = main()
  File "E:\prog fold\Drunken cookies\real-time-inventory\vm_inventory_updater_fixed.py", line 174, in main
    update_inventory_sheet(sales_data, target_date=target_date)
  File "E:\prog fold\Drunken cookies\real-time-inventory\vm_inventory_updater_fixed.py", line 1856, in 
update_inventory_sheet
    logging.info(f"≡ƒôè Writing total for {sheet_location}: {final_total} (new: {location_total}, existing: 
{existing_total}) at {total_cell}")
Message: '≡ƒôè Writing total for Plaza Carolina: 125 (new: 0, existing: 125) at 1-17!AV19'
Arguments: ()
2026-02-16 20:52:37,736 - INFO - ≡ƒôè Writing total for Plaza Carolina: 125 (new: 0, existing: 125) at 1-17!AV19
--- Logging error ---
Traceback (most recent call last):
  File "C:\Users\banzo\AppData\Local\Programs\Python\Python312\Lib\logging\__init__.py", line 1163, in emit
    stream.write(msg + self.terminator)
  File "C:\Users\banzo\AppData\Local\Programs\Python\Python312\Lib\encodings\cp1252.py", line 19, in encode
    return codecs.charmap_encode(input,self.errors,encoding_table)[0]
           ^^^^^^^^^^^^^^^^^^^^^^^^^^^^^^^^^^^^^^^^^^^^^^^^^^^^^^^
UnicodeEncodeError: 'charmap' codec can't encode character '\U0001f9f9' in position 33: character maps to <undefined>
Call stack:
  File "E:\prog fold\Drunken cookies\real-time-inventory\vm_inventory_updater_fixed.py", line 2606, in <module>
    success = main()
  File "E:\prog fold\Drunken cookies\real-time-inventory\vm_inventory_updater_fixed.py", line 174, in main
    update_inventory_sheet(sales_data, target_date=target_date)
  File "E:\prog fold\Drunken cookies\real-time-inventory\vm_inventory_updater_fixed.py", line 1913, in 
update_inventory_sheet
    logging.info(f"≡ƒº╣ Cleared formulas from {len(clear_requests)} cells")
Message: '≡ƒº╣ Cleared formulas from 7 cells'
Arguments: ()
2026-02-16 20:52:38,588 - INFO - ≡ƒº╣ Cleared formulas from 7 cells
--- Logging error ---
Traceback (most recent call last):
  File "C:\Users\banzo\AppData\Local\Programs\Python\Python312\Lib\logging\__init__.py", line 1163, in emit
    stream.write(msg + self.terminator)
  File "C:\Users\banzo\AppData\Local\Programs\Python\Python312\Lib\encodings\cp1252.py", line 19, in encode
    return codecs.charmap_encode(input,self.errors,encoding_table)[0]
           ^^^^^^^^^^^^^^^^^^^^^^^^^^^^^^^^^^^^^^^^^^^^^^^^^^^^^^^
UnicodeEncodeError: 'charmap' codec can't encode characters in position 33-34: character maps to <undefined>
Call stack:
  File "E:\prog fold\Drunken cookies\real-time-inventory\vm_inventory_updater_fixed.py", line 2606, in <module>
    success = main()
  File "E:\prog fold\Drunken cookies\real-time-inventory\vm_inventory_updater_fixed.py", line 174, in main
    update_inventory_sheet(sales_data, target_date=target_date)
  File "E:\prog fold\Drunken cookies\real-time-inventory\vm_inventory_updater_fixed.py", line 1917, in 
update_inventory_sheet
    logging.info(f"≡ƒ¢í∩╕Å Created rollback data for recovery")
Message: '≡ƒ¢í∩╕Å Created rollback data for recovery'
Arguments: ()
2026-02-16 20:52:38,588 - INFO - ≡ƒ¢í∩╕Å Created rollback data for recovery
--- Logging error ---
Traceback (most recent call last):
  File "C:\Users\banzo\AppData\Local\Programs\Python\Python312\Lib\logging\__init__.py", line 1163, in emit
    stream.write(msg + self.terminator)
  File "C:\Users\banzo\AppData\Local\Programs\Python\Python312\Lib\encodings\cp1252.py", line 19, in encode
    return codecs.charmap_encode(input,self.errors,encoding_table)[0]
           ^^^^^^^^^^^^^^^^^^^^^^^^^^^^^^^^^^^^^^^^^^^^^^^^^^^^^^^
UnicodeEncodeError: 'charmap' codec can't encode character '\u2705' in position 33: character maps to <undefined>
Call stack:
  File "E:\prog fold\Drunken cookies\real-time-inventory\vm_inventory_updater_fixed.py", line 2606, in <module>
    success = main()
  File "E:\prog fold\Drunken cookies\real-time-inventory\vm_inventory_updater_fixed.py", line 174, in main
    update_inventory_sheet(sales_data, target_date=target_date)
  File "E:\prog fold\Drunken cookies\real-time-inventory\vm_inventory_updater_fixed.py", line 1997, in 
update_inventory_sheet
    logging.info(f"Γ£à Sheet updated using reliable method: {len(batch_requests)} cells modified")
Message: 'Γ£à Sheet updated using reliable method: 7 cells modified'
Arguments: ()
2026-02-16 20:52:39,420 - INFO - Γ£à Sheet updated using reliable method: 7 cells modified
--- Logging error ---
Traceback (most recent call last):
  File "C:\Users\banzo\AppData\Local\Programs\Python\Python312\Lib\logging\__init__.py", line 1163, in emit
    stream.write(msg + self.terminator)
  File "C:\Users\banzo\AppData\Local\Programs\Python\Python312\Lib\encodings\cp1252.py", line 19, in encode
    return codecs.charmap_encode(input,self.errors,encoding_table)[0]
           ^^^^^^^^^^^^^^^^^^^^^^^^^^^^^^^^^^^^^^^^^^^^^^^^^^^^^^^
UnicodeEncodeError: 'charmap' codec can't encode character '\U0001f3af' in position 33: character maps to <undefined>
Call stack:
  File "E:\prog fold\Drunken cookies\real-time-inventory\vm_inventory_updater_fixed.py", line 2606, in <module>
    success = main()
  File "E:\prog fold\Drunken cookies\real-time-inventory\vm_inventory_updater_fixed.py", line 174, in main
    update_inventory_sheet(sales_data, target_date=target_date)
  File "E:\prog fold\Drunken cookies\real-time-inventory\vm_inventory_updater_fixed.py", line 2010, in 
update_inventory_sheet
    logging.info(f"≡ƒÄ» POST-UPDATE VERIFICATION FOR CHOCOLATE CHIP NUTELLA:")
Message: '≡ƒÄ» POST-UPDATE VERIFICATION FOR CHOCOLATE CHIP NUTELLA:'
Arguments: ()
2026-02-16 20:52:39,421 - INFO - ≡ƒÄ» POST-UPDATE VERIFICATION FOR CHOCOLATE CHIP NUTELLA:
--- Logging error ---
Traceback (most recent call last):
  File "C:\Users\banzo\AppData\Local\Programs\Python\Python312\Lib\logging\__init__.py", line 1163, in emit
    stream.write(msg + self.terminator)
  File "C:\Users\banzo\AppData\Local\Programs\Python\Python312\Lib\encodings\cp1252.py", line 19, in encode
    return codecs.charmap_encode(input,self.errors,encoding_table)[0]
           ^^^^^^^^^^^^^^^^^^^^^^^^^^^^^^^^^^^^^^^^^^^^^^^^^^^^^^^
UnicodeEncodeError: 'charmap' codec can't encode character '\U0001f4ca' in position 33: character maps to <undefined>
Call stack:
  File "E:\prog fold\Drunken cookies\real-time-inventory\vm_inventory_updater_fixed.py", line 2606, in <module>
    success = main()
  File "E:\prog fold\Drunken cookies\real-time-inventory\vm_inventory_updater_fixed.py", line 174, in main
    update_inventory_sheet(sales_data, target_date=target_date)
  File "E:\prog fold\Drunken cookies\real-time-inventory\vm_inventory_updater_fixed.py", line 2054, in 
update_inventory_sheet
    logging.info(f"≡ƒôè SUMMARY: Updated {locations_with_sales}/{total_locations} locations with sales data")
Message: '≡ƒôè SUMMARY: Updated 1/6 locations with sales data'
Arguments: ()
2026-02-16 20:52:39,422 - INFO - ≡ƒôè SUMMARY: Updated 1/6 locations with sales data
--- Logging error ---
Traceback (most recent call last):
  File "C:\Users\banzo\AppData\Local\Programs\Python\Python312\Lib\logging\__init__.py", line 1163, in emit
    stream.write(msg + self.terminator)
  File "C:\Users\banzo\AppData\Local\Programs\Python\Python312\Lib\encodings\cp1252.py", line 19, in encode
    return codecs.charmap_encode(input,self.errors,encoding_table)[0]
           ^^^^^^^^^^^^^^^^^^^^^^^^^^^^^^^^^^^^^^^^^^^^^^^^^^^^^^^
UnicodeEncodeError: 'charmap' codec can't encode characters in position 36-37: character maps to <undefined>
Call stack:
  File "E:\prog fold\Drunken cookies\real-time-inventory\vm_inventory_updater_fixed.py", line 2606, in <module>
    success = main()
  File "E:\prog fold\Drunken cookies\real-time-inventory\vm_inventory_updater_fixed.py", line 174, in main
    update_inventory_sheet(sales_data, target_date=target_date)
  File "E:\prog fold\Drunken cookies\real-time-inventory\vm_inventory_updater_fixed.py", line 2059, in 
update_inventory_sheet
    logging.warning(f"ΓÜá∩╕Å Only {locations_with_sales}/{total_locations} locations had sales data")
Message: 'ΓÜá∩╕Å Only 1/6 locations had sales data'
Arguments: ()
2026-02-16 20:52:39,422 - WARNING - ΓÜá∩╕Å Only 1/6 locations had sales data
--- Logging error ---
Traceback (most recent call last):
  File "C:\Users\banzo\AppData\Local\Programs\Python\Python312\Lib\logging\__init__.py", line 1163, in emit
    stream.write(msg + self.terminator)
  File "C:\Users\banzo\AppData\Local\Programs\Python\Python312\Lib\encodings\cp1252.py", line 19, in encode
    return codecs.charmap_encode(input,self.errors,encoding_table)[0]
           ^^^^^^^^^^^^^^^^^^^^^^^^^^^^^^^^^^^^^^^^^^^^^^^^^^^^^^^
UnicodeEncodeError: 'charmap' codec can't encode character '\U0001f50d' in position 33: character maps to <undefined>
Call stack:
  File "E:\prog fold\Drunken cookies\real-time-inventory\vm_inventory_updater_fixed.py", line 2606, in <module>
    success = main()
  File "E:\prog fold\Drunken cookies\real-time-inventory\vm_inventory_updater_fixed.py", line 174, in main
    update_inventory_sheet(sales_data, target_date=target_date)
  File "E:\prog fold\Drunken cookies\real-time-inventory\vm_inventory_updater_fixed.py", line 2099, in 
update_inventory_sheet
    logging.info("≡ƒöì Running final validation check...")
Message: '≡ƒöì Running final validation check...'
Arguments: ()
2026-02-16 20:52:39,423 - INFO - ≡ƒöì Running final validation check...
--- Logging error ---
Traceback (most recent call last):
  File "C:\Users\banzo\AppData\Local\Programs\Python\Python312\Lib\logging\__init__.py", line 1163, in emit
    stream.write(msg + self.terminator)
  File "C:\Users\banzo\AppData\Local\Programs\Python\Python312\Lib\encodings\cp1252.py", line 19, in encode
    return codecs.charmap_encode(input,self.errors,encoding_table)[0]
           ^^^^^^^^^^^^^^^^^^^^^^^^^^^^^^^^^^^^^^^^^^^^^^^^^^^^^^^
UnicodeEncodeError: 'charmap' codec can't encode character '\u2705' in position 33: character maps to <undefined>
Call stack:
  File "E:\prog fold\Drunken cookies\real-time-inventory\vm_inventory_updater_fixed.py", line 2606, in <module>
    success = main()
  File "E:\prog fold\Drunken cookies\real-time-inventory\vm_inventory_updater_fixed.py", line 174, in main
    update_inventory_sheet(sales_data, target_date=target_date)
  File "E:\prog fold\Drunken cookies\real-time-inventory\vm_inventory_updater_fixed.py", line 2119, in 
update_inventory_sheet
    logging.info("Γ£à Final validation check passed - all values look reasonable")
Message: 'Γ£à Final validation check passed - all values look reasonable'
Arguments: ()
2026-02-16 20:52:39,423 - INFO - Γ£à Final validation check passed - all values look reasonable
--- Logging error ---
Traceback (most recent call last):
  File "C:\Users\banzo\AppData\Local\Programs\Python\Python312\Lib\logging\__init__.py", line 1163, in emit
    stream.write(msg + self.terminator)
  File "C:\Users\banzo\AppData\Local\Programs\Python\Python312\Lib\encodings\cp1252.py", line 19, in encode
    return codecs.charmap_encode(input,self.errors,encoding_table)[0]
           ^^^^^^^^^^^^^^^^^^^^^^^^^^^^^^^^^^^^^^^^^^^^^^^^^^^^^^^
UnicodeEncodeError: 'charmap' codec can't encode character '\u2705' in position 33: character maps to <undefined>
Call stack:
  File "E:\prog fold\Drunken cookies\real-time-inventory\vm_inventory_updater_fixed.py", line 2606, in <module>
    success = main()
  File "E:\prog fold\Drunken cookies\real-time-inventory\vm_inventory_updater_fixed.py", line 175, in main
    logging.info("Γ£à Google Sheet updated successfully")
Message: 'Γ£à Google Sheet updated successfully'
Arguments: ()
2026-02-16 20:52:39,424 - INFO - Γ£à Google Sheet updated successfully
--- Logging error ---
Traceback (most recent call last):
  File "C:\Users\banzo\AppData\Local\Programs\Python\Python312\Lib\logging\__init__.py", line 1163, in emit
    stream.write(msg + self.terminator)
  File "C:\Users\banzo\AppData\Local\Programs\Python\Python312\Lib\encodings\cp1252.py", line 19, in encode
    return codecs.charmap_encode(input,self.errors,encoding_table)[0]
           ^^^^^^^^^^^^^^^^^^^^^^^^^^^^^^^^^^^^^^^^^^^^^^^^^^^^^^^
UnicodeEncodeError: 'charmap' codec can't encode character '\U0001f389' in position 33: character maps to <undefined>
Call stack:
  File "E:\prog fold\Drunken cookies\real-time-inventory\vm_inventory_updater_fixed.py", line 2606, in <module>
    success = main()
  File "E:\prog fold\Drunken cookies\real-time-inventory\vm_inventory_updater_fixed.py", line 177, in main
    logging.info("≡ƒÄë Inventory update completed successfully!")
Message: '≡ƒÄë Inventory update completed successfully!'
Arguments: ()
2026-02-16 20:52:39,425 - INFO - ≡ƒÄë Inventory update completed successfully!
--- Logging error ---
Traceback (most recent call last):
  File "C:\Users\banzo\AppData\Local\Programs\Python\Python312\Lib\logging\__init__.py", line 1163, in emit
    stream.write(msg + self.terminator)
  File "C:\Users\banzo\AppData\Local\Programs\Python\Python312\Lib\encodings\cp1252.py", line 19, in encode
    return codecs.charmap_encode(input,self.errors,encoding_table)[0]
           ^^^^^^^^^^^^^^^^^^^^^^^^^^^^^^^^^^^^^^^^^^^^^^^^^^^^^^^
UnicodeEncodeError: 'charmap' codec can't encode character '\U0001f389' in position 33: character maps to <undefined>
Call stack:
  File "E:\prog fold\Drunken cookies\real-time-inventory\vm_inventory_updater_fixed.py", line 2608, in <module>
    logging.info("≡ƒÄë Script completed successfully")
Message: '≡ƒÄë Script completed successfully'
Arguments: ()
2026-02-16 20:52:39,425 - INFO - ≡ƒÄë Script completed successfully
